Java HotSpot(TM) 64-Bit Server VM (25.161-b12) for bsd-amd64 JRE (1.8.0_161-b12), built on Dec 19 2017 16:22:20 by "java_re" with gcc 4.2.1 (Based on Apple Inc. build 5658) (LLVM build 2336.11.00)
Memory: 4k page, physical 33554432k(3044096k free)

/proc/meminfo:

CommandLine flags: -XX:InitialHeapSize=1073741824 -XX:MaxHeapSize=1073741824 -XX:MaxNewSize=357916672 -XX:MaxTenuringThreshold=6 -XX:NewSize=357916672 -XX:OldPLABSize=16 -XX:OldSize=715825152 -XX:+PrintGC -XX:+PrintGCDateStamps -XX:+PrintGCDetails -XX:+PrintGCTimeStamps -XX:+UseCompressedClassPointers -XX:+UseCompressedOops -XX:+UseConcMarkSweepGC -XX:+UseParNewGC 
2021-08-14T11:08:22.887-0800: 0.222: [GC (Allocation Failure) 2021-08-14T11:08:22.887-0800: 0.222: [ParNew: 279616K->34944K(314560K), 0.0256267 secs] 279616K->85689K(1013632K), 0.0257322 secs] [Times: user=0.04 sys=0.17, real=0.03 secs] 
2021-08-14T11:08:22.941-0800: 0.277: [GC (Allocation Failure) 2021-08-14T11:08:22.941-0800: 0.277: [ParNew: 314560K->34944K(314560K), 0.0290907 secs] 365305K->165553K(1013632K), 0.0291681 secs] [Times: user=0.07 sys=0.19, real=0.03 secs] 
2021-08-14T11:08:22.999-0800: 0.335: [GC (Allocation Failure) 2021-08-14T11:08:22.999-0800: 0.335: [ParNew: 314560K->34943K(314560K), 0.0381909 secs] 445169K->249819K(1013632K), 0.0382739 secs] [Times: user=0.36 sys=0.01, real=0.04 secs] 
2021-08-14T11:08:23.064-0800: 0.400: [GC (Allocation Failure) 2021-08-14T11:08:23.064-0800: 0.400: [ParNew: 314559K->34943K(314560K), 0.0332355 secs] 529435K->324841K(1013632K), 0.0333118 secs] [Times: user=0.31 sys=0.02, real=0.03 secs] 
2021-08-14T11:08:23.127-0800: 0.462: [GC (Allocation Failure) 2021-08-14T11:08:23.127-0800: 0.462: [ParNew: 314559K->34943K(314560K), 0.0314301 secs] 604457K->393667K(1013632K), 0.0315051 secs] [Times: user=0.29 sys=0.02, real=0.03 secs] 
2021-08-14T11:08:23.158-0800: 0.494: [GC (CMS Initial Mark) [1 CMS-initial-mark: 358723K(699072K)] 399342K(1013632K), 0.0001976 secs] [Times: user=0.00 sys=0.00, real=0.00 secs] 
2021-08-14T11:08:23.159-0800: 0.494: [CMS-concurrent-mark-start]
2021-08-14T11:08:23.161-0800: 0.496: [CMS-concurrent-mark: 0.002/0.002 secs] [Times: user=0.00 sys=0.00, real=0.01 secs] 
2021-08-14T11:08:23.161-0800: 0.496: [CMS-concurrent-preclean-start]
2021-08-14T11:08:23.162-0800: 0.497: [CMS-concurrent-preclean: 0.001/0.001 secs] [Times: user=0.00 sys=0.00, real=0.00 secs] 
2021-08-14T11:08:23.162-0800: 0.497: [CMS-concurrent-abortable-preclean-start]
2021-08-14T11:08:23.193-0800: 0.529: [GC (Allocation Failure) 2021-08-14T11:08:23.193-0800: 0.529: [ParNew: 314559K->34942K(314560K), 0.0427325 secs] 673283K->464162K(1013632K), 0.0428266 secs] [Times: user=0.40 sys=0.03, real=0.04 secs] 
2021-08-14T11:08:23.272-0800: 0.608: [GC (Allocation Failure) 2021-08-14T11:08:23.272-0800: 0.608: [ParNew: 314558K->34943K(314560K), 0.0471083 secs] 743778K->549585K(1013632K), 0.0472431 secs] [Times: user=0.43 sys=0.02, real=0.05 secs] 
2021-08-14T11:08:23.347-0800: 0.683: [GC (Allocation Failure) 2021-08-14T11:08:23.347-0800: 0.683: [ParNew: 314559K->34942K(314560K), 0.0337725 secs] 829201K->625659K(1013632K), 0.0338678 secs] [Times: user=0.32 sys=0.02, real=0.04 secs] 
2021-08-14T11:08:23.409-0800: 0.744: [GC (Allocation Failure) 2021-08-14T11:08:23.409-0800: 0.744: [ParNew: 314558K->34943K(314560K), 0.0319050 secs] 905275K->696539K(1013632K), 0.0319833 secs] [Times: user=0.29 sys=0.02, real=0.04 secs] 
2021-08-14T11:08:23.442-0800: 0.777: [CMS-concurrent-abortable-preclean: 0.009/0.280 secs] [Times: user=1.59 sys=0.09, real=0.28 secs] 
2021-08-14T11:08:23.442-0800: 0.777: [GC (CMS Final Remark) [YG occupancy: 46819 K (314560 K)]2021-08-14T11:08:23.442-0800: 0.777: [Rescan (parallel) , 0.0004019 secs]2021-08-14T11:08:23.442-0800: 0.778: [weak refs processing, 0.0000480 secs]2021-08-14T11:08:23.442-0800: 0.778: [class unloading, 0.0001909 secs]2021-08-14T11:08:23.443-0800: 0.778: [scrub symbol table, 0.0002224 secs]2021-08-14T11:08:23.443-0800: 0.778: [scrub string table, 0.0001340 secs][1 CMS-remark: 661596K(699072K)] 708415K(1013632K), 0.0011453 secs] [Times: user=0.00 sys=0.00, real=0.00 secs] 
2021-08-14T11:08:23.443-0800: 0.779: [CMS-concurrent-sweep-start]
2021-08-14T11:08:23.444-0800: 0.780: [CMS-concurrent-sweep: 0.001/0.001 secs] [Times: user=0.00 sys=0.00, real=0.00 secs] 
2021-08-14T11:08:23.444-0800: 0.780: [CMS-concurrent-reset-start]
2021-08-14T11:08:23.446-0800: 0.781: [CMS-concurrent-reset: 0.001/0.001 secs] [Times: user=0.00 sys=0.00, real=0.00 secs] 
2021-08-14T11:08:23.468-0800: 0.804: [GC (Allocation Failure) 2021-08-14T11:08:23.468-0800: 0.804: [ParNew: 314559K->34942K(314560K), 0.0119871 secs] 850234K->644839K(1013632K), 0.0120567 secs] [Times: user=0.11 sys=0.00, real=0.02 secs] 
2021-08-14T11:08:23.480-0800: 0.816: [GC (CMS Initial Mark) [1 CMS-initial-mark: 609896K(699072K)] 645203K(1013632K), 0.0002752 secs] [Times: user=0.00 sys=0.00, real=0.00 secs] 
2021-08-14T11:08:23.481-0800: 0.816: [CMS-concurrent-mark-start]
2021-08-14T11:08:23.482-0800: 0.818: [CMS-concurrent-mark: 0.001/0.001 secs] [Times: user=0.01 sys=0.00, real=0.00 secs] 
2021-08-14T11:08:23.482-0800: 0.818: [CMS-concurrent-preclean-start]
2021-08-14T11:08:23.483-0800: 0.818: [CMS-concurrent-preclean: 0.001/0.001 secs] [Times: user=0.00 sys=0.00, real=0.00 secs] 
2021-08-14T11:08:23.483-0800: 0.818: [CMS-concurrent-abortable-preclean-start]
2021-08-14T11:08:23.506-0800: 0.842: [GC (Allocation Failure) 2021-08-14T11:08:23.506-0800: 0.842: [ParNew: 314558K->34943K(314560K), 0.0194507 secs] 924455K->716469K(1013632K), 0.0195230 secs] [Times: user=0.17 sys=0.01, real=0.02 secs] 
2021-08-14T11:08:23.526-0800: 0.861: [CMS-concurrent-abortable-preclean: 0.001/0.043 secs] [Times: user=0.19 sys=0.01, real=0.04 secs] 
2021-08-14T11:08:23.526-0800: 0.862: [GC (CMS Final Remark) [YG occupancy: 35320 K (314560 K)]2021-08-14T11:08:23.526-0800: 0.862: [Rescan (parallel) , 0.0003378 secs]2021-08-14T11:08:23.526-0800: 0.862: [weak refs processing, 0.0000105 secs]2021-08-14T11:08:23.526-0800: 0.862: [class unloading, 0.0001804 secs]2021-08-14T11:08:23.527-0800: 0.862: [scrub symbol table, 0.0002562 secs]2021-08-14T11:08:23.527-0800: 0.862: [scrub string table, 0.0001540 secs][1 CMS-remark: 681526K(699072K)] 716846K(1013632K), 0.0009910 secs] [Times: user=0.01 sys=0.00, real=0.00 secs] 
2021-08-14T11:08:23.527-0800: 0.863: [CMS-concurrent-sweep-start]
2021-08-14T11:08:23.528-0800: 0.864: [CMS-concurrent-sweep: 0.001/0.001 secs] [Times: user=0.00 sys=0.00, real=0.00 secs] 
2021-08-14T11:08:23.529-0800: 0.864: [CMS-concurrent-reset-start]
2021-08-14T11:08:23.529-0800: 0.865: [CMS-concurrent-reset: 0.000/0.000 secs] [Times: user=0.00 sys=0.00, real=0.00 secs] 
2021-08-14T11:08:23.557-0800: 0.893: [GC (Allocation Failure) 2021-08-14T11:08:23.557-0800: 0.893: [ParNew: 314559K->34943K(314560K), 0.0124472 secs] 691910K->486832K(1013632K), 0.0125608 secs] [Times: user=0.12 sys=0.00, real=0.02 secs] 
2021-08-14T11:08:23.570-0800: 0.905: [GC (CMS Initial Mark) [1 CMS-initial-mark: 451889K(699072K)] 492535K(1013632K), 0.0002942 secs] [Times: user=0.00 sys=0.00, real=0.00 secs] 
2021-08-14T11:08:23.570-0800: 0.906: [CMS-concurrent-mark-start]
2021-08-14T11:08:23.571-0800: 0.907: [CMS-concurrent-mark: 0.001/0.001 secs] [Times: user=0.00 sys=0.00, real=0.00 secs] 
2021-08-14T11:08:23.571-0800: 0.907: [CMS-concurrent-preclean-start]
2021-08-14T11:08:23.572-0800: 0.908: [CMS-concurrent-preclean: 0.001/0.001 secs] [Times: user=0.00 sys=0.00, real=0.00 secs] 
2021-08-14T11:08:23.572-0800: 0.908: [CMS-concurrent-abortable-preclean-start]
2021-08-14T11:08:23.596-0800: 0.932: [GC (Allocation Failure) 2021-08-14T11:08:23.596-0800: 0.932: [ParNew: 314559K->34943K(314560K), 0.0137596 secs] 766448K->573888K(1013632K), 0.0138301 secs] [Times: user=0.13 sys=0.00, real=0.02 secs] 
2021-08-14T11:08:23.640-0800: 0.976: [GC (Allocation Failure) 2021-08-14T11:08:23.640-0800: 0.976: [ParNew: 314559K->34942K(314560K), 0.0156255 secs] 853504K->655440K(1013632K), 0.0156958 secs] [Times: user=0.14 sys=0.00, real=0.01 secs] 
2021-08-14T11:08:23.692-0800: 1.028: [GC (Allocation Failure) 2021-08-14T11:08:23.692-0800: 1.028: [ParNew: 314558K->314558K(314560K), 0.0000260 secs]2021-08-14T11:08:23.692-0800: 1.028: [CMS2021-08-14T11:08:23.692-0800: 1.028: [CMS-concurrent-abortable-preclean: 0.006/0.120 secs] [Times: user=0.37 sys=0.00, real=0.12 secs] 
 (concurrent mode failure): 620498K->373231K(699072K), 0.0603285 secs] 935056K->373231K(1013632K), [Metaspace: 2729K->2729K(1056768K)], 0.0604916 secs] [Times: user=0.06 sys=0.00, real=0.06 secs] 
2021-08-14T11:08:23.803-0800: 1.139: [GC (Allocation Failure) 2021-08-14T11:08:23.803-0800: 1.139: [ParNew: 279616K->34942K(314560K), 0.0129600 secs] 652847K->462060K(1013632K), 0.0130420 secs] [Times: user=0.11 sys=0.00, real=0.01 secs] 
2021-08-14T11:08:23.860-0800: 1.195: [GC (Allocation Failure) 2021-08-14T11:08:23.860-0800: 1.195: [ParNew: 314558K->34943K(314560K), 0.0162656 secs] 741676K->548287K(1013632K), 0.0163542 secs] [Times: user=0.16 sys=0.00, real=0.01 secs] 
2021-08-14T11:08:23.876-0800: 1.212: [GC (CMS Initial Mark) [1 CMS-initial-mark: 513343K(699072K)] 548575K(1013632K), 0.0002645 secs] [Times: user=0.00 sys=0.00, real=0.00 secs] 
2021-08-14T11:08:23.877-0800: 1.212: [CMS-concurrent-mark-start]
2021-08-14T11:08:23.878-0800: 1.214: [CMS-concurrent-mark: 0.001/0.001 secs] [Times: user=0.00 sys=0.00, real=0.00 secs] 
2021-08-14T11:08:23.878-0800: 1.214: [CMS-concurrent-preclean-start]
2021-08-14T11:08:23.879-0800: 1.215: [CMS-concurrent-preclean: 0.001/0.001 secs] [Times: user=0.00 sys=0.00, real=0.00 secs] 
2021-08-14T11:08:23.879-0800: 1.215: [CMS-concurrent-abortable-preclean-start]
2021-08-14T11:08:23.913-0800: 1.248: [GC (Allocation Failure) 2021-08-14T11:08:23.913-0800: 1.248: [ParNew: 314559K->34943K(314560K), 0.0128678 secs] 827903K->624139K(1013632K), 0.0129647 secs] [Times: user=0.12 sys=0.00, real=0.01 secs] 
2021-08-14T11:08:23.963-0800: 1.299: [GC (Allocation Failure) 2021-08-14T11:08:23.963-0800: 1.299: [ParNew: 314559K->34943K(314560K), 0.0129291 secs] 903755K->698139K(1013632K), 0.0130247 secs] [Times: user=0.13 sys=0.00, real=0.01 secs] 
2021-08-14T11:08:23.978-0800: 1.313: [CMS-concurrent-abortable-preclean: 0.005/0.099 secs] [Times: user=0.34 sys=0.00, real=0.10 secs] 
2021-08-14T11:08:23.978-0800: 1.314: [GC (CMS Final Remark) [YG occupancy: 47084 K (314560 K)]2021-08-14T11:08:23.978-0800: 1.314: [Rescan (parallel) , 0.0004059 secs]2021-08-14T11:08:23.978-0800: 1.314: [weak refs processing, 0.0000191 secs]2021-08-14T11:08:23.978-0800: 1.314: [class unloading, 0.0002235 secs]2021-08-14T11:08:23.979-0800: 1.314: [scrub symbol table, 0.0003058 secs]2021-08-14T11:08:23.979-0800: 1.315: [scrub string table, 0.0001886 secs][1 CMS-remark: 663196K(699072K)] 710280K(1013632K), 0.0012315 secs] [Times: user=0.00 sys=0.00, real=0.00 secs] 
2021-08-14T11:08:23.979-0800: 1.315: [CMS-concurrent-sweep-start]
2021-08-14T11:08:23.981-0800: 1.317: [CMS-concurrent-sweep: 0.002/0.002 secs] [Times: user=0.01 sys=0.00, real=0.01 secs] 
2021-08-14T11:08:23.981-0800: 1.317: [CMS-concurrent-reset-start]
2021-08-14T11:08:23.983-0800: 1.318: [CMS-concurrent-reset: 0.001/0.001 secs] [Times: user=0.00 sys=0.00, real=0.00 secs] 
2021-08-14T11:08:24.014-0800: 1.349: [GC (Allocation Failure) 2021-08-14T11:08:24.014-0800: 1.349: [ParNew: 314559K->34943K(314560K), 0.0133717 secs] 811316K->612074K(1013632K), 0.0134571 secs] [Times: user=0.13 sys=0.00, real=0.01 secs] 
2021-08-14T11:08:24.027-0800: 1.363: [GC (CMS Initial Mark) [1 CMS-initial-mark: 577131K(699072K)] 612843K(1013632K), 0.0002064 secs] [Times: user=0.00 sys=0.00, real=0.00 secs] 
2021-08-14T11:08:24.027-0800: 1.363: [CMS-concurrent-mark-start]
2021-08-14T11:08:24.029-0800: 1.364: [CMS-concurrent-mark: 0.001/0.001 secs] [Times: user=0.01 sys=0.00, real=0.00 secs] 
2021-08-14T11:08:24.029-0800: 1.364: [CMS-concurrent-preclean-start]
2021-08-14T11:08:24.030-0800: 1.365: [CMS-concurrent-preclean: 0.001/0.001 secs] [Times: user=0.00 sys=0.00, real=0.01 secs] 
2021-08-14T11:08:24.030-0800: 1.365: [CMS-concurrent-abortable-preclean-start]
2021-08-14T11:08:24.060-0800: 1.395: [GC (Allocation Failure) 2021-08-14T11:08:24.060-0800: 1.395: [ParNew: 314559K->34943K(314560K), 0.0127801 secs] 891690K->691313K(1013632K), 0.0128866 secs] [Times: user=0.12 sys=0.00, real=0.01 secs] 
2021-08-14T11:08:24.074-0800: 1.410: [CMS-concurrent-abortable-preclean: 0.003/0.044 secs] [Times: user=0.16 sys=0.00, real=0.04 secs] 
2021-08-14T11:08:24.074-0800: 1.410: [GC (CMS Final Remark) [YG occupancy: 52928 K (314560 K)]2021-08-14T11:08:24.074-0800: 1.410: [Rescan (parallel) , 0.0003651 secs]2021-08-14T11:08:24.075-0800: 1.410: [weak refs processing, 0.0000155 secs]2021-08-14T11:08:24.075-0800: 1.410: [class unloading, 0.0001983 secs]2021-08-14T11:08:24.075-0800: 1.410: [scrub symbol table, 0.0002725 secs]2021-08-14T11:08:24.075-0800: 1.411: [scrub string table, 0.0001832 secs][1 CMS-remark: 656370K(699072K)] 709298K(1013632K), 0.0011060 secs] [Times: user=0.00 sys=0.00, real=0.00 secs] 
2021-08-14T11:08:24.075-0800: 1.411: [CMS-concurrent-sweep-start]
2021-08-14T11:08:24.077-0800: 1.412: [CMS-concurrent-sweep: 0.001/0.001 secs] [Times: user=0.00 sys=0.00, real=0.00 secs] 
2021-08-14T11:08:24.077-0800: 1.412: [CMS-concurrent-reset-start]
2021-08-14T11:08:24.077-0800: 1.413: [CMS-concurrent-reset: 0.000/0.000 secs] [Times: user=0.00 sys=0.00, real=0.00 secs] 
2021-08-14T11:08:24.107-0800: 1.442: [GC (Allocation Failure) 2021-08-14T11:08:24.107-0800: 1.442: [ParNew: 314559K->34943K(314560K), 0.0132235 secs] 721377K->522547K(1013632K), 0.0132953 secs] [Times: user=0.13 sys=0.00, real=0.02 secs] 
2021-08-14T11:08:24.120-0800: 1.456: [GC (CMS Initial Mark) [1 CMS-initial-mark: 487604K(699072K)] 528265K(1013632K), 0.0002076 secs] [Times: user=0.00 sys=0.01, real=0.00 secs] 
2021-08-14T11:08:24.120-0800: 1.456: [CMS-concurrent-mark-start]
2021-08-14T11:08:24.122-0800: 1.457: [CMS-concurrent-mark: 0.001/0.001 secs] [Times: user=0.01 sys=0.00, real=0.00 secs] 
2021-08-14T11:08:24.122-0800: 1.457: [CMS-concurrent-preclean-start]
2021-08-14T11:08:24.123-0800: 1.458: [CMS-concurrent-preclean: 0.001/0.001 secs] [Times: user=0.00 sys=0.00, real=0.00 secs] 
2021-08-14T11:08:24.123-0800: 1.458: [CMS-concurrent-abortable-preclean-start]
2021-08-14T11:08:24.148-0800: 1.484: [GC (Allocation Failure) 2021-08-14T11:08:24.148-0800: 1.484: [ParNew: 314559K->34942K(314560K), 0.0130765 secs] 802163K->610837K(1013632K), 0.0131449 secs] [Times: user=0.12 sys=0.00, real=0.02 secs] 
2021-08-14T11:08:24.189-0800: 1.524: [GC (Allocation Failure) 2021-08-14T11:08:24.189-0800: 1.524: [ParNew: 314558K->34942K(314560K), 0.0116386 secs] 890453K->688613K(1013632K), 0.0117108 secs] [Times: user=0.12 sys=0.00, real=0.02 secs] 
2021-08-14T11:08:24.202-0800: 1.537: [CMS-concurrent-abortable-preclean: 0.005/0.079 secs] [Times: user=0.30 sys=0.00, real=0.08 secs] 
2021-08-14T11:08:24.202-0800: 1.537: [GC (CMS Final Remark) [YG occupancy: 52782 K (314560 K)]2021-08-14T11:08:24.202-0800: 1.537: [Rescan (parallel) , 0.0002883 secs]2021-08-14T11:08:24.202-0800: 1.538: [weak refs processing, 0.0000122 secs]2021-08-14T11:08:24.202-0800: 1.538: [class unloading, 0.0001768 secs]2021-08-14T11:08:24.202-0800: 1.538: [scrub symbol table, 0.0002354 secs]2021-08-14T11:08:24.203-0800: 1.538: [scrub string table, 0.0001642 secs][1 CMS-remark: 653671K(699072K)] 706453K(1013632K), 0.0009292 secs] [Times: user=0.00 sys=0.00, real=0.00 secs] 
2021-08-14T11:08:24.203-0800: 1.538: [CMS-concurrent-sweep-start]
2021-08-14T11:08:24.204-0800: 1.540: [CMS-concurrent-sweep: 0.001/0.001 secs] [Times: user=0.00 sys=0.00, real=0.00 secs] 
2021-08-14T11:08:24.204-0800: 1.540: [CMS-concurrent-reset-start]
2021-08-14T11:08:24.205-0800: 1.540: [CMS-concurrent-reset: 0.000/0.000 secs] [Times: user=0.00 sys=0.00, real=0.00 secs] 
2021-08-14T11:08:24.231-0800: 1.567: [GC (Allocation Failure) 2021-08-14T11:08:24.231-0800: 1.567: [ParNew: 314558K->34943K(314560K), 0.0116610 secs] 811466K->607110K(1013632K), 0.0117308 secs] [Times: user=0.11 sys=0.00, real=0.01 secs] 
2021-08-14T11:08:24.243-0800: 1.579: [GC (CMS Initial Mark) [1 CMS-initial-mark: 572166K(699072K)] 607605K(1013632K), 0.0001862 secs] [Times: user=0.00 sys=0.00, real=0.00 secs] 
2021-08-14T11:08:24.243-0800: 1.579: [CMS-concurrent-mark-start]
2021-08-14T11:08:24.245-0800: 1.580: [CMS-concurrent-mark: 0.001/0.001 secs] [Times: user=0.01 sys=0.00, real=0.00 secs] 
2021-08-14T11:08:24.245-0800: 1.580: [CMS-concurrent-preclean-start]
2021-08-14T11:08:24.246-0800: 1.581: [CMS-concurrent-preclean: 0.001/0.001 secs] [Times: user=0.00 sys=0.00, real=0.00 secs] 
2021-08-14T11:08:24.246-0800: 1.581: [CMS-concurrent-abortable-preclean-start]
2021-08-14T11:08:24.273-0800: 1.608: [GC (Allocation Failure) 2021-08-14T11:08:24.273-0800: 1.608: [ParNew: 314559K->34942K(314560K), 0.0121147 secs] 886726K->685071K(1013632K), 0.0121815 secs] [Times: user=0.12 sys=0.00, real=0.01 secs] 
2021-08-14T11:08:24.286-0800: 1.622: [CMS-concurrent-abortable-preclean: 0.002/0.041 secs] [Times: user=0.15 sys=0.00, real=0.04 secs] 
2021-08-14T11:08:24.286-0800: 1.622: [GC (CMS Final Remark) [YG occupancy: 52943 K (314560 K)]2021-08-14T11:08:24.287-0800: 1.622: [Rescan (parallel) , 0.0003885 secs]2021-08-14T11:08:24.287-0800: 1.622: [weak refs processing, 0.0000275 secs]2021-08-14T11:08:24.287-0800: 1.622: [class unloading, 0.0001909 secs]2021-08-14T11:08:24.287-0800: 1.623: [scrub symbol table, 0.0002647 secs]2021-08-14T11:08:24.287-0800: 1.623: [scrub string table, 0.0001682 secs][1 CMS-remark: 650129K(699072K)] 703073K(1013632K), 0.0011062 secs] [Times: user=0.00 sys=0.00, real=0.00 secs] 
2021-08-14T11:08:24.288-0800: 1.623: [CMS-concurrent-sweep-start]
2021-08-14T11:08:24.289-0800: 1.625: [CMS-concurrent-sweep: 0.002/0.002 secs] [Times: user=0.00 sys=0.00, real=0.00 secs] 
2021-08-14T11:08:24.289-0800: 1.625: [CMS-concurrent-reset-start]
2021-08-14T11:08:24.291-0800: 1.626: [CMS-concurrent-reset: 0.001/0.001 secs] [Times: user=0.01 sys=0.00, real=0.01 secs] 
2021-08-14T11:08:24.319-0800: 1.655: [GC (Allocation Failure) 2021-08-14T11:08:24.319-0800: 1.655: [ParNew: 314558K->34943K(314560K), 0.0135745 secs] 736881K->537105K(1013632K), 0.0136501 secs] [Times: user=0.13 sys=0.00, real=0.02 secs] 
2021-08-14T11:08:24.333-0800: 1.668: [GC (CMS Initial Mark) [1 CMS-initial-mark: 502161K(699072K)] 537881K(1013632K), 0.0002252 secs] [Times: user=0.00 sys=0.00, real=0.00 secs] 
2021-08-14T11:08:24.333-0800: 1.669: [CMS-concurrent-mark-start]
2021-08-14T11:08:24.334-0800: 1.670: [CMS-concurrent-mark: 0.001/0.001 secs] [Times: user=0.00 sys=0.00, real=0.00 secs] 
2021-08-14T11:08:24.335-0800: 1.670: [CMS-concurrent-preclean-start]
2021-08-14T11:08:24.336-0800: 1.671: [CMS-concurrent-preclean: 0.001/0.001 secs] [Times: user=0.01 sys=0.00, real=0.00 secs] 
2021-08-14T11:08:24.336-0800: 1.671: [CMS-concurrent-abortable-preclean-start]
2021-08-14T11:08:24.371-0800: 1.707: [GC (Allocation Failure) 2021-08-14T11:08:24.371-0800: 1.707: [ParNew: 314559K->34943K(314560K), 0.0139858 secs] 816721K->616072K(1013632K), 0.0140657 secs] [Times: user=0.14 sys=0.00, real=0.01 secs] 
2021-08-14T11:08:24.420-0800: 1.756: [GC (Allocation Failure) 2021-08-14T11:08:24.420-0800: 1.756: [ParNew: 314559K->34942K(314560K), 0.0134669 secs] 895688K->690209K(1013632K), 0.0135706 secs] [Times: user=0.13 sys=0.00, real=0.01 secs] 
2021-08-14T11:08:24.435-0800: 1.771: [CMS-concurrent-abortable-preclean: 0.005/0.100 secs] [Times: user=0.33 sys=0.00, real=0.10 secs] 
2021-08-14T11:08:24.435-0800: 1.771: [GC (CMS Final Remark) [YG occupancy: 53121 K (314560 K)]2021-08-14T11:08:24.435-0800: 1.771: [Rescan (parallel) , 0.0003993 secs]2021-08-14T11:08:24.436-0800: 1.771: [weak refs processing, 0.0000162 secs]2021-08-14T11:08:24.436-0800: 1.771: [class unloading, 0.0002173 secs]2021-08-14T11:08:24.436-0800: 1.772: [scrub symbol table, 0.0002897 secs]2021-08-14T11:08:24.436-0800: 1.772: [scrub string table, 0.0001888 secs][1 CMS-remark: 655266K(699072K)] 708387K(1013632K), 0.0012014 secs] [Times: user=0.00 sys=0.00, real=0.00 secs] 
2021-08-14T11:08:24.437-0800: 1.772: [CMS-concurrent-sweep-start]
2021-08-14T11:08:24.438-0800: 1.774: [CMS-concurrent-sweep: 0.002/0.002 secs] [Times: user=0.00 sys=0.00, real=0.00 secs] 
2021-08-14T11:08:24.438-0800: 1.774: [CMS-concurrent-reset-start]
2021-08-14T11:08:24.439-0800: 1.774: [CMS-concurrent-reset: 0.000/0.000 secs] [Times: user=0.00 sys=0.00, real=0.00 secs] 
2021-08-14T11:08:24.470-0800: 1.806: [GC (Allocation Failure) 2021-08-14T11:08:24.470-0800: 1.806: [ParNew: 314558K->34941K(314560K), 0.0133254 secs] 806372K->599660K(1013632K), 0.0134161 secs] [Times: user=0.12 sys=0.00, real=0.01 secs] 
2021-08-14T11:08:24.484-0800: 1.819: [GC (CMS Initial Mark) [1 CMS-initial-mark: 564719K(699072K)] 599948K(1013632K), 0.0002200 secs] [Times: user=0.00 sys=0.01, real=0.00 secs] 
2021-08-14T11:08:24.484-0800: 1.820: [CMS-concurrent-mark-start]
2021-08-14T11:08:24.486-0800: 1.822: [CMS-concurrent-mark: 0.002/0.002 secs] [Times: user=0.01 sys=0.00, real=0.00 secs] 
2021-08-14T11:08:24.486-0800: 1.822: [CMS-concurrent-preclean-start]
2021-08-14T11:08:24.487-0800: 1.823: [CMS-concurrent-preclean: 0.001/0.001 secs] [Times: user=0.00 sys=0.00, real=0.00 secs] 
2021-08-14T11:08:24.487-0800: 1.823: [CMS-concurrent-abortable-preclean-start]
2021-08-14T11:08:24.516-0800: 1.852: [GC (Allocation Failure) 2021-08-14T11:08:24.516-0800: 1.852: [ParNew: 314557K->34943K(314560K), 0.0142077 secs] 879276K->685340K(1013632K), 0.0142898 secs] [Times: user=0.14 sys=0.00, real=0.02 secs] 
2021-08-14T11:08:24.562-0800: 1.898: [GC (Allocation Failure) 2021-08-14T11:08:24.562-0800: 1.898: [ParNew: 314559K->314559K(314560K), 0.0000171 secs]2021-08-14T11:08:24.562-0800: 1.898: [CMS2021-08-14T11:08:24.563-0800: 1.898: [CMS-concurrent-abortable-preclean: 0.004/0.075 secs] [Times: user=0.21 sys=0.00, real=0.08 secs] 
 (concurrent mode failure): 650397K->377359K(699072K), 0.0770186 secs] 964956K->377359K(1013632K), [Metaspace: 2729K->2729K(1056768K)], 0.0771283 secs] [Times: user=0.07 sys=0.00, real=0.08 secs] 
2021-08-14T11:08:24.688-0800: 2.024: [GC (Allocation Failure) 2021-08-14T11:08:24.688-0800: 2.024: [ParNew: 279616K->34943K(314560K), 0.0131043 secs] 656975K->456436K(1013632K), 0.0132274 secs] [Times: user=0.11 sys=0.00, real=0.02 secs] 
2021-08-14T11:08:24.748-0800: 2.083: [GC (Allocation Failure) 2021-08-14T11:08:24.748-0800: 2.083: [ParNew: 314559K->34943K(314560K), 0.0168183 secs] 736052K->532616K(1013632K), 0.0169015 secs] [Times: user=0.15 sys=0.00, real=0.02 secs] 
2021-08-14T11:08:24.765-0800: 2.100: [GC (CMS Initial Mark) [1 CMS-initial-mark: 497672K(699072K)] 532760K(1013632K), 0.0002188 secs] [Times: user=0.00 sys=0.00, real=0.00 secs] 
2021-08-14T11:08:24.765-0800: 2.100: [CMS-concurrent-mark-start]
2021-08-14T11:08:24.767-0800: 2.102: [CMS-concurrent-mark: 0.002/0.002 secs] [Times: user=0.01 sys=0.00, real=0.00 secs] 
2021-08-14T11:08:24.767-0800: 2.102: [CMS-concurrent-preclean-start]
2021-08-14T11:08:24.768-0800: 2.103: [CMS-concurrent-preclean: 0.001/0.001 secs] [Times: user=0.00 sys=0.00, real=0.00 secs] 
2021-08-14T11:08:24.768-0800: 2.103: [CMS-concurrent-abortable-preclean-start]
2021-08-14T11:08:24.804-0800: 2.139: [GC (Allocation Failure) 2021-08-14T11:08:24.804-0800: 2.139: [ParNew: 314559K->34943K(314560K), 0.0151046 secs] 812232K->618336K(1013632K), 0.0152071 secs] [Times: user=0.14 sys=0.00, real=0.01 secs] 
2021-08-14T11:08:24.862-0800: 2.198: [GC (Allocation Failure) 2021-08-14T11:08:24.862-0800: 2.198: [ParNew: 314559K->34943K(314560K), 0.0223195 secs] 897952K->702247K(1013632K), 0.0224039 secs] [Times: user=0.19 sys=0.00, real=0.02 secs] 
2021-08-14T11:08:24.885-0800: 2.220: [CMS-concurrent-abortable-preclean: 0.006/0.117 secs] [Times: user=0.42 sys=0.01, real=0.12 secs] 
2021-08-14T11:08:24.885-0800: 2.221: [GC (CMS Final Remark) [YG occupancy: 35658 K (314560 K)]2021-08-14T11:08:24.885-0800: 2.221: [Rescan (parallel) , 0.0004488 secs]2021-08-14T11:08:24.885-0800: 2.221: [weak refs processing, 0.0000156 secs]2021-08-14T11:08:24.886-0800: 2.221: [class unloading, 0.0002040 secs]2021-08-14T11:08:24.886-0800: 2.221: [scrub symbol table, 0.0002819 secs]2021-08-14T11:08:24.886-0800: 2.222: [scrub string table, 0.0001899 secs][1 CMS-remark: 667303K(699072K)] 702962K(1013632K), 0.0012027 secs] [Times: user=0.01 sys=0.00, real=0.00 secs] 
2021-08-14T11:08:24.886-0800: 2.222: [CMS-concurrent-sweep-start]
2021-08-14T11:08:24.887-0800: 2.223: [CMS-concurrent-sweep: 0.001/0.001 secs] [Times: user=0.00 sys=0.00, real=0.00 secs] 
2021-08-14T11:08:24.888-0800: 2.223: [CMS-concurrent-reset-start]
2021-08-14T11:08:24.888-0800: 2.224: [CMS-concurrent-reset: 0.001/0.001 secs] [Times: user=0.00 sys=0.00, real=0.00 secs] 
2021-08-14T11:08:24.919-0800: 2.255: [GC (Allocation Failure) 2021-08-14T11:08:24.919-0800: 2.255: [ParNew: 314339K->34943K(314560K), 0.0123926 secs] 815321K->614173K(1013632K), 0.0124616 secs] [Times: user=0.12 sys=0.00, real=0.02 secs] 
2021-08-14T11:08:24.932-0800: 2.267: [GC (CMS Initial Mark) [1 CMS-initial-mark: 579230K(699072K)] 620019K(1013632K), 0.0001932 secs] [Times: user=0.00 sys=0.00, real=0.00 secs] 
2021-08-14T11:08:24.932-0800: 2.267: [CMS-concurrent-mark-start]
2021-08-14T11:08:24.933-0800: 2.269: [CMS-concurrent-mark: 0.001/0.001 secs] [Times: user=0.01 sys=0.00, real=0.00 secs] 
2021-08-14T11:08:24.933-0800: 2.269: [CMS-concurrent-preclean-start]
2021-08-14T11:08:24.934-0800: 2.270: [CMS-concurrent-preclean: 0.001/0.001 secs] [Times: user=0.00 sys=0.00, real=0.00 secs] 
2021-08-14T11:08:24.934-0800: 2.270: [CMS-concurrent-abortable-preclean-start]
2021-08-14T11:08:24.970-0800: 2.305: [GC (Allocation Failure) 2021-08-14T11:08:24.970-0800: 2.305: [ParNew: 314559K->34943K(314560K), 0.0218607 secs] 893789K->693929K(1013632K), 0.0219926 secs] [Times: user=0.16 sys=0.00, real=0.02 secs] 
2021-08-14T11:08:24.994-0800: 2.329: [CMS-concurrent-abortable-preclean: 0.003/0.059 secs] [Times: user=0.20 sys=0.00, real=0.06 secs] 
2021-08-14T11:08:24.994-0800: 2.329: [GC (CMS Final Remark) [YG occupancy: 47914 K (314560 K)]2021-08-14T11:08:24.994-0800: 2.329: [Rescan (parallel) , 0.0004300 secs]2021-08-14T11:08:24.994-0800: 2.330: [weak refs processing, 0.0000182 secs]2021-08-14T11:08:24.994-0800: 2.330: [class unloading, 0.0002107 secs]2021-08-14T11:08:24.995-0800: 2.330: [scrub symbol table, 0.0003010 secs]2021-08-14T11:08:24.995-0800: 2.330: [scrub string table, 0.0001926 secs][1 CMS-remark: 658986K(699072K)] 706900K(1013632K), 0.0012499 secs] [Times: user=0.00 sys=0.00, real=0.00 secs] 
2021-08-14T11:08:24.995-0800: 2.331: [CMS-concurrent-sweep-start]
2021-08-14T11:08:24.997-0800: 2.332: [CMS-concurrent-sweep: 0.002/0.002 secs] [Times: user=0.00 sys=0.00, real=0.00 secs] 
2021-08-14T11:08:24.997-0800: 2.332: [CMS-concurrent-reset-start]
2021-08-14T11:08:24.997-0800: 2.333: [CMS-concurrent-reset: 0.001/0.001 secs] [Times: user=0.00 sys=0.00, real=0.00 secs] 
2021-08-14T11:08:25.029-0800: 2.365: [GC (Allocation Failure) 2021-08-14T11:08:25.030-0800: 2.365: [ParNew: 314559K->34943K(314560K), 0.0130118 secs] 730009K->525528K(1013632K), 0.0131072 secs] [Times: user=0.13 sys=0.00, real=0.02 secs] 
2021-08-14T11:08:25.043-0800: 2.378: [GC (CMS Initial Mark) [1 CMS-initial-mark: 490584K(699072K)] 531536K(1013632K), 0.0001878 secs] [Times: user=0.00 sys=0.00, real=0.00 secs] 
2021-08-14T11:08:25.043-0800: 2.379: [CMS-concurrent-mark-start]
2021-08-14T11:08:25.044-0800: 2.380: [CMS-concurrent-mark: 0.001/0.001 secs] [Times: user=0.00 sys=0.00, real=0.00 secs] 
2021-08-14T11:08:25.045-0800: 2.380: [CMS-concurrent-preclean-start]
2021-08-14T11:08:25.046-0800: 2.381: [CMS-concurrent-preclean: 0.001/0.001 secs] [Times: user=0.01 sys=0.00, real=0.00 secs] 
2021-08-14T11:08:25.046-0800: 2.381: [CMS-concurrent-abortable-preclean-start]
2021-08-14T11:08:25.092-0800: 2.428: [GC (Allocation Failure) 2021-08-14T11:08:25.092-0800: 2.428: [ParNew: 314559K->34943K(314560K), 0.0222225 secs] 805144K->603063K(1013632K), 0.0223746 secs] [Times: user=0.19 sys=0.01, real=0.02 secs] 
2021-08-14T11:08:25.165-0800: 2.500: [GC (Allocation Failure) 2021-08-14T11:08:25.165-0800: 2.500: [ParNew: 314559K->34943K(314560K), 0.0147268 secs] 882679K->679663K(1013632K), 0.0148257 secs] [Times: user=0.12 sys=0.00, real=0.02 secs] 
2021-08-14T11:08:25.222-0800: 2.558: [GC (Allocation Failure) 2021-08-14T11:08:25.222-0800: 2.558: [ParNew: 314559K->314559K(314560K), 0.0000262 secs]2021-08-14T11:08:25.222-0800: 2.558: [CMS2021-08-14T11:08:25.222-0800: 2.558: [CMS-concurrent-abortable-preclean: 0.007/0.177 secs] [Times: user=0.45 sys=0.01, real=0.18 secs] 
 (concurrent mode failure): 644719K->369046K(699072K), 0.0857746 secs] 959279K->369046K(1013632K), [Metaspace: 2729K->2729K(1056768K)], 0.0859635 secs] [Times: user=0.08 sys=0.00, real=0.08 secs] 
2021-08-14T11:08:25.365-0800: 2.701: [GC (Allocation Failure) 2021-08-14T11:08:25.365-0800: 2.701: [ParNew: 279616K->34942K(314560K), 0.0149377 secs] 648662K->456496K(1013632K), 0.0150505 secs] [Times: user=0.06 sys=0.00, real=0.02 secs] 
2021-08-14T11:08:25.423-0800: 2.758: [GC (Allocation Failure) 2021-08-14T11:08:25.423-0800: 2.758: [ParNew: 314558K->34943K(314560K), 0.0205000 secs] 736112K->540637K(1013632K), 0.0205858 secs] [Times: user=0.15 sys=0.01, real=0.02 secs] 
2021-08-14T11:08:25.443-0800: 2.779: [GC (CMS Initial Mark) [1 CMS-initial-mark: 505693K(699072K)] 540813K(1013632K), 0.0001971 secs] [Times: user=0.00 sys=0.00, real=0.00 secs] 
2021-08-14T11:08:25.444-0800: 2.779: [CMS-concurrent-mark-start]
2021-08-14T11:08:25.445-0800: 2.781: [CMS-concurrent-mark: 0.002/0.002 secs] [Times: user=0.01 sys=0.00, real=0.00 secs] 
2021-08-14T11:08:25.445-0800: 2.781: [CMS-concurrent-preclean-start]
2021-08-14T11:08:25.447-0800: 2.782: [CMS-concurrent-preclean: 0.001/0.001 secs] [Times: user=0.00 sys=0.00, real=0.00 secs] 
2021-08-14T11:08:25.447-0800: 2.782: [CMS-concurrent-abortable-preclean-start]
2021-08-14T11:08:25.483-0800: 2.818: [GC (Allocation Failure) 2021-08-14T11:08:25.483-0800: 2.818: [ParNew: 314559K->34943K(314560K), 0.0126671 secs] 820253K->612902K(1013632K), 0.0127459 secs] [Times: user=0.12 sys=0.00, real=0.01 secs] 
2021-08-14T11:08:25.529-0800: 2.864: [GC (Allocation Failure) 2021-08-14T11:08:25.529-0800: 2.864: [ParNew: 314559K->34943K(314560K), 0.0146735 secs] 892518K->701265K(1013632K), 0.0147577 secs] [Times: user=0.14 sys=0.00, real=0.02 secs] 
2021-08-14T11:08:25.544-0800: 2.879: [CMS-concurrent-abortable-preclean: 0.004/0.097 secs] [Times: user=0.34 sys=0.00, real=0.10 secs] 
2021-08-14T11:08:25.544-0800: 2.879: [GC (CMS Final Remark) [YG occupancy: 35325 K (314560 K)]2021-08-14T11:08:25.544-0800: 2.879: [Rescan (parallel) , 0.0004566 secs]2021-08-14T11:08:25.544-0800: 2.880: [weak refs processing, 0.0000213 secs]2021-08-14T11:08:25.544-0800: 2.880: [class unloading, 0.0002024 secs]2021-08-14T11:08:25.545-0800: 2.880: [scrub symbol table, 0.0002754 secs]2021-08-14T11:08:25.545-0800: 2.880: [scrub string table, 0.0001878 secs][1 CMS-remark: 666321K(699072K)] 701647K(1013632K), 0.0012231 secs] [Times: user=0.00 sys=0.00, real=0.00 secs] 
2021-08-14T11:08:25.545-0800: 2.881: [CMS-concurrent-sweep-start]
2021-08-14T11:08:25.546-0800: 2.882: [CMS-concurrent-sweep: 0.001/0.001 secs] [Times: user=0.00 sys=0.00, real=0.00 secs] 
2021-08-14T11:08:25.546-0800: 2.882: [CMS-concurrent-reset-start]
2021-08-14T11:08:25.547-0800: 2.883: [CMS-concurrent-reset: 0.001/0.001 secs] [Times: user=0.00 sys=0.00, real=0.00 secs] 
2021-08-14T11:08:25.578-0800: 2.914: [GC (Allocation Failure) 2021-08-14T11:08:25.578-0800: 2.914: [ParNew: 314559K->34943K(314560K), 0.0175414 secs] 823711K->624230K(1013632K), 0.0176239 secs] [Times: user=0.14 sys=0.00, real=0.02 secs] 
2021-08-14T11:08:25.596-0800: 2.932: [GC (CMS Initial Mark) [1 CMS-initial-mark: 589287K(699072K)] 624936K(1013632K), 0.0002152 secs] [Times: user=0.00 sys=0.00, real=0.00 secs] 
2021-08-14T11:08:25.596-0800: 2.932: [CMS-concurrent-mark-start]
2021-08-14T11:08:25.598-0800: 2.934: [CMS-concurrent-mark: 0.002/0.002 secs] [Times: user=0.01 sys=0.00, real=0.00 secs] 
2021-08-14T11:08:25.598-0800: 2.934: [CMS-concurrent-preclean-start]
2021-08-14T11:08:25.599-0800: 2.935: [CMS-concurrent-preclean: 0.001/0.001 secs] [Times: user=0.00 sys=0.00, real=0.00 secs] 
2021-08-14T11:08:25.600-0800: 2.935: [CMS-concurrent-abortable-preclean-start]
2021-08-14T11:08:25.634-0800: 2.969: [GC (Allocation Failure) 2021-08-14T11:08:25.634-0800: 2.969: [ParNew: 314559K->34942K(314560K), 0.0141718 secs] 903846K->700224K(1013632K), 0.0142567 secs] [Times: user=0.13 sys=0.00, real=0.01 secs] 
2021-08-14T11:08:25.648-0800: 2.984: [CMS-concurrent-abortable-preclean: 0.002/0.049 secs] [Times: user=0.17 sys=0.00, real=0.04 secs] 
2021-08-14T11:08:25.648-0800: 2.984: [GC (CMS Final Remark) [YG occupancy: 35038 K (314560 K)]2021-08-14T11:08:25.648-0800: 2.984: [Rescan (parallel) , 0.0004490 secs]2021-08-14T11:08:25.649-0800: 2.984: [weak refs processing, 0.0000149 secs]2021-08-14T11:08:25.649-0800: 2.984: [class unloading, 0.0002047 secs]2021-08-14T11:08:25.649-0800: 2.984: [scrub symbol table, 0.0002846 secs]2021-08-14T11:08:25.649-0800: 2.985: [scrub string table, 0.0001899 secs][1 CMS-remark: 665281K(699072K)] 700320K(1013632K), 0.0012060 secs] [Times: user=0.01 sys=0.00, real=0.00 secs] 
2021-08-14T11:08:25.649-0800: 2.985: [CMS-concurrent-sweep-start]
2021-08-14T11:08:25.651-0800: 2.987: [CMS-concurrent-sweep: 0.001/0.001 secs] [Times: user=0.00 sys=0.00, real=0.01 secs] 
2021-08-14T11:08:25.651-0800: 2.987: [CMS-concurrent-reset-start]
2021-08-14T11:08:25.652-0800: 2.987: [CMS-concurrent-reset: 0.001/0.001 secs] [Times: user=0.00 sys=0.00, real=0.00 secs] 
2021-08-14T11:08:25.686-0800: 3.021: [GC (Allocation Failure) 2021-08-14T11:08:25.686-0800: 3.021: [ParNew: 314558K->34943K(314560K), 0.0150279 secs] 737698K->528488K(1013632K), 0.0151109 secs] [Times: user=0.12 sys=0.00, real=0.02 secs] 
2021-08-14T11:08:25.701-0800: 3.037: [GC (CMS Initial Mark) [1 CMS-initial-mark: 493544K(699072K)] 529064K(1013632K), 0.0001686 secs] [Times: user=0.00 sys=0.00, real=0.00 secs] 
2021-08-14T11:08:25.701-0800: 3.037: [CMS-concurrent-mark-start]
2021-08-14T11:08:25.703-0800: 3.039: [CMS-concurrent-mark: 0.002/0.002 secs] [Times: user=0.01 sys=0.00, real=0.00 secs] 
2021-08-14T11:08:25.703-0800: 3.039: [CMS-concurrent-preclean-start]
2021-08-14T11:08:25.704-0800: 3.040: [CMS-concurrent-preclean: 0.001/0.001 secs] [Times: user=0.00 sys=0.00, real=0.00 secs] 
2021-08-14T11:08:25.704-0800: 3.040: [CMS-concurrent-abortable-preclean-start]
2021-08-14T11:08:25.739-0800: 3.074: [GC (Allocation Failure) 2021-08-14T11:08:25.739-0800: 3.074: [ParNew: 314559K->34942K(314560K), 0.0152851 secs] 808104K->611224K(1013632K), 0.0153670 secs] [Times: user=0.14 sys=0.01, real=0.02 secs] 
2021-08-14T11:08:25.789-0800: 3.125: [GC (Allocation Failure) 2021-08-14T11:08:25.789-0800: 3.125: [ParNew: 314558K->34943K(314560K), 0.0139556 secs] 890840K->689452K(1013632K), 0.0140375 secs] [Times: user=0.14 sys=0.00, real=0.02 secs] 
2021-08-14T11:08:25.805-0800: 3.140: [CMS-concurrent-abortable-preclean: 0.005/0.100 secs] [Times: user=0.36 sys=0.01, real=0.10 secs] 
2021-08-14T11:08:25.805-0800: 3.140: [GC (CMS Final Remark) [YG occupancy: 53086 K (314560 K)]2021-08-14T11:08:25.805-0800: 3.140: [Rescan (parallel) , 0.0003611 secs]2021-08-14T11:08:25.805-0800: 3.141: [weak refs processing, 0.0000248 secs]2021-08-14T11:08:25.805-0800: 3.141: [class unloading, 0.0001997 secs]2021-08-14T11:08:25.806-0800: 3.141: [scrub symbol table, 0.0002797 secs]2021-08-14T11:08:25.806-0800: 3.141: [scrub string table, 0.0001921 secs][1 CMS-remark: 654508K(699072K)] 707595K(1013632K), 0.0011350 secs] [Times: user=0.00 sys=0.00, real=0.00 secs] 
2021-08-14T11:08:25.806-0800: 3.142: [CMS-concurrent-sweep-start]
2021-08-14T11:08:25.808-0800: 3.143: [CMS-concurrent-sweep: 0.002/0.002 secs] [Times: user=0.01 sys=0.00, real=0.00 secs] 
2021-08-14T11:08:25.808-0800: 3.143: [CMS-concurrent-reset-start]
2021-08-14T11:08:25.808-0800: 3.144: [CMS-concurrent-reset: 0.000/0.000 secs] [Times: user=0.00 sys=0.00, real=0.00 secs] 
2021-08-14T11:08:25.840-0800: 3.175: [GC (Allocation Failure) 2021-08-14T11:08:25.840-0800: 3.175: [ParNew: 314559K->34943K(314560K), 0.0129294 secs] 822658K->618878K(1013632K), 0.0130011 secs] [Times: user=0.12 sys=0.00, real=0.01 secs] 
2021-08-14T11:08:25.853-0800: 3.188: [GC (CMS Initial Mark) [1 CMS-initial-mark: 583934K(699072K)] 624577K(1013632K), 0.0002117 secs] [Times: user=0.00 sys=0.00, real=0.00 secs] 
2021-08-14T11:08:25.853-0800: 3.188: [CMS-concurrent-mark-start]
2021-08-14T11:08:25.854-0800: 3.190: [CMS-concurrent-mark: 0.001/0.001 secs] [Times: user=0.01 sys=0.00, real=0.00 secs] 
2021-08-14T11:08:25.854-0800: 3.190: [CMS-concurrent-preclean-start]
2021-08-14T11:08:25.855-0800: 3.191: [CMS-concurrent-preclean: 0.001/0.001 secs] [Times: user=0.00 sys=0.00, real=0.00 secs] 
2021-08-14T11:08:25.855-0800: 3.191: [CMS-concurrent-abortable-preclean-start]
2021-08-14T11:08:25.884-0800: 3.219: [GC (Allocation Failure) 2021-08-14T11:08:25.884-0800: 3.220: [ParNew: 314559K->34942K(314560K), 0.0133952 secs] 898494K->693739K(1013632K), 0.0134612 secs] [Times: user=0.13 sys=0.00, real=0.01 secs] 
2021-08-14T11:08:25.899-0800: 3.235: [CMS-concurrent-abortable-preclean: 0.003/0.044 secs] [Times: user=0.16 sys=0.00, real=0.04 secs] 
2021-08-14T11:08:25.899-0800: 3.235: [GC (CMS Final Remark) [YG occupancy: 46636 K (314560 K)]2021-08-14T11:08:25.899-0800: 3.235: [Rescan (parallel) , 0.0010483 secs]2021-08-14T11:08:25.900-0800: 3.236: [weak refs processing, 0.0000158 secs]2021-08-14T11:08:25.900-0800: 3.236: [class unloading, 0.0001950 secs]2021-08-14T11:08:25.900-0800: 3.236: [scrub symbol table, 0.0002821 secs]2021-08-14T11:08:25.901-0800: 3.236: [scrub string table, 0.0001989 secs][1 CMS-remark: 658796K(699072K)] 705433K(1013632K), 0.0018228 secs] [Times: user=0.01 sys=0.00, real=0.01 secs] 
2021-08-14T11:08:25.901-0800: 3.237: [CMS-concurrent-sweep-start]
2021-08-14T11:08:25.903-0800: 3.239: [CMS-concurrent-sweep: 0.002/0.002 secs] [Times: user=0.00 sys=0.00, real=0.00 secs] 
2021-08-14T11:08:25.903-0800: 3.239: [CMS-concurrent-reset-start]
2021-08-14T11:08:25.904-0800: 3.239: [CMS-concurrent-reset: 0.001/0.001 secs] [Times: user=0.00 sys=0.00, real=0.00 secs] 
2021-08-14T11:08:25.942-0800: 3.278: [GC (Allocation Failure) 2021-08-14T11:08:25.942-0800: 3.278: [ParNew: 314143K->34943K(314560K), 0.0255994 secs] 726469K->521078K(1013632K), 0.0257229 secs] [Times: user=0.13 sys=0.00, real=0.02 secs] 
2021-08-14T11:08:25.968-0800: 3.304: [GC (CMS Initial Mark) [1 CMS-initial-mark: 486135K(699072K)] 521770K(1013632K), 0.0002442 secs] [Times: user=0.00 sys=0.00, real=0.00 secs] 
2021-08-14T11:08:25.968-0800: 3.304: [CMS-concurrent-mark-start]
2021-08-14T11:08:25.971-0800: 3.307: [CMS-concurrent-mark: 0.003/0.003 secs] [Times: user=0.01 sys=0.00, real=0.01 secs] 
2021-08-14T11:08:25.971-0800: 3.307: [CMS-concurrent-preclean-start]
2021-08-14T11:08:25.973-0800: 3.308: [CMS-concurrent-preclean: 0.001/0.001 secs] [Times: user=0.00 sys=0.00, real=0.00 secs] 
2021-08-14T11:08:25.973-0800: 3.308: [CMS-concurrent-abortable-preclean-start]
2021-08-14T11:08:26.012-0800: 3.347: [GC (Allocation Failure) 2021-08-14T11:08:26.012-0800: 3.347: [ParNew: 314559K->34941K(314560K), 0.0178770 secs] 800694K->597130K(1013632K), 0.0179896 secs] [Times: user=0.16 sys=0.01, real=0.02 secs] 
2021-08-14T11:08:26.068-0800: 3.404: [GC (Allocation Failure) 2021-08-14T11:08:26.068-0800: 3.404: [ParNew: 314557K->34942K(314560K), 0.0171207 secs] 876746K->680357K(1013632K), 0.0172077 secs] [Times: user=0.15 sys=0.00, real=0.02 secs] 
2021-08-14T11:08:26.127-0800: 3.463: [GC (Allocation Failure) 2021-08-14T11:08:26.128-0800: 3.463: [ParNew: 314558K->314558K(314560K), 0.0000217 secs]2021-08-14T11:08:26.128-0800: 3.463: [CMS2021-08-14T11:08:26.128-0800: 3.463: [CMS-concurrent-abortable-preclean: 0.008/0.155 secs] [Times: user=0.44 sys=0.01, real=0.15 secs] 
 (concurrent mode failure): 645414K->372393K(699072K), 0.0716656 secs] 959973K->372393K(1013632K), [Metaspace: 2729K->2729K(1056768K)], 0.0717946 secs] [Times: user=0.07 sys=0.00, real=0.07 secs] 
2021-08-14T11:08:26.242-0800: 3.578: [GC (Allocation Failure) 2021-08-14T11:08:26.242-0800: 3.578: [ParNew: 279616K->34942K(314560K), 0.0124505 secs] 652009K->456029K(1013632K), 0.0125560 secs] [Times: user=0.12 sys=0.00, real=0.01 secs] 
2021-08-14T11:08:26.295-0800: 3.630: [GC (Allocation Failure) 2021-08-14T11:08:26.295-0800: 3.630: [ParNew: 314558K->34940K(314560K), 0.0156948 secs] 735645K->524849K(1013632K), 0.0157746 secs] [Times: user=0.16 sys=0.00, real=0.02 secs] 
2021-08-14T11:08:26.353-0800: 3.688: [GC (Allocation Failure) 2021-08-14T11:08:26.353-0800: 3.688: [ParNew: 314556K->34942K(314560K), 0.0176528 secs] 804465K->598434K(1013632K), 0.0177324 secs] [Times: user=0.16 sys=0.00, real=0.02 secs] 
2021-08-14T11:08:26.370-0800: 3.706: [GC (CMS Initial Mark) [1 CMS-initial-mark: 563492K(699072K)] 604182K(1013632K), 0.0001893 secs] [Times: user=0.00 sys=0.00, real=0.00 secs] 
2021-08-14T11:08:26.371-0800: 3.706: [CMS-concurrent-mark-start]
2021-08-14T11:08:26.372-0800: 3.708: [CMS-concurrent-mark: 0.001/0.001 secs] [Times: user=0.01 sys=0.00, real=0.00 secs] 
2021-08-14T11:08:26.372-0800: 3.708: [CMS-concurrent-preclean-start]
2021-08-14T11:08:26.373-0800: 3.709: [CMS-concurrent-preclean: 0.001/0.001 secs] [Times: user=0.00 sys=0.00, real=0.00 secs] 
2021-08-14T11:08:26.373-0800: 3.709: [CMS-concurrent-abortable-preclean-start]
2021-08-14T11:08:26.404-0800: 3.739: [GC (Allocation Failure) 2021-08-14T11:08:26.404-0800: 3.739: [ParNew: 314558K->34943K(314560K), 0.0147821 secs] 878050K->672497K(1013632K), 0.0148635 secs] [Times: user=0.15 sys=0.01, real=0.01 secs] 
2021-08-14T11:08:26.453-0800: 3.788: [GC (Allocation Failure) 2021-08-14T11:08:26.453-0800: 3.788: [ParNew: 314559K->314559K(314560K), 0.0000214 secs]2021-08-14T11:08:26.453-0800: 3.788: [CMS2021-08-14T11:08:26.453-0800: 3.788: [CMS-concurrent-abortable-preclean: 0.004/0.080 secs] [Times: user=0.21 sys=0.01, real=0.08 secs] 
 (concurrent mode failure): 637554K->361393K(699072K), 0.0499979 secs] 952113K->361393K(1013632K), [Metaspace: 2735K->2735K(1056768K)], 0.0501199 secs] [Times: user=0.05 sys=0.00, real=0.05 secs] 
2021-08-14T11:08:26.540-0800: 3.875: [GC (Allocation Failure) 2021-08-14T11:08:26.540-0800: 3.875: [ParNew: 279616K->34943K(314560K), 0.0101735 secs] 641009K->444959K(1013632K), 0.0102540 secs] [Times: user=0.09 sys=0.00, real=0.01 secs] 
2021-08-14T11:08:26.586-0800: 3.922: [GC (Allocation Failure) 2021-08-14T11:08:26.586-0800: 3.922: [ParNew: 314559K->34943K(314560K), 0.0131108 secs] 724575K->514011K(1013632K), 0.0131990 secs] [Times: user=0.12 sys=0.00, real=0.02 secs] 
2021-08-14T11:08:26.600-0800: 3.935: [GC (CMS Initial Mark) [1 CMS-initial-mark: 479068K(699072K)] 519798K(1013632K), 0.0001947 secs] [Times: user=0.00 sys=0.00, real=0.00 secs] 
2021-08-14T11:08:26.600-0800: 3.935: [CMS-concurrent-mark-start]
2021-08-14T11:08:26.601-0800: 3.937: [CMS-concurrent-mark: 0.001/0.001 secs] [Times: user=0.01 sys=0.00, real=0.00 secs] 
2021-08-14T11:08:26.601-0800: 3.937: [CMS-concurrent-preclean-start]
2021-08-14T11:08:26.602-0800: 3.938: [CMS-concurrent-preclean: 0.001/0.001 secs] [Times: user=0.00 sys=0.00, real=0.00 secs] 
2021-08-14T11:08:26.602-0800: 3.938: [CMS-concurrent-abortable-preclean-start]
2021-08-14T11:08:26.634-0800: 3.969: [GC (Allocation Failure) 2021-08-14T11:08:26.634-0800: 3.969: [ParNew: 314559K->34943K(314560K), 0.0143746 secs] 793627K->596166K(1013632K), 0.0144560 secs] [Times: user=0.14 sys=0.00, real=0.01 secs] 
2021-08-14T11:08:26.682-0800: 4.017: [GC (Allocation Failure) 2021-08-14T11:08:26.682-0800: 4.017: [ParNew: 314559K->34942K(314560K), 0.0145983 secs] 875782K->683251K(1013632K), 0.0146827 secs] [Times: user=0.14 sys=0.00, real=0.01 secs] 
2021-08-14T11:08:26.730-0800: 4.065: [GC (Allocation Failure) 2021-08-14T11:08:26.730-0800: 4.066: [ParNew: 314558K->314558K(314560K), 0.0000214 secs]2021-08-14T11:08:26.730-0800: 4.066: [CMS2021-08-14T11:08:26.730-0800: 4.066: [CMS-concurrent-abortable-preclean: 0.007/0.128 secs] [Times: user=0.38 sys=0.00, real=0.13 secs] 
 (concurrent mode failure): 648309K->386747K(699072K), 0.0522315 secs] 962867K->386747K(1013632K), [Metaspace: 2735K->2735K(1056768K)], 0.0523591 secs] [Times: user=0.05 sys=0.00, real=0.05 secs] 
2021-08-14T11:08:26.818-0800: 4.153: [GC (Allocation Failure) 2021-08-14T11:08:26.818-0800: 4.153: [ParNew: 279616K->34942K(314560K), 0.0106532 secs] 666363K->477481K(1013632K), 0.0107342 secs] [Times: user=0.10 sys=0.00, real=0.01 secs] 
2021-08-14T11:08:26.864-0800: 4.200: [GC (Allocation Failure) 2021-08-14T11:08:26.864-0800: 4.200: [ParNew: 314558K->34943K(314560K), 0.0130028 secs] 757097K->552613K(1013632K), 0.0130832 secs] [Times: user=0.12 sys=0.00, real=0.01 secs] 
2021-08-14T11:08:26.877-0800: 4.213: [GC (CMS Initial Mark) [1 CMS-initial-mark: 517669K(699072K)] 558402K(1013632K), 0.0002078 secs] [Times: user=0.00 sys=0.00, real=0.00 secs] 
2021-08-14T11:08:26.878-0800: 4.213: [CMS-concurrent-mark-start]
2021-08-14T11:08:26.879-0800: 4.214: [CMS-concurrent-mark: 0.001/0.001 secs] [Times: user=0.01 sys=0.00, real=0.00 secs] 
2021-08-14T11:08:26.879-0800: 4.214: [CMS-concurrent-preclean-start]
2021-08-14T11:08:26.880-0800: 4.215: [CMS-concurrent-preclean: 0.001/0.001 secs] [Times: user=0.00 sys=0.00, real=0.01 secs] 
2021-08-14T11:08:26.880-0800: 4.216: [CMS-concurrent-abortable-preclean-start]
2021-08-14T11:08:26.910-0800: 4.245: [GC (Allocation Failure) 2021-08-14T11:08:26.910-0800: 4.246: [ParNew: 314559K->34942K(314560K), 0.0144220 secs] 832229K->638457K(1013632K), 0.0145052 secs] [Times: user=0.14 sys=0.00, real=0.01 secs] 
2021-08-14T11:08:26.958-0800: 4.294: [GC (Allocation Failure) 2021-08-14T11:08:26.958-0800: 4.294: [ParNew: 314558K->314558K(314560K), 0.0000215 secs]2021-08-14T11:08:26.959-0800: 4.294: [CMS2021-08-14T11:08:26.959-0800: 4.294: [CMS-concurrent-abortable-preclean: 0.004/0.079 secs] [Times: user=0.20 sys=0.00, real=0.07 secs] 
 (concurrent mode failure): 603515K->380585K(699072K), 0.0503494 secs] 918073K->380585K(1013632K), [Metaspace: 2735K->2735K(1056768K)], 0.0504771 secs] [Times: user=0.05 sys=0.00, real=0.05 secs] 
2021-08-14T11:08:27.043-0800: 4.379: [GC (Allocation Failure) 2021-08-14T11:08:27.043-0800: 4.379: [ParNew: 279545K->34942K(314560K), 0.0107520 secs] 660130K->472261K(1013632K), 0.0108318 secs] [Times: user=0.10 sys=0.01, real=0.01 secs] 
2021-08-14T11:08:27.089-0800: 4.425: [GC (Allocation Failure) 2021-08-14T11:08:27.089-0800: 4.425: [ParNew: 314558K->34942K(314560K), 0.0133807 secs] 751877K->548400K(1013632K), 0.0134615 secs] [Times: user=0.13 sys=0.00, real=0.02 secs] 
2021-08-14T11:08:27.103-0800: 4.438: [GC (CMS Initial Mark) [1 CMS-initial-mark: 513458K(699072K)] 549088K(1013632K), 0.0001944 secs] [Times: user=0.00 sys=0.00, real=0.00 secs] 
2021-08-14T11:08:27.103-0800: 4.438: [CMS-concurrent-mark-start]
2021-08-14T11:08:27.104-0800: 4.440: [CMS-concurrent-mark: 0.001/0.001 secs] [Times: user=0.00 sys=0.00, real=0.00 secs] 
2021-08-14T11:08:27.104-0800: 4.440: [CMS-concurrent-preclean-start]
2021-08-14T11:08:27.105-0800: 4.441: [CMS-concurrent-preclean: 0.001/0.001 secs] [Times: user=0.00 sys=0.00, real=0.00 secs] 
2021-08-14T11:08:27.105-0800: 4.441: [CMS-concurrent-abortable-preclean-start]
2021-08-14T11:08:27.136-0800: 4.472: [GC (Allocation Failure) 2021-08-14T11:08:27.136-0800: 4.472: [ParNew: 314558K->34942K(314560K), 0.0140092 secs] 828016K->639695K(1013632K), 0.0140881 secs] [Times: user=0.14 sys=0.00, real=0.02 secs] 
2021-08-14T11:08:27.181-0800: 4.517: [GC (Allocation Failure) 2021-08-14T11:08:27.181-0800: 4.517: [ParNew: 314229K->314229K(314560K), 0.0000175 secs]2021-08-14T11:08:27.181-0800: 4.517: [CMS2021-08-14T11:08:27.181-0800: 4.517: [CMS-concurrent-abortable-preclean: 0.004/0.076 secs] [Times: user=0.20 sys=0.00, real=0.08 secs] 
 (concurrent mode failure): 604752K->380841K(699072K), 0.0495163 secs] 918982K->380841K(1013632K), [Metaspace: 2735K->2735K(1056768K)], 0.0496264 secs] [Times: user=0.05 sys=0.00, real=0.05 secs] 
2021-08-14T11:08:27.269-0800: 4.605: [GC (Allocation Failure) 2021-08-14T11:08:27.270-0800: 4.605: [ParNew: 279616K->34943K(314560K), 0.0100115 secs] 660457K->464546K(1013632K), 0.0100938 secs] [Times: user=0.10 sys=0.00, real=0.02 secs] 
2021-08-14T11:08:27.315-0800: 4.650: [GC (Allocation Failure) 2021-08-14T11:08:27.315-0800: 4.650: [ParNew: 314559K->34942K(314560K), 0.0121033 secs] 744162K->533626K(1013632K), 0.0121858 secs] [Times: user=0.12 sys=0.00, real=0.01 secs] 
2021-08-14T11:08:27.327-0800: 4.663: [GC (CMS Initial Mark) [1 CMS-initial-mark: 498683K(699072K)] 540354K(1013632K), 0.0002553 secs] [Times: user=0.00 sys=0.00, real=0.00 secs] 
2021-08-14T11:08:27.327-0800: 4.663: [CMS-concurrent-mark-start]
2021-08-14T11:08:27.329-0800: 4.664: [CMS-concurrent-mark: 0.001/0.001 secs] [Times: user=0.00 sys=0.00, real=0.00 secs] 
2021-08-14T11:08:27.329-0800: 4.664: [CMS-concurrent-preclean-start]
2021-08-14T11:08:27.330-0800: 4.665: [CMS-concurrent-preclean: 0.001/0.001 secs] [Times: user=0.01 sys=0.00, real=0.01 secs] 
2021-08-14T11:08:27.330-0800: 4.665: [CMS-concurrent-abortable-preclean-start]
2021-08-14T11:08:27.360-0800: 4.695: [GC (Allocation Failure) 2021-08-14T11:08:27.360-0800: 4.695: [ParNew: 314558K->34943K(314560K), 0.0142249 secs] 813242K->612554K(1013632K), 0.0143235 secs] [Times: user=0.12 sys=0.00, real=0.01 secs] 
2021-08-14T11:08:27.408-0800: 4.744: [GC (Allocation Failure) 2021-08-14T11:08:27.408-0800: 4.744: [ParNew: 314559K->34943K(314560K), 0.0143267 secs] 892170K->699680K(1013632K), 0.0144105 secs] [Times: user=0.14 sys=0.00, real=0.02 secs] 
2021-08-14T11:08:27.423-0800: 4.758: [CMS-concurrent-abortable-preclean: 0.004/0.093 secs] [Times: user=0.33 sys=0.00, real=0.09 secs] 
2021-08-14T11:08:27.423-0800: 4.758: [GC (CMS Final Remark) [YG occupancy: 35242 K (314560 K)]2021-08-14T11:08:27.423-0800: 4.758: [Rescan (parallel) , 0.0004109 secs]2021-08-14T11:08:27.423-0800: 4.759: [weak refs processing, 0.0000147 secs]2021-08-14T11:08:27.423-0800: 4.759: [class unloading, 0.0002123 secs]2021-08-14T11:08:27.423-0800: 4.759: [scrub symbol table, 0.0002703 secs]2021-08-14T11:08:27.424-0800: 4.759: [scrub string table, 0.0001832 secs][1 CMS-remark: 664736K(699072K)] 699978K(1013632K), 0.0011615 secs] [Times: user=0.00 sys=0.00, real=0.00 secs] 
2021-08-14T11:08:27.424-0800: 4.759: [CMS-concurrent-sweep-start]
2021-08-14T11:08:27.425-0800: 4.761: [CMS-concurrent-sweep: 0.001/0.001 secs] [Times: user=0.00 sys=0.00, real=0.00 secs] 
2021-08-14T11:08:27.425-0800: 4.761: [CMS-concurrent-reset-start]
2021-08-14T11:08:27.426-0800: 4.761: [CMS-concurrent-reset: 0.001/0.001 secs] [Times: user=0.00 sys=0.00, real=0.00 secs] 
2021-08-14T11:08:27.456-0800: 4.791: [GC (Allocation Failure) 2021-08-14T11:08:27.456-0800: 4.791: [ParNew: 313935K->34943K(314560K), 0.0142887 secs] 820424K->624068K(1013632K), 0.0143692 secs] [Times: user=0.14 sys=0.00, real=0.02 secs] 
2021-08-14T11:08:27.470-0800: 4.806: [GC (CMS Initial Mark) [1 CMS-initial-mark: 589124K(699072K)] 624775K(1013632K), 0.0001856 secs] [Times: user=0.00 sys=0.00, real=0.00 secs] 
2021-08-14T11:08:27.470-0800: 4.806: [CMS-concurrent-mark-start]
2021-08-14T11:08:27.472-0800: 4.807: [CMS-concurrent-mark: 0.001/0.001 secs] [Times: user=0.00 sys=0.00, real=0.00 secs] 
2021-08-14T11:08:27.472-0800: 4.807: [CMS-concurrent-preclean-start]
2021-08-14T11:08:27.473-0800: 4.809: [CMS-concurrent-preclean: 0.001/0.001 secs] [Times: user=0.01 sys=0.00, real=0.00 secs] 
2021-08-14T11:08:27.473-0800: 4.809: [CMS-concurrent-abortable-preclean-start]
2021-08-14T11:08:27.505-0800: 4.841: [GC (Allocation Failure) 2021-08-14T11:08:27.505-0800: 4.841: [ParNew: 314559K->34943K(314560K), 0.0149049 secs] 903684K->708641K(1013632K), 0.0149882 secs] [Times: user=0.15 sys=0.00, real=0.02 secs] 
2021-08-14T11:08:27.520-0800: 4.856: [CMS-concurrent-abortable-preclean: 0.001/0.047 secs] [Times: user=0.18 sys=0.00, real=0.05 secs] 
2021-08-14T11:08:27.520-0800: 4.856: [GC (CMS Final Remark) [YG occupancy: 35015 K (314560 K)]2021-08-14T11:08:27.520-0800: 4.856: [Rescan (parallel) , 0.0004093 secs]2021-08-14T11:08:27.521-0800: 4.856: [weak refs processing, 0.0000189 secs]2021-08-14T11:08:27.521-0800: 4.857: [class unloading, 0.0002112 secs]2021-08-14T11:08:27.521-0800: 4.857: [scrub symbol table, 0.0002725 secs]2021-08-14T11:08:27.521-0800: 4.857: [scrub string table, 0.0001846 secs][1 CMS-remark: 673697K(699072K)] 708713K(1013632K), 0.0011769 secs] [Times: user=0.00 sys=0.00, real=0.00 secs] 
2021-08-14T11:08:27.522-0800: 4.857: [CMS-concurrent-sweep-start]
2021-08-14T11:08:27.523-0800: 4.859: [CMS-concurrent-sweep: 0.002/0.002 secs] [Times: user=0.00 sys=0.00, real=0.00 secs] 
2021-08-14T11:08:27.523-0800: 4.859: [CMS-concurrent-reset-start]
2021-08-14T11:08:27.524-0800: 4.859: [CMS-concurrent-reset: 0.001/0.001 secs] [Times: user=0.00 sys=0.00, real=0.00 secs] 
2021-08-14T11:08:27.555-0800: 4.891: [GC (Allocation Failure) 2021-08-14T11:08:27.555-0800: 4.891: [ParNew: 314559K->34943K(314560K), 0.0150854 secs] 755572K->561459K(1013632K), 0.0151664 secs] [Times: user=0.15 sys=0.00, real=0.02 secs] 
2021-08-14T11:08:27.570-0800: 4.906: [GC (CMS Initial Mark) [1 CMS-initial-mark: 526516K(699072K)] 567440K(1013632K), 0.0001953 secs] [Times: user=0.00 sys=0.00, real=0.00 secs] 
2021-08-14T11:08:27.571-0800: 4.906: [CMS-concurrent-mark-start]
2021-08-14T11:08:27.572-0800: 4.908: [CMS-concurrent-mark: 0.002/0.002 secs] [Times: user=0.00 sys=0.00, real=0.00 secs] 
2021-08-14T11:08:27.572-0800: 4.908: [CMS-concurrent-preclean-start]
2021-08-14T11:08:27.573-0800: 4.909: [CMS-concurrent-preclean: 0.001/0.001 secs] [Times: user=0.00 sys=0.00, real=0.00 secs] 
2021-08-14T11:08:27.573-0800: 4.909: [CMS-concurrent-abortable-preclean-start]
2021-08-14T11:08:27.605-0800: 4.940: [GC (Allocation Failure) 2021-08-14T11:08:27.605-0800: 4.941: [ParNew: 314042K->34943K(314560K), 0.0148008 secs] 840558K->647678K(1013632K), 0.0148829 secs] [Times: user=0.14 sys=0.00, real=0.02 secs] 
2021-08-14T11:08:27.654-0800: 4.989: [GC (Allocation Failure) 2021-08-14T11:08:27.654-0800: 4.989: [ParNew: 314559K->314559K(314560K), 0.0000207 secs]2021-08-14T11:08:27.654-0800: 4.989: [CMS2021-08-14T11:08:27.654-0800: 4.989: [CMS-concurrent-abortable-preclean: 0.004/0.080 secs] [Times: user=0.22 sys=0.00, real=0.08 secs] 
 (concurrent mode failure): 612735K->398383K(699072K), 0.0549368 secs] 927294K->398383K(1013632K), [Metaspace: 2735K->2735K(1056768K)], 0.0550623 secs] [Times: user=0.05 sys=0.00, real=0.05 secs] 
Heap
 par new generation   total 314560K, used 249390K [0x0000000780000000, 0x0000000795550000, 0x0000000795550000)
  eden space 279616K,  89% used [0x0000000780000000, 0x000000078f38b860, 0x0000000791110000)
  from space 34944K,   0% used [0x0000000793330000, 0x0000000793330000, 0x0000000795550000)
  to   space 34944K,   0% used [0x0000000791110000, 0x0000000791110000, 0x0000000793330000)
 concurrent mark-sweep generation total 699072K, used 398383K [0x0000000795550000, 0x00000007c0000000, 0x00000007c0000000)
 Metaspace       used 2742K, capacity 4490K, committed 4864K, reserved 1056768K
  class space    used 298K, capacity 386K, committed 512K, reserved 1048576K
