Java HotSpot(TM) 64-Bit Server VM (25.161-b12) for bsd-amd64 JRE (1.8.0_161-b12), built on Dec 19 2017 16:22:20 by "java_re" with gcc 4.2.1 (Based on Apple Inc. build 5658) (LLVM build 2336.11.00)
Memory: 4k page, physical 33554432k(3658824k free)

/proc/meminfo:

CommandLine flags: -XX:InitialHeapSize=1073741824 -XX:MaxHeapSize=1073741824 -XX:+PrintGC -XX:+PrintGCDateStamps -XX:+PrintGCDetails -XX:+PrintGCTimeStamps -XX:+UseCompressedClassPointers -XX:+UseCompressedOops -XX:+UseG1GC 
2021-08-14T11:06:09.938-0800: 0.132: [GC pause (G1 Evacuation Pause) (young), 0.0063366 secs]
   [Parallel Time: 5.7 ms, GC Workers: 10]
      [GC Worker Start (ms): Min: 131.8, Avg: 131.9, Max: 132.0, Diff: 0.2]
      [Ext Root Scanning (ms): Min: 0.1, Avg: 0.2, Max: 0.4, Diff: 0.3, Sum: 2.0]
      [Update RS (ms): Min: 0.0, Avg: 0.0, Max: 0.0, Diff: 0.0, Sum: 0.0]
         [Processed Buffers: Min: 0, Avg: 0.0, Max: 0, Diff: 0, Sum: 0]
      [Scan RS (ms): Min: 0.0, Avg: 0.0, Max: 0.0, Diff: 0.0, Sum: 0.1]
      [Code Root Scanning (ms): Min: 0.0, Avg: 0.0, Max: 0.0, Diff: 0.0, Sum: 0.0]
      [Object Copy (ms): Min: 4.6, Avg: 4.9, Max: 5.2, Diff: 0.6, Sum: 49.3]
      [Termination (ms): Min: 0.0, Avg: 0.3, Max: 0.6, Diff: 0.6, Sum: 2.7]
         [Termination Attempts: Min: 1, Avg: 1.4, Max: 3, Diff: 2, Sum: 14]
      [GC Worker Other (ms): Min: 0.0, Avg: 0.0, Max: 0.1, Diff: 0.0, Sum: 0.3]
      [GC Worker Total (ms): Min: 5.3, Avg: 5.4, Max: 5.6, Diff: 0.3, Sum: 54.5]
      [GC Worker End (ms): Min: 137.3, Avg: 137.4, Max: 137.4, Diff: 0.2]
   [Code Root Fixup: 0.0 ms]
   [Code Root Purge: 0.0 ms]
   [Clear CT: 0.1 ms]
   [Other: 0.6 ms]
      [Choose CSet: 0.0 ms]
      [Ref Proc: 0.2 ms]
      [Ref Enq: 0.0 ms]
      [Redirty Cards: 0.1 ms]
      [Humongous Register: 0.1 ms]
      [Humongous Reclaim: 0.0 ms]
      [Free CSet: 0.0 ms]
   [Eden: 51.0M(51.0M)->0.0B(44.0M) Survivors: 0.0B->7168.0K Heap: 63.7M(1024.0M)->22.4M(1024.0M)]
 [Times: user=0.02 sys=0.03, real=0.01 secs] 
2021-08-14T11:06:09.959-0800: 0.153: [GC pause (G1 Evacuation Pause) (young), 0.0051913 secs]
   [Parallel Time: 4.6 ms, GC Workers: 10]
      [GC Worker Start (ms): Min: 152.8, Avg: 152.9, Max: 152.9, Diff: 0.1]
      [Ext Root Scanning (ms): Min: 0.1, Avg: 0.1, Max: 0.3, Diff: 0.2, Sum: 1.2]
      [Update RS (ms): Min: 0.0, Avg: 0.0, Max: 0.1, Diff: 0.1, Sum: 0.4]
         [Processed Buffers: Min: 0, Avg: 0.8, Max: 3, Diff: 3, Sum: 8]
      [Scan RS (ms): Min: 0.0, Avg: 0.0, Max: 0.0, Diff: 0.0, Sum: 0.0]
      [Code Root Scanning (ms): Min: 0.0, Avg: 0.0, Max: 0.0, Diff: 0.0, Sum: 0.1]
      [Object Copy (ms): Min: 3.8, Avg: 4.0, Max: 4.2, Diff: 0.4, Sum: 39.6]
      [Termination (ms): Min: 0.0, Avg: 0.3, Max: 0.4, Diff: 0.4, Sum: 2.8]
         [Termination Attempts: Min: 1, Avg: 1.0, Max: 1, Diff: 0, Sum: 10]
      [GC Worker Other (ms): Min: 0.0, Avg: 0.0, Max: 0.0, Diff: 0.0, Sum: 0.1]
      [GC Worker Total (ms): Min: 4.3, Avg: 4.4, Max: 4.5, Diff: 0.2, Sum: 44.2]
      [GC Worker End (ms): Min: 157.2, Avg: 157.3, Max: 157.4, Diff: 0.2]
   [Code Root Fixup: 0.0 ms]
   [Code Root Purge: 0.0 ms]
   [Clear CT: 0.1 ms]
   [Other: 0.5 ms]
      [Choose CSet: 0.0 ms]
      [Ref Proc: 0.2 ms]
      [Ref Enq: 0.0 ms]
      [Redirty Cards: 0.1 ms]
      [Humongous Register: 0.0 ms]
      [Humongous Reclaim: 0.0 ms]
      [Free CSet: 0.0 ms]
   [Eden: 44.0M(44.0M)->0.0B(46.0M) Survivors: 7168.0K->7168.0K Heap: 75.6M(1024.0M)->38.7M(1024.0M)]
 [Times: user=0.02 sys=0.02, real=0.01 secs] 
2021-08-14T11:06:09.984-0800: 0.178: [GC pause (G1 Evacuation Pause) (young), 0.0066171 secs]
   [Parallel Time: 5.9 ms, GC Workers: 10]
      [GC Worker Start (ms): Min: 177.7, Avg: 177.8, Max: 177.9, Diff: 0.2]
      [Ext Root Scanning (ms): Min: 0.0, Avg: 0.1, Max: 0.2, Diff: 0.2, Sum: 0.9]
      [Update RS (ms): Min: 0.5, Avg: 0.5, Max: 0.6, Diff: 0.1, Sum: 5.4]
         [Processed Buffers: Min: 4, Avg: 6.2, Max: 7, Diff: 3, Sum: 62]
      [Scan RS (ms): Min: 0.0, Avg: 0.0, Max: 0.0, Diff: 0.0, Sum: 0.0]
      [Code Root Scanning (ms): Min: 0.0, Avg: 0.0, Max: 0.0, Diff: 0.0, Sum: 0.0]
      [Object Copy (ms): Min: 4.5, Avg: 4.7, Max: 4.9, Diff: 0.4, Sum: 47.2]
      [Termination (ms): Min: 0.0, Avg: 0.2, Max: 0.4, Diff: 0.4, Sum: 2.1]
         [Termination Attempts: Min: 1, Avg: 1.0, Max: 1, Diff: 0, Sum: 10]
      [GC Worker Other (ms): Min: 0.0, Avg: 0.0, Max: 0.0, Diff: 0.0, Sum: 0.1]
      [GC Worker Total (ms): Min: 5.5, Avg: 5.6, Max: 5.7, Diff: 0.2, Sum: 55.7]
      [GC Worker End (ms): Min: 183.4, Avg: 183.4, Max: 183.6, Diff: 0.2]
   [Code Root Fixup: 0.0 ms]
   [Code Root Purge: 0.0 ms]
   [Clear CT: 0.2 ms]
   [Other: 0.6 ms]
      [Choose CSet: 0.0 ms]
      [Ref Proc: 0.3 ms]
      [Ref Enq: 0.0 ms]
      [Redirty Cards: 0.1 ms]
      [Humongous Register: 0.0 ms]
      [Humongous Reclaim: 0.0 ms]
      [Free CSet: 0.0 ms]
   [Eden: 46.0M(46.0M)->0.0B(65.0M) Survivors: 7168.0K->7168.0K Heap: 101.1M(1024.0M)->59.7M(1024.0M)]
 [Times: user=0.02 sys=0.03, real=0.01 secs] 
2021-08-14T11:06:10.010-0800: 0.204: [GC pause (G1 Evacuation Pause) (young), 0.0069716 secs]
   [Parallel Time: 6.5 ms, GC Workers: 10]
      [GC Worker Start (ms): Min: 203.6, Avg: 203.7, Max: 203.8, Diff: 0.1]
      [Ext Root Scanning (ms): Min: 0.0, Avg: 0.1, Max: 0.2, Diff: 0.1, Sum: 0.7]
      [Update RS (ms): Min: 0.3, Avg: 0.4, Max: 0.5, Diff: 0.1, Sum: 4.2]
         [Processed Buffers: Min: 6, Avg: 6.8, Max: 8, Diff: 2, Sum: 68]
      [Scan RS (ms): Min: 0.0, Avg: 0.0, Max: 0.0, Diff: 0.0, Sum: 0.0]
      [Code Root Scanning (ms): Min: 0.0, Avg: 0.0, Max: 0.0, Diff: 0.0, Sum: 0.0]
      [Object Copy (ms): Min: 5.4, Avg: 5.6, Max: 5.7, Diff: 0.3, Sum: 55.7]
      [Termination (ms): Min: 0.0, Avg: 0.2, Max: 0.3, Diff: 0.3, Sum: 1.9]
         [Termination Attempts: Min: 1, Avg: 1.0, Max: 1, Diff: 0, Sum: 10]
      [GC Worker Other (ms): Min: 0.0, Avg: 0.0, Max: 0.0, Diff: 0.0, Sum: 0.1]
      [GC Worker Total (ms): Min: 6.2, Avg: 6.3, Max: 6.4, Diff: 0.3, Sum: 62.7]
      [GC Worker End (ms): Min: 209.9, Avg: 210.0, Max: 210.1, Diff: 0.2]
   [Code Root Fixup: 0.0 ms]
   [Code Root Purge: 0.0 ms]
   [Clear CT: 0.1 ms]
   [Other: 0.4 ms]
      [Choose CSet: 0.0 ms]
      [Ref Proc: 0.1 ms]
      [Ref Enq: 0.0 ms]
      [Redirty Cards: 0.1 ms]
      [Humongous Register: 0.0 ms]
      [Humongous Reclaim: 0.0 ms]
      [Free CSet: 0.0 ms]
   [Eden: 65.0M(65.0M)->0.0B(83.0M) Survivors: 7168.0K->9216.0K Heap: 140.5M(1024.0M)->85.4M(1024.0M)]
 [Times: user=0.01 sys=0.04, real=0.00 secs] 
2021-08-14T11:06:10.037-0800: 0.231: [GC pause (G1 Evacuation Pause) (young), 0.0099614 secs]
   [Parallel Time: 9.2 ms, GC Workers: 10]
      [GC Worker Start (ms): Min: 230.7, Avg: 230.8, Max: 230.8, Diff: 0.1]
      [Ext Root Scanning (ms): Min: 0.0, Avg: 0.1, Max: 0.2, Diff: 0.1, Sum: 0.7]
      [Update RS (ms): Min: 0.1, Avg: 0.2, Max: 0.2, Diff: 0.0, Sum: 1.5]
         [Processed Buffers: Min: 2, Avg: 2.4, Max: 3, Diff: 1, Sum: 24]
      [Scan RS (ms): Min: 0.0, Avg: 0.0, Max: 0.0, Diff: 0.0, Sum: 0.1]
      [Code Root Scanning (ms): Min: 0.0, Avg: 0.0, Max: 0.0, Diff: 0.0, Sum: 0.0]
      [Object Copy (ms): Min: 8.2, Avg: 8.5, Max: 8.7, Diff: 0.5, Sum: 84.9]
      [Termination (ms): Min: 0.0, Avg: 0.2, Max: 0.5, Diff: 0.5, Sum: 2.3]
         [Termination Attempts: Min: 1, Avg: 1.0, Max: 1, Diff: 0, Sum: 10]
      [GC Worker Other (ms): Min: 0.0, Avg: 0.0, Max: 0.0, Diff: 0.0, Sum: 0.1]
      [GC Worker Total (ms): Min: 8.9, Avg: 9.0, Max: 9.1, Diff: 0.2, Sum: 89.6]
      [GC Worker End (ms): Min: 239.7, Avg: 239.7, Max: 239.8, Diff: 0.1]
   [Code Root Fixup: 0.0 ms]
   [Code Root Purge: 0.0 ms]
   [Clear CT: 0.1 ms]
   [Other: 0.7 ms]
      [Choose CSet: 0.0 ms]
      [Ref Proc: 0.4 ms]
      [Ref Enq: 0.0 ms]
      [Redirty Cards: 0.1 ms]
      [Humongous Register: 0.0 ms]
      [Humongous Reclaim: 0.1 ms]
      [Free CSet: 0.0 ms]
   [Eden: 83.0M(83.0M)->0.0B(602.0M) Survivors: 9216.0K->12.0M Heap: 193.7M(1024.0M)->122.7M(1024.0M)]
 [Times: user=0.01 sys=0.06, real=0.01 secs] 
2021-08-14T11:06:10.314-0800: 0.507: [GC pause (G1 Evacuation Pause) (young) (to-space exhausted), 0.0180350 secs]
   [Parallel Time: 14.1 ms, GC Workers: 10]
      [GC Worker Start (ms): Min: 507.1, Avg: 507.1, Max: 507.2, Diff: 0.1]
      [Ext Root Scanning (ms): Min: 0.0, Avg: 0.1, Max: 0.2, Diff: 0.2, Sum: 1.0]
      [Update RS (ms): Min: 0.1, Avg: 0.2, Max: 0.3, Diff: 0.2, Sum: 2.0]
         [Processed Buffers: Min: 0, Avg: 2.0, Max: 3, Diff: 3, Sum: 20]
      [Scan RS (ms): Min: 0.0, Avg: 0.1, Max: 0.1, Diff: 0.1, Sum: 0.6]
      [Code Root Scanning (ms): Min: 0.0, Avg: 0.0, Max: 0.0, Diff: 0.0, Sum: 0.1]
      [Object Copy (ms): Min: 13.4, Avg: 13.5, Max: 13.7, Diff: 0.2, Sum: 135.2]
      [Termination (ms): Min: 0.0, Avg: 0.1, Max: 0.1, Diff: 0.1, Sum: 0.6]
         [Termination Attempts: Min: 1, Avg: 1.6, Max: 2, Diff: 1, Sum: 16]
      [GC Worker Other (ms): Min: 0.0, Avg: 0.0, Max: 0.0, Diff: 0.0, Sum: 0.2]
      [GC Worker Total (ms): Min: 13.9, Avg: 14.0, Max: 14.1, Diff: 0.2, Sum: 139.8]
      [GC Worker End (ms): Min: 521.1, Avg: 521.1, Max: 521.1, Diff: 0.1]
   [Code Root Fixup: 0.0 ms]
   [Code Root Purge: 0.0 ms]
   [Clear CT: 0.2 ms]
   [Other: 3.8 ms]
      [Evacuation Failure: 2.6 ms]
      [Choose CSet: 0.0 ms]
      [Ref Proc: 0.2 ms]
      [Ref Enq: 0.0 ms]
      [Redirty Cards: 0.1 ms]
      [Humongous Register: 0.1 ms]
      [Humongous Reclaim: 0.4 ms]
      [Free CSet: 0.1 ms]
   [Eden: 602.0M(602.0M)->0.0B(218.0M) Survivors: 12.0M->36.0M Heap: 880.6M(1024.0M)->616.8M(1024.0M)]
 [Times: user=0.03 sys=0.11, real=0.02 secs] 
2021-08-14T11:06:10.333-0800: 0.526: [GC pause (G1 Humongous Allocation) (young) (initial-mark), 0.0045687 secs]
   [Parallel Time: 3.9 ms, GC Workers: 10]
      [GC Worker Start (ms): Min: 526.1, Avg: 526.2, Max: 526.2, Diff: 0.1]
      [Ext Root Scanning (ms): Min: 0.0, Avg: 0.1, Max: 0.2, Diff: 0.1, Sum: 1.0]
      [Update RS (ms): Min: 0.0, Avg: 0.1, Max: 0.2, Diff: 0.2, Sum: 0.7]
         [Processed Buffers: Min: 0, Avg: 1.5, Max: 3, Diff: 3, Sum: 15]
      [Scan RS (ms): Min: 0.0, Avg: 0.0, Max: 0.0, Diff: 0.0, Sum: 0.0]
      [Code Root Scanning (ms): Min: 0.0, Avg: 0.0, Max: 0.0, Diff: 0.0, Sum: 0.0]
      [Object Copy (ms): Min: 3.3, Avg: 3.5, Max: 3.5, Diff: 0.2, Sum: 34.7]
      [Termination (ms): Min: 0.0, Avg: 0.1, Max: 0.1, Diff: 0.1, Sum: 0.6]
         [Termination Attempts: Min: 1, Avg: 1.0, Max: 1, Diff: 0, Sum: 10]
      [GC Worker Other (ms): Min: 0.0, Avg: 0.0, Max: 0.0, Diff: 0.0, Sum: 0.1]
      [GC Worker Total (ms): Min: 3.6, Avg: 3.7, Max: 3.8, Diff: 0.1, Sum: 37.1]
      [GC Worker End (ms): Min: 529.9, Avg: 529.9, Max: 529.9, Diff: 0.0]
   [Code Root Fixup: 0.0 ms]
   [Code Root Purge: 0.0 ms]
   [Clear CT: 0.1 ms]
   [Other: 0.6 ms]
      [Choose CSet: 0.0 ms]
      [Ref Proc: 0.2 ms]
      [Ref Enq: 0.0 ms]
      [Redirty Cards: 0.1 ms]
      [Humongous Register: 0.1 ms]
      [Humongous Reclaim: 0.1 ms]
      [Free CSet: 0.1 ms]
   [Eden: 7168.0K(218.0M)->0.0B(212.0M) Survivors: 36.0M->3072.0K Heap: 623.7M(1024.0M)->617.6M(1024.0M)]
 [Times: user=0.01 sys=0.02, real=0.00 secs] 
2021-08-14T11:06:10.337-0800: 0.531: [GC concurrent-root-region-scan-start]
2021-08-14T11:06:10.338-0800: 0.531: [GC concurrent-root-region-scan-end, 0.0001142 secs]
2021-08-14T11:06:10.338-0800: 0.531: [GC concurrent-mark-start]
2021-08-14T11:06:10.341-0800: 0.534: [GC concurrent-mark-end, 0.0032968 secs]
2021-08-14T11:06:10.341-0800: 0.534: [GC remark 2021-08-14T11:06:10.341-0800: 0.534: [Finalize Marking, 0.0002196 secs] 2021-08-14T11:06:10.341-0800: 0.535: [GC ref-proc, 0.0000541 secs] 2021-08-14T11:06:10.341-0800: 0.535: [Unloading, 0.0004399 secs], 0.0013183 secs]
 [Times: user=0.01 sys=0.00, real=0.00 secs] 
2021-08-14T11:06:10.342-0800: 0.536: [GC cleanup 639M->634M(1024M), 0.0008748 secs]
 [Times: user=0.00 sys=0.00, real=0.00 secs] 
2021-08-14T11:06:10.343-0800: 0.537: [GC concurrent-cleanup-start]
2021-08-14T11:06:10.343-0800: 0.537: [GC concurrent-cleanup-end, 0.0000120 secs]
2021-08-14T11:06:10.385-0800: 0.579: [GC pause (G1 Evacuation Pause) (young), 0.0074187 secs]
   [Parallel Time: 6.5 ms, GC Workers: 10]
      [GC Worker Start (ms): Min: 578.8, Avg: 578.9, Max: 579.0, Diff: 0.2]
      [Ext Root Scanning (ms): Min: 0.0, Avg: 0.1, Max: 0.2, Diff: 0.2, Sum: 0.9]
      [Update RS (ms): Min: 0.1, Avg: 0.2, Max: 0.9, Diff: 0.8, Sum: 2.3]
         [Processed Buffers: Min: 0, Avg: 1.7, Max: 2, Diff: 2, Sum: 17]
      [Scan RS (ms): Min: 0.0, Avg: 0.0, Max: 0.1, Diff: 0.1, Sum: 0.2]
      [Code Root Scanning (ms): Min: 0.0, Avg: 0.0, Max: 0.0, Diff: 0.0, Sum: 0.0]
      [Object Copy (ms): Min: 4.9, Avg: 5.7, Max: 5.8, Diff: 0.9, Sum: 56.6]
      [Termination (ms): Min: 0.0, Avg: 0.1, Max: 0.4, Diff: 0.4, Sum: 1.2]
         [Termination Attempts: Min: 1, Avg: 1.0, Max: 1, Diff: 0, Sum: 10]
      [GC Worker Other (ms): Min: 0.0, Avg: 0.0, Max: 0.0, Diff: 0.0, Sum: 0.1]
      [GC Worker Total (ms): Min: 6.0, Avg: 6.1, Max: 6.2, Diff: 0.2, Sum: 61.3]
      [GC Worker End (ms): Min: 585.0, Avg: 585.1, Max: 585.2, Diff: 0.2]
   [Code Root Fixup: 0.0 ms]
   [Code Root Purge: 0.0 ms]
   [Clear CT: 0.2 ms]
   [Other: 0.8 ms]
      [Choose CSet: 0.0 ms]
      [Ref Proc: 0.3 ms]
      [Ref Enq: 0.0 ms]
      [Redirty Cards: 0.1 ms]
      [Humongous Register: 0.1 ms]
      [Humongous Reclaim: 0.1 ms]
      [Free CSet: 0.1 ms]
   [Eden: 212.0M(212.0M)->0.0B(24.0M) Survivors: 3072.0K->27.0M Heap: 877.6M(1024.0M)->686.6M(1024.0M)]
 [Times: user=0.03 sys=0.03, real=0.01 secs] 
2021-08-14T11:06:10.398-0800: 0.591: [GC pause (G1 Evacuation Pause) (mixed), 0.0043859 secs]
   [Parallel Time: 3.5 ms, GC Workers: 10]
      [GC Worker Start (ms): Min: 591.4, Avg: 591.5, Max: 591.5, Diff: 0.1]
      [Ext Root Scanning (ms): Min: 0.1, Avg: 0.1, Max: 0.2, Diff: 0.1, Sum: 1.0]
      [Update RS (ms): Min: 0.2, Avg: 0.2, Max: 0.4, Diff: 0.2, Sum: 2.3]
         [Processed Buffers: Min: 0, Avg: 2.3, Max: 3, Diff: 3, Sum: 23]
      [Scan RS (ms): Min: 0.0, Avg: 0.0, Max: 0.0, Diff: 0.0, Sum: 0.2]
      [Code Root Scanning (ms): Min: 0.0, Avg: 0.0, Max: 0.0, Diff: 0.0, Sum: 0.0]
      [Object Copy (ms): Min: 2.7, Avg: 2.9, Max: 3.0, Diff: 0.3, Sum: 28.8]
      [Termination (ms): Min: 0.0, Avg: 0.1, Max: 0.2, Diff: 0.2, Sum: 1.3]
         [Termination Attempts: Min: 1, Avg: 1.5, Max: 3, Diff: 2, Sum: 15]
      [GC Worker Other (ms): Min: 0.0, Avg: 0.0, Max: 0.0, Diff: 0.0, Sum: 0.1]
      [GC Worker Total (ms): Min: 3.3, Avg: 3.4, Max: 3.5, Diff: 0.2, Sum: 33.7]
      [GC Worker End (ms): Min: 594.8, Avg: 594.9, Max: 594.9, Diff: 0.1]
   [Code Root Fixup: 0.0 ms]
   [Code Root Purge: 0.0 ms]
   [Clear CT: 0.2 ms]
   [Other: 0.7 ms]
      [Choose CSet: 0.0 ms]
      [Ref Proc: 0.3 ms]
      [Ref Enq: 0.0 ms]
      [Redirty Cards: 0.1 ms]
      [Humongous Register: 0.1 ms]
      [Humongous Reclaim: 0.0 ms]
      [Free CSet: 0.1 ms]
   [Eden: 24.0M(24.0M)->0.0B(44.0M) Survivors: 27.0M->7168.0K Heap: 720.6M(1024.0M)->596.5M(1024.0M)]
 [Times: user=0.01 sys=0.01, real=0.01 secs] 
2021-08-14T11:06:10.410-0800: 0.603: [GC pause (G1 Evacuation Pause) (mixed), 0.0043898 secs]
   [Parallel Time: 3.5 ms, GC Workers: 10]
      [GC Worker Start (ms): Min: 603.4, Avg: 603.5, Max: 603.6, Diff: 0.1]
      [Ext Root Scanning (ms): Min: 0.0, Avg: 0.1, Max: 0.2, Diff: 0.1, Sum: 0.9]
      [Update RS (ms): Min: 0.2, Avg: 0.3, Max: 0.3, Diff: 0.1, Sum: 2.8]
         [Processed Buffers: Min: 0, Avg: 2.9, Max: 4, Diff: 4, Sum: 29]
      [Scan RS (ms): Min: 0.0, Avg: 0.0, Max: 0.1, Diff: 0.1, Sum: 0.3]
      [Code Root Scanning (ms): Min: 0.0, Avg: 0.0, Max: 0.0, Diff: 0.0, Sum: 0.0]
      [Object Copy (ms): Min: 2.7, Avg: 2.7, Max: 2.8, Diff: 0.2, Sum: 27.3]
      [Termination (ms): Min: 0.0, Avg: 0.2, Max: 0.2, Diff: 0.2, Sum: 1.8]
         [Termination Attempts: Min: 1, Avg: 1.0, Max: 1, Diff: 0, Sum: 10]
      [GC Worker Other (ms): Min: 0.0, Avg: 0.0, Max: 0.0, Diff: 0.0, Sum: 0.1]
      [GC Worker Total (ms): Min: 3.2, Avg: 3.3, Max: 3.4, Diff: 0.2, Sum: 33.1]
      [GC Worker End (ms): Min: 606.8, Avg: 606.8, Max: 606.9, Diff: 0.1]
   [Code Root Fixup: 0.0 ms]
   [Code Root Purge: 0.0 ms]
   [Clear CT: 0.2 ms]
   [Other: 0.7 ms]
      [Choose CSet: 0.0 ms]
      [Ref Proc: 0.3 ms]
      [Ref Enq: 0.0 ms]
      [Redirty Cards: 0.1 ms]
      [Humongous Register: 0.1 ms]
      [Humongous Reclaim: 0.0 ms]
      [Free CSet: 0.1 ms]
   [Eden: 44.0M(44.0M)->0.0B(44.0M) Survivors: 7168.0K->7168.0K Heap: 649.5M(1024.0M)->517.1M(1024.0M)]
 [Times: user=0.02 sys=0.01, real=0.00 secs] 
2021-08-14T11:06:10.423-0800: 0.617: [GC pause (G1 Evacuation Pause) (mixed), 0.0042482 secs]
   [Parallel Time: 3.3 ms, GC Workers: 10]
      [GC Worker Start (ms): Min: 616.9, Avg: 617.0, Max: 617.0, Diff: 0.1]
      [Ext Root Scanning (ms): Min: 0.1, Avg: 0.1, Max: 0.2, Diff: 0.1, Sum: 1.2]
      [Update RS (ms): Min: 0.2, Avg: 0.3, Max: 0.3, Diff: 0.1, Sum: 2.8]
         [Processed Buffers: Min: 0, Avg: 2.9, Max: 4, Diff: 4, Sum: 29]
      [Scan RS (ms): Min: 0.0, Avg: 0.0, Max: 0.1, Diff: 0.1, Sum: 0.3]
      [Code Root Scanning (ms): Min: 0.0, Avg: 0.0, Max: 0.0, Diff: 0.0, Sum: 0.0]
      [Object Copy (ms): Min: 2.7, Avg: 2.7, Max: 2.7, Diff: 0.1, Sum: 27.0]
      [Termination (ms): Min: 0.0, Avg: 0.1, Max: 0.1, Diff: 0.1, Sum: 0.6]
         [Termination Attempts: Min: 1, Avg: 1.0, Max: 1, Diff: 0, Sum: 10]
      [GC Worker Other (ms): Min: 0.0, Avg: 0.0, Max: 0.0, Diff: 0.0, Sum: 0.1]
      [GC Worker Total (ms): Min: 3.2, Avg: 3.2, Max: 3.3, Diff: 0.1, Sum: 32.0]
      [GC Worker End (ms): Min: 620.2, Avg: 620.2, Max: 620.2, Diff: 0.1]
   [Code Root Fixup: 0.0 ms]
   [Code Root Purge: 0.0 ms]
   [Clear CT: 0.2 ms]
   [Other: 0.7 ms]
      [Choose CSet: 0.0 ms]
      [Ref Proc: 0.2 ms]
      [Ref Enq: 0.0 ms]
      [Redirty Cards: 0.2 ms]
      [Humongous Register: 0.1 ms]
      [Humongous Reclaim: 0.0 ms]
      [Free CSet: 0.1 ms]
   [Eden: 44.0M(44.0M)->0.0B(44.0M) Survivors: 7168.0K->7168.0K Heap: 572.3M(1024.0M)->448.0M(1024.0M)]
 [Times: user=0.02 sys=0.00, real=0.00 secs] 
2021-08-14T11:06:10.435-0800: 0.628: [GC pause (G1 Evacuation Pause) (mixed), 0.0044558 secs]
   [Parallel Time: 3.6 ms, GC Workers: 10]
      [GC Worker Start (ms): Min: 628.6, Avg: 628.6, Max: 628.7, Diff: 0.1]
      [Ext Root Scanning (ms): Min: 0.1, Avg: 0.1, Max: 0.2, Diff: 0.1, Sum: 1.3]
      [Update RS (ms): Min: 0.2, Avg: 0.2, Max: 0.3, Diff: 0.1, Sum: 2.5]
         [Processed Buffers: Min: 0, Avg: 2.5, Max: 3, Diff: 3, Sum: 25]
      [Scan RS (ms): Min: 0.0, Avg: 0.0, Max: 0.1, Diff: 0.1, Sum: 0.3]
      [Code Root Scanning (ms): Min: 0.0, Avg: 0.0, Max: 0.0, Diff: 0.0, Sum: 0.0]
      [Object Copy (ms): Min: 3.0, Avg: 3.1, Max: 3.1, Diff: 0.1, Sum: 30.6]
      [Termination (ms): Min: 0.0, Avg: 0.1, Max: 0.1, Diff: 0.1, Sum: 0.5]
         [Termination Attempts: Min: 1, Avg: 1.0, Max: 1, Diff: 0, Sum: 10]
      [GC Worker Other (ms): Min: 0.0, Avg: 0.0, Max: 0.0, Diff: 0.0, Sum: 0.1]
      [GC Worker Total (ms): Min: 3.5, Avg: 3.5, Max: 3.6, Diff: 0.1, Sum: 35.2]
      [GC Worker End (ms): Min: 632.1, Avg: 632.2, Max: 632.2, Diff: 0.1]
   [Code Root Fixup: 0.0 ms]
   [Code Root Purge: 0.0 ms]
   [Clear CT: 0.1 ms]
   [Other: 0.7 ms]
      [Choose CSet: 0.0 ms]
      [Ref Proc: 0.3 ms]
      [Ref Enq: 0.0 ms]
      [Redirty Cards: 0.1 ms]
      [Humongous Register: 0.1 ms]
      [Humongous Reclaim: 0.0 ms]
      [Free CSet: 0.1 ms]
   [Eden: 44.0M(44.0M)->0.0B(371.0M) Survivors: 7168.0K->7168.0K Heap: 500.9M(1024.0M)->405.7M(1024.0M)]
 [Times: user=0.04 sys=0.00, real=0.01 secs] 
2021-08-14T11:06:10.445-0800: 0.638: [GC pause (G1 Humongous Allocation) (young) (initial-mark), 0.0022742 secs]
   [Parallel Time: 1.6 ms, GC Workers: 10]
      [GC Worker Start (ms): Min: 638.6, Avg: 638.6, Max: 638.7, Diff: 0.1]
      [Ext Root Scanning (ms): Min: 0.1, Avg: 0.1, Max: 0.2, Diff: 0.1, Sum: 1.3]
      [Update RS (ms): Min: 0.2, Avg: 0.2, Max: 0.3, Diff: 0.1, Sum: 2.3]
         [Processed Buffers: Min: 0, Avg: 2.2, Max: 3, Diff: 3, Sum: 22]
      [Scan RS (ms): Min: 0.0, Avg: 0.0, Max: 0.0, Diff: 0.0, Sum: 0.0]
      [Code Root Scanning (ms): Min: 0.0, Avg: 0.0, Max: 0.0, Diff: 0.0, Sum: 0.0]
      [Object Copy (ms): Min: 0.8, Avg: 1.0, Max: 1.0, Diff: 0.2, Sum: 9.6]
      [Termination (ms): Min: 0.0, Avg: 0.1, Max: 0.2, Diff: 0.2, Sum: 0.8]
         [Termination Attempts: Min: 1, Avg: 1.0, Max: 1, Diff: 0, Sum: 10]
      [GC Worker Other (ms): Min: 0.0, Avg: 0.0, Max: 0.0, Diff: 0.0, Sum: 0.1]
      [GC Worker Total (ms): Min: 1.3, Avg: 1.4, Max: 1.5, Diff: 0.2, Sum: 14.1]
      [GC Worker End (ms): Min: 640.0, Avg: 640.0, Max: 640.1, Diff: 0.1]
   [Code Root Fixup: 0.0 ms]
   [Code Root Purge: 0.0 ms]
   [Clear CT: 0.1 ms]
   [Other: 0.6 ms]
      [Choose CSet: 0.0 ms]
      [Ref Proc: 0.2 ms]
      [Ref Enq: 0.0 ms]
      [Redirty Cards: 0.1 ms]
      [Humongous Register: 0.1 ms]
      [Humongous Reclaim: 0.0 ms]
      [Free CSet: 0.0 ms]
   [Eden: 31.0M(371.0M)->0.0B(378.0M) Survivors: 7168.0K->15.0M Heap: 441.2M(1024.0M)->412.7M(1024.0M)]
 [Times: user=0.02 sys=0.00, real=0.00 secs] 
2021-08-14T11:06:10.448-0800: 0.641: [GC concurrent-root-region-scan-start]
2021-08-14T11:06:10.448-0800: 0.641: [GC concurrent-root-region-scan-end, 0.0001057 secs]
2021-08-14T11:06:10.448-0800: 0.641: [GC concurrent-mark-start]
2021-08-14T11:06:10.449-0800: 0.642: [GC concurrent-mark-end, 0.0010097 secs]
2021-08-14T11:06:10.449-0800: 0.642: [GC remark 2021-08-14T11:06:10.449-0800: 0.642: [Finalize Marking, 0.0001948 secs] 2021-08-14T11:06:10.449-0800: 0.642: [GC ref-proc, 0.0000552 secs] 2021-08-14T11:06:10.449-0800: 0.642: [Unloading, 0.0003941 secs], 0.0012440 secs]
 [Times: user=0.01 sys=0.00, real=0.01 secs] 
2021-08-14T11:06:10.450-0800: 0.643: [GC cleanup 420M->408M(1024M), 0.0006482 secs]
 [Times: user=0.00 sys=0.00, real=0.00 secs] 
2021-08-14T11:06:10.451-0800: 0.644: [GC concurrent-cleanup-start]
2021-08-14T11:06:10.451-0800: 0.644: [GC concurrent-cleanup-end, 0.0000154 secs]
2021-08-14T11:06:10.525-0800: 0.719: [GC pause (G1 Evacuation Pause) (young) (to-space exhausted), 0.0033201 secs]
   [Parallel Time: 2.2 ms, GC Workers: 10]
      [GC Worker Start (ms): Min: 718.7, Avg: 718.8, Max: 718.8, Diff: 0.1]
      [Ext Root Scanning (ms): Min: 0.0, Avg: 0.1, Max: 0.2, Diff: 0.1, Sum: 0.7]
      [Update RS (ms): Min: 0.1, Avg: 0.2, Max: 0.7, Diff: 0.5, Sum: 2.3]
         [Processed Buffers: Min: 0, Avg: 2.6, Max: 3, Diff: 3, Sum: 26]
      [Scan RS (ms): Min: 0.0, Avg: 0.0, Max: 0.0, Diff: 0.0, Sum: 0.3]
      [Code Root Scanning (ms): Min: 0.0, Avg: 0.0, Max: 0.0, Diff: 0.0, Sum: 0.0]
      [Object Copy (ms): Min: 1.3, Avg: 1.7, Max: 1.8, Diff: 0.5, Sum: 16.9]
      [Termination (ms): Min: 0.0, Avg: 0.0, Max: 0.1, Diff: 0.1, Sum: 0.4]
         [Termination Attempts: Min: 1, Avg: 1.1, Max: 2, Diff: 1, Sum: 11]
      [GC Worker Other (ms): Min: 0.0, Avg: 0.0, Max: 0.0, Diff: 0.0, Sum: 0.1]
      [GC Worker Total (ms): Min: 2.0, Avg: 2.1, Max: 2.2, Diff: 0.2, Sum: 20.8]
      [GC Worker End (ms): Min: 720.8, Avg: 720.9, Max: 720.9, Diff: 0.0]
   [Code Root Fixup: 0.0 ms]
   [Code Root Purge: 0.0 ms]
   [Clear CT: 0.1 ms]
   [Other: 1.0 ms]
      [Evacuation Failure: 0.4 ms]
      [Choose CSet: 0.0 ms]
      [Ref Proc: 0.1 ms]
      [Ref Enq: 0.0 ms]
      [Redirty Cards: 0.1 ms]
      [Humongous Register: 0.1 ms]
      [Humongous Reclaim: 0.1 ms]
      [Free CSet: 0.1 ms]
   [Eden: 378.0M(378.0M)->0.0B(31.0M) Survivors: 15.0M->20.0M Heap: 887.5M(1024.0M)->727.0M(1024.0M)]
 [Times: user=0.03 sys=0.00, real=0.00 secs] 
2021-08-14T11:06:10.533-0800: 0.726: [GC pause (G1 Evacuation Pause) (mixed), 0.0047502 secs]
   [Parallel Time: 4.0 ms, GC Workers: 10]
      [GC Worker Start (ms): Min: 726.5, Avg: 726.6, Max: 726.6, Diff: 0.2]
      [Ext Root Scanning (ms): Min: 0.0, Avg: 0.1, Max: 0.2, Diff: 0.2, Sum: 0.7]
      [Update RS (ms): Min: 0.3, Avg: 0.3, Max: 0.3, Diff: 0.0, Sum: 3.2]
         [Processed Buffers: Min: 1, Avg: 4.1, Max: 6, Diff: 5, Sum: 41]
      [Scan RS (ms): Min: 0.0, Avg: 0.0, Max: 0.0, Diff: 0.0, Sum: 0.2]
      [Code Root Scanning (ms): Min: 0.0, Avg: 0.0, Max: 0.0, Diff: 0.0, Sum: 0.0]
      [Object Copy (ms): Min: 3.2, Avg: 3.3, Max: 3.3, Diff: 0.1, Sum: 32.7]
      [Termination (ms): Min: 0.0, Avg: 0.1, Max: 0.2, Diff: 0.2, Sum: 0.9]
         [Termination Attempts: Min: 1, Avg: 1.0, Max: 1, Diff: 0, Sum: 10]
      [GC Worker Other (ms): Min: 0.0, Avg: 0.0, Max: 0.0, Diff: 0.0, Sum: 0.1]
      [GC Worker Total (ms): Min: 3.7, Avg: 3.8, Max: 3.9, Diff: 0.2, Sum: 37.9]
      [GC Worker End (ms): Min: 730.3, Avg: 730.4, Max: 730.5, Diff: 0.1]
   [Code Root Fixup: 0.0 ms]
   [Code Root Purge: 0.0 ms]
   [Clear CT: 0.2 ms]
   [Other: 0.6 ms]
      [Choose CSet: 0.0 ms]
      [Ref Proc: 0.2 ms]
      [Ref Enq: 0.0 ms]
      [Redirty Cards: 0.1 ms]
      [Humongous Register: 0.1 ms]
      [Humongous Reclaim: 0.0 ms]
      [Free CSet: 0.1 ms]
   [Eden: 31.0M(31.0M)->0.0B(161.0M) Survivors: 20.0M->7168.0K Heap: 767.1M(1024.0M)->667.5M(1024.0M)]
 [Times: user=0.03 sys=0.02, real=0.00 secs] 
2021-08-14T11:06:10.538-0800: 0.732: [GC pause (G1 Humongous Allocation) (young) (initial-mark), 0.0014978 secs]
   [Parallel Time: 0.9 ms, GC Workers: 10]
      [GC Worker Start (ms): Min: 731.8, Avg: 731.9, Max: 732.0, Diff: 0.1]
      [Ext Root Scanning (ms): Min: 0.0, Avg: 0.1, Max: 0.2, Diff: 0.1, Sum: 1.0]
      [Update RS (ms): Min: 0.0, Avg: 0.1, Max: 0.3, Diff: 0.3, Sum: 0.8]
         [Processed Buffers: Min: 1, Avg: 1.1, Max: 2, Diff: 1, Sum: 11]
      [Scan RS (ms): Min: 0.0, Avg: 0.0, Max: 0.0, Diff: 0.0, Sum: 0.0]
      [Code Root Scanning (ms): Min: 0.0, Avg: 0.0, Max: 0.0, Diff: 0.0, Sum: 0.0]
      [Object Copy (ms): Min: 0.2, Avg: 0.4, Max: 0.5, Diff: 0.3, Sum: 4.4]
      [Termination (ms): Min: 0.0, Avg: 0.1, Max: 0.1, Diff: 0.1, Sum: 0.7]
         [Termination Attempts: Min: 1, Avg: 1.1, Max: 2, Diff: 1, Sum: 11]
      [GC Worker Other (ms): Min: 0.0, Avg: 0.0, Max: 0.0, Diff: 0.0, Sum: 0.1]
      [GC Worker Total (ms): Min: 0.6, Avg: 0.7, Max: 0.8, Diff: 0.2, Sum: 7.0]
      [GC Worker End (ms): Min: 732.6, Avg: 732.6, Max: 732.6, Diff: 0.1]
   [Code Root Fixup: 0.0 ms]
   [Code Root Purge: 0.0 ms]
   [Clear CT: 0.1 ms]
   [Other: 0.5 ms]
      [Choose CSet: 0.0 ms]
      [Ref Proc: 0.2 ms]
      [Ref Enq: 0.0 ms]
      [Redirty Cards: 0.1 ms]
      [Humongous Register: 0.1 ms]
      [Humongous Reclaim: 0.0 ms]
      [Free CSet: 0.0 ms]
   [Eden: 3072.0K(161.0M)->0.0B(149.0M) Survivors: 7168.0K->8192.0K Heap: 669.8M(1024.0M)->667.7M(1024.0M)]
 [Times: user=0.01 sys=0.00, real=0.01 secs] 
2021-08-14T11:06:10.540-0800: 0.733: [GC concurrent-root-region-scan-start]
2021-08-14T11:06:10.540-0800: 0.733: [GC concurrent-root-region-scan-end, 0.0001008 secs]
2021-08-14T11:06:10.540-0800: 0.733: [GC concurrent-mark-start]
2021-08-14T11:06:10.541-0800: 0.735: [GC concurrent-mark-end, 0.0010911 secs]
2021-08-14T11:06:10.541-0800: 0.735: [GC remark 2021-08-14T11:06:10.541-0800: 0.735: [Finalize Marking, 0.0002704 secs] 2021-08-14T11:06:10.542-0800: 0.735: [GC ref-proc, 0.0000513 secs] 2021-08-14T11:06:10.542-0800: 0.735: [Unloading, 0.0004242 secs], 0.0013534 secs]
 [Times: user=0.01 sys=0.00, real=0.00 secs] 
2021-08-14T11:06:10.543-0800: 0.736: [GC cleanup 675M->663M(1024M), 0.0007907 secs]
 [Times: user=0.00 sys=0.00, real=0.00 secs] 
2021-08-14T11:06:10.544-0800: 0.737: [GC concurrent-cleanup-start]
2021-08-14T11:06:10.544-0800: 0.737: [GC concurrent-cleanup-end, 0.0000143 secs]
2021-08-14T11:06:10.570-0800: 0.763: [GC pause (G1 Evacuation Pause) (young), 0.0052289 secs]
   [Parallel Time: 4.5 ms, GC Workers: 10]
      [GC Worker Start (ms): Min: 763.3, Avg: 763.4, Max: 763.4, Diff: 0.2]
      [Ext Root Scanning (ms): Min: 0.0, Avg: 0.1, Max: 0.2, Diff: 0.2, Sum: 1.0]
      [Update RS (ms): Min: 0.3, Avg: 0.3, Max: 0.5, Diff: 0.2, Sum: 3.3]
         [Processed Buffers: Min: 0, Avg: 3.3, Max: 4, Diff: 4, Sum: 33]
      [Scan RS (ms): Min: 0.0, Avg: 0.0, Max: 0.0, Diff: 0.0, Sum: 0.1]
      [Code Root Scanning (ms): Min: 0.0, Avg: 0.0, Max: 0.0, Diff: 0.0, Sum: 0.0]
      [Object Copy (ms): Min: 3.6, Avg: 3.8, Max: 3.9, Diff: 0.2, Sum: 38.2]
      [Termination (ms): Min: 0.0, Avg: 0.0, Max: 0.1, Diff: 0.1, Sum: 0.4]
         [Termination Attempts: Min: 1, Avg: 1.4, Max: 2, Diff: 1, Sum: 14]
      [GC Worker Other (ms): Min: 0.0, Avg: 0.0, Max: 0.0, Diff: 0.0, Sum: 0.1]
      [GC Worker Total (ms): Min: 4.2, Avg: 4.3, Max: 4.4, Diff: 0.2, Sum: 43.2]
      [GC Worker End (ms): Min: 767.7, Avg: 767.7, Max: 767.7, Diff: 0.0]
   [Code Root Fixup: 0.0 ms]
   [Code Root Purge: 0.0 ms]
   [Clear CT: 0.1 ms]
   [Other: 0.6 ms]
      [Choose CSet: 0.0 ms]
      [Ref Proc: 0.2 ms]
      [Ref Enq: 0.0 ms]
      [Redirty Cards: 0.1 ms]
      [Humongous Register: 0.1 ms]
      [Humongous Reclaim: 0.1 ms]
      [Free CSet: 0.1 ms]
   [Eden: 149.0M(149.0M)->0.0B(31.0M) Survivors: 8192.0K->20.0M Heap: 842.1M(1024.0M)->700.5M(1024.0M)]
 [Times: user=0.04 sys=0.01, real=0.00 secs] 
2021-08-14T11:06:10.581-0800: 0.774: [GC pause (G1 Evacuation Pause) (mixed), 0.0040794 secs]
   [Parallel Time: 3.3 ms, GC Workers: 10]
      [GC Worker Start (ms): Min: 774.2, Avg: 774.3, Max: 774.3, Diff: 0.2]
      [Ext Root Scanning (ms): Min: 0.0, Avg: 0.1, Max: 0.2, Diff: 0.2, Sum: 0.9]
      [Update RS (ms): Min: 0.4, Avg: 0.4, Max: 0.4, Diff: 0.1, Sum: 4.0]
         [Processed Buffers: Min: 1, Avg: 4.2, Max: 6, Diff: 5, Sum: 42]
      [Scan RS (ms): Min: 0.0, Avg: 0.0, Max: 0.0, Diff: 0.0, Sum: 0.3]
      [Code Root Scanning (ms): Min: 0.0, Avg: 0.0, Max: 0.0, Diff: 0.0, Sum: 0.0]
      [Object Copy (ms): Min: 2.3, Avg: 2.4, Max: 2.5, Diff: 0.2, Sum: 23.8]
      [Termination (ms): Min: 0.0, Avg: 0.1, Max: 0.2, Diff: 0.2, Sum: 1.4]
         [Termination Attempts: Min: 1, Avg: 1.0, Max: 1, Diff: 0, Sum: 10]
      [GC Worker Other (ms): Min: 0.0, Avg: 0.0, Max: 0.0, Diff: 0.0, Sum: 0.1]
      [GC Worker Total (ms): Min: 3.0, Avg: 3.1, Max: 3.2, Diff: 0.2, Sum: 30.6]
      [GC Worker End (ms): Min: 777.3, Avg: 777.3, Max: 777.4, Diff: 0.1]
   [Code Root Fixup: 0.0 ms]
   [Code Root Purge: 0.0 ms]
   [Clear CT: 0.1 ms]
   [Other: 0.7 ms]
      [Choose CSet: 0.0 ms]
      [Ref Proc: 0.2 ms]
      [Ref Enq: 0.0 ms]
      [Redirty Cards: 0.1 ms]
      [Humongous Register: 0.1 ms]
      [Humongous Reclaim: 0.0 ms]
      [Free CSet: 0.1 ms]
   [Eden: 31.0M(31.0M)->0.0B(44.0M) Survivors: 20.0M->7168.0K Heap: 739.5M(1024.0M)->615.1M(1024.0M)]
 [Times: user=0.02 sys=0.00, real=0.00 secs] 
2021-08-14T11:06:10.593-0800: 0.786: [GC pause (G1 Evacuation Pause) (mixed), 0.0041005 secs]
   [Parallel Time: 3.2 ms, GC Workers: 10]
      [GC Worker Start (ms): Min: 786.5, Avg: 786.6, Max: 786.6, Diff: 0.1]
      [Ext Root Scanning (ms): Min: 0.1, Avg: 0.1, Max: 0.2, Diff: 0.1, Sum: 1.0]
      [Update RS (ms): Min: 0.3, Avg: 0.3, Max: 0.3, Diff: 0.0, Sum: 3.0]
         [Processed Buffers: Min: 0, Avg: 3.2, Max: 4, Diff: 4, Sum: 32]
      [Scan RS (ms): Min: 0.0, Avg: 0.0, Max: 0.0, Diff: 0.0, Sum: 0.3]
      [Code Root Scanning (ms): Min: 0.0, Avg: 0.0, Max: 0.0, Diff: 0.0, Sum: 0.0]
      [Object Copy (ms): Min: 2.6, Avg: 2.6, Max: 2.6, Diff: 0.1, Sum: 25.9]
      [Termination (ms): Min: 0.0, Avg: 0.1, Max: 0.1, Diff: 0.1, Sum: 0.6]
         [Termination Attempts: Min: 1, Avg: 1.0, Max: 1, Diff: 0, Sum: 10]
      [GC Worker Other (ms): Min: 0.0, Avg: 0.0, Max: 0.0, Diff: 0.0, Sum: 0.1]
      [GC Worker Total (ms): Min: 3.0, Avg: 3.1, Max: 3.2, Diff: 0.2, Sum: 30.9]
      [GC Worker End (ms): Min: 789.7, Avg: 789.7, Max: 789.7, Diff: 0.0]
   [Code Root Fixup: 0.0 ms]
   [Code Root Purge: 0.0 ms]
   [Clear CT: 0.1 ms]
   [Other: 0.7 ms]
      [Choose CSet: 0.0 ms]
      [Ref Proc: 0.3 ms]
      [Ref Enq: 0.0 ms]
      [Redirty Cards: 0.1 ms]
      [Humongous Register: 0.1 ms]
      [Humongous Reclaim: 0.0 ms]
      [Free CSet: 0.1 ms]
   [Eden: 44.0M(44.0M)->0.0B(44.0M) Survivors: 7168.0K->7168.0K Heap: 673.5M(1024.0M)->544.0M(1024.0M)]
 [Times: user=0.03 sys=0.01, real=0.00 secs] 
2021-08-14T11:06:10.606-0800: 0.799: [GC pause (G1 Evacuation Pause) (mixed), 0.0050653 secs]
   [Parallel Time: 4.1 ms, GC Workers: 10]
      [GC Worker Start (ms): Min: 799.6, Avg: 799.7, Max: 799.7, Diff: 0.1]
      [Ext Root Scanning (ms): Min: 0.0, Avg: 0.1, Max: 0.2, Diff: 0.1, Sum: 1.0]
      [Update RS (ms): Min: 0.4, Avg: 0.4, Max: 0.4, Diff: 0.0, Sum: 3.9]
         [Processed Buffers: Min: 1, Avg: 4.1, Max: 6, Diff: 5, Sum: 41]
      [Scan RS (ms): Min: 0.0, Avg: 0.0, Max: 0.0, Diff: 0.0, Sum: 0.3]
      [Code Root Scanning (ms): Min: 0.0, Avg: 0.0, Max: 0.0, Diff: 0.0, Sum: 0.0]
      [Object Copy (ms): Min: 3.3, Avg: 3.4, Max: 3.4, Diff: 0.1, Sum: 33.7]
      [Termination (ms): Min: 0.0, Avg: 0.1, Max: 0.1, Diff: 0.1, Sum: 0.6]
         [Termination Attempts: Min: 1, Avg: 1.0, Max: 1, Diff: 0, Sum: 10]
      [GC Worker Other (ms): Min: 0.0, Avg: 0.0, Max: 0.0, Diff: 0.0, Sum: 0.1]
      [GC Worker Total (ms): Min: 3.9, Avg: 4.0, Max: 4.1, Diff: 0.2, Sum: 39.6]
      [GC Worker End (ms): Min: 803.6, Avg: 803.6, Max: 803.7, Diff: 0.0]
   [Code Root Fixup: 0.0 ms]
   [Code Root Purge: 0.0 ms]
   [Clear CT: 0.2 ms]
   [Other: 0.8 ms]
      [Choose CSet: 0.0 ms]
      [Ref Proc: 0.2 ms]
      [Ref Enq: 0.0 ms]
      [Redirty Cards: 0.2 ms]
      [Humongous Register: 0.1 ms]
      [Humongous Reclaim: 0.0 ms]
      [Free CSet: 0.1 ms]
   [Eden: 44.0M(44.0M)->0.0B(44.0M) Survivors: 7168.0K->7168.0K Heap: 601.8M(1024.0M)->480.2M(1024.0M)]
 [Times: user=0.04 sys=0.00, real=0.01 secs] 
2021-08-14T11:06:10.620-0800: 0.813: [GC pause (G1 Evacuation Pause) (mixed), 0.0047260 secs]
   [Parallel Time: 3.9 ms, GC Workers: 10]
      [GC Worker Start (ms): Min: 813.4, Avg: 813.6, Max: 814.1, Diff: 0.7]
      [Ext Root Scanning (ms): Min: 0.0, Avg: 0.1, Max: 0.2, Diff: 0.2, Sum: 0.9]
      [Update RS (ms): Min: 0.1, Avg: 0.5, Max: 0.6, Diff: 0.6, Sum: 4.5]
         [Processed Buffers: Min: 1, Avg: 4.8, Max: 8, Diff: 7, Sum: 48]
      [Scan RS (ms): Min: 0.0, Avg: 0.0, Max: 0.1, Diff: 0.1, Sum: 0.3]
      [Code Root Scanning (ms): Min: 0.0, Avg: 0.0, Max: 0.0, Diff: 0.0, Sum: 0.0]
      [Object Copy (ms): Min: 2.8, Avg: 2.9, Max: 3.0, Diff: 0.1, Sum: 29.0]
      [Termination (ms): Min: 0.0, Avg: 0.1, Max: 0.2, Diff: 0.2, Sum: 0.9]
         [Termination Attempts: Min: 1, Avg: 1.0, Max: 1, Diff: 0, Sum: 10]
      [GC Worker Other (ms): Min: 0.0, Avg: 0.0, Max: 0.0, Diff: 0.0, Sum: 0.1]
      [GC Worker Total (ms): Min: 3.1, Avg: 3.6, Max: 3.8, Diff: 0.7, Sum: 35.7]
      [GC Worker End (ms): Min: 817.2, Avg: 817.2, Max: 817.2, Diff: 0.1]
   [Code Root Fixup: 0.0 ms]
   [Code Root Purge: 0.0 ms]
   [Clear CT: 0.1 ms]
   [Other: 0.7 ms]
      [Choose CSet: 0.0 ms]
      [Ref Proc: 0.2 ms]
      [Ref Enq: 0.0 ms]
      [Redirty Cards: 0.2 ms]
      [Humongous Register: 0.1 ms]
      [Humongous Reclaim: 0.1 ms]
      [Free CSet: 0.1 ms]
   [Eden: 44.0M(44.0M)->0.0B(317.0M) Survivors: 7168.0K->7168.0K Heap: 536.8M(1024.0M)->448.2M(1024.0M)]
 [Times: user=0.03 sys=0.00, real=0.00 secs] 
2021-08-14T11:06:10.626-0800: 0.819: [GC pause (G1 Humongous Allocation) (young) (initial-mark), 0.0028712 secs]
   [Parallel Time: 1.6 ms, GC Workers: 10]
      [GC Worker Start (ms): Min: 819.0, Avg: 819.1, Max: 819.2, Diff: 0.2]
      [Ext Root Scanning (ms): Min: 0.0, Avg: 0.3, Max: 1.4, Diff: 1.4, Sum: 3.3]
      [Update RS (ms): Min: 0.0, Avg: 0.1, Max: 0.1, Diff: 0.1, Sum: 0.6]
         [Processed Buffers: Min: 0, Avg: 1.1, Max: 3, Diff: 3, Sum: 11]
      [Scan RS (ms): Min: 0.0, Avg: 0.0, Max: 0.0, Diff: 0.0, Sum: 0.0]
      [Code Root Scanning (ms): Min: 0.0, Avg: 0.0, Max: 0.0, Diff: 0.0, Sum: 0.0]
      [Object Copy (ms): Min: 0.0, Avg: 0.4, Max: 0.7, Diff: 0.7, Sum: 4.1]
      [Termination (ms): Min: 0.0, Avg: 0.6, Max: 0.7, Diff: 0.7, Sum: 6.0]
         [Termination Attempts: Min: 1, Avg: 1.0, Max: 1, Diff: 0, Sum: 10]
      [GC Worker Other (ms): Min: 0.0, Avg: 0.0, Max: 0.0, Diff: 0.0, Sum: 0.1]
      [GC Worker Total (ms): Min: 1.3, Avg: 1.4, Max: 1.5, Diff: 0.2, Sum: 14.1]
      [GC Worker End (ms): Min: 820.4, Avg: 820.5, Max: 820.5, Diff: 0.1]
   [Code Root Fixup: 0.0 ms]
   [Code Root Purge: 0.0 ms]
   [Clear CT: 0.1 ms]
   [Other: 1.2 ms]
      [Choose CSet: 0.0 ms]
      [Ref Proc: 0.9 ms]
      [Ref Enq: 0.0 ms]
      [Redirty Cards: 0.1 ms]
      [Humongous Register: 0.1 ms]
      [Humongous Reclaim: 0.0 ms]
      [Free CSet: 0.0 ms]
   [Eden: 5120.0K(317.0M)->0.0B(325.0M) Survivors: 7168.0K->9216.0K Heap: 452.9M(1024.0M)->448.8M(1024.0M)]
 [Times: user=0.02 sys=0.00, real=0.00 secs] 
2021-08-14T11:06:10.629-0800: 0.822: [GC concurrent-root-region-scan-start]
2021-08-14T11:06:10.629-0800: 0.822: [GC concurrent-root-region-scan-end, 0.0000976 secs]
2021-08-14T11:06:10.629-0800: 0.822: [GC concurrent-mark-start]
2021-08-14T11:06:10.630-0800: 0.823: [GC concurrent-mark-end, 0.0010664 secs]
2021-08-14T11:06:10.630-0800: 0.823: [GC remark 2021-08-14T11:06:10.630-0800: 0.823: [Finalize Marking, 0.0008884 secs] 2021-08-14T11:06:10.631-0800: 0.824: [GC ref-proc, 0.0000545 secs] 2021-08-14T11:06:10.631-0800: 0.824: [Unloading, 0.0005672 secs], 0.0023354 secs]
 [Times: user=0.01 sys=0.00, real=0.00 secs] 
2021-08-14T11:06:10.632-0800: 0.826: [GC cleanup 455M->450M(1024M), 0.0007975 secs]
 [Times: user=0.01 sys=0.00, real=0.00 secs] 
2021-08-14T11:06:10.633-0800: 0.826: [GC concurrent-cleanup-start]
2021-08-14T11:06:10.633-0800: 0.826: [GC concurrent-cleanup-end, 0.0000134 secs]
2021-08-14T11:06:10.692-0800: 0.885: [GC pause (G1 Evacuation Pause) (young) (to-space exhausted), 0.0064969 secs]
   [Parallel Time: 5.3 ms, GC Workers: 10]
      [GC Worker Start (ms): Min: 885.5, Avg: 885.6, Max: 885.6, Diff: 0.1]
      [Ext Root Scanning (ms): Min: 0.0, Avg: 0.1, Max: 0.2, Diff: 0.1, Sum: 0.9]
      [Update RS (ms): Min: 0.4, Avg: 0.4, Max: 0.5, Diff: 0.0, Sum: 4.3]
         [Processed Buffers: Min: 1, Avg: 5.1, Max: 8, Diff: 7, Sum: 51]
      [Scan RS (ms): Min: 0.0, Avg: 0.0, Max: 0.0, Diff: 0.0, Sum: 0.3]
      [Code Root Scanning (ms): Min: 0.0, Avg: 0.0, Max: 0.0, Diff: 0.0, Sum: 0.0]
      [Object Copy (ms): Min: 4.5, Avg: 4.5, Max: 4.6, Diff: 0.0, Sum: 45.5]
      [Termination (ms): Min: 0.0, Avg: 0.0, Max: 0.0, Diff: 0.0, Sum: 0.2]
         [Termination Attempts: Min: 1, Avg: 1.4, Max: 2, Diff: 1, Sum: 14]
      [GC Worker Other (ms): Min: 0.0, Avg: 0.0, Max: 0.0, Diff: 0.0, Sum: 0.1]
      [GC Worker Total (ms): Min: 5.1, Avg: 5.1, Max: 5.2, Diff: 0.1, Sum: 51.3]
      [GC Worker End (ms): Min: 890.7, Avg: 890.7, Max: 890.7, Diff: 0.0]
   [Code Root Fixup: 0.0 ms]
   [Code Root Purge: 0.0 ms]
   [Clear CT: 0.2 ms]
   [Other: 1.0 ms]
      [Evacuation Failure: 0.3 ms]
      [Choose CSet: 0.0 ms]
      [Ref Proc: 0.2 ms]
      [Ref Enq: 0.0 ms]
      [Redirty Cards: 0.1 ms]
      [Humongous Register: 0.1 ms]
      [Humongous Reclaim: 0.1 ms]
      [Free CSet: 0.1 ms]
   [Eden: 325.0M(325.0M)->0.0B(9216.0K) Survivors: 9216.0K->42.0M Heap: 852.5M(1024.0M)->634.5M(1024.0M)]
 [Times: user=0.05 sys=0.00, real=0.00 secs] 
2021-08-14T11:06:10.701-0800: 0.894: [GC pause (G1 Evacuation Pause) (mixed), 0.0066042 secs]
   [Parallel Time: 5.7 ms, GC Workers: 10]
      [GC Worker Start (ms): Min: 894.1, Avg: 894.2, Max: 894.2, Diff: 0.1]
      [Ext Root Scanning (ms): Min: 0.0, Avg: 0.1, Max: 0.2, Diff: 0.1, Sum: 1.0]
      [Update RS (ms): Min: 0.2, Avg: 0.3, Max: 0.3, Diff: 0.1, Sum: 2.6]
         [Processed Buffers: Min: 3, Avg: 3.4, Max: 5, Diff: 2, Sum: 34]
      [Scan RS (ms): Min: 0.0, Avg: 0.0, Max: 0.1, Diff: 0.1, Sum: 0.4]
      [Code Root Scanning (ms): Min: 0.0, Avg: 0.0, Max: 0.0, Diff: 0.0, Sum: 0.0]
      [Object Copy (ms): Min: 5.0, Avg: 5.0, Max: 5.1, Diff: 0.1, Sum: 50.0]
      [Termination (ms): Min: 0.0, Avg: 0.1, Max: 0.1, Diff: 0.1, Sum: 1.0]
         [Termination Attempts: Min: 1, Avg: 1.4, Max: 3, Diff: 2, Sum: 14]
      [GC Worker Other (ms): Min: 0.0, Avg: 0.0, Max: 0.0, Diff: 0.0, Sum: 0.1]
      [GC Worker Total (ms): Min: 5.5, Avg: 5.5, Max: 5.6, Diff: 0.1, Sum: 55.1]
      [GC Worker End (ms): Min: 899.7, Avg: 899.7, Max: 899.7, Diff: 0.0]
   [Code Root Fixup: 0.0 ms]
   [Code Root Purge: 0.0 ms]
   [Clear CT: 0.2 ms]
   [Other: 0.8 ms]
      [Choose CSet: 0.0 ms]
      [Ref Proc: 0.3 ms]
      [Ref Enq: 0.0 ms]
      [Redirty Cards: 0.1 ms]
      [Humongous Register: 0.1 ms]
      [Humongous Reclaim: 0.0 ms]
      [Free CSet: 0.1 ms]
   [Eden: 9216.0K(9216.0K)->0.0B(231.0M) Survivors: 42.0M->2048.0K Heap: 646.2M(1024.0M)->571.4M(1024.0M)]
 [Times: user=0.05 sys=0.01, real=0.00 secs] 
2021-08-14T11:06:10.708-0800: 0.902: [GC pause (G1 Humongous Allocation) (young) (initial-mark), 0.0013210 secs]
   [Parallel Time: 0.6 ms, GC Workers: 10]
      [GC Worker Start (ms): Min: 901.7, Avg: 901.8, Max: 901.8, Diff: 0.1]
      [Ext Root Scanning (ms): Min: 0.1, Avg: 0.1, Max: 0.2, Diff: 0.1, Sum: 1.2]
      [Update RS (ms): Min: 0.0, Avg: 0.1, Max: 0.3, Diff: 0.3, Sum: 0.9]
         [Processed Buffers: Min: 1, Avg: 1.1, Max: 2, Diff: 1, Sum: 11]
      [Scan RS (ms): Min: 0.0, Avg: 0.0, Max: 0.0, Diff: 0.0, Sum: 0.0]
      [Code Root Scanning (ms): Min: 0.0, Avg: 0.0, Max: 0.0, Diff: 0.0, Sum: 0.0]
      [Object Copy (ms): Min: 0.0, Avg: 0.1, Max: 0.2, Diff: 0.2, Sum: 1.5]
      [Termination (ms): Min: 0.0, Avg: 0.1, Max: 0.1, Diff: 0.1, Sum: 0.9]
         [Termination Attempts: Min: 1, Avg: 1.6, Max: 4, Diff: 3, Sum: 16]
      [GC Worker Other (ms): Min: 0.0, Avg: 0.0, Max: 0.0, Diff: 0.0, Sum: 0.1]
      [GC Worker Total (ms): Min: 0.4, Avg: 0.4, Max: 0.5, Diff: 0.2, Sum: 4.5]
      [GC Worker End (ms): Min: 902.2, Avg: 902.2, Max: 902.2, Diff: 0.0]
   [Code Root Fixup: 0.0 ms]
   [Code Root Purge: 0.0 ms]
   [Clear CT: 0.1 ms]
   [Other: 0.6 ms]
      [Choose CSet: 0.0 ms]
      [Ref Proc: 0.3 ms]
      [Ref Enq: 0.0 ms]
      [Redirty Cards: 0.1 ms]
      [Humongous Register: 0.1 ms]
      [Humongous Reclaim: 0.0 ms]
      [Free CSet: 0.0 ms]
   [Eden: 5120.0K(231.0M)->0.0B(234.0M) Survivors: 2048.0K->3072.0K Heap: 576.3M(1024.0M)->571.2M(1024.0M)]
 [Times: user=0.00 sys=0.00, real=0.01 secs] 
2021-08-14T11:06:10.710-0800: 0.903: [GC concurrent-root-region-scan-start]
2021-08-14T11:06:10.710-0800: 0.903: [GC concurrent-root-region-scan-end, 0.0000910 secs]
2021-08-14T11:06:10.710-0800: 0.903: [GC concurrent-mark-start]
2021-08-14T11:06:10.711-0800: 0.904: [GC concurrent-mark-end, 0.0010758 secs]
2021-08-14T11:06:10.711-0800: 0.904: [GC remark 2021-08-14T11:06:10.711-0800: 0.904: [Finalize Marking, 0.0003011 secs] 2021-08-14T11:06:10.711-0800: 0.905: [GC ref-proc, 0.0000530 secs] 2021-08-14T11:06:10.711-0800: 0.905: [Unloading, 0.0004232 secs], 0.0014409 secs]
 [Times: user=0.00 sys=0.00, real=0.00 secs] 
2021-08-14T11:06:10.713-0800: 0.906: [GC cleanup 581M->579M(1024M), 0.0008368 secs]
 [Times: user=0.01 sys=0.00, real=0.00 secs] 
2021-08-14T11:06:10.713-0800: 0.907: [GC concurrent-cleanup-start]
2021-08-14T11:06:10.713-0800: 0.907: [GC concurrent-cleanup-end, 0.0000110 secs]
2021-08-14T11:06:10.754-0800: 0.947: [GC pause (G1 Evacuation Pause) (young) (to-space exhausted), 0.0058902 secs]
   [Parallel Time: 4.6 ms, GC Workers: 10]
      [GC Worker Start (ms): Min: 947.6, Avg: 947.7, Max: 947.7, Diff: 0.1]
      [Ext Root Scanning (ms): Min: 0.0, Avg: 0.1, Max: 0.2, Diff: 0.1, Sum: 1.0]
      [Update RS (ms): Min: 0.5, Avg: 0.6, Max: 0.6, Diff: 0.1, Sum: 5.6]
         [Processed Buffers: Min: 2, Avg: 5.9, Max: 7, Diff: 5, Sum: 59]
      [Scan RS (ms): Min: 0.0, Avg: 0.0, Max: 0.1, Diff: 0.1, Sum: 0.2]
      [Code Root Scanning (ms): Min: 0.0, Avg: 0.0, Max: 0.0, Diff: 0.0, Sum: 0.0]
      [Object Copy (ms): Min: 3.7, Avg: 3.8, Max: 3.8, Diff: 0.1, Sum: 37.8]
      [Termination (ms): Min: 0.0, Avg: 0.0, Max: 0.1, Diff: 0.1, Sum: 0.4]
         [Termination Attempts: Min: 1, Avg: 1.0, Max: 1, Diff: 0, Sum: 10]
      [GC Worker Other (ms): Min: 0.0, Avg: 0.0, Max: 0.0, Diff: 0.0, Sum: 0.1]
      [GC Worker Total (ms): Min: 4.5, Avg: 4.5, Max: 4.6, Diff: 0.1, Sum: 45.2]
      [GC Worker End (ms): Min: 952.2, Avg: 952.2, Max: 952.2, Diff: 0.0]
   [Code Root Fixup: 0.0 ms]
   [Code Root Purge: 0.0 ms]
   [Clear CT: 0.1 ms]
   [Other: 1.1 ms]
      [Evacuation Failure: 0.2 ms]
      [Choose CSet: 0.0 ms]
      [Ref Proc: 0.4 ms]
      [Ref Enq: 0.0 ms]
      [Redirty Cards: 0.1 ms]
      [Humongous Register: 0.1 ms]
      [Humongous Reclaim: 0.1 ms]
      [Free CSet: 0.1 ms]
   [Eden: 234.0M(234.0M)->0.0B(21.0M) Survivors: 3072.0K->30.0M Heap: 872.9M(1024.0M)->709.8M(1024.0M)]
 [Times: user=0.04 sys=0.00, real=0.01 secs] 
2021-08-14T11:06:10.764-0800: 0.957: [GC pause (G1 Evacuation Pause) (mixed), 0.0049717 secs]
   [Parallel Time: 4.2 ms, GC Workers: 10]
      [GC Worker Start (ms): Min: 957.3, Avg: 957.5, Max: 957.5, Diff: 0.2]
      [Ext Root Scanning (ms): Min: 0.0, Avg: 0.1, Max: 0.2, Diff: 0.2, Sum: 0.9]
      [Update RS (ms): Min: 0.6, Avg: 0.6, Max: 0.6, Diff: 0.1, Sum: 5.8]
         [Processed Buffers: Min: 6, Avg: 6.8, Max: 9, Diff: 3, Sum: 68]
      [Scan RS (ms): Min: 0.0, Avg: 0.0, Max: 0.0, Diff: 0.0, Sum: 0.3]
      [Code Root Scanning (ms): Min: 0.0, Avg: 0.0, Max: 0.0, Diff: 0.0, Sum: 0.0]
      [Object Copy (ms): Min: 3.0, Avg: 3.1, Max: 3.2, Diff: 0.2, Sum: 31.0]
      [Termination (ms): Min: 0.0, Avg: 0.2, Max: 0.2, Diff: 0.2, Sum: 1.5]
         [Termination Attempts: Min: 1, Avg: 1.0, Max: 1, Diff: 0, Sum: 10]
      [GC Worker Other (ms): Min: 0.0, Avg: 0.0, Max: 0.0, Diff: 0.0, Sum: 0.1]
      [GC Worker Total (ms): Min: 3.8, Avg: 4.0, Max: 4.1, Diff: 0.2, Sum: 39.6]
      [GC Worker End (ms): Min: 961.4, Avg: 961.4, Max: 961.5, Diff: 0.1]
   [Code Root Fixup: 0.0 ms]
   [Code Root Purge: 0.0 ms]
   [Clear CT: 0.1 ms]
   [Other: 0.6 ms]
      [Choose CSet: 0.0 ms]
      [Ref Proc: 0.2 ms]
      [Ref Enq: 0.0 ms]
      [Redirty Cards: 0.1 ms]
      [Humongous Register: 0.1 ms]
      [Humongous Reclaim: 0.0 ms]
      [Free CSet: 0.1 ms]
   [Eden: 21.0M(21.0M)->0.0B(44.0M) Survivors: 30.0M->7168.0K Heap: 737.7M(1024.0M)->625.4M(1024.0M)]
 [Times: user=0.03 sys=0.00, real=0.00 secs] 
2021-08-14T11:06:10.777-0800: 0.970: [GC pause (G1 Evacuation Pause) (mixed), 0.0050357 secs]
   [Parallel Time: 4.1 ms, GC Workers: 10]
      [GC Worker Start (ms): Min: 970.2, Avg: 970.3, Max: 970.4, Diff: 0.1]
      [Ext Root Scanning (ms): Min: 0.0, Avg: 0.1, Max: 0.2, Diff: 0.1, Sum: 1.0]
      [Update RS (ms): Min: 0.6, Avg: 0.6, Max: 0.6, Diff: 0.1, Sum: 5.8]
         [Processed Buffers: Min: 5, Avg: 6.7, Max: 8, Diff: 3, Sum: 67]
      [Scan RS (ms): Min: 0.0, Avg: 0.0, Max: 0.1, Diff: 0.1, Sum: 0.4]
      [Code Root Scanning (ms): Min: 0.0, Avg: 0.0, Max: 0.0, Diff: 0.0, Sum: 0.0]
      [Object Copy (ms): Min: 3.1, Avg: 3.2, Max: 3.2, Diff: 0.1, Sum: 31.6]
      [Termination (ms): Min: 0.0, Avg: 0.1, Max: 0.1, Diff: 0.1, Sum: 0.6]
         [Termination Attempts: Min: 1, Avg: 1.0, Max: 1, Diff: 0, Sum: 10]
      [GC Worker Other (ms): Min: 0.0, Avg: 0.0, Max: 0.0, Diff: 0.0, Sum: 0.1]
      [GC Worker Total (ms): Min: 3.9, Avg: 4.0, Max: 4.1, Diff: 0.2, Sum: 39.5]
      [GC Worker End (ms): Min: 974.2, Avg: 974.3, Max: 974.3, Diff: 0.1]
   [Code Root Fixup: 0.0 ms]
   [Code Root Purge: 0.0 ms]
   [Clear CT: 0.1 ms]
   [Other: 0.8 ms]
      [Choose CSet: 0.0 ms]
      [Ref Proc: 0.3 ms]
      [Ref Enq: 0.0 ms]
      [Redirty Cards: 0.1 ms]
      [Humongous Register: 0.1 ms]
      [Humongous Reclaim: 0.0 ms]
      [Free CSet: 0.1 ms]
   [Eden: 44.0M(44.0M)->0.0B(44.0M) Survivors: 7168.0K->7168.0K Heap: 676.3M(1024.0M)->563.3M(1024.0M)]
 [Times: user=0.04 sys=0.01, real=0.01 secs] 
2021-08-14T11:06:10.790-0800: 0.983: [GC pause (G1 Evacuation Pause) (mixed), 0.0041634 secs]
   [Parallel Time: 3.4 ms, GC Workers: 10]
      [GC Worker Start (ms): Min: 983.5, Avg: 983.6, Max: 983.6, Diff: 0.2]
      [Ext Root Scanning (ms): Min: 0.0, Avg: 0.1, Max: 0.2, Diff: 0.2, Sum: 1.0]
      [Update RS (ms): Min: 0.6, Avg: 0.6, Max: 0.6, Diff: 0.1, Sum: 6.0]
         [Processed Buffers: Min: 3, Avg: 6.2, Max: 9, Diff: 6, Sum: 62]
      [Scan RS (ms): Min: 0.0, Avg: 0.0, Max: 0.1, Diff: 0.1, Sum: 0.2]
      [Code Root Scanning (ms): Min: 0.0, Avg: 0.0, Max: 0.0, Diff: 0.0, Sum: 0.0]
      [Object Copy (ms): Min: 2.4, Avg: 2.4, Max: 2.5, Diff: 0.1, Sum: 24.0]
      [Termination (ms): Min: 0.0, Avg: 0.1, Max: 0.1, Diff: 0.1, Sum: 0.6]
         [Termination Attempts: Min: 1, Avg: 1.0, Max: 1, Diff: 0, Sum: 10]
      [GC Worker Other (ms): Min: 0.0, Avg: 0.0, Max: 0.0, Diff: 0.0, Sum: 0.1]
      [GC Worker Total (ms): Min: 3.1, Avg: 3.2, Max: 3.3, Diff: 0.2, Sum: 32.0]
      [GC Worker End (ms): Min: 986.8, Avg: 986.8, Max: 986.8, Diff: 0.0]
   [Code Root Fixup: 0.0 ms]
   [Code Root Purge: 0.0 ms]
   [Clear CT: 0.1 ms]
   [Other: 0.7 ms]
      [Choose CSet: 0.0 ms]
      [Ref Proc: 0.3 ms]
      [Ref Enq: 0.0 ms]
      [Redirty Cards: 0.1 ms]
      [Humongous Register: 0.1 ms]
      [Humongous Reclaim: 0.0 ms]
      [Free CSet: 0.1 ms]
   [Eden: 44.0M(44.0M)->0.0B(233.0M) Survivors: 7168.0K->7168.0K Heap: 619.3M(1024.0M)->559.1M(1024.0M)]
 [Times: user=0.03 sys=0.00, real=0.00 secs] 
2021-08-14T11:06:10.795-0800: 0.988: [GC pause (G1 Humongous Allocation) (young) (initial-mark), 0.0016800 secs]
   [Parallel Time: 1.0 ms, GC Workers: 10]
      [GC Worker Start (ms): Min: 988.4, Avg: 988.5, Max: 988.6, Diff: 0.2]
      [Ext Root Scanning (ms): Min: 0.0, Avg: 0.1, Max: 0.2, Diff: 0.2, Sum: 0.9]
      [Update RS (ms): Min: 0.0, Avg: 0.1, Max: 0.2, Diff: 0.2, Sum: 0.7]
         [Processed Buffers: Min: 1, Avg: 1.1, Max: 2, Diff: 1, Sum: 11]
      [Scan RS (ms): Min: 0.0, Avg: 0.0, Max: 0.0, Diff: 0.0, Sum: 0.0]
      [Code Root Scanning (ms): Min: 0.0, Avg: 0.0, Max: 0.0, Diff: 0.0, Sum: 0.0]
      [Object Copy (ms): Min: 0.4, Avg: 0.5, Max: 0.6, Diff: 0.1, Sum: 5.2]
      [Termination (ms): Min: 0.0, Avg: 0.1, Max: 0.1, Diff: 0.1, Sum: 0.7]
         [Termination Attempts: Min: 1, Avg: 1.0, Max: 1, Diff: 0, Sum: 10]
      [GC Worker Other (ms): Min: 0.0, Avg: 0.0, Max: 0.0, Diff: 0.0, Sum: 0.1]
      [GC Worker Total (ms): Min: 0.7, Avg: 0.8, Max: 0.9, Diff: 0.2, Sum: 7.5]
      [GC Worker End (ms): Min: 989.2, Avg: 989.3, Max: 989.3, Diff: 0.1]
   [Code Root Fixup: 0.0 ms]
   [Code Root Purge: 0.0 ms]
   [Clear CT: 0.1 ms]
   [Other: 0.6 ms]
      [Choose CSet: 0.0 ms]
      [Ref Proc: 0.2 ms]
      [Ref Enq: 0.0 ms]
      [Redirty Cards: 0.1 ms]
      [Humongous Register: 0.1 ms]
      [Humongous Reclaim: 0.0 ms]
      [Free CSet: 0.0 ms]
   [Eden: 4096.0K(233.0M)->0.0B(229.0M) Survivors: 7168.0K->10.0M Heap: 562.7M(1024.0M)->561.5M(1024.0M)]
 [Times: user=0.01 sys=0.00, real=0.00 secs] 
2021-08-14T11:06:10.797-0800: 0.990: [GC concurrent-root-region-scan-start]
2021-08-14T11:06:10.797-0800: 0.990: [GC concurrent-root-region-scan-end, 0.0000840 secs]
2021-08-14T11:06:10.797-0800: 0.990: [GC concurrent-mark-start]
2021-08-14T11:06:10.798-0800: 0.991: [GC concurrent-mark-end, 0.0010894 secs]
2021-08-14T11:06:10.798-0800: 0.991: [GC remark 2021-08-14T11:06:10.798-0800: 0.991: [Finalize Marking, 0.0002179 secs] 2021-08-14T11:06:10.798-0800: 0.992: [GC ref-proc, 0.0000603 secs] 2021-08-14T11:06:10.798-0800: 0.992: [Unloading, 0.0004274 secs], 0.0014250 secs]
 [Times: user=0.01 sys=0.00, real=0.00 secs] 
2021-08-14T11:06:10.800-0800: 0.993: [GC cleanup 569M->557M(1024M), 0.0007865 secs]
 [Times: user=0.00 sys=0.00, real=0.00 secs] 
2021-08-14T11:06:10.800-0800: 0.994: [GC concurrent-cleanup-start]
2021-08-14T11:06:10.800-0800: 0.994: [GC concurrent-cleanup-end, 0.0000150 secs]
2021-08-14T11:06:10.839-0800: 1.032: [GC pause (G1 Evacuation Pause) (young), 0.0068186 secs]
   [Parallel Time: 6.0 ms, GC Workers: 10]
      [GC Worker Start (ms): Min: 1032.3, Avg: 1032.4, Max: 1032.4, Diff: 0.1]
      [Ext Root Scanning (ms): Min: 0.0, Avg: 0.1, Max: 0.2, Diff: 0.1, Sum: 1.0]
      [Update RS (ms): Min: 0.6, Avg: 0.6, Max: 0.6, Diff: 0.1, Sum: 6.0]
         [Processed Buffers: Min: 3, Avg: 6.2, Max: 8, Diff: 5, Sum: 62]
      [Scan RS (ms): Min: 0.0, Avg: 0.0, Max: 0.0, Diff: 0.0, Sum: 0.2]
      [Code Root Scanning (ms): Min: 0.0, Avg: 0.0, Max: 0.0, Diff: 0.0, Sum: 0.0]
      [Object Copy (ms): Min: 4.9, Avg: 4.9, Max: 5.0, Diff: 0.1, Sum: 49.3]
      [Termination (ms): Min: 0.0, Avg: 0.1, Max: 0.2, Diff: 0.2, Sum: 0.9]
         [Termination Attempts: Min: 1, Avg: 1.0, Max: 1, Diff: 0, Sum: 10]
      [GC Worker Other (ms): Min: 0.0, Avg: 0.0, Max: 0.0, Diff: 0.0, Sum: 0.1]
      [GC Worker Total (ms): Min: 5.7, Avg: 5.8, Max: 5.8, Diff: 0.2, Sum: 57.6]
      [GC Worker End (ms): Min: 1038.1, Avg: 1038.1, Max: 1038.2, Diff: 0.1]
   [Code Root Fixup: 0.0 ms]
   [Code Root Purge: 0.0 ms]
   [Clear CT: 0.1 ms]
   [Other: 0.7 ms]
      [Choose CSet: 0.0 ms]
      [Ref Proc: 0.2 ms]
      [Ref Enq: 0.0 ms]
      [Redirty Cards: 0.1 ms]
      [Humongous Register: 0.1 ms]
      [Humongous Reclaim: 0.1 ms]
      [Free CSet: 0.1 ms]
   [Eden: 229.0M(229.0M)->0.0B(21.0M) Survivors: 10.0M->30.0M Heap: 840.6M(1024.0M)->616.8M(1024.0M)]
 [Times: user=0.06 sys=0.00, real=0.01 secs] 
2021-08-14T11:06:10.850-0800: 1.043: [GC pause (G1 Evacuation Pause) (mixed), 0.0053465 secs]
   [Parallel Time: 4.5 ms, GC Workers: 10]
      [GC Worker Start (ms): Min: 1043.5, Avg: 1043.6, Max: 1043.6, Diff: 0.1]
      [Ext Root Scanning (ms): Min: 0.1, Avg: 0.1, Max: 0.2, Diff: 0.1, Sum: 1.1]
      [Update RS (ms): Min: 0.8, Avg: 0.8, Max: 0.8, Diff: 0.1, Sum: 7.9]
         [Processed Buffers: Min: 8, Avg: 8.8, Max: 10, Diff: 2, Sum: 88]
      [Scan RS (ms): Min: 0.0, Avg: 0.0, Max: 0.1, Diff: 0.1, Sum: 0.3]
      [Code Root Scanning (ms): Min: 0.0, Avg: 0.0, Max: 0.0, Diff: 0.0, Sum: 0.0]
      [Object Copy (ms): Min: 3.3, Avg: 3.3, Max: 3.4, Diff: 0.1, Sum: 33.4]
      [Termination (ms): Min: 0.0, Avg: 0.1, Max: 0.1, Diff: 0.1, Sum: 0.8]
         [Termination Attempts: Min: 1, Avg: 1.0, Max: 1, Diff: 0, Sum: 10]
      [GC Worker Other (ms): Min: 0.0, Avg: 0.0, Max: 0.0, Diff: 0.0, Sum: 0.1]
      [GC Worker Total (ms): Min: 4.3, Avg: 4.4, Max: 4.4, Diff: 0.1, Sum: 43.6]
      [GC Worker End (ms): Min: 1047.9, Avg: 1047.9, Max: 1047.9, Diff: 0.1]
   [Code Root Fixup: 0.0 ms]
   [Code Root Purge: 0.0 ms]
   [Clear CT: 0.1 ms]
   [Other: 0.7 ms]
      [Choose CSet: 0.0 ms]
      [Ref Proc: 0.2 ms]
      [Ref Enq: 0.0 ms]
      [Redirty Cards: 0.1 ms]
      [Humongous Register: 0.1 ms]
      [Humongous Reclaim: 0.0 ms]
      [Free CSet: 0.1 ms]
   [Eden: 21.0M(21.0M)->0.0B(45.0M) Survivors: 30.0M->6144.0K Heap: 647.4M(1024.0M)->537.3M(1024.0M)]
 [Times: user=0.04 sys=0.01, real=0.00 secs] 
2021-08-14T11:06:10.863-0800: 1.057: [GC pause (G1 Evacuation Pause) (mixed), 0.0060526 secs]
   [Parallel Time: 5.2 ms, GC Workers: 10]
      [GC Worker Start (ms): Min: 1056.7, Avg: 1056.8, Max: 1056.8, Diff: 0.2]
      [Ext Root Scanning (ms): Min: 0.0, Avg: 0.1, Max: 0.2, Diff: 0.2, Sum: 1.0]
      [Update RS (ms): Min: 0.8, Avg: 0.8, Max: 0.8, Diff: 0.1, Sum: 8.1]
         [Processed Buffers: Min: 8, Avg: 9.0, Max: 11, Diff: 3, Sum: 90]
      [Scan RS (ms): Min: 0.0, Avg: 0.0, Max: 0.1, Diff: 0.1, Sum: 0.3]
      [Code Root Scanning (ms): Min: 0.0, Avg: 0.0, Max: 0.0, Diff: 0.0, Sum: 0.0]
      [Object Copy (ms): Min: 4.0, Avg: 4.0, Max: 4.0, Diff: 0.1, Sum: 40.0]
      [Termination (ms): Min: 0.0, Avg: 0.1, Max: 0.1, Diff: 0.1, Sum: 0.7]
         [Termination Attempts: Min: 1, Avg: 1.0, Max: 1, Diff: 0, Sum: 10]
      [GC Worker Other (ms): Min: 0.0, Avg: 0.0, Max: 0.0, Diff: 0.0, Sum: 0.1]
      [GC Worker Total (ms): Min: 5.0, Avg: 5.0, Max: 5.1, Diff: 0.2, Sum: 50.3]
      [GC Worker End (ms): Min: 1061.8, Avg: 1061.8, Max: 1061.9, Diff: 0.1]
   [Code Root Fixup: 0.0 ms]
   [Code Root Purge: 0.0 ms]
   [Clear CT: 0.2 ms]
   [Other: 0.7 ms]
      [Choose CSet: 0.0 ms]
      [Ref Proc: 0.2 ms]
      [Ref Enq: 0.0 ms]
      [Redirty Cards: 0.2 ms]
      [Humongous Register: 0.1 ms]
      [Humongous Reclaim: 0.0 ms]
      [Free CSet: 0.1 ms]
   [Eden: 45.0M(45.0M)->0.0B(276.0M) Survivors: 6144.0K->7168.0K Heap: 592.1M(1024.0M)->500.4M(1024.0M)]
 [Times: user=0.05 sys=0.00, real=0.00 secs] 
2021-08-14T11:06:10.870-0800: 1.064: [GC pause (G1 Humongous Allocation) (young) (initial-mark), 0.0018001 secs]
   [Parallel Time: 0.9 ms, GC Workers: 10]
      [GC Worker Start (ms): Min: 1063.8, Avg: 1063.9, Max: 1064.0, Diff: 0.2]
      [Ext Root Scanning (ms): Min: 0.0, Avg: 0.1, Max: 0.2, Diff: 0.2, Sum: 1.1]
      [Update RS (ms): Min: 0.0, Avg: 0.1, Max: 0.2, Diff: 0.1, Sum: 0.7]
         [Processed Buffers: Min: 1, Avg: 1.1, Max: 2, Diff: 1, Sum: 11]
      [Scan RS (ms): Min: 0.0, Avg: 0.0, Max: 0.0, Diff: 0.0, Sum: 0.0]
      [Code Root Scanning (ms): Min: 0.0, Avg: 0.0, Max: 0.0, Diff: 0.0, Sum: 0.0]
      [Object Copy (ms): Min: 0.4, Avg: 0.5, Max: 0.5, Diff: 0.1, Sum: 5.1]
      [Termination (ms): Min: 0.0, Avg: 0.0, Max: 0.1, Diff: 0.1, Sum: 0.3]
         [Termination Attempts: Min: 1, Avg: 1.0, Max: 1, Diff: 0, Sum: 10]
      [GC Worker Other (ms): Min: 0.0, Avg: 0.0, Max: 0.0, Diff: 0.0, Sum: 0.1]
      [GC Worker Total (ms): Min: 0.7, Avg: 0.7, Max: 0.9, Diff: 0.2, Sum: 7.4]
      [GC Worker End (ms): Min: 1064.6, Avg: 1064.6, Max: 1064.7, Diff: 0.0]
   [Code Root Fixup: 0.0 ms]
   [Code Root Purge: 0.0 ms]
   [Clear CT: 0.1 ms]
   [Other: 0.7 ms]
      [Choose CSet: 0.0 ms]
      [Ref Proc: 0.3 ms]
      [Ref Enq: 0.0 ms]
      [Redirty Cards: 0.1 ms]
      [Humongous Register: 0.1 ms]
      [Humongous Reclaim: 0.0 ms]
      [Free CSet: 0.0 ms]
   [Eden: 5120.0K(276.0M)->0.0B(251.0M) Survivors: 7168.0K->9216.0K Heap: 504.6M(1024.0M)->500.5M(1024.0M)]
 [Times: user=0.01 sys=0.00, real=0.00 secs] 
2021-08-14T11:06:10.872-0800: 1.066: [GC concurrent-root-region-scan-start]
2021-08-14T11:06:10.872-0800: 1.066: [GC concurrent-root-region-scan-end, 0.0000804 secs]
2021-08-14T11:06:10.872-0800: 1.066: [GC concurrent-mark-start]
2021-08-14T11:06:10.874-0800: 1.067: [GC concurrent-mark-end, 0.0011533 secs]
2021-08-14T11:06:10.874-0800: 1.067: [GC remark 2021-08-14T11:06:10.874-0800: 1.067: [Finalize Marking, 0.0002382 secs] 2021-08-14T11:06:10.874-0800: 1.067: [GC ref-proc, 0.0000600 secs] 2021-08-14T11:06:10.874-0800: 1.067: [Unloading, 0.0005044 secs], 0.0016358 secs]
 [Times: user=0.01 sys=0.00, real=0.00 secs] 
2021-08-14T11:06:10.875-0800: 1.069: [GC cleanup 509M->504M(1024M), 0.0008683 secs]
 [Times: user=0.01 sys=0.00, real=0.00 secs] 
2021-08-14T11:06:10.876-0800: 1.070: [GC concurrent-cleanup-start]
2021-08-14T11:06:10.876-0800: 1.070: [GC concurrent-cleanup-end, 0.0000108 secs]
2021-08-14T11:06:10.920-0800: 1.113: [GC pause (G1 Evacuation Pause) (young), 0.0075541 secs]
   [Parallel Time: 6.7 ms, GC Workers: 10]
      [GC Worker Start (ms): Min: 1113.6, Avg: 1113.7, Max: 1113.8, Diff: 0.2]
      [Ext Root Scanning (ms): Min: 0.0, Avg: 0.1, Max: 0.2, Diff: 0.2, Sum: 1.0]
      [Update RS (ms): Min: 0.9, Avg: 0.9, Max: 1.0, Diff: 0.1, Sum: 9.3]
         [Processed Buffers: Min: 6, Avg: 9.9, Max: 12, Diff: 6, Sum: 99]
      [Scan RS (ms): Min: 0.0, Avg: 0.0, Max: 0.0, Diff: 0.0, Sum: 0.2]
      [Code Root Scanning (ms): Min: 0.0, Avg: 0.0, Max: 0.0, Diff: 0.0, Sum: 0.0]
      [Object Copy (ms): Min: 5.3, Avg: 5.4, Max: 5.4, Diff: 0.1, Sum: 53.7]
      [Termination (ms): Min: 0.0, Avg: 0.1, Max: 0.1, Diff: 0.1, Sum: 0.6]
         [Termination Attempts: Min: 1, Avg: 1.5, Max: 2, Diff: 1, Sum: 15]
      [GC Worker Other (ms): Min: 0.0, Avg: 0.0, Max: 0.0, Diff: 0.0, Sum: 0.2]
      [GC Worker Total (ms): Min: 6.4, Avg: 6.5, Max: 6.6, Diff: 0.1, Sum: 65.0]
      [GC Worker End (ms): Min: 1120.2, Avg: 1120.2, Max: 1120.2, Diff: 0.0]
   [Code Root Fixup: 0.0 ms]
   [Code Root Purge: 0.0 ms]
   [Clear CT: 0.2 ms]
   [Other: 0.7 ms]
      [Choose CSet: 0.0 ms]
      [Ref Proc: 0.2 ms]
      [Ref Enq: 0.0 ms]
      [Redirty Cards: 0.1 ms]
      [Humongous Register: 0.1 ms]
      [Humongous Reclaim: 0.1 ms]
      [Free CSet: 0.1 ms]
   [Eden: 251.0M(251.0M)->0.0B(18.0M) Survivors: 9216.0K->33.0M Heap: 816.4M(1024.0M)->565.2M(1024.0M)]
 [Times: user=0.06 sys=0.00, real=0.00 secs] 
2021-08-14T11:06:10.931-0800: 1.124: [GC pause (G1 Evacuation Pause) (mixed), 0.0065804 secs]
   [Parallel Time: 5.5 ms, GC Workers: 10]
      [GC Worker Start (ms): Min: 1124.5, Avg: 1124.6, Max: 1124.7, Diff: 0.1]
      [Ext Root Scanning (ms): Min: 0.1, Avg: 0.1, Max: 0.2, Diff: 0.1, Sum: 1.1]
      [Update RS (ms): Min: 0.6, Avg: 0.7, Max: 0.7, Diff: 0.1, Sum: 6.6]
         [Processed Buffers: Min: 7, Avg: 7.6, Max: 9, Diff: 2, Sum: 76]
      [Scan RS (ms): Min: 0.0, Avg: 0.0, Max: 0.1, Diff: 0.1, Sum: 0.4]
      [Code Root Scanning (ms): Min: 0.0, Avg: 0.0, Max: 0.0, Diff: 0.0, Sum: 0.0]
      [Object Copy (ms): Min: 4.5, Avg: 4.5, Max: 4.5, Diff: 0.0, Sum: 45.1]
      [Termination (ms): Min: 0.0, Avg: 0.0, Max: 0.1, Diff: 0.1, Sum: 0.5]
         [Termination Attempts: Min: 1, Avg: 1.0, Max: 1, Diff: 0, Sum: 10]
      [GC Worker Other (ms): Min: 0.0, Avg: 0.0, Max: 0.0, Diff: 0.0, Sum: 0.1]
      [GC Worker Total (ms): Min: 5.3, Avg: 5.4, Max: 5.5, Diff: 0.2, Sum: 53.9]
      [GC Worker End (ms): Min: 1130.0, Avg: 1130.0, Max: 1130.0, Diff: 0.0]
   [Code Root Fixup: 0.0 ms]
   [Code Root Purge: 0.0 ms]
   [Clear CT: 0.2 ms]
   [Other: 0.9 ms]
      [Choose CSet: 0.0 ms]
      [Ref Proc: 0.3 ms]
      [Ref Enq: 0.0 ms]
      [Redirty Cards: 0.2 ms]
      [Humongous Register: 0.1 ms]
      [Humongous Reclaim: 0.0 ms]
      [Free CSet: 0.1 ms]
   [Eden: 18.0M(18.0M)->0.0B(45.0M) Survivors: 33.0M->6144.0K Heap: 591.3M(1024.0M)->494.8M(1024.0M)]
 [Times: user=0.05 sys=0.01, real=0.00 secs] 
2021-08-14T11:06:10.948-0800: 1.142: [GC pause (G1 Evacuation Pause) (mixed), 0.0044659 secs]
   [Parallel Time: 3.7 ms, GC Workers: 10]
      [GC Worker Start (ms): Min: 1141.8, Avg: 1141.9, Max: 1141.9, Diff: 0.1]
      [Ext Root Scanning (ms): Min: 0.1, Avg: 0.1, Max: 0.2, Diff: 0.1, Sum: 1.2]
      [Update RS (ms): Min: 1.2, Avg: 1.3, Max: 1.3, Diff: 0.1, Sum: 12.6]
         [Processed Buffers: Min: 12, Avg: 12.9, Max: 14, Diff: 2, Sum: 129]
      [Scan RS (ms): Min: 0.0, Avg: 0.0, Max: 0.0, Diff: 0.0, Sum: 0.2]
      [Code Root Scanning (ms): Min: 0.0, Avg: 0.0, Max: 0.0, Diff: 0.0, Sum: 0.0]
      [Object Copy (ms): Min: 2.0, Avg: 2.0, Max: 2.0, Diff: 0.1, Sum: 20.1]
      [Termination (ms): Min: 0.0, Avg: 0.0, Max: 0.1, Diff: 0.1, Sum: 0.4]
         [Termination Attempts: Min: 1, Avg: 1.1, Max: 2, Diff: 1, Sum: 11]
      [GC Worker Other (ms): Min: 0.0, Avg: 0.0, Max: 0.0, Diff: 0.0, Sum: 0.1]
      [GC Worker Total (ms): Min: 3.4, Avg: 3.5, Max: 3.5, Diff: 0.1, Sum: 34.6]
      [GC Worker End (ms): Min: 1145.3, Avg: 1145.3, Max: 1145.4, Diff: 0.0]
   [Code Root Fixup: 0.0 ms]
   [Code Root Purge: 0.0 ms]
   [Clear CT: 0.1 ms]
   [Other: 0.7 ms]
      [Choose CSet: 0.0 ms]
      [Ref Proc: 0.2 ms]
      [Ref Enq: 0.0 ms]
      [Redirty Cards: 0.2 ms]
      [Humongous Register: 0.1 ms]
      [Humongous Reclaim: 0.0 ms]
      [Free CSet: 0.0 ms]
   [Eden: 45.0M(45.0M)->0.0B(256.0M) Survivors: 6144.0K->7168.0K Heap: 554.6M(1024.0M)->501.3M(1024.0M)]
 [Times: user=0.03 sys=0.00, real=0.01 secs] 
2021-08-14T11:06:10.954-0800: 1.147: [GC pause (G1 Humongous Allocation) (young) (initial-mark), 0.0015137 secs]
   [Parallel Time: 0.9 ms, GC Workers: 10]
      [GC Worker Start (ms): Min: 1147.2, Avg: 1147.2, Max: 1147.3, Diff: 0.1]
      [Ext Root Scanning (ms): Min: 0.1, Avg: 0.1, Max: 0.2, Diff: 0.1, Sum: 1.2]
      [Update RS (ms): Min: 0.0, Avg: 0.1, Max: 0.2, Diff: 0.1, Sum: 0.8]
         [Processed Buffers: Min: 1, Avg: 1.1, Max: 2, Diff: 1, Sum: 11]
      [Scan RS (ms): Min: 0.0, Avg: 0.0, Max: 0.0, Diff: 0.0, Sum: 0.0]
      [Code Root Scanning (ms): Min: 0.0, Avg: 0.0, Max: 0.0, Diff: 0.0, Sum: 0.0]
      [Object Copy (ms): Min: 0.4, Avg: 0.5, Max: 0.6, Diff: 0.2, Sum: 5.1]
      [Termination (ms): Min: 0.0, Avg: 0.0, Max: 0.1, Diff: 0.1, Sum: 0.4]
         [Termination Attempts: Min: 1, Avg: 1.0, Max: 1, Diff: 0, Sum: 10]
      [GC Worker Other (ms): Min: 0.0, Avg: 0.0, Max: 0.0, Diff: 0.0, Sum: 0.1]
      [GC Worker Total (ms): Min: 0.7, Avg: 0.8, Max: 0.8, Diff: 0.1, Sum: 7.6]
      [GC Worker End (ms): Min: 1148.0, Avg: 1148.0, Max: 1148.0, Diff: 0.0]
   [Code Root Fixup: 0.0 ms]
   [Code Root Purge: 0.0 ms]
   [Clear CT: 0.1 ms]
   [Other: 0.5 ms]
      [Choose CSet: 0.0 ms]
      [Ref Proc: 0.1 ms]
      [Ref Enq: 0.0 ms]
      [Redirty Cards: 0.1 ms]
      [Humongous Register: 0.1 ms]
      [Humongous Reclaim: 0.0 ms]
      [Free CSet: 0.0 ms]
   [Eden: 5120.0K(256.0M)->0.0B(266.0M) Survivors: 7168.0K->8192.0K Heap: 505.5M(1024.0M)->501.6M(1024.0M)]
 [Times: user=0.01 sys=0.00, real=0.00 secs] 
2021-08-14T11:06:10.955-0800: 1.149: [GC concurrent-root-region-scan-start]
2021-08-14T11:06:10.955-0800: 1.149: [GC concurrent-root-region-scan-end, 0.0000907 secs]
2021-08-14T11:06:10.955-0800: 1.149: [GC concurrent-mark-start]
2021-08-14T11:06:10.957-0800: 1.150: [GC concurrent-mark-end, 0.0011270 secs]
2021-08-14T11:06:10.957-0800: 1.150: [GC remark 2021-08-14T11:06:10.957-0800: 1.150: [Finalize Marking, 0.0001658 secs] 2021-08-14T11:06:10.957-0800: 1.150: [GC ref-proc, 0.0000554 secs] 2021-08-14T11:06:10.957-0800: 1.150: [Unloading, 0.0004065 secs], 0.0013544 secs]
 [Times: user=0.01 sys=0.00, real=0.00 secs] 
2021-08-14T11:06:10.958-0800: 1.151: [GC cleanup 509M->505M(1024M), 0.0007796 secs]
 [Times: user=0.01 sys=0.00, real=0.00 secs] 
2021-08-14T11:06:10.959-0800: 1.152: [GC concurrent-cleanup-start]
2021-08-14T11:06:10.959-0800: 1.152: [GC concurrent-cleanup-end, 0.0000110 secs]
2021-08-14T11:06:11.011-0800: 1.205: [GC pause (G1 Evacuation Pause) (young) (to-space exhausted), 0.0075093 secs]
   [Parallel Time: 6.3 ms, GC Workers: 10]
      [GC Worker Start (ms): Min: 1204.9, Avg: 1205.0, Max: 1205.1, Diff: 0.1]
      [Ext Root Scanning (ms): Min: 0.0, Avg: 0.1, Max: 0.2, Diff: 0.1, Sum: 1.0]
      [Update RS (ms): Min: 1.0, Avg: 1.0, Max: 1.0, Diff: 0.1, Sum: 10.0]
         [Processed Buffers: Min: 6, Avg: 10.6, Max: 13, Diff: 7, Sum: 106]
      [Scan RS (ms): Min: 0.0, Avg: 0.0, Max: 0.0, Diff: 0.0, Sum: 0.2]
      [Code Root Scanning (ms): Min: 0.0, Avg: 0.0, Max: 0.0, Diff: 0.0, Sum: 0.0]
      [Object Copy (ms): Min: 4.9, Avg: 5.0, Max: 5.0, Diff: 0.1, Sum: 49.8]
      [Termination (ms): Min: 0.0, Avg: 0.0, Max: 0.1, Diff: 0.1, Sum: 0.4]
         [Termination Attempts: Min: 1, Avg: 1.5, Max: 2, Diff: 1, Sum: 15]
      [GC Worker Other (ms): Min: 0.0, Avg: 0.0, Max: 0.0, Diff: 0.0, Sum: 0.1]
      [GC Worker Total (ms): Min: 6.1, Avg: 6.2, Max: 6.3, Diff: 0.2, Sum: 61.5]
      [GC Worker End (ms): Min: 1211.1, Avg: 1211.2, Max: 1211.2, Diff: 0.0]
   [Code Root Fixup: 0.0 ms]
   [Code Root Purge: 0.0 ms]
   [Clear CT: 0.1 ms]
   [Other: 1.0 ms]
      [Evacuation Failure: 0.3 ms]
      [Choose CSet: 0.0 ms]
      [Ref Proc: 0.3 ms]
      [Ref Enq: 0.0 ms]
      [Redirty Cards: 0.1 ms]
      [Humongous Register: 0.1 ms]
      [Humongous Reclaim: 0.1 ms]
      [Free CSet: 0.1 ms]
   [Eden: 266.0M(266.0M)->0.0B(16.0M) Survivors: 8192.0K->35.0M Heap: 843.8M(1024.0M)->629.2M(1024.0M)]
 [Times: user=0.06 sys=0.00, real=0.00 secs] 
2021-08-14T11:06:11.022-0800: 1.215: [GC pause (G1 Evacuation Pause) (mixed), 0.0065551 secs]
   [Parallel Time: 5.7 ms, GC Workers: 10]
      [GC Worker Start (ms): Min: 1215.6, Avg: 1215.6, Max: 1215.7, Diff: 0.1]
      [Ext Root Scanning (ms): Min: 0.1, Avg: 0.1, Max: 0.2, Diff: 0.1, Sum: 1.1]
      [Update RS (ms): Min: 0.6, Avg: 0.6, Max: 0.6, Diff: 0.1, Sum: 5.9]
         [Processed Buffers: Min: 6, Avg: 6.9, Max: 8, Diff: 2, Sum: 69]
      [Scan RS (ms): Min: 0.0, Avg: 0.0, Max: 0.1, Diff: 0.1, Sum: 0.4]
      [Code Root Scanning (ms): Min: 0.0, Avg: 0.0, Max: 0.0, Diff: 0.0, Sum: 0.0]
      [Object Copy (ms): Min: 4.7, Avg: 4.7, Max: 4.7, Diff: 0.1, Sum: 47.2]
      [Termination (ms): Min: 0.0, Avg: 0.0, Max: 0.1, Diff: 0.1, Sum: 0.3]
         [Termination Attempts: Min: 1, Avg: 1.1, Max: 2, Diff: 1, Sum: 11]
      [GC Worker Other (ms): Min: 0.0, Avg: 0.0, Max: 0.0, Diff: 0.0, Sum: 0.1]
      [GC Worker Total (ms): Min: 5.5, Avg: 5.5, Max: 5.6, Diff: 0.1, Sum: 55.0]
      [GC Worker End (ms): Min: 1221.1, Avg: 1221.1, Max: 1221.2, Diff: 0.0]
   [Code Root Fixup: 0.0 ms]
   [Code Root Purge: 0.0 ms]
   [Clear CT: 0.2 ms]
   [Other: 0.7 ms]
      [Choose CSet: 0.0 ms]
      [Ref Proc: 0.2 ms]
      [Ref Enq: 0.0 ms]
      [Redirty Cards: 0.1 ms]
      [Humongous Register: 0.1 ms]
      [Humongous Reclaim: 0.0 ms]
      [Free CSet: 0.1 ms]
   [Eden: 16.0M(16.0M)->0.0B(46.0M) Survivors: 35.0M->5120.0K Heap: 652.2M(1024.0M)->559.9M(1024.0M)]
 [Times: user=0.06 sys=0.01, real=0.00 secs] 
2021-08-14T11:06:11.038-0800: 1.231: [GC pause (G1 Evacuation Pause) (mixed), 0.0049100 secs]
   [Parallel Time: 4.0 ms, GC Workers: 10]
      [GC Worker Start (ms): Min: 1231.6, Avg: 1231.6, Max: 1231.7, Diff: 0.1]
      [Ext Root Scanning (ms): Min: 0.0, Avg: 0.1, Max: 0.2, Diff: 0.1, Sum: 1.1]
      [Update RS (ms): Min: 1.4, Avg: 1.4, Max: 1.5, Diff: 0.0, Sum: 14.3]
         [Processed Buffers: Min: 14, Avg: 15.3, Max: 18, Diff: 4, Sum: 153]
      [Scan RS (ms): Min: 0.0, Avg: 0.0, Max: 0.1, Diff: 0.0, Sum: 0.2]
      [Code Root Scanning (ms): Min: 0.0, Avg: 0.0, Max: 0.0, Diff: 0.0, Sum: 0.0]
      [Object Copy (ms): Min: 2.2, Avg: 2.2, Max: 2.3, Diff: 0.1, Sum: 22.1]
      [Termination (ms): Min: 0.0, Avg: 0.1, Max: 0.1, Diff: 0.1, Sum: 0.6]
         [Termination Attempts: Min: 1, Avg: 1.0, Max: 1, Diff: 0, Sum: 10]
      [GC Worker Other (ms): Min: 0.0, Avg: 0.0, Max: 0.0, Diff: 0.0, Sum: 0.1]
      [GC Worker Total (ms): Min: 3.8, Avg: 3.8, Max: 3.9, Diff: 0.1, Sum: 38.5]
      [GC Worker End (ms): Min: 1235.5, Avg: 1235.5, Max: 1235.5, Diff: 0.0]
   [Code Root Fixup: 0.0 ms]
   [Code Root Purge: 0.0 ms]
   [Clear CT: 0.1 ms]
   [Other: 0.8 ms]
      [Choose CSet: 0.0 ms]
      [Ref Proc: 0.3 ms]
      [Ref Enq: 0.0 ms]
      [Redirty Cards: 0.2 ms]
      [Humongous Register: 0.1 ms]
      [Humongous Reclaim: 0.0 ms]
      [Free CSet: 0.1 ms]
   [Eden: 46.0M(46.0M)->0.0B(212.0M) Survivors: 5120.0K->7168.0K Heap: 623.6M(1024.0M)->566.1M(1024.0M)]
 [Times: user=0.04 sys=0.00, real=0.01 secs] 
2021-08-14T11:06:11.044-0800: 1.237: [GC pause (G1 Humongous Allocation) (young) (initial-mark), 0.0017532 secs]
   [Parallel Time: 0.9 ms, GC Workers: 10]
      [GC Worker Start (ms): Min: 1237.2, Avg: 1237.3, Max: 1237.3, Diff: 0.1]
      [Ext Root Scanning (ms): Min: 0.1, Avg: 0.1, Max: 0.2, Diff: 0.1, Sum: 1.2]
      [Update RS (ms): Min: 0.0, Avg: 0.1, Max: 0.2, Diff: 0.1, Sum: 0.8]
         [Processed Buffers: Min: 1, Avg: 1.1, Max: 2, Diff: 1, Sum: 11]
      [Scan RS (ms): Min: 0.0, Avg: 0.0, Max: 0.0, Diff: 0.0, Sum: 0.0]
      [Code Root Scanning (ms): Min: 0.0, Avg: 0.0, Max: 0.0, Diff: 0.0, Sum: 0.0]
      [Object Copy (ms): Min: 0.3, Avg: 0.4, Max: 0.5, Diff: 0.2, Sum: 4.4]
      [Termination (ms): Min: 0.0, Avg: 0.1, Max: 0.1, Diff: 0.1, Sum: 0.8]
         [Termination Attempts: Min: 1, Avg: 1.1, Max: 2, Diff: 1, Sum: 11]
      [GC Worker Other (ms): Min: 0.0, Avg: 0.0, Max: 0.0, Diff: 0.0, Sum: 0.1]
      [GC Worker Total (ms): Min: 0.6, Avg: 0.7, Max: 0.8, Diff: 0.2, Sum: 7.4]
      [GC Worker End (ms): Min: 1238.0, Avg: 1238.0, Max: 1238.0, Diff: 0.1]
   [Code Root Fixup: 0.0 ms]
   [Code Root Purge: 0.0 ms]
   [Clear CT: 0.2 ms]
   [Other: 0.7 ms]
      [Choose CSet: 0.0 ms]
      [Ref Proc: 0.3 ms]
      [Ref Enq: 0.0 ms]
      [Redirty Cards: 0.1 ms]
      [Humongous Register: 0.1 ms]
      [Humongous Reclaim: 0.0 ms]
      [Free CSet: 0.0 ms]
   [Eden: 3072.0K(212.0M)->0.0B(209.0M) Survivors: 7168.0K->8192.0K Heap: 568.6M(1024.0M)->566.4M(1024.0M)]
 [Times: user=0.01 sys=0.00, real=0.00 secs] 
2021-08-14T11:06:11.046-0800: 1.239: [GC concurrent-root-region-scan-start]
2021-08-14T11:06:11.046-0800: 1.239: [GC concurrent-root-region-scan-end, 0.0000900 secs]
2021-08-14T11:06:11.046-0800: 1.239: [GC concurrent-mark-start]
2021-08-14T11:06:11.047-0800: 1.240: [GC concurrent-mark-end, 0.0011677 secs]
2021-08-14T11:06:11.047-0800: 1.240: [GC remark 2021-08-14T11:06:11.047-0800: 1.240: [Finalize Marking, 0.0003232 secs] 2021-08-14T11:06:11.047-0800: 1.241: [GC ref-proc, 0.0000514 secs] 2021-08-14T11:06:11.047-0800: 1.241: [Unloading, 0.0004232 secs], 0.0015566 secs]
 [Times: user=0.01 sys=0.00, real=0.00 secs] 
2021-08-14T11:06:11.049-0800: 1.242: [GC cleanup 576M->568M(1024M), 0.0007883 secs]
 [Times: user=0.00 sys=0.00, real=0.00 secs] 
2021-08-14T11:06:11.049-0800: 1.243: [GC concurrent-cleanup-start]
2021-08-14T11:06:11.049-0800: 1.243: [GC concurrent-cleanup-end, 0.0000121 secs]
2021-08-14T11:06:11.085-0800: 1.278: [GC pause (G1 Evacuation Pause) (young), 0.0071517 secs]
   [Parallel Time: 6.2 ms, GC Workers: 10]
      [GC Worker Start (ms): Min: 1278.6, Avg: 1278.6, Max: 1278.7, Diff: 0.1]
      [Ext Root Scanning (ms): Min: 0.0, Avg: 0.1, Max: 0.2, Diff: 0.1, Sum: 1.0]
      [Update RS (ms): Min: 1.5, Avg: 1.5, Max: 1.5, Diff: 0.1, Sum: 15.0]
         [Processed Buffers: Min: 12, Avg: 16.1, Max: 20, Diff: 8, Sum: 161]
      [Scan RS (ms): Min: 0.0, Avg: 0.0, Max: 0.0, Diff: 0.0, Sum: 0.2]
      [Code Root Scanning (ms): Min: 0.0, Avg: 0.0, Max: 0.0, Diff: 0.0, Sum: 0.0]
      [Object Copy (ms): Min: 4.3, Avg: 4.3, Max: 4.4, Diff: 0.1, Sum: 43.3]
      [Termination (ms): Min: 0.0, Avg: 0.1, Max: 0.1, Diff: 0.1, Sum: 0.6]
         [Termination Attempts: Min: 1, Avg: 1.0, Max: 1, Diff: 0, Sum: 10]
      [GC Worker Other (ms): Min: 0.0, Avg: 0.0, Max: 0.0, Diff: 0.0, Sum: 0.1]
      [GC Worker Total (ms): Min: 6.0, Avg: 6.0, Max: 6.1, Diff: 0.2, Sum: 60.3]
      [GC Worker End (ms): Min: 1284.7, Avg: 1284.7, Max: 1284.7, Diff: 0.1]
   [Code Root Fixup: 0.0 ms]
   [Code Root Purge: 0.0 ms]
   [Clear CT: 0.2 ms]
   [Other: 0.8 ms]
      [Choose CSet: 0.0 ms]
      [Ref Proc: 0.3 ms]
      [Ref Enq: 0.0 ms]
      [Redirty Cards: 0.1 ms]
      [Humongous Register: 0.1 ms]
      [Humongous Reclaim: 0.1 ms]
      [Free CSet: 0.1 ms]
   [Eden: 209.0M(209.0M)->0.0B(23.0M) Survivors: 8192.0K->28.0M Heap: 824.5M(1024.0M)->617.4M(1024.0M)]
 [Times: user=0.07 sys=0.00, real=0.01 secs] 
2021-08-14T11:06:11.097-0800: 1.290: [GC pause (G1 Evacuation Pause) (mixed), 0.0054887 secs]
   [Parallel Time: 4.6 ms, GC Workers: 10]
      [GC Worker Start (ms): Min: 1290.1, Avg: 1290.2, Max: 1290.2, Diff: 0.1]
      [Ext Root Scanning (ms): Min: 0.1, Avg: 0.1, Max: 0.2, Diff: 0.1, Sum: 1.1]
      [Update RS (ms): Min: 0.5, Avg: 0.5, Max: 0.6, Diff: 0.1, Sum: 5.1]
         [Processed Buffers: Min: 5, Avg: 6.0, Max: 8, Diff: 3, Sum: 60]
      [Scan RS (ms): Min: 0.0, Avg: 0.0, Max: 0.1, Diff: 0.1, Sum: 0.4]
      [Code Root Scanning (ms): Min: 0.0, Avg: 0.0, Max: 0.0, Diff: 0.0, Sum: 0.0]
      [Object Copy (ms): Min: 3.7, Avg: 3.7, Max: 3.8, Diff: 0.1, Sum: 37.4]
      [Termination (ms): Min: 0.0, Avg: 0.1, Max: 0.1, Diff: 0.1, Sum: 0.6]
         [Termination Attempts: Min: 1, Avg: 1.0, Max: 1, Diff: 0, Sum: 10]
      [GC Worker Other (ms): Min: 0.0, Avg: 0.0, Max: 0.0, Diff: 0.0, Sum: 0.1]
      [GC Worker Total (ms): Min: 4.4, Avg: 4.5, Max: 4.5, Diff: 0.1, Sum: 44.7]
      [GC Worker End (ms): Min: 1294.6, Avg: 1294.6, Max: 1294.7, Diff: 0.1]
   [Code Root Fixup: 0.0 ms]
   [Code Root Purge: 0.0 ms]
   [Clear CT: 0.1 ms]
   [Other: 0.8 ms]
      [Choose CSet: 0.0 ms]
      [Ref Proc: 0.3 ms]
      [Ref Enq: 0.0 ms]
      [Redirty Cards: 0.1 ms]
      [Humongous Register: 0.1 ms]
      [Humongous Reclaim: 0.0 ms]
      [Free CSet: 0.1 ms]
   [Eden: 23.0M(23.0M)->0.0B(44.0M) Survivors: 28.0M->7168.0K Heap: 646.4M(1024.0M)->539.0M(1024.0M)]
 [Times: user=0.04 sys=0.01, real=0.01 secs] 
2021-08-14T11:06:11.111-0800: 1.304: [GC pause (G1 Evacuation Pause) (mixed), 0.0061785 secs]
   [Parallel Time: 5.2 ms, GC Workers: 10]
      [GC Worker Start (ms): Min: 1304.2, Avg: 1304.3, Max: 1304.4, Diff: 0.1]
      [Ext Root Scanning (ms): Min: 0.0, Avg: 0.1, Max: 0.2, Diff: 0.1, Sum: 1.1]
      [Update RS (ms): Min: 0.9, Avg: 0.9, Max: 1.0, Diff: 0.0, Sum: 9.4]
         [Processed Buffers: Min: 9, Avg: 10.4, Max: 13, Diff: 4, Sum: 104]
      [Scan RS (ms): Min: 0.0, Avg: 0.0, Max: 0.1, Diff: 0.0, Sum: 0.4]
      [Code Root Scanning (ms): Min: 0.0, Avg: 0.0, Max: 0.0, Diff: 0.0, Sum: 0.0]
      [Object Copy (ms): Min: 3.8, Avg: 3.8, Max: 3.9, Diff: 0.1, Sum: 38.4]
      [Termination (ms): Min: 0.0, Avg: 0.1, Max: 0.1, Diff: 0.1, Sum: 0.7]
         [Termination Attempts: Min: 1, Avg: 1.2, Max: 2, Diff: 1, Sum: 12]
      [GC Worker Other (ms): Min: 0.0, Avg: 0.0, Max: 0.0, Diff: 0.0, Sum: 0.1]
      [GC Worker Total (ms): Min: 4.9, Avg: 5.0, Max: 5.1, Diff: 0.2, Sum: 50.1]
      [GC Worker End (ms): Min: 1309.3, Avg: 1309.3, Max: 1309.4, Diff: 0.0]
   [Code Root Fixup: 0.0 ms]
   [Code Root Purge: 0.0 ms]
   [Clear CT: 0.2 ms]
   [Other: 0.8 ms]
      [Choose CSet: 0.0 ms]
      [Ref Proc: 0.4 ms]
      [Ref Enq: 0.0 ms]
      [Redirty Cards: 0.1 ms]
      [Humongous Register: 0.1 ms]
      [Humongous Reclaim: 0.0 ms]
      [Free CSet: 0.1 ms]
   [Eden: 44.0M(44.0M)->0.0B(254.0M) Survivors: 7168.0K->7168.0K Heap: 594.6M(1024.0M)->510.6M(1024.0M)]
 [Times: user=0.05 sys=0.00, real=0.00 secs] 
2021-08-14T11:06:11.118-0800: 1.311: [GC pause (G1 Humongous Allocation) (young) (initial-mark), 0.0017940 secs]
   [Parallel Time: 1.0 ms, GC Workers: 10]
      [GC Worker Start (ms): Min: 1311.0, Avg: 1311.1, Max: 1311.1, Diff: 0.1]
      [Ext Root Scanning (ms): Min: 0.1, Avg: 0.1, Max: 0.2, Diff: 0.1, Sum: 1.4]
      [Update RS (ms): Min: 0.0, Avg: 0.1, Max: 0.1, Diff: 0.1, Sum: 0.9]
         [Processed Buffers: Min: 1, Avg: 1.1, Max: 2, Diff: 1, Sum: 11]
      [Scan RS (ms): Min: 0.0, Avg: 0.0, Max: 0.0, Diff: 0.0, Sum: 0.0]
      [Code Root Scanning (ms): Min: 0.0, Avg: 0.0, Max: 0.0, Diff: 0.0, Sum: 0.0]
      [Object Copy (ms): Min: 0.5, Avg: 0.5, Max: 0.6, Diff: 0.1, Sum: 5.2]
      [Termination (ms): Min: 0.0, Avg: 0.0, Max: 0.1, Diff: 0.1, Sum: 0.4]
         [Termination Attempts: Min: 1, Avg: 1.0, Max: 1, Diff: 0, Sum: 10]
      [GC Worker Other (ms): Min: 0.0, Avg: 0.0, Max: 0.0, Diff: 0.0, Sum: 0.1]
      [GC Worker Total (ms): Min: 0.7, Avg: 0.8, Max: 0.9, Diff: 0.2, Sum: 8.0]
      [GC Worker End (ms): Min: 1311.9, Avg: 1311.9, Max: 1311.9, Diff: 0.0]
   [Code Root Fixup: 0.0 ms]
   [Code Root Purge: 0.0 ms]
   [Clear CT: 0.2 ms]
   [Other: 0.6 ms]
      [Choose CSet: 0.0 ms]
      [Ref Proc: 0.2 ms]
      [Ref Enq: 0.0 ms]
      [Redirty Cards: 0.2 ms]
      [Humongous Register: 0.1 ms]
      [Humongous Reclaim: 0.0 ms]
      [Free CSet: 0.0 ms]
   [Eden: 3072.0K(254.0M)->0.0B(241.0M) Survivors: 7168.0K->9216.0K Heap: 512.7M(1024.0M)->512.3M(1024.0M)]
 [Times: user=0.01 sys=0.00, real=0.00 secs] 
2021-08-14T11:06:11.119-0800: 1.313: [GC concurrent-root-region-scan-start]
2021-08-14T11:06:11.120-0800: 1.313: [GC concurrent-root-region-scan-end, 0.0000913 secs]
2021-08-14T11:06:11.120-0800: 1.313: [GC concurrent-mark-start]
2021-08-14T11:06:11.121-0800: 1.314: [GC concurrent-mark-end, 0.0011411 secs]
2021-08-14T11:06:11.121-0800: 1.314: [GC remark 2021-08-14T11:06:11.121-0800: 1.314: [Finalize Marking, 0.0003852 secs] 2021-08-14T11:06:11.121-0800: 1.315: [GC ref-proc, 0.0000620 secs] 2021-08-14T11:06:11.121-0800: 1.315: [Unloading, 0.0004942 secs], 0.0018398 secs]
 [Times: user=0.01 sys=0.00, real=0.00 secs] 
2021-08-14T11:06:11.123-0800: 1.316: [GC cleanup 519M->516M(1024M), 0.0008315 secs]
 [Times: user=0.00 sys=0.00, real=0.00 secs] 
2021-08-14T11:06:11.124-0800: 1.317: [GC concurrent-cleanup-start]
2021-08-14T11:06:11.124-0800: 1.317: [GC concurrent-cleanup-end, 0.0000102 secs]
2021-08-14T11:06:11.165-0800: 1.359: [GC pause (G1 Evacuation Pause) (young), 0.0074926 secs]
   [Parallel Time: 6.6 ms, GC Workers: 10]
      [GC Worker Start (ms): Min: 1358.7, Avg: 1358.8, Max: 1358.9, Diff: 0.2]
      [Ext Root Scanning (ms): Min: 0.0, Avg: 0.1, Max: 0.2, Diff: 0.2, Sum: 0.9]
      [Update RS (ms): Min: 1.3, Avg: 1.4, Max: 1.7, Diff: 0.4, Sum: 13.7]
         [Processed Buffers: Min: 3, Avg: 13.2, Max: 15, Diff: 12, Sum: 132]
      [Scan RS (ms): Min: 0.0, Avg: 0.0, Max: 0.0, Diff: 0.0, Sum: 0.2]
      [Code Root Scanning (ms): Min: 0.0, Avg: 0.0, Max: 0.0, Diff: 0.0, Sum: 0.0]
      [Object Copy (ms): Min: 4.2, Avg: 4.6, Max: 4.8, Diff: 0.6, Sum: 45.9]
      [Termination (ms): Min: 0.0, Avg: 0.3, Max: 0.5, Diff: 0.5, Sum: 2.8]
         [Termination Attempts: Min: 1, Avg: 1.4, Max: 2, Diff: 1, Sum: 14]
      [GC Worker Other (ms): Min: 0.0, Avg: 0.0, Max: 0.0, Diff: 0.0, Sum: 0.1]
      [GC Worker Total (ms): Min: 6.3, Avg: 6.4, Max: 6.5, Diff: 0.2, Sum: 63.8]
      [GC Worker End (ms): Min: 1365.1, Avg: 1365.2, Max: 1365.3, Diff: 0.2]
   [Code Root Fixup: 0.0 ms]
   [Code Root Purge: 0.0 ms]
   [Clear CT: 0.2 ms]
   [Other: 0.7 ms]
      [Choose CSet: 0.0 ms]
      [Ref Proc: 0.2 ms]
      [Ref Enq: 0.0 ms]
      [Redirty Cards: 0.1 ms]
      [Humongous Register: 0.1 ms]
      [Humongous Reclaim: 0.1 ms]
      [Free CSet: 0.1 ms]
   [Eden: 241.0M(241.0M)->0.0B(19.0M) Survivors: 9216.0K->32.0M Heap: 807.0M(1024.0M)->561.6M(1024.0M)]
 [Times: user=0.06 sys=0.00, real=0.01 secs] 
2021-08-14T11:06:11.176-0800: 1.370: [GC pause (G1 Evacuation Pause) (mixed), 0.0075363 secs]
   [Parallel Time: 6.5 ms, GC Workers: 10]
      [GC Worker Start (ms): Min: 1369.8, Avg: 1369.9, Max: 1369.9, Diff: 0.1]
      [Ext Root Scanning (ms): Min: 0.1, Avg: 0.2, Max: 0.8, Diff: 0.7, Sum: 1.8]
      [Update RS (ms): Min: 0.0, Avg: 0.5, Max: 0.6, Diff: 0.6, Sum: 5.3]
         [Processed Buffers: Min: 0, Avg: 6.4, Max: 8, Diff: 8, Sum: 64]
      [Scan RS (ms): Min: 0.0, Avg: 0.0, Max: 0.1, Diff: 0.1, Sum: 0.4]
      [Code Root Scanning (ms): Min: 0.0, Avg: 0.0, Max: 0.0, Diff: 0.0, Sum: 0.0]
      [Object Copy (ms): Min: 4.8, Avg: 4.8, Max: 5.5, Diff: 0.7, Sum: 48.5]
      [Termination (ms): Min: 0.0, Avg: 0.7, Max: 0.8, Diff: 0.8, Sum: 6.6]
         [Termination Attempts: Min: 1, Avg: 1.8, Max: 5, Diff: 4, Sum: 18]
      [GC Worker Other (ms): Min: 0.0, Avg: 0.0, Max: 0.0, Diff: 0.0, Sum: 0.1]
      [GC Worker Total (ms): Min: 6.2, Avg: 6.3, Max: 6.3, Diff: 0.1, Sum: 62.8]
      [GC Worker End (ms): Min: 1376.1, Avg: 1376.2, Max: 1376.2, Diff: 0.1]
   [Code Root Fixup: 0.0 ms]
   [Code Root Purge: 0.0 ms]
   [Clear CT: 0.1 ms]
   [Other: 0.9 ms]
      [Choose CSet: 0.0 ms]
      [Ref Proc: 0.3 ms]
      [Ref Enq: 0.0 ms]
      [Redirty Cards: 0.2 ms]
      [Humongous Register: 0.1 ms]
      [Humongous Reclaim: 0.0 ms]
      [Free CSet: 0.1 ms]
   [Eden: 19.0M(19.0M)->0.0B(45.0M) Survivors: 32.0M->6144.0K Heap: 587.1M(1024.0M)->496.7M(1024.0M)]
 [Times: user=0.06 sys=0.01, real=0.01 secs] 
2021-08-14T11:06:11.193-0800: 1.386: [GC pause (G1 Evacuation Pause) (mixed), 0.0037688 secs]
   [Parallel Time: 2.9 ms, GC Workers: 10]
      [GC Worker Start (ms): Min: 1386.2, Avg: 1386.3, Max: 1386.3, Diff: 0.1]
      [Ext Root Scanning (ms): Min: 0.0, Avg: 0.1, Max: 0.2, Diff: 0.1, Sum: 1.1]
      [Update RS (ms): Min: 0.8, Avg: 0.8, Max: 0.8, Diff: 0.1, Sum: 8.0]
         [Processed Buffers: Min: 8, Avg: 8.7, Max: 10, Diff: 2, Sum: 87]
      [Scan RS (ms): Min: 0.0, Avg: 0.0, Max: 0.0, Diff: 0.0, Sum: 0.2]
      [Code Root Scanning (ms): Min: 0.0, Avg: 0.0, Max: 0.0, Diff: 0.0, Sum: 0.0]
      [Object Copy (ms): Min: 1.7, Avg: 1.7, Max: 1.8, Diff: 0.1, Sum: 17.3]
      [Termination (ms): Min: 0.0, Avg: 0.1, Max: 0.1, Diff: 0.1, Sum: 0.6]
         [Termination Attempts: Min: 1, Avg: 1.0, Max: 1, Diff: 0, Sum: 10]
      [GC Worker Other (ms): Min: 0.0, Avg: 0.0, Max: 0.0, Diff: 0.0, Sum: 0.1]
      [GC Worker Total (ms): Min: 2.7, Avg: 2.7, Max: 2.8, Diff: 0.2, Sum: 27.3]
      [GC Worker End (ms): Min: 1389.0, Avg: 1389.0, Max: 1389.0, Diff: 0.1]
   [Code Root Fixup: 0.0 ms]
   [Code Root Purge: 0.0 ms]
   [Clear CT: 0.2 ms]
   [Other: 0.7 ms]
      [Choose CSet: 0.0 ms]
      [Ref Proc: 0.2 ms]
      [Ref Enq: 0.0 ms]
      [Redirty Cards: 0.2 ms]
      [Humongous Register: 0.1 ms]
      [Humongous Reclaim: 0.0 ms]
      [Free CSet: 0.1 ms]
   [Eden: 45.0M(45.0M)->0.0B(262.0M) Survivors: 6144.0K->7168.0K Heap: 551.1M(1024.0M)->495.8M(1024.0M)]
 [Times: user=0.02 sys=0.00, real=0.00 secs] 
2021-08-14T11:06:11.197-0800: 1.391: [GC pause (G1 Humongous Allocation) (young) (initial-mark), 0.0016591 secs]
   [Parallel Time: 0.9 ms, GC Workers: 10]
      [GC Worker Start (ms): Min: 1390.9, Avg: 1391.0, Max: 1391.0, Diff: 0.1]
      [Ext Root Scanning (ms): Min: 0.1, Avg: 0.1, Max: 0.2, Diff: 0.1, Sum: 1.2]
      [Update RS (ms): Min: 0.0, Avg: 0.1, Max: 0.1, Diff: 0.1, Sum: 0.7]
         [Processed Buffers: Min: 1, Avg: 1.1, Max: 2, Diff: 1, Sum: 11]
      [Scan RS (ms): Min: 0.0, Avg: 0.0, Max: 0.0, Diff: 0.0, Sum: 0.0]
      [Code Root Scanning (ms): Min: 0.0, Avg: 0.0, Max: 0.0, Diff: 0.0, Sum: 0.0]
      [Object Copy (ms): Min: 0.4, Avg: 0.5, Max: 0.6, Diff: 0.2, Sum: 5.1]
      [Termination (ms): Min: 0.0, Avg: 0.1, Max: 0.1, Diff: 0.1, Sum: 0.6]
         [Termination Attempts: Min: 1, Avg: 1.0, Max: 1, Diff: 0, Sum: 10]
      [GC Worker Other (ms): Min: 0.0, Avg: 0.0, Max: 0.0, Diff: 0.0, Sum: 0.1]
      [GC Worker Total (ms): Min: 0.7, Avg: 0.8, Max: 0.9, Diff: 0.2, Sum: 7.6]
      [GC Worker End (ms): Min: 1391.7, Avg: 1391.7, Max: 1391.8, Diff: 0.0]
   [Code Root Fixup: 0.0 ms]
   [Code Root Purge: 0.0 ms]
   [Clear CT: 0.1 ms]
   [Other: 0.6 ms]
      [Choose CSet: 0.0 ms]
      [Ref Proc: 0.3 ms]
      [Ref Enq: 0.0 ms]
      [Redirty Cards: 0.1 ms]
      [Humongous Register: 0.1 ms]
      [Humongous Reclaim: 0.0 ms]
      [Free CSet: 0.0 ms]
   [Eden: 5120.0K(262.0M)->0.0B(265.0M) Survivors: 7168.0K->9216.0K Heap: 500.8M(1024.0M)->496.8M(1024.0M)]
 [Times: user=0.01 sys=0.00, real=0.00 secs] 
2021-08-14T11:06:11.199-0800: 1.393: [GC concurrent-root-region-scan-start]
2021-08-14T11:06:11.199-0800: 1.393: [GC concurrent-root-region-scan-end, 0.0000779 secs]
2021-08-14T11:06:11.199-0800: 1.393: [GC concurrent-mark-start]
2021-08-14T11:06:11.200-0800: 1.394: [GC concurrent-mark-end, 0.0010977 secs]
2021-08-14T11:06:11.201-0800: 1.394: [GC remark 2021-08-14T11:06:11.201-0800: 1.394: [Finalize Marking, 0.0002159 secs] 2021-08-14T11:06:11.201-0800: 1.394: [GC ref-proc, 0.0000720 secs] 2021-08-14T11:06:11.201-0800: 1.394: [Unloading, 0.0004192 secs], 0.0014390 secs]
 [Times: user=0.01 sys=0.00, real=0.00 secs] 
2021-08-14T11:06:11.202-0800: 1.395: [GC cleanup 506M->505M(1024M), 0.0008912 secs]
 [Times: user=0.00 sys=0.00, real=0.00 secs] 
2021-08-14T11:06:11.203-0800: 1.396: [GC concurrent-cleanup-start]
2021-08-14T11:06:11.203-0800: 1.396: [GC concurrent-cleanup-end, 0.0000086 secs]
2021-08-14T11:06:11.247-0800: 1.440: [GC pause (G1 Evacuation Pause) (young) (to-space exhausted), 0.0086525 secs]
   [Parallel Time: 7.5 ms, GC Workers: 10]
      [GC Worker Start (ms): Min: 1440.5, Avg: 1440.6, Max: 1440.6, Diff: 0.1]
      [Ext Root Scanning (ms): Min: 0.1, Avg: 0.1, Max: 0.2, Diff: 0.1, Sum: 1.0]
      [Update RS (ms): Min: 1.6, Avg: 1.6, Max: 1.7, Diff: 0.1, Sum: 16.1]
         [Processed Buffers: Min: 15, Avg: 17.0, Max: 18, Diff: 3, Sum: 170]
      [Scan RS (ms): Min: 0.0, Avg: 0.0, Max: 0.0, Diff: 0.0, Sum: 0.3]
      [Code Root Scanning (ms): Min: 0.0, Avg: 0.0, Max: 0.0, Diff: 0.0, Sum: 0.0]
      [Object Copy (ms): Min: 5.4, Avg: 5.5, Max: 5.5, Diff: 0.1, Sum: 54.7]
      [Termination (ms): Min: 0.0, Avg: 0.1, Max: 0.1, Diff: 0.1, Sum: 0.6]
         [Termination Attempts: Min: 1, Avg: 1.0, Max: 1, Diff: 0, Sum: 10]
      [GC Worker Other (ms): Min: 0.0, Avg: 0.0, Max: 0.0, Diff: 0.0, Sum: 0.2]
      [GC Worker Total (ms): Min: 7.2, Avg: 7.3, Max: 7.4, Diff: 0.2, Sum: 72.9]
      [GC Worker End (ms): Min: 1447.8, Avg: 1447.8, Max: 1447.9, Diff: 0.1]
   [Code Root Fixup: 0.0 ms]
   [Code Root Purge: 0.0 ms]
   [Clear CT: 0.2 ms]
   [Other: 1.0 ms]
      [Evacuation Failure: 0.2 ms]
      [Choose CSet: 0.0 ms]
      [Ref Proc: 0.3 ms]
      [Ref Enq: 0.0 ms]
      [Redirty Cards: 0.2 ms]
      [Humongous Register: 0.1 ms]
      [Humongous Reclaim: 0.1 ms]
      [Free CSet: 0.1 ms]
   [Eden: 265.0M(265.0M)->0.0B(16.0M) Survivors: 9216.0K->35.0M Heap: 834.0M(1024.0M)->578.0M(1024.0M)]
 [Times: user=0.07 sys=0.00, real=0.01 secs] 
2021-08-14T11:06:11.258-0800: 1.452: [GC pause (G1 Evacuation Pause) (mixed), 0.0067852 secs]
   [Parallel Time: 5.7 ms, GC Workers: 10]
      [GC Worker Start (ms): Min: 1451.8, Avg: 1451.8, Max: 1451.9, Diff: 0.1]
      [Ext Root Scanning (ms): Min: 0.1, Avg: 0.1, Max: 0.2, Diff: 0.1, Sum: 1.1]
      [Update RS (ms): Min: 0.4, Avg: 0.4, Max: 0.4, Diff: 0.0, Sum: 3.8]
         [Processed Buffers: Min: 4, Avg: 4.7, Max: 6, Diff: 2, Sum: 47]
      [Scan RS (ms): Min: 0.0, Avg: 0.0, Max: 0.1, Diff: 0.1, Sum: 0.5]
      [Code Root Scanning (ms): Min: 0.0, Avg: 0.0, Max: 0.0, Diff: 0.0, Sum: 0.0]
      [Object Copy (ms): Min: 4.9, Avg: 4.9, Max: 5.0, Diff: 0.1, Sum: 49.1]
      [Termination (ms): Min: 0.0, Avg: 0.1, Max: 0.1, Diff: 0.1, Sum: 0.6]
         [Termination Attempts: Min: 1, Avg: 1.0, Max: 1, Diff: 0, Sum: 10]
      [GC Worker Other (ms): Min: 0.0, Avg: 0.0, Max: 0.0, Diff: 0.0, Sum: 0.1]
      [GC Worker Total (ms): Min: 5.4, Avg: 5.5, Max: 5.6, Diff: 0.2, Sum: 55.2]
      [GC Worker End (ms): Min: 1457.3, Avg: 1457.4, Max: 1457.4, Diff: 0.1]
   [Code Root Fixup: 0.0 ms]
   [Code Root Purge: 0.0 ms]
   [Clear CT: 0.2 ms]
   [Other: 0.9 ms]
      [Choose CSet: 0.0 ms]
      [Ref Proc: 0.4 ms]
      [Ref Enq: 0.0 ms]
      [Redirty Cards: 0.2 ms]
      [Humongous Register: 0.1 ms]
      [Humongous Reclaim: 0.0 ms]
      [Free CSet: 0.1 ms]
   [Eden: 16.0M(16.0M)->0.0B(44.0M) Survivors: 35.0M->7168.0K Heap: 598.3M(1024.0M)->513.7M(1024.0M)]
 [Times: user=0.06 sys=0.01, real=0.01 secs] 
2021-08-14T11:06:11.274-0800: 1.468: [GC pause (G1 Evacuation Pause) (mixed), 0.0041763 secs]
   [Parallel Time: 3.3 ms, GC Workers: 10]
      [GC Worker Start (ms): Min: 1467.9, Avg: 1468.0, Max: 1468.1, Diff: 0.1]
      [Ext Root Scanning (ms): Min: 0.1, Avg: 0.1, Max: 0.2, Diff: 0.1, Sum: 1.1]
      [Update RS (ms): Min: 1.4, Avg: 1.5, Max: 1.5, Diff: 0.1, Sum: 14.7]
         [Processed Buffers: Min: 13, Avg: 14.8, Max: 18, Diff: 5, Sum: 148]
      [Scan RS (ms): Min: 0.0, Avg: 0.0, Max: 0.0, Diff: 0.0, Sum: 0.2]
      [Code Root Scanning (ms): Min: 0.0, Avg: 0.0, Max: 0.0, Diff: 0.0, Sum: 0.0]
      [Object Copy (ms): Min: 1.4, Avg: 1.5, Max: 1.5, Diff: 0.1, Sum: 14.6]
      [Termination (ms): Min: 0.0, Avg: 0.1, Max: 0.1, Diff: 0.1, Sum: 0.7]
         [Termination Attempts: Min: 1, Avg: 1.1, Max: 2, Diff: 1, Sum: 11]
      [GC Worker Other (ms): Min: 0.0, Avg: 0.0, Max: 0.0, Diff: 0.0, Sum: 0.1]
      [GC Worker Total (ms): Min: 3.1, Avg: 3.1, Max: 3.3, Diff: 0.2, Sum: 31.5]
      [GC Worker End (ms): Min: 1471.1, Avg: 1471.2, Max: 1471.2, Diff: 0.0]
   [Code Root Fixup: 0.0 ms]
   [Code Root Purge: 0.0 ms]
   [Clear CT: 0.2 ms]
   [Other: 0.7 ms]
      [Choose CSet: 0.0 ms]
      [Ref Proc: 0.3 ms]
      [Ref Enq: 0.0 ms]
      [Redirty Cards: 0.1 ms]
      [Humongous Register: 0.1 ms]
      [Humongous Reclaim: 0.0 ms]
      [Free CSet: 0.0 ms]
   [Eden: 44.0M(44.0M)->0.0B(241.0M) Survivors: 7168.0K->7168.0K Heap: 574.7M(1024.0M)->526.6M(1024.0M)]
 [Times: user=0.04 sys=0.00, real=0.00 secs] 
2021-08-14T11:06:11.279-0800: 1.473: [GC pause (G1 Humongous Allocation) (young) (initial-mark), 0.0016833 secs]
   [Parallel Time: 0.8 ms, GC Workers: 10]
      [GC Worker Start (ms): Min: 1472.9, Avg: 1472.9, Max: 1473.0, Diff: 0.1]
      [Ext Root Scanning (ms): Min: 0.1, Avg: 0.1, Max: 0.2, Diff: 0.1, Sum: 1.3]
      [Update RS (ms): Min: 0.0, Avg: 0.1, Max: 0.2, Diff: 0.2, Sum: 0.7]
         [Processed Buffers: Min: 1, Avg: 1.0, Max: 1, Diff: 0, Sum: 10]
      [Scan RS (ms): Min: 0.0, Avg: 0.0, Max: 0.0, Diff: 0.0, Sum: 0.0]
      [Code Root Scanning (ms): Min: 0.0, Avg: 0.0, Max: 0.0, Diff: 0.0, Sum: 0.0]
      [Object Copy (ms): Min: 0.3, Avg: 0.4, Max: 0.5, Diff: 0.2, Sum: 4.0]
      [Termination (ms): Min: 0.0, Avg: 0.1, Max: 0.1, Diff: 0.1, Sum: 0.6]
         [Termination Attempts: Min: 1, Avg: 1.0, Max: 1, Diff: 0, Sum: 10]
      [GC Worker Other (ms): Min: 0.0, Avg: 0.0, Max: 0.0, Diff: 0.0, Sum: 0.1]
      [GC Worker Total (ms): Min: 0.6, Avg: 0.7, Max: 0.8, Diff: 0.1, Sum: 6.8]
      [GC Worker End (ms): Min: 1473.6, Avg: 1473.6, Max: 1473.6, Diff: 0.0]
   [Code Root Fixup: 0.0 ms]
   [Code Root Purge: 0.0 ms]
   [Clear CT: 0.2 ms]
   [Other: 0.7 ms]
      [Choose CSet: 0.0 ms]
      [Ref Proc: 0.3 ms]
      [Ref Enq: 0.0 ms]
      [Redirty Cards: 0.1 ms]
      [Humongous Register: 0.1 ms]
      [Humongous Reclaim: 0.0 ms]
      [Free CSet: 0.0 ms]
   [Eden: 3072.0K(241.0M)->0.0B(253.0M) Survivors: 7168.0K->7168.0K Heap: 529.0M(1024.0M)->525.9M(1024.0M)]
 [Times: user=0.01 sys=0.00, real=0.01 secs] 
2021-08-14T11:06:11.281-0800: 1.474: [GC concurrent-root-region-scan-start]
2021-08-14T11:06:11.281-0800: 1.475: [GC concurrent-root-region-scan-end, 0.0000839 secs]
2021-08-14T11:06:11.281-0800: 1.475: [GC concurrent-mark-start]
2021-08-14T11:06:11.282-0800: 1.476: [GC concurrent-mark-end, 0.0011071 secs]
2021-08-14T11:06:11.282-0800: 1.476: [GC remark 2021-08-14T11:06:11.283-0800: 1.476: [Finalize Marking, 0.0002827 secs] 2021-08-14T11:06:11.283-0800: 1.476: [GC ref-proc, 0.0000515 secs] 2021-08-14T11:06:11.283-0800: 1.476: [Unloading, 0.0005016 secs], 0.0015389 secs]
 [Times: user=0.01 sys=0.00, real=0.00 secs] 
2021-08-14T11:06:11.284-0800: 1.477: [GC cleanup 534M->527M(1024M), 0.0008509 secs]
 [Times: user=0.00 sys=0.00, real=0.00 secs] 
2021-08-14T11:06:11.285-0800: 1.478: [GC concurrent-cleanup-start]
2021-08-14T11:06:11.285-0800: 1.478: [GC concurrent-cleanup-end, 0.0000136 secs]
2021-08-14T11:06:11.326-0800: 1.519: [GC pause (G1 Evacuation Pause) (young), 0.0076628 secs]
   [Parallel Time: 6.7 ms, GC Workers: 10]
      [GC Worker Start (ms): Min: 1519.0, Avg: 1519.1, Max: 1519.2, Diff: 0.2]
      [Ext Root Scanning (ms): Min: 0.0, Avg: 0.1, Max: 0.2, Diff: 0.2, Sum: 0.9]
      [Update RS (ms): Min: 1.5, Avg: 1.5, Max: 1.5, Diff: 0.1, Sum: 15.3]
         [Processed Buffers: Min: 16, Avg: 16.5, Max: 21, Diff: 5, Sum: 165]
      [Scan RS (ms): Min: 0.0, Avg: 0.0, Max: 0.0, Diff: 0.0, Sum: 0.2]
      [Code Root Scanning (ms): Min: 0.0, Avg: 0.0, Max: 0.0, Diff: 0.0, Sum: 0.0]
      [Object Copy (ms): Min: 4.8, Avg: 4.8, Max: 4.9, Diff: 0.1, Sum: 48.3]
      [Termination (ms): Min: 0.0, Avg: 0.1, Max: 0.1, Diff: 0.1, Sum: 0.5]
         [Termination Attempts: Min: 1, Avg: 1.4, Max: 2, Diff: 1, Sum: 14]
      [GC Worker Other (ms): Min: 0.0, Avg: 0.0, Max: 0.0, Diff: 0.0, Sum: 0.1]
      [GC Worker Total (ms): Min: 6.5, Avg: 6.5, Max: 6.6, Diff: 0.2, Sum: 65.4]
      [GC Worker End (ms): Min: 1525.7, Avg: 1525.7, Max: 1525.7, Diff: 0.1]
   [Code Root Fixup: 0.0 ms]
   [Code Root Purge: 0.0 ms]
   [Clear CT: 0.2 ms]
   [Other: 0.8 ms]
      [Choose CSet: 0.0 ms]
      [Ref Proc: 0.3 ms]
      [Ref Enq: 0.0 ms]
      [Redirty Cards: 0.1 ms]
      [Humongous Register: 0.1 ms]
      [Humongous Reclaim: 0.1 ms]
      [Free CSet: 0.1 ms]
   [Eden: 253.0M(253.0M)->0.0B(18.0M) Survivors: 7168.0K->33.0M Heap: 831.9M(1024.0M)->578.2M(1024.0M)]
 [Times: user=0.07 sys=0.00, real=0.01 secs] 
2021-08-14T11:06:11.336-0800: 1.529: [GC pause (G1 Evacuation Pause) (mixed), 0.0061855 secs]
   [Parallel Time: 5.2 ms, GC Workers: 10]
      [GC Worker Start (ms): Min: 1529.5, Avg: 1529.6, Max: 1529.7, Diff: 0.1]
      [Ext Root Scanning (ms): Min: 0.1, Avg: 0.1, Max: 0.2, Diff: 0.1, Sum: 1.1]
      [Update RS (ms): Min: 0.3, Avg: 0.4, Max: 0.4, Diff: 0.1, Sum: 3.7]
         [Processed Buffers: Min: 4, Avg: 4.5, Max: 6, Diff: 2, Sum: 45]
      [Scan RS (ms): Min: 0.0, Avg: 0.0, Max: 0.1, Diff: 0.1, Sum: 0.4]
      [Code Root Scanning (ms): Min: 0.0, Avg: 0.0, Max: 0.0, Diff: 0.0, Sum: 0.0]
      [Object Copy (ms): Min: 4.4, Avg: 4.4, Max: 4.5, Diff: 0.1, Sum: 44.4]
      [Termination (ms): Min: 0.0, Avg: 0.1, Max: 0.1, Diff: 0.1, Sum: 0.9]
         [Termination Attempts: Min: 1, Avg: 1.0, Max: 1, Diff: 0, Sum: 10]
      [GC Worker Other (ms): Min: 0.0, Avg: 0.0, Max: 0.0, Diff: 0.0, Sum: 0.1]
      [GC Worker Total (ms): Min: 5.0, Avg: 5.1, Max: 5.2, Diff: 0.1, Sum: 50.7]
      [GC Worker End (ms): Min: 1534.6, Avg: 1534.7, Max: 1534.7, Diff: 0.1]
   [Code Root Fixup: 0.0 ms]
   [Code Root Purge: 0.0 ms]
   [Clear CT: 0.2 ms]
   [Other: 0.8 ms]
      [Choose CSet: 0.0 ms]
      [Ref Proc: 0.3 ms]
      [Ref Enq: 0.0 ms]
      [Redirty Cards: 0.1 ms]
      [Humongous Register: 0.1 ms]
      [Humongous Reclaim: 0.0 ms]
      [Free CSet: 0.1 ms]
   [Eden: 18.0M(18.0M)->0.0B(44.0M) Survivors: 33.0M->7168.0K Heap: 600.4M(1024.0M)->507.1M(1024.0M)]
 [Times: user=0.05 sys=0.00, real=0.01 secs] 
2021-08-14T11:06:11.351-0800: 1.544: [GC pause (G1 Evacuation Pause) (mixed), 0.0039711 secs]
   [Parallel Time: 3.2 ms, GC Workers: 10]
      [GC Worker Start (ms): Min: 1544.6, Avg: 1544.7, Max: 1544.8, Diff: 0.1]
      [Ext Root Scanning (ms): Min: 0.0, Avg: 0.1, Max: 0.2, Diff: 0.1, Sum: 1.0]
      [Update RS (ms): Min: 0.6, Avg: 0.6, Max: 0.6, Diff: 0.1, Sum: 6.1]
         [Processed Buffers: Min: 6, Avg: 6.7, Max: 8, Diff: 2, Sum: 67]
      [Scan RS (ms): Min: 0.0, Avg: 0.0, Max: 0.1, Diff: 0.0, Sum: 0.2]
      [Code Root Scanning (ms): Min: 0.0, Avg: 0.0, Max: 0.0, Diff: 0.0, Sum: 0.0]
      [Object Copy (ms): Min: 2.1, Avg: 2.1, Max: 2.2, Diff: 0.1, Sum: 21.4]
      [Termination (ms): Min: 0.0, Avg: 0.1, Max: 0.1, Diff: 0.1, Sum: 0.8]
         [Termination Attempts: Min: 1, Avg: 1.0, Max: 1, Diff: 0, Sum: 10]
      [GC Worker Other (ms): Min: 0.0, Avg: 0.0, Max: 0.0, Diff: 0.0, Sum: 0.1]
      [GC Worker Total (ms): Min: 2.9, Avg: 3.0, Max: 3.0, Diff: 0.1, Sum: 29.7]
      [GC Worker End (ms): Min: 1547.7, Avg: 1547.7, Max: 1547.7, Diff: 0.1]
   [Code Root Fixup: 0.0 ms]
   [Code Root Purge: 0.0 ms]
   [Clear CT: 0.2 ms]
   [Other: 0.6 ms]
      [Choose CSet: 0.0 ms]
      [Ref Proc: 0.2 ms]
      [Ref Enq: 0.0 ms]
      [Redirty Cards: 0.1 ms]
      [Humongous Register: 0.1 ms]
      [Humongous Reclaim: 0.0 ms]
      [Free CSet: 0.1 ms]
   [Eden: 44.0M(44.0M)->0.0B(274.0M) Survivors: 7168.0K->7168.0K Heap: 558.1M(1024.0M)->496.6M(1024.0M)]
 [Times: user=0.03 sys=0.01, real=0.00 secs] 
2021-08-14T11:06:11.356-0800: 1.550: [GC pause (G1 Humongous Allocation) (young) (initial-mark), 0.0017885 secs]
   [Parallel Time: 0.9 ms, GC Workers: 10]
      [GC Worker Start (ms): Min: 1549.7, Avg: 1549.8, Max: 1549.8, Diff: 0.1]
      [Ext Root Scanning (ms): Min: 0.1, Avg: 0.1, Max: 0.2, Diff: 0.1, Sum: 1.3]
      [Update RS (ms): Min: 0.0, Avg: 0.1, Max: 0.2, Diff: 0.1, Sum: 0.8]
         [Processed Buffers: Min: 1, Avg: 1.1, Max: 2, Diff: 1, Sum: 11]
      [Scan RS (ms): Min: 0.0, Avg: 0.0, Max: 0.0, Diff: 0.0, Sum: 0.0]
      [Code Root Scanning (ms): Min: 0.0, Avg: 0.0, Max: 0.0, Diff: 0.0, Sum: 0.0]
      [Object Copy (ms): Min: 0.4, Avg: 0.5, Max: 0.6, Diff: 0.1, Sum: 4.9]
      [Termination (ms): Min: 0.0, Avg: 0.1, Max: 0.2, Diff: 0.2, Sum: 0.6]
         [Termination Attempts: Min: 1, Avg: 1.0, Max: 1, Diff: 0, Sum: 10]
      [GC Worker Other (ms): Min: 0.0, Avg: 0.0, Max: 0.0, Diff: 0.0, Sum: 0.1]
      [GC Worker Total (ms): Min: 0.7, Avg: 0.8, Max: 0.8, Diff: 0.1, Sum: 7.6]
      [GC Worker End (ms): Min: 1550.5, Avg: 1550.5, Max: 1550.6, Diff: 0.1]
   [Code Root Fixup: 0.0 ms]
   [Code Root Purge: 0.0 ms]
   [Clear CT: 0.2 ms]
   [Other: 0.7 ms]
      [Choose CSet: 0.0 ms]
      [Ref Proc: 0.3 ms]
      [Ref Enq: 0.0 ms]
      [Redirty Cards: 0.2 ms]
      [Humongous Register: 0.1 ms]
      [Humongous Reclaim: 0.0 ms]
      [Free CSet: 0.0 ms]
   [Eden: 4096.0K(274.0M)->0.0B(284.0M) Survivors: 7168.0K->8192.0K Heap: 500.6M(1024.0M)->496.8M(1024.0M)]
 [Times: user=0.01 sys=0.00, real=0.00 secs] 
2021-08-14T11:06:11.358-0800: 1.551: [GC concurrent-root-region-scan-start]
2021-08-14T11:06:11.358-0800: 1.552: [GC concurrent-root-region-scan-end, 0.0000864 secs]
2021-08-14T11:06:11.358-0800: 1.552: [GC concurrent-mark-start]
2021-08-14T11:06:11.359-0800: 1.553: [GC concurrent-mark-end, 0.0011135 secs]
2021-08-14T11:06:11.360-0800: 1.553: [GC remark 2021-08-14T11:06:11.360-0800: 1.553: [Finalize Marking, 0.0003080 secs] 2021-08-14T11:06:11.360-0800: 1.553: [GC ref-proc, 0.0000555 secs] 2021-08-14T11:06:11.360-0800: 1.553: [Unloading, 0.0004871 secs], 0.0016044 secs]
 [Times: user=0.01 sys=0.00, real=0.00 secs] 
2021-08-14T11:06:11.361-0800: 1.555: [GC cleanup 505M->502M(1024M), 0.0008193 secs]
 [Times: user=0.00 sys=0.00, real=0.00 secs] 
2021-08-14T11:06:11.362-0800: 1.555: [GC concurrent-cleanup-start]
2021-08-14T11:06:11.362-0800: 1.555: [GC concurrent-cleanup-end, 0.0000093 secs]
2021-08-14T11:06:11.411-0800: 1.604: [GC pause (G1 Evacuation Pause) (young) (to-space exhausted), 0.0071589 secs]
   [Parallel Time: 5.9 ms, GC Workers: 10]
      [GC Worker Start (ms): Min: 1604.5, Avg: 1604.6, Max: 1604.7, Diff: 0.1]
      [Ext Root Scanning (ms): Min: 0.0, Avg: 0.1, Max: 0.2, Diff: 0.1, Sum: 1.0]
      [Update RS (ms): Min: 1.8, Avg: 1.8, Max: 1.8, Diff: 0.1, Sum: 17.9]
         [Processed Buffers: Min: 15, Avg: 18.9, Max: 23, Diff: 8, Sum: 189]
      [Scan RS (ms): Min: 0.0, Avg: 0.0, Max: 0.0, Diff: 0.0, Sum: 0.3]
      [Code Root Scanning (ms): Min: 0.0, Avg: 0.0, Max: 0.0, Diff: 0.0, Sum: 0.0]
      [Object Copy (ms): Min: 3.8, Avg: 3.8, Max: 3.8, Diff: 0.0, Sum: 38.0]
      [Termination (ms): Min: 0.0, Avg: 0.0, Max: 0.1, Diff: 0.1, Sum: 0.3]
         [Termination Attempts: Min: 1, Avg: 1.5, Max: 2, Diff: 1, Sum: 15]
      [GC Worker Other (ms): Min: 0.0, Avg: 0.0, Max: 0.0, Diff: 0.0, Sum: 0.1]
      [GC Worker Total (ms): Min: 5.7, Avg: 5.8, Max: 5.9, Diff: 0.1, Sum: 57.6]
      [GC Worker End (ms): Min: 1610.4, Avg: 1610.4, Max: 1610.4, Diff: 0.0]
   [Code Root Fixup: 0.0 ms]
   [Code Root Purge: 0.0 ms]
   [Clear CT: 0.2 ms]
   [Other: 1.1 ms]
      [Evacuation Failure: 0.3 ms]
      [Choose CSet: 0.0 ms]
      [Ref Proc: 0.3 ms]
      [Ref Enq: 0.0 ms]
      [Redirty Cards: 0.1 ms]
      [Humongous Register: 0.1 ms]
      [Humongous Reclaim: 0.1 ms]
      [Free CSet: 0.1 ms]
   [Eden: 284.0M(284.0M)->0.0B(14.0M) Survivors: 8192.0K->37.0M Heap: 858.0M(1024.0M)->680.9M(1024.0M)]
 [Times: user=0.06 sys=0.00, real=0.00 secs] 
2021-08-14T11:06:11.421-0800: 1.614: [GC pause (G1 Evacuation Pause) (mixed), 0.0066472 secs]
   [Parallel Time: 5.6 ms, GC Workers: 10]
      [GC Worker Start (ms): Min: 1614.4, Avg: 1614.5, Max: 1614.6, Diff: 0.1]
      [Ext Root Scanning (ms): Min: 0.1, Avg: 0.1, Max: 0.2, Diff: 0.1, Sum: 1.1]
      [Update RS (ms): Min: 0.2, Avg: 0.3, Max: 0.3, Diff: 0.1, Sum: 2.9]
         [Processed Buffers: Min: 3, Avg: 3.8, Max: 5, Diff: 2, Sum: 38]
      [Scan RS (ms): Min: 0.0, Avg: 0.0, Max: 0.1, Diff: 0.1, Sum: 0.4]
      [Code Root Scanning (ms): Min: 0.0, Avg: 0.0, Max: 0.0, Diff: 0.0, Sum: 0.0]
      [Object Copy (ms): Min: 4.8, Avg: 4.8, Max: 4.9, Diff: 0.1, Sum: 48.0]
      [Termination (ms): Min: 0.0, Avg: 0.1, Max: 0.1, Diff: 0.1, Sum: 0.9]
         [Termination Attempts: Min: 1, Avg: 1.0, Max: 1, Diff: 0, Sum: 10]
      [GC Worker Other (ms): Min: 0.0, Avg: 0.0, Max: 0.0, Diff: 0.0, Sum: 0.1]
      [GC Worker Total (ms): Min: 5.3, Avg: 5.3, Max: 5.4, Diff: 0.1, Sum: 53.5]
      [GC Worker End (ms): Min: 1619.9, Avg: 1619.9, Max: 1619.9, Diff: 0.1]
   [Code Root Fixup: 0.0 ms]
   [Code Root Purge: 0.0 ms]
   [Clear CT: 0.2 ms]
   [Other: 0.9 ms]
      [Choose CSet: 0.0 ms]
      [Ref Proc: 0.3 ms]
      [Ref Enq: 0.0 ms]
      [Redirty Cards: 0.2 ms]
      [Humongous Register: 0.1 ms]
      [Humongous Reclaim: 0.0 ms]
      [Free CSet: 0.1 ms]
   [Eden: 14.0M(14.0M)->0.0B(47.0M) Survivors: 37.0M->4096.0K Heap: 698.1M(1024.0M)->612.1M(1024.0M)]
 [Times: user=0.05 sys=0.00, real=0.00 secs] 
2021-08-14T11:06:11.437-0800: 1.630: [GC pause (G1 Evacuation Pause) (mixed), 0.0041797 secs]
   [Parallel Time: 3.3 ms, GC Workers: 10]
      [GC Worker Start (ms): Min: 1630.1, Avg: 1630.2, Max: 1630.2, Diff: 0.1]
      [Ext Root Scanning (ms): Min: 0.0, Avg: 0.1, Max: 0.2, Diff: 0.1, Sum: 1.1]
      [Update RS (ms): Min: 1.1, Avg: 1.1, Max: 1.2, Diff: 0.1, Sum: 11.4]
         [Processed Buffers: Min: 11, Avg: 12.1, Max: 15, Diff: 4, Sum: 121]
      [Scan RS (ms): Min: 0.0, Avg: 0.0, Max: 0.1, Diff: 0.1, Sum: 0.3]
      [Code Root Scanning (ms): Min: 0.0, Avg: 0.0, Max: 0.0, Diff: 0.0, Sum: 0.0]
      [Object Copy (ms): Min: 1.7, Avg: 1.8, Max: 1.8, Diff: 0.1, Sum: 17.7]
      [Termination (ms): Min: 0.0, Avg: 0.0, Max: 0.1, Diff: 0.1, Sum: 0.5]
         [Termination Attempts: Min: 1, Avg: 1.0, Max: 1, Diff: 0, Sum: 10]
      [GC Worker Other (ms): Min: 0.0, Avg: 0.0, Max: 0.0, Diff: 0.0, Sum: 0.1]
      [GC Worker Total (ms): Min: 3.0, Avg: 3.1, Max: 3.2, Diff: 0.1, Sum: 31.0]
      [GC Worker End (ms): Min: 1633.3, Avg: 1633.3, Max: 1633.3, Diff: 0.1]
   [Code Root Fixup: 0.0 ms]
   [Code Root Purge: 0.0 ms]
   [Clear CT: 0.2 ms]
   [Other: 0.7 ms]
      [Choose CSet: 0.0 ms]
      [Ref Proc: 0.3 ms]
      [Ref Enq: 0.0 ms]
      [Redirty Cards: 0.1 ms]
      [Humongous Register: 0.1 ms]
      [Humongous Reclaim: 0.0 ms]
      [Free CSet: 0.0 ms]
   [Eden: 47.0M(47.0M)->0.0B(181.0M) Survivors: 4096.0K->7168.0K Heap: 672.9M(1024.0M)->622.9M(1024.0M)]
 [Times: user=0.03 sys=0.00, real=0.01 secs] 
2021-08-14T11:06:11.441-0800: 1.635: [GC pause (G1 Humongous Allocation) (young) (initial-mark), 0.0017034 secs]
   [Parallel Time: 0.9 ms, GC Workers: 10]
      [GC Worker Start (ms): Min: 1634.9, Avg: 1635.0, Max: 1635.0, Diff: 0.1]
      [Ext Root Scanning (ms): Min: 0.1, Avg: 0.1, Max: 0.2, Diff: 0.1, Sum: 1.3]
      [Update RS (ms): Min: 0.0, Avg: 0.1, Max: 0.3, Diff: 0.3, Sum: 0.8]
         [Processed Buffers: Min: 1, Avg: 1.1, Max: 2, Diff: 1, Sum: 11]
      [Scan RS (ms): Min: 0.0, Avg: 0.0, Max: 0.0, Diff: 0.0, Sum: 0.0]
      [Code Root Scanning (ms): Min: 0.0, Avg: 0.0, Max: 0.0, Diff: 0.0, Sum: 0.0]
      [Object Copy (ms): Min: 0.2, Avg: 0.4, Max: 0.5, Diff: 0.3, Sum: 4.3]
      [Termination (ms): Min: 0.0, Avg: 0.1, Max: 0.1, Diff: 0.1, Sum: 0.6]
         [Termination Attempts: Min: 1, Avg: 1.0, Max: 1, Diff: 0, Sum: 10]
      [GC Worker Other (ms): Min: 0.0, Avg: 0.0, Max: 0.0, Diff: 0.0, Sum: 0.1]
      [GC Worker Total (ms): Min: 0.6, Avg: 0.7, Max: 0.8, Diff: 0.2, Sum: 7.1]
      [GC Worker End (ms): Min: 1635.7, Avg: 1635.7, Max: 1635.7, Diff: 0.1]
   [Code Root Fixup: 0.0 ms]
   [Code Root Purge: 0.0 ms]
   [Clear CT: 0.1 ms]
   [Other: 0.7 ms]
      [Choose CSet: 0.0 ms]
      [Ref Proc: 0.3 ms]
      [Ref Enq: 0.0 ms]
      [Redirty Cards: 0.2 ms]
      [Humongous Register: 0.1 ms]
      [Humongous Reclaim: 0.0 ms]
      [Free CSet: 0.0 ms]
   [Eden: 2048.0K(181.0M)->0.0B(189.0M) Survivors: 7168.0K->8192.0K Heap: 624.7M(1024.0M)->623.2M(1024.0M)]
 [Times: user=0.01 sys=0.00, real=0.00 secs] 
2021-08-14T11:06:11.443-0800: 1.637: [GC concurrent-root-region-scan-start]
2021-08-14T11:06:11.443-0800: 1.637: [GC concurrent-root-region-scan-end, 0.0000873 secs]
2021-08-14T11:06:11.443-0800: 1.637: [GC concurrent-mark-start]
2021-08-14T11:06:11.445-0800: 1.638: [GC concurrent-mark-end, 0.0011822 secs]
2021-08-14T11:06:11.445-0800: 1.638: [GC remark 2021-08-14T11:06:11.445-0800: 1.638: [Finalize Marking, 0.0002206 secs] 2021-08-14T11:06:11.445-0800: 1.638: [GC ref-proc, 0.0000573 secs] 2021-08-14T11:06:11.445-0800: 1.638: [Unloading, 0.0004821 secs], 0.0014971 secs]
 [Times: user=0.01 sys=0.01, real=0.00 secs] 
2021-08-14T11:06:11.446-0800: 1.640: [GC cleanup 634M->629M(1024M), 0.0007872 secs]
 [Times: user=0.00 sys=0.00, real=0.00 secs] 
2021-08-14T11:06:11.447-0800: 1.640: [GC concurrent-cleanup-start]
2021-08-14T11:06:11.447-0800: 1.640: [GC concurrent-cleanup-end, 0.0000124 secs]
2021-08-14T11:06:11.481-0800: 1.675: [GC pause (G1 Evacuation Pause) (young) (to-space exhausted), 0.0128510 secs]
   [Parallel Time: 11.7 ms, GC Workers: 10]
      [GC Worker Start (ms): Min: 1674.7, Avg: 1674.8, Max: 1674.8, Diff: 0.1]
      [Ext Root Scanning (ms): Min: 0.1, Avg: 0.1, Max: 0.2, Diff: 0.1, Sum: 1.1]
      [Update RS (ms): Min: 2.1, Avg: 2.1, Max: 2.1, Diff: 0.1, Sum: 21.2]
         [Processed Buffers: Min: 18, Avg: 22.2, Max: 25, Diff: 7, Sum: 222]
      [Scan RS (ms): Min: 0.0, Avg: 0.0, Max: 0.0, Diff: 0.0, Sum: 0.2]
      [Code Root Scanning (ms): Min: 0.0, Avg: 0.0, Max: 0.0, Diff: 0.0, Sum: 0.0]
      [Object Copy (ms): Min: 8.8, Avg: 8.9, Max: 9.1, Diff: 0.3, Sum: 89.2]
      [Termination (ms): Min: 0.0, Avg: 0.2, Max: 0.4, Diff: 0.4, Sum: 2.3]
         [Termination Attempts: Min: 1, Avg: 1.3, Max: 2, Diff: 1, Sum: 13]
      [GC Worker Other (ms): Min: 0.0, Avg: 0.0, Max: 0.0, Diff: 0.0, Sum: 0.2]
      [GC Worker Total (ms): Min: 11.3, Avg: 11.4, Max: 11.6, Diff: 0.3, Sum: 114.3]
      [GC Worker End (ms): Min: 1686.1, Avg: 1686.2, Max: 1686.3, Diff: 0.2]
   [Code Root Fixup: 0.0 ms]
   [Code Root Purge: 0.0 ms]
   [Clear CT: 0.2 ms]
   [Other: 0.9 ms]
      [Evacuation Failure: 0.2 ms]
      [Choose CSet: 0.0 ms]
      [Ref Proc: 0.3 ms]
      [Ref Enq: 0.0 ms]
      [Redirty Cards: 0.1 ms]
      [Humongous Register: 0.1 ms]
      [Humongous Reclaim: 0.1 ms]
      [Free CSet: 0.1 ms]
   [Eden: 189.0M(189.0M)->0.0B(26.0M) Survivors: 8192.0K->25.0M Heap: 862.3M(1024.0M)->678.7M(1024.0M)]
 [Times: user=0.11 sys=0.00, real=0.01 secs] 
2021-08-14T11:06:11.499-0800: 1.692: [GC pause (G1 Evacuation Pause) (mixed), 0.0078387 secs]
   [Parallel Time: 6.9 ms, GC Workers: 10]
      [GC Worker Start (ms): Min: 1692.6, Avg: 1692.7, Max: 1692.8, Diff: 0.1]
      [Ext Root Scanning (ms): Min: 0.1, Avg: 0.1, Max: 0.2, Diff: 0.1, Sum: 1.5]
      [Update RS (ms): Min: 0.6, Avg: 0.6, Max: 0.7, Diff: 0.1, Sum: 6.4]
         [Processed Buffers: Min: 5, Avg: 6.4, Max: 8, Diff: 3, Sum: 64]
      [Scan RS (ms): Min: 0.0, Avg: 0.0, Max: 0.1, Diff: 0.1, Sum: 0.4]
      [Code Root Scanning (ms): Min: 0.0, Avg: 0.0, Max: 0.0, Diff: 0.0, Sum: 0.0]
      [Object Copy (ms): Min: 5.8, Avg: 5.8, Max: 5.8, Diff: 0.1, Sum: 57.9]
      [Termination (ms): Min: 0.0, Avg: 0.1, Max: 0.1, Diff: 0.1, Sum: 0.8]
         [Termination Attempts: Min: 1, Avg: 1.0, Max: 1, Diff: 0, Sum: 10]
      [GC Worker Other (ms): Min: 0.0, Avg: 0.0, Max: 0.0, Diff: 0.0, Sum: 0.1]
      [GC Worker Total (ms): Min: 6.7, Avg: 6.7, Max: 6.8, Diff: 0.1, Sum: 67.1]
      [GC Worker End (ms): Min: 1699.4, Avg: 1699.4, Max: 1699.4, Diff: 0.1]
   [Code Root Fixup: 0.0 ms]
   [Code Root Purge: 0.0 ms]
   [Clear CT: 0.1 ms]
   [Other: 0.8 ms]
      [Choose CSet: 0.1 ms]
      [Ref Proc: 0.3 ms]
      [Ref Enq: 0.0 ms]
      [Redirty Cards: 0.1 ms]
      [Humongous Register: 0.2 ms]
      [Humongous Reclaim: 0.0 ms]
      [Free CSet: 0.1 ms]
   [Eden: 26.0M(26.0M)->0.0B(44.0M) Survivors: 25.0M->7168.0K Heap: 711.1M(1024.0M)->588.6M(1024.0M)]
 [Times: user=0.06 sys=0.01, real=0.01 secs] 
2021-08-14T11:06:11.515-0800: 1.708: [GC pause (G1 Evacuation Pause) (mixed), 0.0057768 secs]
   [Parallel Time: 4.9 ms, GC Workers: 10]
      [GC Worker Start (ms): Min: 1708.4, Avg: 1708.4, Max: 1708.5, Diff: 0.1]
      [Ext Root Scanning (ms): Min: 0.1, Avg: 0.1, Max: 0.2, Diff: 0.1, Sum: 1.1]
      [Update RS (ms): Min: 1.0, Avg: 1.1, Max: 1.1, Diff: 0.1, Sum: 10.7]
         [Processed Buffers: Min: 10, Avg: 11.6, Max: 15, Diff: 5, Sum: 116]
      [Scan RS (ms): Min: 0.0, Avg: 0.0, Max: 0.1, Diff: 0.1, Sum: 0.4]
      [Code Root Scanning (ms): Min: 0.0, Avg: 0.0, Max: 0.0, Diff: 0.0, Sum: 0.0]
      [Object Copy (ms): Min: 3.4, Avg: 3.5, Max: 3.5, Diff: 0.1, Sum: 34.7]
      [Termination (ms): Min: 0.0, Avg: 0.1, Max: 0.1, Diff: 0.1, Sum: 0.5]
         [Termination Attempts: Min: 1, Avg: 1.0, Max: 1, Diff: 0, Sum: 10]
      [GC Worker Other (ms): Min: 0.0, Avg: 0.0, Max: 0.0, Diff: 0.0, Sum: 0.1]
      [GC Worker Total (ms): Min: 4.7, Avg: 4.7, Max: 4.9, Diff: 0.2, Sum: 47.5]
      [GC Worker End (ms): Min: 1713.2, Avg: 1713.2, Max: 1713.2, Diff: 0.1]
   [Code Root Fixup: 0.0 ms]
   [Code Root Purge: 0.0 ms]
   [Clear CT: 0.2 ms]
   [Other: 0.7 ms]
      [Choose CSet: 0.0 ms]
      [Ref Proc: 0.2 ms]
      [Ref Enq: 0.0 ms]
      [Redirty Cards: 0.1 ms]
      [Humongous Register: 0.1 ms]
      [Humongous Reclaim: 0.0 ms]
      [Free CSet: 0.1 ms]
   [Eden: 44.0M(44.0M)->0.0B(44.0M) Survivors: 7168.0K->7168.0K Heap: 645.6M(1024.0M)->529.2M(1024.0M)]
 [Times: user=0.05 sys=0.00, real=0.01 secs] 
2021-08-14T11:06:11.530-0800: 1.723: [GC pause (G1 Evacuation Pause) (mixed), 0.0055392 secs]
   [Parallel Time: 4.6 ms, GC Workers: 10]
      [GC Worker Start (ms): Min: 1723.0, Avg: 1723.1, Max: 1723.2, Diff: 0.2]
      [Ext Root Scanning (ms): Min: 0.0, Avg: 0.1, Max: 0.2, Diff: 0.2, Sum: 1.1]
      [Update RS (ms): Min: 1.3, Avg: 1.3, Max: 1.3, Diff: 0.1, Sum: 13.2]
         [Processed Buffers: Min: 13, Avg: 14.0, Max: 16, Diff: 3, Sum: 140]
      [Scan RS (ms): Min: 0.0, Avg: 0.0, Max: 0.1, Diff: 0.1, Sum: 0.3]
      [Code Root Scanning (ms): Min: 0.0, Avg: 0.0, Max: 0.0, Diff: 0.0, Sum: 0.0]
      [Object Copy (ms): Min: 2.8, Avg: 2.9, Max: 2.9, Diff: 0.1, Sum: 28.6]
      [Termination (ms): Min: 0.0, Avg: 0.1, Max: 0.1, Diff: 0.1, Sum: 0.6]
         [Termination Attempts: Min: 1, Avg: 1.1, Max: 2, Diff: 1, Sum: 11]
      [GC Worker Other (ms): Min: 0.0, Avg: 0.0, Max: 0.0, Diff: 0.0, Sum: 0.1]
      [GC Worker Total (ms): Min: 4.3, Avg: 4.4, Max: 4.5, Diff: 0.2, Sum: 43.9]
      [GC Worker End (ms): Min: 1727.4, Avg: 1727.5, Max: 1727.5, Diff: 0.1]
   [Code Root Fixup: 0.0 ms]
   [Code Root Purge: 0.0 ms]
   [Clear CT: 0.2 ms]
   [Other: 0.8 ms]
      [Choose CSet: 0.0 ms]
      [Ref Proc: 0.3 ms]
      [Ref Enq: 0.0 ms]
      [Redirty Cards: 0.1 ms]
      [Humongous Register: 0.1 ms]
      [Humongous Reclaim: 0.0 ms]
      [Free CSet: 0.1 ms]
   [Eden: 44.0M(44.0M)->0.0B(274.0M) Survivors: 7168.0K->7168.0K Heap: 589.2M(1024.0M)->510.4M(1024.0M)]
 [Times: user=0.04 sys=0.00, real=0.00 secs] 
2021-08-14T11:06:11.535-0800: 1.729: [GC pause (G1 Humongous Allocation) (young) (initial-mark), 0.0017830 secs]
   [Parallel Time: 1.0 ms, GC Workers: 10]
      [GC Worker Start (ms): Min: 1728.7, Avg: 1728.8, Max: 1728.9, Diff: 0.1]
      [Ext Root Scanning (ms): Min: 0.1, Avg: 0.1, Max: 0.2, Diff: 0.1, Sum: 1.2]
      [Update RS (ms): Min: 0.0, Avg: 0.1, Max: 0.2, Diff: 0.2, Sum: 0.8]
         [Processed Buffers: Min: 1, Avg: 1.1, Max: 2, Diff: 1, Sum: 11]
      [Scan RS (ms): Min: 0.0, Avg: 0.0, Max: 0.0, Diff: 0.0, Sum: 0.0]
      [Code Root Scanning (ms): Min: 0.0, Avg: 0.0, Max: 0.0, Diff: 0.0, Sum: 0.0]
      [Object Copy (ms): Min: 0.4, Avg: 0.5, Max: 0.6, Diff: 0.2, Sum: 4.9]
      [Termination (ms): Min: 0.0, Avg: 0.1, Max: 0.1, Diff: 0.1, Sum: 0.7]
         [Termination Attempts: Min: 1, Avg: 1.1, Max: 2, Diff: 1, Sum: 11]
      [GC Worker Other (ms): Min: 0.0, Avg: 0.0, Max: 0.0, Diff: 0.0, Sum: 0.1]
      [GC Worker Total (ms): Min: 0.7, Avg: 0.8, Max: 0.9, Diff: 0.1, Sum: 7.7]
      [GC Worker End (ms): Min: 1729.5, Avg: 1729.6, Max: 1729.6, Diff: 0.1]
   [Code Root Fixup: 0.0 ms]
   [Code Root Purge: 0.0 ms]
   [Clear CT: 0.1 ms]
   [Other: 0.7 ms]
      [Choose CSet: 0.0 ms]
      [Ref Proc: 0.3 ms]
      [Ref Enq: 0.0 ms]
      [Redirty Cards: 0.1 ms]
      [Humongous Register: 0.1 ms]
      [Humongous Reclaim: 0.0 ms]
      [Free CSet: 0.0 ms]
   [Eden: 1024.0K(274.0M)->0.0B(277.0M) Survivors: 7168.0K->8192.0K Heap: 511.1M(1024.0M)->510.8M(1024.0M)]
 [Times: user=0.01 sys=0.00, real=0.00 secs] 
2021-08-14T11:06:11.537-0800: 1.730: [GC concurrent-root-region-scan-start]
2021-08-14T11:06:11.537-0800: 1.731: [GC concurrent-root-region-scan-end, 0.0000869 secs]
2021-08-14T11:06:11.537-0800: 1.731: [GC concurrent-mark-start]
2021-08-14T11:06:11.538-0800: 1.732: [GC concurrent-mark-end, 0.0011805 secs]
2021-08-14T11:06:11.539-0800: 1.732: [GC remark 2021-08-14T11:06:11.539-0800: 1.732: [Finalize Marking, 0.0003412 secs] 2021-08-14T11:06:11.539-0800: 1.732: [GC ref-proc, 0.0000548 secs] 2021-08-14T11:06:11.539-0800: 1.732: [Unloading, 0.0004564 secs], 0.0016016 secs]
 [Times: user=0.01 sys=0.00, real=0.01 secs] 
2021-08-14T11:06:11.540-0800: 1.734: [GC cleanup 522M->521M(1024M), 0.0008355 secs]
 [Times: user=0.00 sys=0.00, real=0.00 secs] 
2021-08-14T11:06:11.541-0800: 1.734: [GC concurrent-cleanup-start]
2021-08-14T11:06:11.541-0800: 1.734: [GC concurrent-cleanup-end, 0.0000102 secs]
2021-08-14T11:06:11.588-0800: 1.782: [GC pause (G1 Evacuation Pause) (young) (to-space exhausted), 0.0070228 secs]
   [Parallel Time: 5.7 ms, GC Workers: 10]
      [GC Worker Start (ms): Min: 1781.7, Avg: 1781.8, Max: 1781.9, Diff: 0.1]
      [Ext Root Scanning (ms): Min: 0.0, Avg: 0.1, Max: 0.2, Diff: 0.1, Sum: 1.0]
      [Update RS (ms): Min: 2.3, Avg: 2.4, Max: 2.4, Diff: 0.1, Sum: 23.7]
         [Processed Buffers: Min: 21, Avg: 25.6, Max: 31, Diff: 10, Sum: 256]
      [Scan RS (ms): Min: 0.0, Avg: 0.0, Max: 0.0, Diff: 0.0, Sum: 0.3]
      [Code Root Scanning (ms): Min: 0.0, Avg: 0.0, Max: 0.0, Diff: 0.0, Sum: 0.0]
      [Object Copy (ms): Min: 2.9, Avg: 2.9, Max: 3.0, Diff: 0.1, Sum: 29.3]
      [Termination (ms): Min: 0.0, Avg: 0.1, Max: 0.1, Diff: 0.1, Sum: 0.6]
         [Termination Attempts: Min: 1, Avg: 1.7, Max: 4, Diff: 3, Sum: 17]
      [GC Worker Other (ms): Min: 0.0, Avg: 0.0, Max: 0.0, Diff: 0.0, Sum: 0.1]
      [GC Worker Total (ms): Min: 5.4, Avg: 5.5, Max: 5.6, Diff: 0.1, Sum: 55.1]
      [GC Worker End (ms): Min: 1787.3, Avg: 1787.3, Max: 1787.3, Diff: 0.0]
   [Code Root Fixup: 0.0 ms]
   [Code Root Purge: 0.0 ms]
   [Clear CT: 0.2 ms]
   [Other: 1.2 ms]
      [Evacuation Failure: 0.3 ms]
      [Choose CSet: 0.0 ms]
      [Ref Proc: 0.3 ms]
      [Ref Enq: 0.0 ms]
      [Redirty Cards: 0.2 ms]
      [Humongous Register: 0.1 ms]
      [Humongous Reclaim: 0.1 ms]
      [Free CSet: 0.1 ms]
   [Eden: 277.0M(277.0M)->0.0B(15.0M) Survivors: 8192.0K->36.0M Heap: 867.0M(1024.0M)->724.1M(1024.0M)]
 [Times: user=0.05 sys=0.00, real=0.01 secs] 
2021-08-14T11:06:11.598-0800: 1.792: [GC pause (G1 Evacuation Pause) (mixed), 0.0061069 secs]
   [Parallel Time: 5.1 ms, GC Workers: 10]
      [GC Worker Start (ms): Min: 1791.7, Avg: 1791.8, Max: 1791.9, Diff: 0.1]
      [Ext Root Scanning (ms): Min: 0.1, Avg: 0.1, Max: 0.2, Diff: 0.1, Sum: 1.1]
      [Update RS (ms): Min: 0.4, Avg: 0.4, Max: 0.4, Diff: 0.1, Sum: 4.0]
         [Processed Buffers: Min: 4, Avg: 5.7, Max: 9, Diff: 5, Sum: 57]
      [Scan RS (ms): Min: 0.0, Avg: 0.0, Max: 0.1, Diff: 0.1, Sum: 0.4]
      [Code Root Scanning (ms): Min: 0.0, Avg: 0.0, Max: 0.0, Diff: 0.0, Sum: 0.0]
      [Object Copy (ms): Min: 4.3, Avg: 4.4, Max: 4.4, Diff: 0.1, Sum: 43.5]
      [Termination (ms): Min: 0.0, Avg: 0.1, Max: 0.1, Diff: 0.1, Sum: 0.9]
         [Termination Attempts: Min: 1, Avg: 1.0, Max: 1, Diff: 0, Sum: 10]
      [GC Worker Other (ms): Min: 0.0, Avg: 0.0, Max: 0.0, Diff: 0.0, Sum: 0.1]
      [GC Worker Total (ms): Min: 4.9, Avg: 5.0, Max: 5.1, Diff: 0.1, Sum: 50.0]
      [GC Worker End (ms): Min: 1796.8, Avg: 1796.8, Max: 1796.8, Diff: 0.1]
   [Code Root Fixup: 0.0 ms]
   [Code Root Purge: 0.0 ms]
   [Clear CT: 0.2 ms]
   [Other: 0.8 ms]
      [Choose CSet: 0.0 ms]
      [Ref Proc: 0.4 ms]
      [Ref Enq: 0.0 ms]
      [Redirty Cards: 0.1 ms]
      [Humongous Register: 0.1 ms]
      [Humongous Reclaim: 0.0 ms]
      [Free CSet: 0.1 ms]
   [Eden: 15.0M(15.0M)->0.0B(44.0M) Survivors: 36.0M->7168.0K Heap: 743.7M(1024.0M)->652.8M(1024.0M)]
 [Times: user=0.05 sys=0.00, real=0.01 secs] 
2021-08-14T11:06:11.612-0800: 1.805: [GC pause (G1 Evacuation Pause) (mixed), 0.0033689 secs]
   [Parallel Time: 2.5 ms, GC Workers: 10]
      [GC Worker Start (ms): Min: 1805.3, Avg: 1805.4, Max: 1805.5, Diff: 0.1]
      [Ext Root Scanning (ms): Min: 0.1, Avg: 0.1, Max: 0.2, Diff: 0.1, Sum: 1.1]
      [Update RS (ms): Min: 0.4, Avg: 0.4, Max: 0.5, Diff: 0.1, Sum: 4.2]
         [Processed Buffers: Min: 3, Avg: 4.1, Max: 5, Diff: 2, Sum: 41]
      [Scan RS (ms): Min: 0.0, Avg: 0.0, Max: 0.0, Diff: 0.0, Sum: 0.2]
      [Code Root Scanning (ms): Min: 0.0, Avg: 0.0, Max: 0.0, Diff: 0.0, Sum: 0.0]
      [Object Copy (ms): Min: 1.7, Avg: 1.8, Max: 1.8, Diff: 0.1, Sum: 17.6]
      [Termination (ms): Min: 0.0, Avg: 0.1, Max: 0.1, Diff: 0.1, Sum: 0.5]
         [Termination Attempts: Min: 1, Avg: 1.0, Max: 1, Diff: 0, Sum: 10]
      [GC Worker Other (ms): Min: 0.0, Avg: 0.0, Max: 0.0, Diff: 0.0, Sum: 0.1]
      [GC Worker Total (ms): Min: 2.3, Avg: 2.4, Max: 2.5, Diff: 0.1, Sum: 23.8]
      [GC Worker End (ms): Min: 1807.8, Avg: 1807.8, Max: 1807.8, Diff: 0.0]
   [Code Root Fixup: 0.0 ms]
   [Code Root Purge: 0.0 ms]
   [Clear CT: 0.2 ms]
   [Other: 0.7 ms]
      [Choose CSet: 0.0 ms]
      [Ref Proc: 0.3 ms]
      [Ref Enq: 0.0 ms]
      [Redirty Cards: 0.1 ms]
      [Humongous Register: 0.1 ms]
      [Humongous Reclaim: 0.0 ms]
      [Free CSet: 0.0 ms]
   [Eden: 44.0M(44.0M)->0.0B(162.0M) Survivors: 7168.0K->7168.0K Heap: 700.5M(1024.0M)->648.6M(1024.0M)]
 [Times: user=0.03 sys=0.01, real=0.00 secs] 
2021-08-14T11:06:11.615-0800: 1.809: [GC pause (G1 Humongous Allocation) (young) (initial-mark), 0.0015715 secs]
   [Parallel Time: 0.8 ms, GC Workers: 10]
      [GC Worker Start (ms): Min: 1808.9, Avg: 1809.0, Max: 1809.1, Diff: 0.2]
      [Ext Root Scanning (ms): Min: 0.0, Avg: 0.1, Max: 0.2, Diff: 0.2, Sum: 1.0]
      [Update RS (ms): Min: 0.0, Avg: 0.1, Max: 0.2, Diff: 0.2, Sum: 0.9]
         [Processed Buffers: Min: 1, Avg: 1.1, Max: 2, Diff: 1, Sum: 11]
      [Scan RS (ms): Min: 0.0, Avg: 0.0, Max: 0.0, Diff: 0.0, Sum: 0.0]
      [Code Root Scanning (ms): Min: 0.0, Avg: 0.0, Max: 0.0, Diff: 0.0, Sum: 0.0]
      [Object Copy (ms): Min: 0.3, Avg: 0.4, Max: 0.5, Diff: 0.2, Sum: 4.2]
      [Termination (ms): Min: 0.0, Avg: 0.0, Max: 0.0, Diff: 0.0, Sum: 0.2]
         [Termination Attempts: Min: 1, Avg: 1.0, Max: 1, Diff: 0, Sum: 10]
      [GC Worker Other (ms): Min: 0.0, Avg: 0.0, Max: 0.0, Diff: 0.0, Sum: 0.1]
      [GC Worker Total (ms): Min: 0.6, Avg: 0.6, Max: 0.7, Diff: 0.2, Sum: 6.3]
      [GC Worker End (ms): Min: 1809.6, Avg: 1809.6, Max: 1809.7, Diff: 0.0]
   [Code Root Fixup: 0.0 ms]
   [Code Root Purge: 0.0 ms]
   [Clear CT: 0.1 ms]
   [Other: 0.6 ms]
      [Choose CSet: 0.0 ms]
      [Ref Proc: 0.3 ms]
      [Ref Enq: 0.0 ms]
      [Redirty Cards: 0.1 ms]
      [Humongous Register: 0.1 ms]
      [Humongous Reclaim: 0.0 ms]
      [Free CSet: 0.0 ms]
   [Eden: 1024.0K(162.0M)->0.0B(163.0M) Survivors: 7168.0K->7168.0K Heap: 649.2M(1024.0M)->647.7M(1024.0M)]
 [Times: user=0.01 sys=0.00, real=0.00 secs] 
2021-08-14T11:06:11.617-0800: 1.810: [GC concurrent-root-region-scan-start]
2021-08-14T11:06:11.617-0800: 1.811: [GC concurrent-root-region-scan-end, 0.0000821 secs]
2021-08-14T11:06:11.617-0800: 1.811: [GC concurrent-mark-start]
2021-08-14T11:06:11.618-0800: 1.812: [GC concurrent-mark-end, 0.0011458 secs]
2021-08-14T11:06:11.618-0800: 1.812: [GC remark 2021-08-14T11:06:11.618-0800: 1.812: [Finalize Marking, 0.0003094 secs] 2021-08-14T11:06:11.619-0800: 1.812: [GC ref-proc, 0.0000547 secs] 2021-08-14T11:06:11.619-0800: 1.812: [Unloading, 0.0004548 secs], 0.0015703 secs]
 [Times: user=0.01 sys=0.00, real=0.01 secs] 
2021-08-14T11:06:11.620-0800: 1.813: [GC cleanup 655M->640M(1024M), 0.0008766 secs]
 [Times: user=0.00 sys=0.00, real=0.00 secs] 
2021-08-14T11:06:11.621-0800: 1.814: [GC concurrent-cleanup-start]
2021-08-14T11:06:11.621-0800: 1.814: [GC concurrent-cleanup-end, 0.0000153 secs]
2021-08-14T11:06:11.649-0800: 1.842: [GC pause (G1 Evacuation Pause) (young), 0.0069920 secs]
   [Parallel Time: 6.0 ms, GC Workers: 10]
      [GC Worker Start (ms): Min: 1842.3, Avg: 1842.4, Max: 1842.4, Diff: 0.2]
      [Ext Root Scanning (ms): Min: 0.0, Avg: 0.1, Max: 0.2, Diff: 0.2, Sum: 0.9]
      [Update RS (ms): Min: 2.1, Avg: 2.1, Max: 2.1, Diff: 0.1, Sum: 20.8]
         [Processed Buffers: Min: 22, Avg: 22.8, Max: 28, Diff: 6, Sum: 228]
      [Scan RS (ms): Min: 0.0, Avg: 0.0, Max: 0.0, Diff: 0.0, Sum: 0.1]
      [Code Root Scanning (ms): Min: 0.0, Avg: 0.0, Max: 0.0, Diff: 0.0, Sum: 0.0]
      [Object Copy (ms): Min: 3.5, Avg: 3.6, Max: 3.6, Diff: 0.1, Sum: 35.6]
      [Termination (ms): Min: 0.0, Avg: 0.1, Max: 0.1, Diff: 0.1, Sum: 0.7]
         [Termination Attempts: Min: 1, Avg: 1.0, Max: 1, Diff: 0, Sum: 10]
      [GC Worker Other (ms): Min: 0.0, Avg: 0.0, Max: 0.0, Diff: 0.0, Sum: 0.1]
      [GC Worker Total (ms): Min: 5.8, Avg: 5.8, Max: 5.9, Diff: 0.1, Sum: 58.3]
      [GC Worker End (ms): Min: 1848.2, Avg: 1848.2, Max: 1848.3, Diff: 0.1]
   [Code Root Fixup: 0.0 ms]
   [Code Root Purge: 0.0 ms]
   [Clear CT: 0.1 ms]
   [Other: 0.8 ms]
      [Choose CSet: 0.0 ms]
      [Ref Proc: 0.3 ms]
      [Ref Enq: 0.0 ms]
      [Redirty Cards: 0.1 ms]
      [Humongous Register: 0.1 ms]
      [Humongous Reclaim: 0.1 ms]
      [Free CSet: 0.1 ms]
   [Eden: 163.0M(163.0M)->0.0B(29.0M) Survivors: 7168.0K->22.0M Heap: 839.7M(1024.0M)->681.8M(1024.0M)]
 [Times: user=0.06 sys=0.00, real=0.01 secs] 
2021-08-14T11:06:11.662-0800: 1.855: [GC pause (G1 Evacuation Pause) (mixed), 0.0049094 secs]
   [Parallel Time: 3.9 ms, GC Workers: 10]
      [GC Worker Start (ms): Min: 1855.0, Avg: 1855.1, Max: 1855.1, Diff: 0.1]
      [Ext Root Scanning (ms): Min: 0.0, Avg: 0.1, Max: 0.2, Diff: 0.1, Sum: 1.0]
      [Update RS (ms): Min: 1.0, Avg: 1.1, Max: 1.1, Diff: 0.1, Sum: 10.7]
         [Processed Buffers: Min: 11, Avg: 11.8, Max: 14, Diff: 3, Sum: 118]
      [Scan RS (ms): Min: 0.0, Avg: 0.0, Max: 0.0, Diff: 0.0, Sum: 0.2]
      [Code Root Scanning (ms): Min: 0.0, Avg: 0.0, Max: 0.0, Diff: 0.0, Sum: 0.0]
      [Object Copy (ms): Min: 2.4, Avg: 2.5, Max: 2.5, Diff: 0.1, Sum: 24.9]
      [Termination (ms): Min: 0.0, Avg: 0.1, Max: 0.1, Diff: 0.1, Sum: 0.7]
         [Termination Attempts: Min: 1, Avg: 1.0, Max: 1, Diff: 0, Sum: 10]
      [GC Worker Other (ms): Min: 0.0, Avg: 0.0, Max: 0.0, Diff: 0.0, Sum: 0.1]
      [GC Worker Total (ms): Min: 3.7, Avg: 3.8, Max: 3.9, Diff: 0.2, Sum: 37.6]
      [GC Worker End (ms): Min: 1858.8, Avg: 1858.8, Max: 1858.9, Diff: 0.1]
   [Code Root Fixup: 0.0 ms]
   [Code Root Purge: 0.0 ms]
   [Clear CT: 0.1 ms]
   [Other: 0.8 ms]
      [Choose CSet: 0.0 ms]
      [Ref Proc: 0.4 ms]
      [Ref Enq: 0.0 ms]
      [Redirty Cards: 0.1 ms]
      [Humongous Register: 0.1 ms]
      [Humongous Reclaim: 0.0 ms]
      [Free CSet: 0.1 ms]
   [Eden: 29.0M(29.0M)->0.0B(44.0M) Survivors: 22.0M->7168.0K Heap: 724.0M(1024.0M)->595.1M(1024.0M)]
 [Times: user=0.04 sys=0.00, real=0.00 secs] 
2021-08-14T11:06:11.675-0800: 1.868: [GC pause (G1 Evacuation Pause) (mixed), 0.0055730 secs]
   [Parallel Time: 4.7 ms, GC Workers: 10]
      [GC Worker Start (ms): Min: 1868.0, Avg: 1868.1, Max: 1868.2, Diff: 0.1]
      [Ext Root Scanning (ms): Min: 0.1, Avg: 0.1, Max: 0.2, Diff: 0.1, Sum: 1.1]
      [Update RS (ms): Min: 0.9, Avg: 0.9, Max: 1.0, Diff: 0.1, Sum: 9.3]
         [Processed Buffers: Min: 9, Avg: 10.2, Max: 12, Diff: 3, Sum: 102]
      [Scan RS (ms): Min: 0.0, Avg: 0.0, Max: 0.1, Diff: 0.1, Sum: 0.3]
      [Code Root Scanning (ms): Min: 0.0, Avg: 0.0, Max: 0.0, Diff: 0.0, Sum: 0.0]
      [Object Copy (ms): Min: 3.4, Avg: 3.5, Max: 3.5, Diff: 0.1, Sum: 34.6]
      [Termination (ms): Min: 0.0, Avg: 0.0, Max: 0.1, Diff: 0.1, Sum: 0.3]
         [Termination Attempts: Min: 1, Avg: 1.1, Max: 2, Diff: 1, Sum: 11]
      [GC Worker Other (ms): Min: 0.0, Avg: 0.0, Max: 0.0, Diff: 0.0, Sum: 0.1]
      [GC Worker Total (ms): Min: 4.5, Avg: 4.6, Max: 4.7, Diff: 0.1, Sum: 45.7]
      [GC Worker End (ms): Min: 1872.7, Avg: 1872.7, Max: 1872.7, Diff: 0.0]
   [Code Root Fixup: 0.0 ms]
   [Code Root Purge: 0.0 ms]
   [Clear CT: 0.1 ms]
   [Other: 0.7 ms]
      [Choose CSet: 0.0 ms]
      [Ref Proc: 0.2 ms]
      [Ref Enq: 0.0 ms]
      [Redirty Cards: 0.1 ms]
      [Humongous Register: 0.1 ms]
      [Humongous Reclaim: 0.1 ms]
      [Free CSet: 0.1 ms]
   [Eden: 44.0M(44.0M)->0.0B(44.0M) Survivors: 7168.0K->7168.0K Heap: 650.4M(1024.0M)->530.1M(1024.0M)]
 [Times: user=0.04 sys=0.00, real=0.01 secs] 
2021-08-14T11:06:11.688-0800: 1.881: [GC pause (G1 Evacuation Pause) (mixed), 0.0053011 secs]
   [Parallel Time: 4.3 ms, GC Workers: 10]
      [GC Worker Start (ms): Min: 1881.4, Avg: 1881.5, Max: 1881.6, Diff: 0.1]
      [Ext Root Scanning (ms): Min: 0.1, Avg: 0.1, Max: 0.2, Diff: 0.1, Sum: 1.1]
      [Update RS (ms): Min: 1.0, Avg: 1.0, Max: 1.1, Diff: 0.1, Sum: 10.2]
         [Processed Buffers: Min: 10, Avg: 11.1, Max: 13, Diff: 3, Sum: 111]
      [Scan RS (ms): Min: 0.0, Avg: 0.0, Max: 0.1, Diff: 0.1, Sum: 0.4]
      [Code Root Scanning (ms): Min: 0.0, Avg: 0.0, Max: 0.0, Diff: 0.0, Sum: 0.0]
      [Object Copy (ms): Min: 2.8, Avg: 2.9, Max: 3.0, Diff: 0.1, Sum: 29.1]
      [Termination (ms): Min: 0.0, Avg: 0.1, Max: 0.1, Diff: 0.1, Sum: 0.9]
         [Termination Attempts: Min: 1, Avg: 1.0, Max: 1, Diff: 0, Sum: 10]
      [GC Worker Other (ms): Min: 0.0, Avg: 0.0, Max: 0.0, Diff: 0.0, Sum: 0.1]
      [GC Worker Total (ms): Min: 4.1, Avg: 4.2, Max: 4.2, Diff: 0.1, Sum: 41.8]
      [GC Worker End (ms): Min: 1885.7, Avg: 1885.7, Max: 1885.7, Diff: 0.0]
   [Code Root Fixup: 0.0 ms]
   [Code Root Purge: 0.0 ms]
   [Clear CT: 0.2 ms]
   [Other: 0.8 ms]
      [Choose CSet: 0.0 ms]
      [Ref Proc: 0.3 ms]
      [Ref Enq: 0.0 ms]
      [Redirty Cards: 0.1 ms]
      [Humongous Register: 0.1 ms]
      [Humongous Reclaim: 0.0 ms]
      [Free CSet: 0.1 ms]
   [Eden: 44.0M(44.0M)->0.0B(287.0M) Survivors: 7168.0K->7168.0K Heap: 586.6M(1024.0M)->498.1M(1024.0M)]
 [Times: user=0.04 sys=0.00, real=0.01 secs] 
2021-08-14T11:06:11.694-0800: 1.887: [GC pause (G1 Humongous Allocation) (young) (initial-mark), 0.0017676 secs]
   [Parallel Time: 0.9 ms, GC Workers: 10]
      [GC Worker Start (ms): Min: 1887.5, Avg: 1887.6, Max: 1887.7, Diff: 0.2]
      [Ext Root Scanning (ms): Min: 0.1, Avg: 0.1, Max: 0.2, Diff: 0.2, Sum: 1.2]
      [Update RS (ms): Min: 0.0, Avg: 0.1, Max: 0.3, Diff: 0.2, Sum: 1.0]
         [Processed Buffers: Min: 1, Avg: 1.1, Max: 2, Diff: 1, Sum: 11]
      [Scan RS (ms): Min: 0.0, Avg: 0.0, Max: 0.0, Diff: 0.0, Sum: 0.0]
      [Code Root Scanning (ms): Min: 0.0, Avg: 0.0, Max: 0.0, Diff: 0.0, Sum: 0.0]
      [Object Copy (ms): Min: 0.3, Avg: 0.5, Max: 0.5, Diff: 0.2, Sum: 4.7]
      [Termination (ms): Min: 0.0, Avg: 0.1, Max: 0.1, Diff: 0.1, Sum: 0.7]
         [Termination Attempts: Min: 1, Avg: 1.1, Max: 2, Diff: 1, Sum: 11]
      [GC Worker Other (ms): Min: 0.0, Avg: 0.0, Max: 0.0, Diff: 0.0, Sum: 0.1]
      [GC Worker Total (ms): Min: 0.7, Avg: 0.8, Max: 0.9, Diff: 0.2, Sum: 7.7]
      [GC Worker End (ms): Min: 1888.3, Avg: 1888.4, Max: 1888.4, Diff: 0.1]
   [Code Root Fixup: 0.0 ms]
   [Code Root Purge: 0.0 ms]
   [Clear CT: 0.2 ms]
   [Other: 0.7 ms]
      [Choose CSet: 0.0 ms]
      [Ref Proc: 0.3 ms]
      [Ref Enq: 0.0 ms]
      [Redirty Cards: 0.1 ms]
      [Humongous Register: 0.1 ms]
      [Humongous Reclaim: 0.0 ms]
      [Free CSet: 0.0 ms]
   [Eden: 4096.0K(287.0M)->0.0B(275.0M) Survivors: 7168.0K->9216.0K Heap: 501.3M(1024.0M)->499.1M(1024.0M)]
 [Times: user=0.01 sys=0.00, real=0.00 secs] 
2021-08-14T11:06:11.696-0800: 1.889: [GC concurrent-root-region-scan-start]
2021-08-14T11:06:11.696-0800: 1.889: [GC concurrent-root-region-scan-end, 0.0000987 secs]
2021-08-14T11:06:11.696-0800: 1.889: [GC concurrent-mark-start]
2021-08-14T11:06:11.697-0800: 1.891: [GC concurrent-mark-end, 0.0011782 secs]
2021-08-14T11:06:11.697-0800: 1.891: [GC remark 2021-08-14T11:06:11.697-0800: 1.891: [Finalize Marking, 0.0003051 secs] 2021-08-14T11:06:11.698-0800: 1.891: [GC ref-proc, 0.0000595 secs] 2021-08-14T11:06:11.698-0800: 1.891: [Unloading, 0.0004765 secs], 0.0016122 secs]
 [Times: user=0.01 sys=0.00, real=0.00 secs] 
2021-08-14T11:06:11.699-0800: 1.892: [GC cleanup 508M->507M(1024M), 0.0008541 secs]
 [Times: user=0.00 sys=0.00, real=0.01 secs] 
2021-08-14T11:06:11.700-0800: 1.893: [GC concurrent-cleanup-start]
2021-08-14T11:06:11.700-0800: 1.893: [GC concurrent-cleanup-end, 0.0000102 secs]
2021-08-14T11:06:11.746-0800: 1.939: [GC pause (G1 Evacuation Pause) (young) (to-space exhausted), 0.0093792 secs]
   [Parallel Time: 8.1 ms, GC Workers: 10]
      [GC Worker Start (ms): Min: 1939.0, Avg: 1939.1, Max: 1939.2, Diff: 0.1]
      [Ext Root Scanning (ms): Min: 0.0, Avg: 0.1, Max: 0.2, Diff: 0.1, Sum: 1.0]
      [Update RS (ms): Min: 2.9, Avg: 2.9, Max: 2.9, Diff: 0.0, Sum: 28.9]
         [Processed Buffers: Min: 26, Avg: 31.8, Max: 40, Diff: 14, Sum: 318]
      [Scan RS (ms): Min: 0.0, Avg: 0.0, Max: 0.0, Diff: 0.0, Sum: 0.2]
      [Code Root Scanning (ms): Min: 0.0, Avg: 0.0, Max: 0.0, Diff: 0.0, Sum: 0.0]
      [Object Copy (ms): Min: 4.9, Avg: 4.9, Max: 4.9, Diff: 0.0, Sum: 49.0]
      [Termination (ms): Min: 0.0, Avg: 0.0, Max: 0.0, Diff: 0.0, Sum: 0.1]
         [Termination Attempts: Min: 1, Avg: 1.0, Max: 1, Diff: 0, Sum: 10]
      [GC Worker Other (ms): Min: 0.0, Avg: 0.0, Max: 0.0, Diff: 0.0, Sum: 0.3]
      [GC Worker Total (ms): Min: 7.9, Avg: 8.0, Max: 8.0, Diff: 0.2, Sum: 79.5]
      [GC Worker End (ms): Min: 1947.0, Avg: 1947.1, Max: 1947.1, Diff: 0.0]
   [Code Root Fixup: 0.0 ms]
   [Code Root Purge: 0.0 ms]
   [Clear CT: 0.2 ms]
   [Other: 1.1 ms]
      [Evacuation Failure: 0.2 ms]
      [Choose CSet: 0.0 ms]
      [Ref Proc: 0.3 ms]
      [Ref Enq: 0.0 ms]
      [Redirty Cards: 0.2 ms]
      [Humongous Register: 0.1 ms]
      [Humongous Reclaim: 0.1 ms]
      [Free CSet: 0.1 ms]
   [Eden: 275.0M(275.0M)->0.0B(15.0M) Survivors: 9216.0K->36.0M Heap: 842.7M(1024.0M)->626.1M(1024.0M)]
 [Times: user=0.08 sys=0.00, real=0.01 secs] 
2021-08-14T11:06:11.758-0800: 1.951: [GC pause (G1 Evacuation Pause) (mixed), 0.0066454 secs]
   [Parallel Time: 5.6 ms, GC Workers: 10]
      [GC Worker Start (ms): Min: 1951.5, Avg: 1951.6, Max: 1951.7, Diff: 0.1]
      [Ext Root Scanning (ms): Min: 0.1, Avg: 0.1, Max: 0.2, Diff: 0.1, Sum: 1.1]
      [Update RS (ms): Min: 0.4, Avg: 0.4, Max: 0.4, Diff: 0.1, Sum: 3.8]
         [Processed Buffers: Min: 4, Avg: 4.8, Max: 9, Diff: 5, Sum: 48]
      [Scan RS (ms): Min: 0.0, Avg: 0.1, Max: 0.1, Diff: 0.1, Sum: 0.6]
      [Code Root Scanning (ms): Min: 0.0, Avg: 0.0, Max: 0.0, Diff: 0.0, Sum: 0.0]
      [Object Copy (ms): Min: 4.7, Avg: 4.8, Max: 4.8, Diff: 0.1, Sum: 47.6]
      [Termination (ms): Min: 0.0, Avg: 0.1, Max: 0.1, Diff: 0.1, Sum: 0.9]
         [Termination Attempts: Min: 1, Avg: 1.0, Max: 1, Diff: 0, Sum: 10]
      [GC Worker Other (ms): Min: 0.0, Avg: 0.0, Max: 0.0, Diff: 0.0, Sum: 0.1]
      [GC Worker Total (ms): Min: 5.3, Avg: 5.4, Max: 5.5, Diff: 0.2, Sum: 54.0]
      [GC Worker End (ms): Min: 1957.0, Avg: 1957.0, Max: 1957.1, Diff: 0.1]
   [Code Root Fixup: 0.0 ms]
   [Code Root Purge: 0.0 ms]
   [Clear CT: 0.2 ms]
   [Other: 0.8 ms]
      [Choose CSet: 0.0 ms]
      [Ref Proc: 0.3 ms]
      [Ref Enq: 0.0 ms]
      [Redirty Cards: 0.2 ms]
      [Humongous Register: 0.1 ms]
      [Humongous Reclaim: 0.0 ms]
      [Free CSet: 0.1 ms]
   [Eden: 15.0M(15.0M)->0.0B(45.0M) Survivors: 36.0M->6144.0K Heap: 645.5M(1024.0M)->559.4M(1024.0M)]
 [Times: user=0.06 sys=0.00, real=0.01 secs] 
2021-08-14T11:06:11.774-0800: 1.967: [GC pause (G1 Evacuation Pause) (mixed), 0.0031992 secs]
   [Parallel Time: 2.4 ms, GC Workers: 10]
      [GC Worker Start (ms): Min: 1967.3, Avg: 1967.4, Max: 1967.5, Diff: 0.2]
      [Ext Root Scanning (ms): Min: 0.0, Avg: 0.1, Max: 0.2, Diff: 0.2, Sum: 1.2]
      [Update RS (ms): Min: 0.6, Avg: 0.6, Max: 0.6, Diff: 0.1, Sum: 6.1]
         [Processed Buffers: Min: 6, Avg: 6.4, Max: 8, Diff: 2, Sum: 64]
      [Scan RS (ms): Min: 0.0, Avg: 0.0, Max: 0.0, Diff: 0.0, Sum: 0.1]
      [Code Root Scanning (ms): Min: 0.0, Avg: 0.0, Max: 0.0, Diff: 0.0, Sum: 0.0]
      [Object Copy (ms): Min: 1.4, Avg: 1.5, Max: 1.5, Diff: 0.1, Sum: 14.6]
      [Termination (ms): Min: 0.0, Avg: 0.0, Max: 0.0, Diff: 0.0, Sum: 0.2]
         [Termination Attempts: Min: 1, Avg: 1.0, Max: 1, Diff: 0, Sum: 10]
      [GC Worker Other (ms): Min: 0.0, Avg: 0.0, Max: 0.0, Diff: 0.0, Sum: 0.1]
      [GC Worker Total (ms): Min: 2.2, Avg: 2.2, Max: 2.3, Diff: 0.2, Sum: 22.3]
      [GC Worker End (ms): Min: 1969.6, Avg: 1969.6, Max: 1969.6, Diff: 0.0]
   [Code Root Fixup: 0.0 ms]
   [Code Root Purge: 0.0 ms]
   [Clear CT: 0.2 ms]
   [Other: 0.6 ms]
      [Choose CSet: 0.0 ms]
      [Ref Proc: 0.2 ms]
      [Ref Enq: 0.0 ms]
      [Redirty Cards: 0.1 ms]
      [Humongous Register: 0.1 ms]
      [Humongous Reclaim: 0.0 ms]
      [Free CSet: 0.0 ms]
   [Eden: 45.0M(45.0M)->0.0B(224.0M) Survivors: 6144.0K->7168.0K Heap: 610.9M(1024.0M)->568.3M(1024.0M)]
 [Times: user=0.02 sys=0.00, real=0.00 secs] 
2021-08-14T11:06:11.778-0800: 1.971: [GC pause (G1 Humongous Allocation) (young) (initial-mark), 0.0018256 secs]
   [Parallel Time: 0.9 ms, GC Workers: 10]
      [GC Worker Start (ms): Min: 1971.5, Avg: 1971.6, Max: 1971.6, Diff: 0.1]
      [Ext Root Scanning (ms): Min: 0.1, Avg: 0.1, Max: 0.2, Diff: 0.1, Sum: 1.2]
      [Update RS (ms): Min: 0.0, Avg: 0.1, Max: 0.1, Diff: 0.1, Sum: 0.6]
         [Processed Buffers: Min: 1, Avg: 1.1, Max: 2, Diff: 1, Sum: 11]
      [Scan RS (ms): Min: 0.0, Avg: 0.0, Max: 0.0, Diff: 0.0, Sum: 0.0]
      [Code Root Scanning (ms): Min: 0.0, Avg: 0.0, Max: 0.0, Diff: 0.0, Sum: 0.0]
      [Object Copy (ms): Min: 0.5, Avg: 0.5, Max: 0.6, Diff: 0.1, Sum: 5.3]
      [Termination (ms): Min: 0.0, Avg: 0.0, Max: 0.1, Diff: 0.1, Sum: 0.5]
         [Termination Attempts: Min: 1, Avg: 1.0, Max: 1, Diff: 0, Sum: 10]
      [GC Worker Other (ms): Min: 0.0, Avg: 0.0, Max: 0.0, Diff: 0.0, Sum: 0.1]
      [GC Worker Total (ms): Min: 0.7, Avg: 0.8, Max: 0.9, Diff: 0.2, Sum: 7.7]
      [GC Worker End (ms): Min: 1972.3, Avg: 1972.3, Max: 1972.4, Diff: 0.1]
   [Code Root Fixup: 0.0 ms]
   [Code Root Purge: 0.0 ms]
   [Clear CT: 0.2 ms]
   [Other: 0.7 ms]
      [Choose CSet: 0.0 ms]
      [Ref Proc: 0.3 ms]
      [Ref Enq: 0.0 ms]
      [Redirty Cards: 0.1 ms]
      [Humongous Register: 0.1 ms]
      [Humongous Reclaim: 0.0 ms]
      [Free CSet: 0.0 ms]
   [Eden: 4096.0K(224.0M)->0.0B(207.0M) Survivors: 7168.0K->9216.0K Heap: 571.9M(1024.0M)->569.3M(1024.0M)]
 [Times: user=0.01 sys=0.00, real=0.01 secs] 
2021-08-14T11:06:11.780-0800: 1.973: [GC concurrent-root-region-scan-start]
2021-08-14T11:06:11.780-0800: 1.973: [GC concurrent-root-region-scan-end, 0.0000883 secs]
2021-08-14T11:06:11.780-0800: 1.973: [GC concurrent-mark-start]
2021-08-14T11:06:11.781-0800: 1.975: [GC concurrent-mark-end, 0.0011600 secs]
2021-08-14T11:06:11.781-0800: 1.975: [GC remark 2021-08-14T11:06:11.781-0800: 1.975: [Finalize Marking, 0.0003400 secs] 2021-08-14T11:06:11.782-0800: 1.975: [GC ref-proc, 0.0000565 secs] 2021-08-14T11:06:11.782-0800: 1.975: [Unloading, 0.0004695 secs], 0.0015973 secs]
 [Times: user=0.01 sys=0.00, real=0.00 secs] 
2021-08-14T11:06:11.783-0800: 1.976: [GC cleanup 578M->572M(1024M), 0.0008384 secs]
 [Times: user=0.01 sys=0.00, real=0.00 secs] 
2021-08-14T11:06:11.784-0800: 1.977: [GC concurrent-cleanup-start]
2021-08-14T11:06:11.784-0800: 1.977: [GC concurrent-cleanup-end, 0.0000126 secs]
2021-08-14T11:06:11.819-0800: 2.012: [GC pause (G1 Evacuation Pause) (young), 0.0086605 secs]
   [Parallel Time: 7.7 ms, GC Workers: 10]
      [GC Worker Start (ms): Min: 2012.7, Avg: 2012.7, Max: 2012.8, Diff: 0.2]
      [Ext Root Scanning (ms): Min: 0.0, Avg: 0.1, Max: 0.2, Diff: 0.1, Sum: 1.0]
      [Update RS (ms): Min: 2.9, Avg: 2.9, Max: 3.0, Diff: 0.1, Sum: 29.5]
         [Processed Buffers: Min: 27, Avg: 31.5, Max: 38, Diff: 11, Sum: 315]
      [Scan RS (ms): Min: 0.0, Avg: 0.0, Max: 0.0, Diff: 0.0, Sum: 0.2]
      [Code Root Scanning (ms): Min: 0.0, Avg: 0.0, Max: 0.0, Diff: 0.0, Sum: 0.0]
      [Object Copy (ms): Min: 4.4, Avg: 4.4, Max: 4.5, Diff: 0.1, Sum: 44.2]
      [Termination (ms): Min: 0.0, Avg: 0.1, Max: 0.1, Diff: 0.1, Sum: 0.8]
         [Termination Attempts: Min: 1, Avg: 1.6, Max: 2, Diff: 1, Sum: 16]
      [GC Worker Other (ms): Min: 0.0, Avg: 0.0, Max: 0.0, Diff: 0.0, Sum: 0.1]
      [GC Worker Total (ms): Min: 7.5, Avg: 7.6, Max: 7.7, Diff: 0.2, Sum: 75.7]
      [GC Worker End (ms): Min: 2020.3, Avg: 2020.3, Max: 2020.4, Diff: 0.1]
   [Code Root Fixup: 0.0 ms]
   [Code Root Purge: 0.0 ms]
   [Clear CT: 0.2 ms]
   [Other: 0.7 ms]
      [Choose CSet: 0.0 ms]
      [Ref Proc: 0.3 ms]
      [Ref Enq: 0.0 ms]
      [Redirty Cards: 0.1 ms]
      [Humongous Register: 0.1 ms]
      [Humongous Reclaim: 0.1 ms]
      [Free CSet: 0.1 ms]
   [Eden: 207.0M(207.0M)->0.0B(24.0M) Survivors: 9216.0K->27.0M Heap: 830.1M(1024.0M)->625.9M(1024.0M)]
 [Times: user=0.08 sys=0.01, real=0.01 secs] 
2021-08-14T11:06:11.832-0800: 2.025: [GC pause (G1 Evacuation Pause) (mixed), 0.0051683 secs]
   [Parallel Time: 4.2 ms, GC Workers: 10]
      [GC Worker Start (ms): Min: 2025.5, Avg: 2025.5, Max: 2025.6, Diff: 0.1]
      [Ext Root Scanning (ms): Min: 0.0, Avg: 0.1, Max: 0.2, Diff: 0.1, Sum: 1.0]
      [Update RS (ms): Min: 0.7, Avg: 0.7, Max: 0.8, Diff: 0.1, Sum: 7.2]
         [Processed Buffers: Min: 7, Avg: 8.1, Max: 11, Diff: 4, Sum: 81]
      [Scan RS (ms): Min: 0.0, Avg: 0.0, Max: 0.1, Diff: 0.1, Sum: 0.3]
      [Code Root Scanning (ms): Min: 0.0, Avg: 0.0, Max: 0.0, Diff: 0.0, Sum: 0.0]
      [Object Copy (ms): Min: 3.1, Avg: 3.1, Max: 3.2, Diff: 0.1, Sum: 31.3]
      [Termination (ms): Min: 0.0, Avg: 0.1, Max: 0.1, Diff: 0.1, Sum: 0.6]
         [Termination Attempts: Min: 1, Avg: 1.0, Max: 1, Diff: 0, Sum: 10]
      [GC Worker Other (ms): Min: 0.0, Avg: 0.0, Max: 0.0, Diff: 0.0, Sum: 0.1]
      [GC Worker Total (ms): Min: 4.0, Avg: 4.1, Max: 4.1, Diff: 0.1, Sum: 40.6]
      [GC Worker End (ms): Min: 2029.6, Avg: 2029.6, Max: 2029.7, Diff: 0.1]
   [Code Root Fixup: 0.0 ms]
   [Code Root Purge: 0.0 ms]
   [Clear CT: 0.2 ms]
   [Other: 0.8 ms]
      [Choose CSet: 0.0 ms]
      [Ref Proc: 0.3 ms]
      [Ref Enq: 0.0 ms]
      [Redirty Cards: 0.1 ms]
      [Humongous Register: 0.1 ms]
      [Humongous Reclaim: 0.0 ms]
      [Free CSet: 0.1 ms]
   [Eden: 24.0M(24.0M)->0.0B(44.0M) Survivors: 27.0M->7168.0K Heap: 658.5M(1024.0M)->546.0M(1024.0M)]
 [Times: user=0.04 sys=0.00, real=0.00 secs] 
2021-08-14T11:06:11.845-0800: 2.038: [GC pause (G1 Evacuation Pause) (mixed), 0.0055997 secs]
   [Parallel Time: 4.5 ms, GC Workers: 10]
      [GC Worker Start (ms): Min: 2038.6, Avg: 2038.7, Max: 2038.8, Diff: 0.1]
      [Ext Root Scanning (ms): Min: 0.0, Avg: 0.1, Max: 0.2, Diff: 0.1, Sum: 1.1]
      [Update RS (ms): Min: 0.6, Avg: 0.6, Max: 0.6, Diff: 0.1, Sum: 6.0]
         [Processed Buffers: Min: 6, Avg: 6.9, Max: 8, Diff: 2, Sum: 69]
      [Scan RS (ms): Min: 0.0, Avg: 0.0, Max: 0.1, Diff: 0.1, Sum: 0.4]
      [Code Root Scanning (ms): Min: 0.0, Avg: 0.0, Max: 0.0, Diff: 0.0, Sum: 0.0]
      [Object Copy (ms): Min: 3.5, Avg: 3.5, Max: 3.6, Diff: 0.1, Sum: 35.1]
      [Termination (ms): Min: 0.0, Avg: 0.1, Max: 0.1, Diff: 0.1, Sum: 0.7]
         [Termination Attempts: Min: 1, Avg: 1.0, Max: 1, Diff: 0, Sum: 10]
      [GC Worker Other (ms): Min: 0.0, Avg: 0.0, Max: 0.0, Diff: 0.0, Sum: 0.1]
      [GC Worker Total (ms): Min: 4.3, Avg: 4.3, Max: 4.4, Diff: 0.1, Sum: 43.4]
      [GC Worker End (ms): Min: 2043.0, Avg: 2043.1, Max: 2043.1, Diff: 0.0]
   [Code Root Fixup: 0.0 ms]
   [Code Root Purge: 0.0 ms]
   [Clear CT: 0.2 ms]
   [Other: 0.9 ms]
      [Choose CSet: 0.0 ms]
      [Ref Proc: 0.3 ms]
      [Ref Enq: 0.0 ms]
      [Redirty Cards: 0.2 ms]
      [Humongous Register: 0.1 ms]
      [Humongous Reclaim: 0.0 ms]
      [Free CSet: 0.1 ms]
   [Eden: 44.0M(44.0M)->0.0B(271.0M) Survivors: 7168.0K->7168.0K Heap: 597.1M(1024.0M)->484.3M(1024.0M)]
 [Times: user=0.05 sys=0.00, real=0.01 secs] 
2021-08-14T11:06:11.851-0800: 2.044: [GC pause (G1 Humongous Allocation) (young) (initial-mark), 0.0018588 secs]
   [Parallel Time: 0.9 ms, GC Workers: 10]
      [GC Worker Start (ms): Min: 2044.5, Avg: 2044.6, Max: 2044.6, Diff: 0.2]
      [Ext Root Scanning (ms): Min: 0.1, Avg: 0.1, Max: 0.2, Diff: 0.2, Sum: 1.4]
      [Update RS (ms): Min: 0.0, Avg: 0.1, Max: 0.2, Diff: 0.2, Sum: 1.0]
         [Processed Buffers: Min: 1, Avg: 1.1, Max: 2, Diff: 1, Sum: 11]
      [Scan RS (ms): Min: 0.0, Avg: 0.0, Max: 0.0, Diff: 0.0, Sum: 0.0]
      [Code Root Scanning (ms): Min: 0.0, Avg: 0.0, Max: 0.0, Diff: 0.0, Sum: 0.0]
      [Object Copy (ms): Min: 0.4, Avg: 0.5, Max: 0.6, Diff: 0.2, Sum: 4.7]
      [Termination (ms): Min: 0.0, Avg: 0.1, Max: 0.1, Diff: 0.1, Sum: 0.6]
         [Termination Attempts: Min: 1, Avg: 1.0, Max: 1, Diff: 0, Sum: 10]
      [GC Worker Other (ms): Min: 0.0, Avg: 0.0, Max: 0.0, Diff: 0.0, Sum: 0.1]
      [GC Worker Total (ms): Min: 0.7, Avg: 0.8, Max: 0.9, Diff: 0.2, Sum: 7.9]
      [GC Worker End (ms): Min: 2045.3, Avg: 2045.3, Max: 2045.4, Diff: 0.1]
   [Code Root Fixup: 0.0 ms]
   [Code Root Purge: 0.0 ms]
   [Clear CT: 0.1 ms]
   [Other: 0.8 ms]
      [Choose CSet: 0.0 ms]
      [Ref Proc: 0.4 ms]
      [Ref Enq: 0.0 ms]
      [Redirty Cards: 0.2 ms]
      [Humongous Register: 0.1 ms]
      [Humongous Reclaim: 0.0 ms]
      [Free CSet: 0.0 ms]
   [Eden: 1024.0K(271.0M)->0.0B(250.0M) Survivors: 7168.0K->9216.0K Heap: 484.9M(1024.0M)->485.7M(1024.0M)]
 [Times: user=0.01 sys=0.00, real=0.00 secs] 
2021-08-14T11:06:11.853-0800: 2.046: [GC concurrent-root-region-scan-start]
2021-08-14T11:06:11.853-0800: 2.046: [GC concurrent-root-region-scan-end, 0.0000993 secs]
2021-08-14T11:06:11.853-0800: 2.046: [GC concurrent-mark-start]
2021-08-14T11:06:11.854-0800: 2.048: [GC concurrent-mark-end, 0.0012411 secs]
2021-08-14T11:06:11.854-0800: 2.048: [GC remark 2021-08-14T11:06:11.854-0800: 2.048: [Finalize Marking, 0.0003406 secs] 2021-08-14T11:06:11.855-0800: 2.048: [GC ref-proc, 0.0000548 secs] 2021-08-14T11:06:11.855-0800: 2.048: [Unloading, 0.0004534 secs], 0.0015371 secs]
 [Times: user=0.01 sys=0.00, real=0.00 secs] 
2021-08-14T11:06:11.856-0800: 2.049: [GC cleanup 494M->492M(1024M), 0.0007649 secs]
 [Times: user=0.00 sys=0.00, real=0.00 secs] 
2021-08-14T11:06:11.857-0800: 2.050: [GC concurrent-cleanup-start]
2021-08-14T11:06:11.857-0800: 2.050: [GC concurrent-cleanup-end, 0.0000113 secs]
2021-08-14T11:06:11.900-0800: 2.093: [GC pause (G1 Evacuation Pause) (young), 0.0097810 secs]
   [Parallel Time: 8.8 ms, GC Workers: 10]
      [GC Worker Start (ms): Min: 2093.5, Avg: 2093.6, Max: 2093.7, Diff: 0.1]
      [Ext Root Scanning (ms): Min: 0.0, Avg: 0.1, Max: 0.2, Diff: 0.1, Sum: 1.0]
      [Update RS (ms): Min: 3.1, Avg: 3.1, Max: 3.1, Diff: 0.1, Sum: 30.9]
         [Processed Buffers: Min: 28, Avg: 33.6, Max: 40, Diff: 12, Sum: 336]
      [Scan RS (ms): Min: 0.0, Avg: 0.0, Max: 0.0, Diff: 0.0, Sum: 0.2]
      [Code Root Scanning (ms): Min: 0.0, Avg: 0.0, Max: 0.0, Diff: 0.0, Sum: 0.0]
      [Object Copy (ms): Min: 5.2, Avg: 5.3, Max: 5.3, Diff: 0.1, Sum: 53.0]
      [Termination (ms): Min: 0.0, Avg: 0.1, Max: 0.1, Diff: 0.1, Sum: 0.6]
         [Termination Attempts: Min: 1, Avg: 1.3, Max: 2, Diff: 1, Sum: 13]
      [GC Worker Other (ms): Min: 0.0, Avg: 0.0, Max: 0.0, Diff: 0.0, Sum: 0.2]
      [GC Worker Total (ms): Min: 8.5, Avg: 8.6, Max: 8.7, Diff: 0.2, Sum: 85.9]
      [GC Worker End (ms): Min: 2102.2, Avg: 2102.2, Max: 2102.3, Diff: 0.1]
   [Code Root Fixup: 0.0 ms]
   [Code Root Purge: 0.0 ms]
   [Clear CT: 0.2 ms]
   [Other: 0.8 ms]
      [Choose CSet: 0.0 ms]
      [Ref Proc: 0.3 ms]
      [Ref Enq: 0.0 ms]
      [Redirty Cards: 0.2 ms]
      [Humongous Register: 0.1 ms]
      [Humongous Reclaim: 0.1 ms]
      [Free CSet: 0.1 ms]
   [Eden: 250.0M(250.0M)->0.0B(18.0M) Survivors: 9216.0K->33.0M Heap: 797.9M(1024.0M)->554.4M(1024.0M)]
 [Times: user=0.09 sys=0.00, real=0.01 secs] 
2021-08-14T11:06:11.913-0800: 2.107: [GC pause (G1 Evacuation Pause) (mixed), 0.0066271 secs]
   [Parallel Time: 5.6 ms, GC Workers: 10]
      [GC Worker Start (ms): Min: 2106.7, Avg: 2106.8, Max: 2106.8, Diff: 0.1]
      [Ext Root Scanning (ms): Min: 0.1, Avg: 0.1, Max: 0.2, Diff: 0.1, Sum: 1.0]
      [Update RS (ms): Min: 0.3, Avg: 0.3, Max: 0.4, Diff: 0.1, Sum: 3.5]
         [Processed Buffers: Min: 3, Avg: 4.3, Max: 5, Diff: 2, Sum: 43]
      [Scan RS (ms): Min: 0.0, Avg: 0.0, Max: 0.1, Diff: 0.1, Sum: 0.4]
      [Code Root Scanning (ms): Min: 0.0, Avg: 0.0, Max: 0.0, Diff: 0.0, Sum: 0.0]
      [Object Copy (ms): Min: 4.8, Avg: 4.9, Max: 4.9, Diff: 0.1, Sum: 48.8]
      [Termination (ms): Min: 0.0, Avg: 0.1, Max: 0.1, Diff: 0.1, Sum: 0.6]
         [Termination Attempts: Min: 1, Avg: 1.0, Max: 1, Diff: 0, Sum: 10]
      [GC Worker Other (ms): Min: 0.0, Avg: 0.0, Max: 0.0, Diff: 0.0, Sum: 0.1]
      [GC Worker Total (ms): Min: 5.4, Avg: 5.4, Max: 5.5, Diff: 0.2, Sum: 54.4]
      [GC Worker End (ms): Min: 2112.2, Avg: 2112.2, Max: 2112.3, Diff: 0.1]
   [Code Root Fixup: 0.0 ms]
   [Code Root Purge: 0.0 ms]
   [Clear CT: 0.2 ms]
   [Other: 0.9 ms]
      [Choose CSet: 0.0 ms]
      [Ref Proc: 0.4 ms]
      [Ref Enq: 0.0 ms]
      [Redirty Cards: 0.2 ms]
      [Humongous Register: 0.1 ms]
      [Humongous Reclaim: 0.0 ms]
      [Free CSet: 0.1 ms]
   [Eden: 18.0M(18.0M)->0.0B(45.0M) Survivors: 33.0M->6144.0K Heap: 576.3M(1024.0M)->486.6M(1024.0M)]
 [Times: user=0.05 sys=0.01, real=0.01 secs] 
2021-08-14T11:06:11.929-0800: 2.122: [GC pause (G1 Evacuation Pause) (mixed), 0.0037727 secs]
   [Parallel Time: 2.8 ms, GC Workers: 10]
      [GC Worker Start (ms): Min: 2122.4, Avg: 2122.4, Max: 2122.5, Diff: 0.1]
      [Ext Root Scanning (ms): Min: 0.1, Avg: 0.1, Max: 0.2, Diff: 0.1, Sum: 1.1]
      [Update RS (ms): Min: 0.9, Avg: 1.0, Max: 1.0, Diff: 0.1, Sum: 9.5]
         [Processed Buffers: Min: 9, Avg: 9.9, Max: 12, Diff: 3, Sum: 99]
      [Scan RS (ms): Min: 0.0, Avg: 0.0, Max: 0.0, Diff: 0.0, Sum: 0.1]
      [Code Root Scanning (ms): Min: 0.0, Avg: 0.0, Max: 0.0, Diff: 0.0, Sum: 0.0]
      [Object Copy (ms): Min: 1.4, Avg: 1.4, Max: 1.5, Diff: 0.2, Sum: 14.4]
      [Termination (ms): Min: 0.0, Avg: 0.1, Max: 0.1, Diff: 0.1, Sum: 0.7]
         [Termination Attempts: Min: 1, Avg: 1.0, Max: 1, Diff: 0, Sum: 10]
      [GC Worker Other (ms): Min: 0.0, Avg: 0.0, Max: 0.0, Diff: 0.0, Sum: 0.1]
      [GC Worker Total (ms): Min: 2.5, Avg: 2.6, Max: 2.7, Diff: 0.1, Sum: 25.9]
      [GC Worker End (ms): Min: 2125.0, Avg: 2125.0, Max: 2125.1, Diff: 0.1]
   [Code Root Fixup: 0.0 ms]
   [Code Root Purge: 0.0 ms]
   [Clear CT: 0.1 ms]
   [Other: 0.8 ms]
      [Choose CSet: 0.0 ms]
      [Ref Proc: 0.3 ms]
      [Ref Enq: 0.0 ms]
      [Redirty Cards: 0.2 ms]
      [Humongous Register: 0.1 ms]
      [Humongous Reclaim: 0.1 ms]
      [Free CSet: 0.1 ms]
   [Eden: 45.0M(45.0M)->0.0B(246.0M) Survivors: 6144.0K->7168.0K Heap: 542.6M(1024.0M)->502.2M(1024.0M)]
 [Times: user=0.03 sys=0.00, real=0.01 secs] 
2021-08-14T11:06:11.934-0800: 2.127: [GC pause (G1 Humongous Allocation) (young) (initial-mark), 0.0031285 secs]
   [Parallel Time: 1.8 ms, GC Workers: 10]
      [GC Worker Start (ms): Min: 2127.2, Avg: 2127.3, Max: 2127.4, Diff: 0.2]
      [Ext Root Scanning (ms): Min: 0.1, Avg: 0.2, Max: 0.3, Diff: 0.2, Sum: 2.1]
      [Update RS (ms): Min: 0.1, Avg: 0.2, Max: 0.4, Diff: 0.3, Sum: 1.7]
         [Processed Buffers: Min: 1, Avg: 1.1, Max: 2, Diff: 1, Sum: 11]
      [Scan RS (ms): Min: 0.0, Avg: 0.0, Max: 0.0, Diff: 0.0, Sum: 0.0]
      [Code Root Scanning (ms): Min: 0.0, Avg: 0.0, Max: 0.0, Diff: 0.0, Sum: 0.0]
      [Object Copy (ms): Min: 0.8, Avg: 1.1, Max: 1.2, Diff: 0.4, Sum: 11.0]
      [Termination (ms): Min: 0.0, Avg: 0.2, Max: 0.3, Diff: 0.3, Sum: 1.8]
         [Termination Attempts: Min: 1, Avg: 1.1, Max: 2, Diff: 1, Sum: 11]
      [GC Worker Other (ms): Min: 0.0, Avg: 0.0, Max: 0.0, Diff: 0.0, Sum: 0.2]
      [GC Worker Total (ms): Min: 1.6, Avg: 1.7, Max: 1.8, Diff: 0.2, Sum: 16.8]
      [GC Worker End (ms): Min: 2128.9, Avg: 2129.0, Max: 2129.0, Diff: 0.1]
   [Code Root Fixup: 0.0 ms]
   [Code Root Purge: 0.0 ms]
   [Clear CT: 0.1 ms]
   [Other: 1.1 ms]
      [Choose CSet: 0.0 ms]
      [Ref Proc: 0.3 ms]
      [Ref Enq: 0.0 ms]
      [Redirty Cards: 0.2 ms]
      [Humongous Register: 0.2 ms]
      [Humongous Reclaim: 0.1 ms]
      [Free CSet: 0.1 ms]
   [Eden: 2048.0K(246.0M)->0.0B(253.0M) Survivors: 7168.0K->7168.0K Heap: 504.1M(1024.0M)->502.1M(1024.0M)]
 [Times: user=0.02 sys=0.00, real=0.00 secs] 
2021-08-14T11:06:11.937-0800: 2.130: [GC concurrent-root-region-scan-start]
2021-08-14T11:06:11.937-0800: 2.130: [GC concurrent-root-region-scan-end, 0.0001090 secs]
2021-08-14T11:06:11.937-0800: 2.130: [GC concurrent-mark-start]
2021-08-14T11:06:11.938-0800: 2.131: [GC concurrent-mark-end, 0.0011952 secs]
2021-08-14T11:06:11.938-0800: 2.132: [GC remark 2021-08-14T11:06:11.938-0800: 2.132: [Finalize Marking, 0.0003696 secs] 2021-08-14T11:06:11.939-0800: 2.132: [GC ref-proc, 0.0000583 secs] 2021-08-14T11:06:11.939-0800: 2.132: [Unloading, 0.0004690 secs], 0.0016085 secs]
 [Times: user=0.01 sys=0.00, real=0.01 secs] 
2021-08-14T11:06:11.940-0800: 2.133: [GC cleanup 509M->506M(1024M), 0.0009364 secs]
 [Times: user=0.00 sys=0.00, real=0.00 secs] 
2021-08-14T11:06:11.941-0800: 2.134: [GC concurrent-cleanup-start]
2021-08-14T11:06:11.941-0800: 2.134: [GC concurrent-cleanup-end, 0.0000133 secs]
2021-08-14T11:06:11.987-0800: 2.180: [GC pause (G1 Evacuation Pause) (young), 0.0106679 secs]
   [Parallel Time: 9.8 ms, GC Workers: 10]
      [GC Worker Start (ms): Min: 2180.5, Avg: 2180.5, Max: 2180.6, Diff: 0.1]
      [Ext Root Scanning (ms): Min: 0.1, Avg: 0.1, Max: 0.2, Diff: 0.1, Sum: 1.1]
      [Update RS (ms): Min: 3.6, Avg: 3.6, Max: 3.6, Diff: 0.0, Sum: 36.2]
         [Processed Buffers: Min: 33, Avg: 37.5, Max: 40, Diff: 7, Sum: 375]
      [Scan RS (ms): Min: 0.0, Avg: 0.0, Max: 0.0, Diff: 0.0, Sum: 0.3]
      [Code Root Scanning (ms): Min: 0.0, Avg: 0.0, Max: 0.0, Diff: 0.0, Sum: 0.0]
      [Object Copy (ms): Min: 5.6, Avg: 5.7, Max: 5.8, Diff: 0.2, Sum: 57.1]
      [Termination (ms): Min: 0.0, Avg: 0.1, Max: 0.2, Diff: 0.2, Sum: 0.9]
         [Termination Attempts: Min: 1, Avg: 1.1, Max: 2, Diff: 1, Sum: 11]
      [GC Worker Other (ms): Min: 0.0, Avg: 0.0, Max: 0.0, Diff: 0.0, Sum: 0.1]
      [GC Worker Total (ms): Min: 9.5, Avg: 9.6, Max: 9.6, Diff: 0.1, Sum: 95.8]
      [GC Worker End (ms): Min: 2190.1, Avg: 2190.1, Max: 2190.2, Diff: 0.1]
   [Code Root Fixup: 0.0 ms]
   [Code Root Purge: 0.0 ms]
   [Clear CT: 0.2 ms]
   [Other: 0.7 ms]
      [Choose CSet: 0.0 ms]
      [Ref Proc: 0.2 ms]
      [Ref Enq: 0.0 ms]
      [Redirty Cards: 0.2 ms]
      [Humongous Register: 0.1 ms]
      [Humongous Reclaim: 0.1 ms]
      [Free CSet: 0.1 ms]
   [Eden: 253.0M(253.0M)->0.0B(18.0M) Survivors: 7168.0K->33.0M Heap: 812.5M(1024.0M)->571.5M(1024.0M)]
 [Times: user=0.09 sys=0.00, real=0.01 secs] 
2021-08-14T11:06:12.001-0800: 2.194: [GC pause (G1 Evacuation Pause) (mixed), 0.0064922 secs]
   [Parallel Time: 5.6 ms, GC Workers: 10]
      [GC Worker Start (ms): Min: 2194.4, Avg: 2194.4, Max: 2194.5, Diff: 0.1]
      [Ext Root Scanning (ms): Min: 0.1, Avg: 0.1, Max: 0.2, Diff: 0.1, Sum: 1.2]
      [Update RS (ms): Min: 0.2, Avg: 0.2, Max: 0.3, Diff: 0.1, Sum: 2.4]
         [Processed Buffers: Min: 3, Avg: 3.2, Max: 4, Diff: 1, Sum: 32]
      [Scan RS (ms): Min: 0.0, Avg: 0.1, Max: 0.1, Diff: 0.1, Sum: 0.5]
      [Code Root Scanning (ms): Min: 0.0, Avg: 0.0, Max: 0.0, Diff: 0.0, Sum: 0.0]
      [Object Copy (ms): Min: 4.8, Avg: 4.9, Max: 4.9, Diff: 0.1, Sum: 48.9]
      [Termination (ms): Min: 0.0, Avg: 0.1, Max: 0.2, Diff: 0.2, Sum: 0.7]
         [Termination Attempts: Min: 1, Avg: 1.0, Max: 1, Diff: 0, Sum: 10]
      [GC Worker Other (ms): Min: 0.0, Avg: 0.0, Max: 0.0, Diff: 0.0, Sum: 0.1]
      [GC Worker Total (ms): Min: 5.3, Avg: 5.4, Max: 5.5, Diff: 0.2, Sum: 53.8]
      [GC Worker End (ms): Min: 2199.8, Avg: 2199.8, Max: 2199.9, Diff: 0.1]
   [Code Root Fixup: 0.0 ms]
   [Code Root Purge: 0.0 ms]
   [Clear CT: 0.2 ms]
   [Other: 0.8 ms]
      [Choose CSet: 0.0 ms]
      [Ref Proc: 0.2 ms]
      [Ref Enq: 0.0 ms]
      [Redirty Cards: 0.2 ms]
      [Humongous Register: 0.1 ms]
      [Humongous Reclaim: 0.0 ms]
      [Free CSet: 0.1 ms]
   [Eden: 18.0M(18.0M)->0.0B(44.0M) Survivors: 33.0M->7168.0K Heap: 592.0M(1024.0M)->499.0M(1024.0M)]
 [Times: user=0.05 sys=0.00, real=0.00 secs] 
2021-08-14T11:06:12.016-0800: 2.210: [GC pause (G1 Evacuation Pause) (mixed), 0.0083767 secs]
   [Parallel Time: 7.4 ms, GC Workers: 10]
      [GC Worker Start (ms): Min: 2209.8, Avg: 2209.9, Max: 2209.9, Diff: 0.1]
      [Ext Root Scanning (ms): Min: 0.0, Avg: 0.1, Max: 0.2, Diff: 0.1, Sum: 1.0]
      [Update RS (ms): Min: 1.3, Avg: 1.4, Max: 1.4, Diff: 0.1, Sum: 13.8]
         [Processed Buffers: Min: 10, Avg: 11.6, Max: 13, Diff: 3, Sum: 116]
      [Scan RS (ms): Min: 0.0, Avg: 0.0, Max: 0.1, Diff: 0.1, Sum: 0.4]
      [Code Root Scanning (ms): Min: 0.0, Avg: 0.0, Max: 0.0, Diff: 0.0, Sum: 0.0]
      [Object Copy (ms): Min: 5.4, Avg: 5.5, Max: 5.6, Diff: 0.2, Sum: 54.7]
      [Termination (ms): Min: 0.0, Avg: 0.2, Max: 0.3, Diff: 0.3, Sum: 1.6]
         [Termination Attempts: Min: 1, Avg: 1.0, Max: 1, Diff: 0, Sum: 10]
      [GC Worker Other (ms): Min: 0.0, Avg: 0.0, Max: 0.0, Diff: 0.0, Sum: 0.2]
      [GC Worker Total (ms): Min: 7.1, Avg: 7.2, Max: 7.3, Diff: 0.2, Sum: 71.7]
      [GC Worker End (ms): Min: 2217.0, Avg: 2217.0, Max: 2217.1, Diff: 0.1]
   [Code Root Fixup: 0.0 ms]
   [Code Root Purge: 0.0 ms]
   [Clear CT: 0.2 ms]
   [Other: 0.8 ms]
      [Choose CSet: 0.0 ms]
      [Ref Proc: 0.3 ms]
      [Ref Enq: 0.0 ms]
      [Redirty Cards: 0.1 ms]
      [Humongous Register: 0.1 ms]
      [Humongous Reclaim: 0.0 ms]
      [Free CSet: 0.0 ms]
   [Eden: 44.0M(44.0M)->0.0B(251.0M) Survivors: 7168.0K->7168.0K Heap: 556.1M(1024.0M)->507.6M(1024.0M)]
 [Times: user=0.06 sys=0.01, real=0.01 secs] 
2021-08-14T11:06:12.025-0800: 2.218: [GC pause (G1 Humongous Allocation) (young) (initial-mark), 0.0016756 secs]
   [Parallel Time: 0.7 ms, GC Workers: 10]
      [GC Worker Start (ms): Min: 2218.6, Avg: 2218.7, Max: 2218.8, Diff: 0.1]
      [Ext Root Scanning (ms): Min: 0.1, Avg: 0.1, Max: 0.2, Diff: 0.1, Sum: 1.2]
      [Update RS (ms): Min: 0.0, Avg: 0.1, Max: 0.1, Diff: 0.1, Sum: 0.6]
         [Processed Buffers: Min: 1, Avg: 1.1, Max: 2, Diff: 1, Sum: 11]
      [Scan RS (ms): Min: 0.0, Avg: 0.0, Max: 0.0, Diff: 0.0, Sum: 0.0]
      [Code Root Scanning (ms): Min: 0.0, Avg: 0.0, Max: 0.0, Diff: 0.0, Sum: 0.0]
      [Object Copy (ms): Min: 0.2, Avg: 0.3, Max: 0.4, Diff: 0.2, Sum: 3.0]
      [Termination (ms): Min: 0.0, Avg: 0.1, Max: 0.1, Diff: 0.1, Sum: 0.5]
         [Termination Attempts: Min: 1, Avg: 1.0, Max: 1, Diff: 0, Sum: 10]
      [GC Worker Other (ms): Min: 0.0, Avg: 0.0, Max: 0.0, Diff: 0.0, Sum: 0.1]
      [GC Worker Total (ms): Min: 0.5, Avg: 0.5, Max: 0.6, Diff: 0.2, Sum: 5.4]
      [GC Worker End (ms): Min: 2219.2, Avg: 2219.2, Max: 2219.3, Diff: 0.1]
   [Code Root Fixup: 0.0 ms]
   [Code Root Purge: 0.0 ms]
   [Clear CT: 0.1 ms]
   [Other: 0.8 ms]
      [Choose CSet: 0.0 ms]
      [Ref Proc: 0.5 ms]
      [Ref Enq: 0.0 ms]
      [Redirty Cards: 0.1 ms]
      [Humongous Register: 0.1 ms]
      [Humongous Reclaim: 0.0 ms]
      [Free CSet: 0.0 ms]
   [Eden: 3072.0K(251.0M)->0.0B(265.0M) Survivors: 7168.0K->8192.0K Heap: 509.9M(1024.0M)->507.3M(1024.0M)]
 [Times: user=0.01 sys=0.00, real=0.00 secs] 
2021-08-14T11:06:12.027-0800: 2.220: [GC concurrent-root-region-scan-start]
2021-08-14T11:06:12.027-0800: 2.220: [GC concurrent-root-region-scan-end, 0.0000922 secs]
2021-08-14T11:06:12.027-0800: 2.220: [GC concurrent-mark-start]
2021-08-14T11:06:12.028-0800: 2.221: [GC concurrent-mark-end, 0.0010466 secs]
2021-08-14T11:06:12.028-0800: 2.221: [GC remark 2021-08-14T11:06:12.028-0800: 2.222: [Finalize Marking, 0.0003193 secs] 2021-08-14T11:06:12.029-0800: 2.222: [GC ref-proc, 0.0000529 secs] 2021-08-14T11:06:12.029-0800: 2.222: [Unloading, 0.0004219 secs], 0.0015011 secs]
 [Times: user=0.00 sys=0.00, real=0.01 secs] 
2021-08-14T11:06:12.030-0800: 2.223: [GC cleanup 516M->516M(1024M), 0.0008307 secs]
 [Times: user=0.01 sys=0.00, real=0.00 secs] 
2021-08-14T11:06:12.077-0800: 2.270: [GC pause (G1 Evacuation Pause) (young), 0.0116606 secs]
   [Parallel Time: 10.7 ms, GC Workers: 10]
      [GC Worker Start (ms): Min: 2270.0, Avg: 2270.1, Max: 2270.2, Diff: 0.1]
      [Ext Root Scanning (ms): Min: 0.0, Avg: 0.1, Max: 0.2, Diff: 0.1, Sum: 1.0]
      [Update RS (ms): Min: 4.4, Avg: 4.5, Max: 4.5, Diff: 0.1, Sum: 44.6]
         [Processed Buffers: Min: 44, Avg: 49.9, Max: 61, Diff: 17, Sum: 499]
      [Scan RS (ms): Min: 0.0, Avg: 0.0, Max: 0.0, Diff: 0.0, Sum: 0.2]
      [Code Root Scanning (ms): Min: 0.0, Avg: 0.0, Max: 0.0, Diff: 0.0, Sum: 0.0]
      [Object Copy (ms): Min: 5.7, Avg: 5.8, Max: 5.9, Diff: 0.1, Sum: 57.9]
      [Termination (ms): Min: 0.0, Avg: 0.1, Max: 0.1, Diff: 0.1, Sum: 0.9]
         [Termination Attempts: Min: 1, Avg: 1.0, Max: 1, Diff: 0, Sum: 10]
      [GC Worker Other (ms): Min: 0.0, Avg: 0.0, Max: 0.0, Diff: 0.0, Sum: 0.1]
      [GC Worker Total (ms): Min: 10.4, Avg: 10.5, Max: 10.6, Diff: 0.2, Sum: 104.8]
      [GC Worker End (ms): Min: 2280.6, Avg: 2280.6, Max: 2280.6, Diff: 0.1]
   [Code Root Fixup: 0.0 ms]
   [Code Root Purge: 0.0 ms]
   [Clear CT: 0.2 ms]
   [Other: 0.8 ms]
      [Choose CSet: 0.0 ms]
      [Ref Proc: 0.3 ms]
      [Ref Enq: 0.0 ms]
      [Redirty Cards: 0.1 ms]
      [Humongous Register: 0.1 ms]
      [Humongous Reclaim: 0.1 ms]
      [Free CSet: 0.1 ms]
   [Eden: 265.0M(265.0M)->0.0B(16.0M) Survivors: 8192.0K->35.0M Heap: 835.8M(1024.0M)->573.4M(1024.0M)]
 [Times: user=0.10 sys=0.00, real=0.01 secs] 
2021-08-14T11:06:12.091-0800: 2.284: [GC pause (G1 Evacuation Pause) (mixed), 0.0069249 secs]
   [Parallel Time: 5.8 ms, GC Workers: 10]
      [GC Worker Start (ms): Min: 2284.3, Avg: 2284.4, Max: 2284.4, Diff: 0.1]
      [Ext Root Scanning (ms): Min: 0.1, Avg: 0.1, Max: 0.2, Diff: 0.1, Sum: 1.1]
      [Update RS (ms): Min: 0.2, Avg: 0.2, Max: 0.2, Diff: 0.1, Sum: 1.9]
         [Processed Buffers: Min: 2, Avg: 2.7, Max: 3, Diff: 1, Sum: 27]
      [Scan RS (ms): Min: 0.0, Avg: 0.0, Max: 0.1, Diff: 0.1, Sum: 0.4]
      [Code Root Scanning (ms): Min: 0.0, Avg: 0.0, Max: 0.0, Diff: 0.0, Sum: 0.0]
      [Object Copy (ms): Min: 5.2, Avg: 5.2, Max: 5.3, Diff: 0.1, Sum: 52.1]
      [Termination (ms): Min: 0.0, Avg: 0.1, Max: 0.1, Diff: 0.1, Sum: 0.9]
         [Termination Attempts: Min: 1, Avg: 1.3, Max: 2, Diff: 1, Sum: 13]
      [GC Worker Other (ms): Min: 0.0, Avg: 0.0, Max: 0.0, Diff: 0.0, Sum: 0.1]
      [GC Worker Total (ms): Min: 5.6, Avg: 5.7, Max: 5.7, Diff: 0.1, Sum: 56.6]
      [GC Worker End (ms): Min: 2290.0, Avg: 2290.0, Max: 2290.1, Diff: 0.1]
   [Code Root Fixup: 0.0 ms]
   [Code Root Purge: 0.0 ms]
   [Clear CT: 0.3 ms]
   [Other: 0.9 ms]
      [Choose CSet: 0.0 ms]
      [Ref Proc: 0.4 ms]
      [Ref Enq: 0.0 ms]
      [Redirty Cards: 0.1 ms]
      [Humongous Register: 0.1 ms]
      [Humongous Reclaim: 0.0 ms]
      [Free CSet: 0.1 ms]
   [Eden: 16.0M(16.0M)->0.0B(44.0M) Survivors: 35.0M->7168.0K Heap: 591.4M(1024.0M)->509.5M(1024.0M)]
 [Times: user=0.05 sys=0.00, real=0.00 secs] 
2021-08-14T11:06:12.107-0800: 2.301: [GC pause (G1 Evacuation Pause) (mixed), 0.0047860 secs]
   [Parallel Time: 3.9 ms, GC Workers: 10]
      [GC Worker Start (ms): Min: 2300.8, Avg: 2300.9, Max: 2301.0, Diff: 0.2]
      [Ext Root Scanning (ms): Min: 0.0, Avg: 0.1, Max: 0.2, Diff: 0.2, Sum: 0.9]
      [Update RS (ms): Min: 1.3, Avg: 1.4, Max: 1.5, Diff: 0.2, Sum: 14.1]
         [Processed Buffers: Min: 13, Avg: 14.2, Max: 15, Diff: 2, Sum: 142]
      [Scan RS (ms): Min: 0.0, Avg: 0.0, Max: 0.1, Diff: 0.1, Sum: 0.4]
      [Code Root Scanning (ms): Min: 0.0, Avg: 0.0, Max: 0.0, Diff: 0.0, Sum: 0.0]
      [Object Copy (ms): Min: 1.9, Avg: 2.0, Max: 2.0, Diff: 0.1, Sum: 19.9]
      [Termination (ms): Min: 0.0, Avg: 0.0, Max: 0.1, Diff: 0.1, Sum: 0.5]
         [Termination Attempts: Min: 1, Avg: 1.2, Max: 3, Diff: 2, Sum: 12]
      [GC Worker Other (ms): Min: 0.0, Avg: 0.0, Max: 0.0, Diff: 0.0, Sum: 0.1]
      [GC Worker Total (ms): Min: 3.5, Avg: 3.6, Max: 3.7, Diff: 0.2, Sum: 35.9]
      [GC Worker End (ms): Min: 2304.5, Avg: 2304.5, Max: 2304.5, Diff: 0.0]
   [Code Root Fixup: 0.0 ms]
   [Code Root Purge: 0.0 ms]
   [Clear CT: 0.1 ms]
   [Other: 0.8 ms]
      [Choose CSet: 0.0 ms]
      [Ref Proc: 0.3 ms]
      [Ref Enq: 0.0 ms]
      [Redirty Cards: 0.2 ms]
      [Humongous Register: 0.1 ms]
      [Humongous Reclaim: 0.0 ms]
      [Free CSet: 0.1 ms]
   [Eden: 44.0M(44.0M)->0.0B(265.0M) Survivors: 7168.0K->7168.0K Heap: 569.9M(1024.0M)->507.6M(1024.0M)]
 [Times: user=0.04 sys=0.01, real=0.01 secs] 
2021-08-14T11:06:12.112-0800: 2.306: [GC pause (G1 Humongous Allocation) (young) (initial-mark), 0.0014747 secs]
   [Parallel Time: 0.9 ms, GC Workers: 10]
      [GC Worker Start (ms): Min: 2305.9, Avg: 2306.0, Max: 2306.0, Diff: 0.1]
      [Ext Root Scanning (ms): Min: 0.1, Avg: 0.1, Max: 0.2, Diff: 0.1, Sum: 1.3]
      [Update RS (ms): Min: 0.0, Avg: 0.1, Max: 0.2, Diff: 0.2, Sum: 0.8]
         [Processed Buffers: Min: 1, Avg: 1.1, Max: 2, Diff: 1, Sum: 11]
      [Scan RS (ms): Min: 0.0, Avg: 0.0, Max: 0.0, Diff: 0.0, Sum: 0.0]
      [Code Root Scanning (ms): Min: 0.0, Avg: 0.0, Max: 0.0, Diff: 0.0, Sum: 0.0]
      [Object Copy (ms): Min: 0.3, Avg: 0.4, Max: 0.5, Diff: 0.3, Sum: 4.3]
      [Termination (ms): Min: 0.0, Avg: 0.1, Max: 0.1, Diff: 0.1, Sum: 0.6]
         [Termination Attempts: Min: 1, Avg: 1.0, Max: 1, Diff: 0, Sum: 10]
      [GC Worker Other (ms): Min: 0.0, Avg: 0.0, Max: 0.0, Diff: 0.0, Sum: 0.1]
      [GC Worker Total (ms): Min: 0.6, Avg: 0.7, Max: 0.8, Diff: 0.2, Sum: 7.1]
      [GC Worker End (ms): Min: 2306.7, Avg: 2306.7, Max: 2306.7, Diff: 0.0]
   [Code Root Fixup: 0.0 ms]
   [Code Root Purge: 0.0 ms]
   [Clear CT: 0.1 ms]
   [Other: 0.5 ms]
      [Choose CSet: 0.0 ms]
      [Ref Proc: 0.2 ms]
      [Ref Enq: 0.0 ms]
      [Redirty Cards: 0.1 ms]
      [Humongous Register: 0.1 ms]
      [Humongous Reclaim: 0.0 ms]
      [Free CSet: 0.0 ms]
   [Eden: 2048.0K(265.0M)->0.0B(261.0M) Survivors: 7168.0K->8192.0K Heap: 509.1M(1024.0M)->507.5M(1024.0M)]
 [Times: user=0.01 sys=0.00, real=0.00 secs] 
2021-08-14T11:06:12.114-0800: 2.307: [GC concurrent-root-region-scan-start]
2021-08-14T11:06:12.114-0800: 2.307: [GC concurrent-root-region-scan-end, 0.0000857 secs]
2021-08-14T11:06:12.114-0800: 2.307: [GC concurrent-mark-start]
2021-08-14T11:06:12.115-0800: 2.309: [GC concurrent-mark-end, 0.0012147 secs]
2021-08-14T11:06:12.115-0800: 2.309: [GC remark 2021-08-14T11:06:12.115-0800: 2.309: [Finalize Marking, 0.0001959 secs] 2021-08-14T11:06:12.116-0800: 2.309: [GC ref-proc, 0.0000548 secs] 2021-08-14T11:06:12.116-0800: 2.309: [Unloading, 0.0004154 secs], 0.0014001 secs]
 [Times: user=0.01 sys=0.00, real=0.00 secs] 
2021-08-14T11:06:12.117-0800: 2.310: [GC cleanup 515M->508M(1024M), 0.0007935 secs]
 [Times: user=0.01 sys=0.00, real=0.00 secs] 
2021-08-14T11:06:12.118-0800: 2.311: [GC concurrent-cleanup-start]
2021-08-14T11:06:12.118-0800: 2.311: [GC concurrent-cleanup-end, 0.0000129 secs]
2021-08-14T11:06:12.162-0800: 2.356: [GC pause (G1 Evacuation Pause) (young), 0.0116330 secs]
   [Parallel Time: 10.7 ms, GC Workers: 10]
      [GC Worker Start (ms): Min: 2355.9, Avg: 2356.0, Max: 2356.1, Diff: 0.1]
      [Ext Root Scanning (ms): Min: 0.0, Avg: 0.1, Max: 0.2, Diff: 0.1, Sum: 1.0]
      [Update RS (ms): Min: 5.0, Avg: 5.0, Max: 5.0, Diff: 0.1, Sum: 50.2]
         [Processed Buffers: Min: 36, Avg: 52.9, Max: 68, Diff: 32, Sum: 529]
      [Scan RS (ms): Min: 0.0, Avg: 0.0, Max: 0.0, Diff: 0.0, Sum: 0.2]
      [Code Root Scanning (ms): Min: 0.0, Avg: 0.0, Max: 0.0, Diff: 0.0, Sum: 0.0]
      [Object Copy (ms): Min: 5.1, Avg: 5.2, Max: 5.3, Diff: 0.1, Sum: 51.9]
      [Termination (ms): Min: 0.0, Avg: 0.1, Max: 0.2, Diff: 0.2, Sum: 0.9]
         [Termination Attempts: Min: 1, Avg: 1.4, Max: 2, Diff: 1, Sum: 14]
      [GC Worker Other (ms): Min: 0.0, Avg: 0.0, Max: 0.0, Diff: 0.0, Sum: 0.1]
      [GC Worker Total (ms): Min: 10.4, Avg: 10.4, Max: 10.6, Diff: 0.2, Sum: 104.4]
      [GC Worker End (ms): Min: 2366.4, Avg: 2366.4, Max: 2366.5, Diff: 0.1]
   [Code Root Fixup: 0.0 ms]
   [Code Root Purge: 0.0 ms]
   [Clear CT: 0.1 ms]
   [Other: 0.8 ms]
      [Choose CSet: 0.0 ms]
      [Ref Proc: 0.3 ms]
      [Ref Enq: 0.0 ms]
      [Redirty Cards: 0.1 ms]
      [Humongous Register: 0.1 ms]
      [Humongous Reclaim: 0.1 ms]
      [Free CSet: 0.1 ms]
   [Eden: 261.0M(261.0M)->0.0B(17.0M) Survivors: 8192.0K->34.0M Heap: 832.2M(1024.0M)->574.3M(1024.0M)]
 [Times: user=0.10 sys=0.00, real=0.01 secs] 
2021-08-14T11:06:12.177-0800: 2.371: [GC pause (G1 Evacuation Pause) (mixed), 0.0066660 secs]
   [Parallel Time: 5.7 ms, GC Workers: 10]
      [GC Worker Start (ms): Min: 2370.8, Avg: 2371.0, Max: 2371.1, Diff: 0.3]
      [Ext Root Scanning (ms): Min: 0.0, Avg: 0.1, Max: 0.2, Diff: 0.2, Sum: 0.7]
      [Update RS (ms): Min: 0.4, Avg: 0.4, Max: 0.5, Diff: 0.1, Sum: 4.4]
         [Processed Buffers: Min: 4, Avg: 5.2, Max: 7, Diff: 3, Sum: 52]
      [Scan RS (ms): Min: 0.0, Avg: 0.0, Max: 0.1, Diff: 0.1, Sum: 0.5]
      [Code Root Scanning (ms): Min: 0.0, Avg: 0.0, Max: 0.0, Diff: 0.0, Sum: 0.0]
      [Object Copy (ms): Min: 4.7, Avg: 4.8, Max: 4.8, Diff: 0.1, Sum: 47.7]
      [Termination (ms): Min: 0.0, Avg: 0.1, Max: 0.1, Diff: 0.1, Sum: 0.6]
         [Termination Attempts: Min: 1, Avg: 1.0, Max: 1, Diff: 0, Sum: 10]
      [GC Worker Other (ms): Min: 0.0, Avg: 0.0, Max: 0.0, Diff: 0.0, Sum: 0.1]
      [GC Worker Total (ms): Min: 5.2, Avg: 5.4, Max: 5.6, Diff: 0.3, Sum: 54.1]
      [GC Worker End (ms): Min: 2376.4, Avg: 2376.4, Max: 2376.5, Diff: 0.1]
   [Code Root Fixup: 0.0 ms]
   [Code Root Purge: 0.0 ms]
   [Clear CT: 0.2 ms]
   [Other: 0.8 ms]
      [Choose CSet: 0.0 ms]
      [Ref Proc: 0.2 ms]
      [Ref Enq: 0.0 ms]
      [Redirty Cards: 0.2 ms]
      [Humongous Register: 0.1 ms]
      [Humongous Reclaim: 0.0 ms]
      [Free CSet: 0.1 ms]
   [Eden: 17.0M(17.0M)->0.0B(44.0M) Survivors: 34.0M->7168.0K Heap: 596.3M(1024.0M)->508.5M(1024.0M)]
 [Times: user=0.05 sys=0.00, real=0.01 secs] 
2021-08-14T11:06:12.196-0800: 2.389: [GC pause (G1 Evacuation Pause) (mixed), 0.0045384 secs]
   [Parallel Time: 3.6 ms, GC Workers: 10]
      [GC Worker Start (ms): Min: 2389.3, Avg: 2389.4, Max: 2389.5, Diff: 0.1]
      [Ext Root Scanning (ms): Min: 0.1, Avg: 0.1, Max: 0.2, Diff: 0.1, Sum: 1.2]
      [Update RS (ms): Min: 1.0, Avg: 1.0, Max: 1.1, Diff: 0.1, Sum: 10.2]
         [Processed Buffers: Min: 9, Avg: 9.7, Max: 11, Diff: 2, Sum: 97]
      [Scan RS (ms): Min: 0.0, Avg: 0.0, Max: 0.1, Diff: 0.1, Sum: 0.2]
      [Code Root Scanning (ms): Min: 0.0, Avg: 0.0, Max: 0.0, Diff: 0.0, Sum: 0.0]
      [Object Copy (ms): Min: 2.2, Avg: 2.2, Max: 2.2, Diff: 0.1, Sum: 21.9]
      [Termination (ms): Min: 0.0, Avg: 0.0, Max: 0.1, Diff: 0.1, Sum: 0.3]
         [Termination Attempts: Min: 1, Avg: 1.0, Max: 1, Diff: 0, Sum: 10]
      [GC Worker Other (ms): Min: 0.0, Avg: 0.0, Max: 0.0, Diff: 0.0, Sum: 0.1]
      [GC Worker Total (ms): Min: 3.3, Avg: 3.4, Max: 3.5, Diff: 0.2, Sum: 34.0]
      [GC Worker End (ms): Min: 2392.8, Avg: 2392.8, Max: 2392.8, Diff: 0.0]
   [Code Root Fixup: 0.0 ms]
   [Code Root Purge: 0.0 ms]
   [Clear CT: 0.2 ms]
   [Other: 0.8 ms]
      [Choose CSet: 0.0 ms]
      [Ref Proc: 0.2 ms]
      [Ref Enq: 0.0 ms]
      [Redirty Cards: 0.2 ms]
      [Humongous Register: 0.2 ms]
      [Humongous Reclaim: 0.1 ms]
      [Free CSet: 0.1 ms]
   [Eden: 44.0M(44.0M)->0.0B(258.0M) Survivors: 7168.0K->7168.0K Heap: 563.2M(1024.0M)->509.6M(1024.0M)]
 [Times: user=0.03 sys=0.00, real=0.01 secs] 
2021-08-14T11:06:12.201-0800: 2.394: [GC pause (G1 Humongous Allocation) (young) (initial-mark), 0.0018019 secs]
   [Parallel Time: 0.9 ms, GC Workers: 10]
      [GC Worker Start (ms): Min: 2394.4, Avg: 2394.4, Max: 2394.5, Diff: 0.1]
      [Ext Root Scanning (ms): Min: 0.1, Avg: 0.2, Max: 0.2, Diff: 0.1, Sum: 1.5]
      [Update RS (ms): Min: 0.0, Avg: 0.1, Max: 0.2, Diff: 0.2, Sum: 0.8]
         [Processed Buffers: Min: 1, Avg: 1.1, Max: 2, Diff: 1, Sum: 11]
      [Scan RS (ms): Min: 0.0, Avg: 0.0, Max: 0.0, Diff: 0.0, Sum: 0.0]
      [Code Root Scanning (ms): Min: 0.0, Avg: 0.0, Max: 0.0, Diff: 0.0, Sum: 0.0]
      [Object Copy (ms): Min: 0.2, Avg: 0.4, Max: 0.5, Diff: 0.2, Sum: 4.0]
      [Termination (ms): Min: 0.0, Avg: 0.1, Max: 0.1, Diff: 0.1, Sum: 0.5]
         [Termination Attempts: Min: 1, Avg: 1.0, Max: 1, Diff: 0, Sum: 10]
      [GC Worker Other (ms): Min: 0.0, Avg: 0.0, Max: 0.0, Diff: 0.0, Sum: 0.1]
      [GC Worker Total (ms): Min: 0.6, Avg: 0.7, Max: 0.8, Diff: 0.1, Sum: 6.9]
      [GC Worker End (ms): Min: 2395.1, Avg: 2395.1, Max: 2395.1, Diff: 0.0]
   [Code Root Fixup: 0.0 ms]
   [Code Root Purge: 0.0 ms]
   [Clear CT: 0.2 ms]
   [Other: 0.7 ms]
      [Choose CSet: 0.0 ms]
      [Ref Proc: 0.2 ms]
      [Ref Enq: 0.0 ms]
      [Redirty Cards: 0.2 ms]
      [Humongous Register: 0.1 ms]
      [Humongous Reclaim: 0.0 ms]
      [Free CSet: 0.0 ms]
   [Eden: 1024.0K(258.0M)->0.0B(267.0M) Survivors: 7168.0K->7168.0K Heap: 510.4M(1024.0M)->509.6M(1024.0M)]
 [Times: user=0.01 sys=0.00, real=0.00 secs] 
2021-08-14T11:06:12.203-0800: 2.396: [GC concurrent-root-region-scan-start]
2021-08-14T11:06:12.203-0800: 2.396: [GC concurrent-root-region-scan-end, 0.0001222 secs]
2021-08-14T11:06:12.203-0800: 2.396: [GC concurrent-mark-start]
2021-08-14T11:06:12.204-0800: 2.398: [GC concurrent-mark-end, 0.0013068 secs]
2021-08-14T11:06:12.204-0800: 2.398: [GC remark 2021-08-14T11:06:12.204-0800: 2.398: [Finalize Marking, 0.0003839 secs] 2021-08-14T11:06:12.205-0800: 2.398: [GC ref-proc, 0.0000645 secs] 2021-08-14T11:06:12.205-0800: 2.398: [Unloading, 0.0004438 secs], 0.0017890 secs]
 [Times: user=0.01 sys=0.00, real=0.00 secs] 
2021-08-14T11:06:12.206-0800: 2.400: [GC cleanup 518M->514M(1024M), 0.0010078 secs]
 [Times: user=0.00 sys=0.00, real=0.00 secs] 
2021-08-14T11:06:12.207-0800: 2.401: [GC concurrent-cleanup-start]
2021-08-14T11:06:12.207-0800: 2.401: [GC concurrent-cleanup-end, 0.0000131 secs]
2021-08-14T11:06:12.256-0800: 2.450: [GC pause (G1 Evacuation Pause) (young), 0.0119827 secs]
   [Parallel Time: 11.0 ms, GC Workers: 10]
      [GC Worker Start (ms): Min: 2449.8, Avg: 2449.9, Max: 2450.0, Diff: 0.2]
      [Ext Root Scanning (ms): Min: 0.0, Avg: 0.1, Max: 0.2, Diff: 0.2, Sum: 1.0]
      [Update RS (ms): Min: 5.5, Avg: 5.5, Max: 5.5, Diff: 0.1, Sum: 55.0]
         [Processed Buffers: Min: 55, Avg: 57.1, Max: 66, Diff: 11, Sum: 571]
      [Scan RS (ms): Min: 0.0, Avg: 0.0, Max: 0.0, Diff: 0.0, Sum: 0.2]
      [Code Root Scanning (ms): Min: 0.0, Avg: 0.0, Max: 0.0, Diff: 0.0, Sum: 0.0]
      [Object Copy (ms): Min: 5.1, Avg: 5.1, Max: 5.2, Diff: 0.1, Sum: 51.3]
      [Termination (ms): Min: 0.0, Avg: 0.1, Max: 0.1, Diff: 0.1, Sum: 0.5]
         [Termination Attempts: Min: 1, Avg: 1.0, Max: 1, Diff: 0, Sum: 10]
      [GC Worker Other (ms): Min: 0.0, Avg: 0.0, Max: 0.0, Diff: 0.0, Sum: 0.1]
      [GC Worker Total (ms): Min: 10.7, Avg: 10.8, Max: 11.0, Diff: 0.2, Sum: 108.2]
      [GC Worker End (ms): Min: 2460.7, Avg: 2460.7, Max: 2460.8, Diff: 0.1]
   [Code Root Fixup: 0.0 ms]
   [Code Root Purge: 0.0 ms]
   [Clear CT: 0.2 ms]
   [Other: 0.8 ms]
      [Choose CSet: 0.0 ms]
      [Ref Proc: 0.2 ms]
      [Ref Enq: 0.0 ms]
      [Redirty Cards: 0.2 ms]
      [Humongous Register: 0.1 ms]
      [Humongous Reclaim: 0.1 ms]
      [Free CSet: 0.1 ms]
   [Eden: 267.0M(267.0M)->0.0B(16.0M) Survivors: 7168.0K->35.0M Heap: 842.8M(1024.0M)->574.5M(1024.0M)]
 [Times: user=0.11 sys=0.01, real=0.01 secs] 
2021-08-14T11:06:12.272-0800: 2.465: [GC pause (G1 Evacuation Pause) (mixed), 0.0075962 secs]
   [Parallel Time: 6.4 ms, GC Workers: 10]
      [GC Worker Start (ms): Min: 2465.4, Avg: 2465.5, Max: 2465.5, Diff: 0.1]
      [Ext Root Scanning (ms): Min: 0.1, Avg: 0.1, Max: 0.2, Diff: 0.1, Sum: 1.3]
      [Update RS (ms): Min: 0.8, Avg: 0.8, Max: 0.8, Diff: 0.0, Sum: 8.1]
         [Processed Buffers: Min: 7, Avg: 8.1, Max: 9, Diff: 2, Sum: 81]
      [Scan RS (ms): Min: 0.0, Avg: 0.1, Max: 0.1, Diff: 0.1, Sum: 0.6]
      [Code Root Scanning (ms): Min: 0.0, Avg: 0.0, Max: 0.0, Diff: 0.0, Sum: 0.0]
      [Object Copy (ms): Min: 5.1, Avg: 5.1, Max: 5.1, Diff: 0.1, Sum: 51.0]
      [Termination (ms): Min: 0.0, Avg: 0.1, Max: 0.2, Diff: 0.2, Sum: 0.8]
         [Termination Attempts: Min: 1, Avg: 1.0, Max: 1, Diff: 0, Sum: 10]
      [GC Worker Other (ms): Min: 0.0, Avg: 0.0, Max: 0.0, Diff: 0.0, Sum: 0.1]
      [GC Worker Total (ms): Min: 6.1, Avg: 6.2, Max: 6.3, Diff: 0.1, Sum: 61.8]
      [GC Worker End (ms): Min: 2471.6, Avg: 2471.7, Max: 2471.7, Diff: 0.1]
   [Code Root Fixup: 0.0 ms]
   [Code Root Purge: 0.0 ms]
   [Clear CT: 0.3 ms]
   [Other: 0.9 ms]
      [Choose CSet: 0.0 ms]
      [Ref Proc: 0.3 ms]
      [Ref Enq: 0.0 ms]
      [Redirty Cards: 0.2 ms]
      [Humongous Register: 0.1 ms]
      [Humongous Reclaim: 0.0 ms]
      [Free CSet: 0.1 ms]
   [Eden: 16.0M(16.0M)->0.0B(44.0M) Survivors: 35.0M->7168.0K Heap: 599.2M(1024.0M)->509.6M(1024.0M)]
 [Times: user=0.07 sys=0.00, real=0.01 secs] 
2021-08-14T11:06:12.288-0800: 2.482: [GC pause (G1 Evacuation Pause) (mixed), 0.0032952 secs]
   [Parallel Time: 2.6 ms, GC Workers: 10]
      [GC Worker Start (ms): Min: 2481.8, Avg: 2481.8, Max: 2481.9, Diff: 0.1]
      [Ext Root Scanning (ms): Min: 0.1, Avg: 0.1, Max: 0.2, Diff: 0.1, Sum: 1.3]
      [Update RS (ms): Min: 0.6, Avg: 0.7, Max: 0.7, Diff: 0.1, Sum: 6.7]
         [Processed Buffers: Min: 6, Avg: 6.5, Max: 7, Diff: 1, Sum: 65]
      [Scan RS (ms): Min: 0.0, Avg: 0.0, Max: 0.0, Diff: 0.0, Sum: 0.2]
      [Code Root Scanning (ms): Min: 0.0, Avg: 0.0, Max: 0.0, Diff: 0.0, Sum: 0.0]
      [Object Copy (ms): Min: 1.4, Avg: 1.5, Max: 1.6, Diff: 0.2, Sum: 15.1]
      [Termination (ms): Min: 0.0, Avg: 0.1, Max: 0.1, Diff: 0.1, Sum: 0.9]
         [Termination Attempts: Min: 1, Avg: 1.0, Max: 1, Diff: 0, Sum: 10]
      [GC Worker Other (ms): Min: 0.0, Avg: 0.0, Max: 0.0, Diff: 0.0, Sum: 0.1]
      [GC Worker Total (ms): Min: 2.4, Avg: 2.4, Max: 2.5, Diff: 0.1, Sum: 24.2]
      [GC Worker End (ms): Min: 2484.2, Avg: 2484.2, Max: 2484.3, Diff: 0.1]
   [Code Root Fixup: 0.0 ms]
   [Code Root Purge: 0.0 ms]
   [Clear CT: 0.1 ms]
   [Other: 0.6 ms]
      [Choose CSet: 0.0 ms]
      [Ref Proc: 0.2 ms]
      [Ref Enq: 0.0 ms]
      [Redirty Cards: 0.1 ms]
      [Humongous Register: 0.1 ms]
      [Humongous Reclaim: 0.0 ms]
      [Free CSet: 0.0 ms]
   [Eden: 44.0M(44.0M)->0.0B(263.0M) Survivors: 7168.0K->7168.0K Heap: 560.2M(1024.0M)->513.6M(1024.0M)]
 [Times: user=0.03 sys=0.00, real=0.01 secs] 
2021-08-14T11:06:12.292-0800: 2.485: [GC pause (G1 Humongous Allocation) (young) (initial-mark), 0.0014712 secs]
   [Parallel Time: 0.8 ms, GC Workers: 10]
      [GC Worker Start (ms): Min: 2485.4, Avg: 2485.4, Max: 2485.5, Diff: 0.1]
      [Ext Root Scanning (ms): Min: 0.1, Avg: 0.1, Max: 0.2, Diff: 0.1, Sum: 1.4]
      [Update RS (ms): Min: 0.0, Avg: 0.1, Max: 0.1, Diff: 0.1, Sum: 0.5]
         [Processed Buffers: Min: 1, Avg: 1.1, Max: 2, Diff: 1, Sum: 11]
      [Scan RS (ms): Min: 0.0, Avg: 0.0, Max: 0.0, Diff: 0.0, Sum: 0.0]
      [Code Root Scanning (ms): Min: 0.0, Avg: 0.0, Max: 0.0, Diff: 0.0, Sum: 0.0]
      [Object Copy (ms): Min: 0.4, Avg: 0.4, Max: 0.5, Diff: 0.1, Sum: 4.1]
      [Termination (ms): Min: 0.0, Avg: 0.1, Max: 0.1, Diff: 0.1, Sum: 0.8]
         [Termination Attempts: Min: 1, Avg: 1.1, Max: 2, Diff: 1, Sum: 11]
      [GC Worker Other (ms): Min: 0.0, Avg: 0.0, Max: 0.0, Diff: 0.0, Sum: 0.1]
      [GC Worker Total (ms): Min: 0.6, Avg: 0.7, Max: 0.7, Diff: 0.1, Sum: 6.9]
      [GC Worker End (ms): Min: 2486.1, Avg: 2486.1, Max: 2486.2, Diff: 0.1]
   [Code Root Fixup: 0.0 ms]
   [Code Root Purge: 0.0 ms]
   [Clear CT: 0.1 ms]
   [Other: 0.5 ms]
      [Choose CSet: 0.0 ms]
      [Ref Proc: 0.2 ms]
      [Ref Enq: 0.0 ms]
      [Redirty Cards: 0.1 ms]
      [Humongous Register: 0.1 ms]
      [Humongous Reclaim: 0.0 ms]
      [Free CSet: 0.0 ms]
   [Eden: 1024.0K(263.0M)->0.0B(277.0M) Survivors: 7168.0K->8192.0K Heap: 514.3M(1024.0M)->513.7M(1024.0M)]
 [Times: user=0.01 sys=0.00, real=0.00 secs] 
2021-08-14T11:06:12.294-0800: 2.487: [GC concurrent-root-region-scan-start]
2021-08-14T11:06:12.294-0800: 2.487: [GC concurrent-root-region-scan-end, 0.0000863 secs]
2021-08-14T11:06:12.294-0800: 2.487: [GC concurrent-mark-start]
2021-08-14T11:06:12.295-0800: 2.488: [GC concurrent-mark-end, 0.0012081 secs]
2021-08-14T11:06:12.295-0800: 2.488: [GC remark 2021-08-14T11:06:12.295-0800: 2.488: [Finalize Marking, 0.0001520 secs] 2021-08-14T11:06:12.295-0800: 2.488: [GC ref-proc, 0.0000733 secs] 2021-08-14T11:06:12.295-0800: 2.489: [Unloading, 0.0005081 secs], 0.0015423 secs]
 [Times: user=0.01 sys=0.00, real=0.00 secs] 
2021-08-14T11:06:12.297-0800: 2.490: [GC cleanup 522M->517M(1024M), 0.0007417 secs]
 [Times: user=0.01 sys=0.00, real=0.00 secs] 
2021-08-14T11:06:12.297-0800: 2.491: [GC concurrent-cleanup-start]
2021-08-14T11:06:12.297-0800: 2.491: [GC concurrent-cleanup-end, 0.0000106 secs]
2021-08-14T11:06:12.345-0800: 2.539: [GC pause (G1 Evacuation Pause) (young) (to-space exhausted), 0.0110824 secs]
   [Parallel Time: 9.9 ms, GC Workers: 10]
      [GC Worker Start (ms): Min: 2538.8, Avg: 2538.9, Max: 2538.9, Diff: 0.1]
      [Ext Root Scanning (ms): Min: 0.0, Avg: 0.1, Max: 0.2, Diff: 0.1, Sum: 1.0]
      [Update RS (ms): Min: 5.3, Avg: 5.3, Max: 5.4, Diff: 0.1, Sum: 53.2]
         [Processed Buffers: Min: 55, Avg: 57.2, Max: 65, Diff: 10, Sum: 572]
      [Scan RS (ms): Min: 0.0, Avg: 0.0, Max: 0.0, Diff: 0.0, Sum: 0.3]
      [Code Root Scanning (ms): Min: 0.0, Avg: 0.0, Max: 0.0, Diff: 0.0, Sum: 0.0]
      [Object Copy (ms): Min: 4.2, Avg: 4.2, Max: 4.3, Diff: 0.1, Sum: 42.3]
      [Termination (ms): Min: 0.0, Avg: 0.1, Max: 0.1, Diff: 0.1, Sum: 0.7]
         [Termination Attempts: Min: 1, Avg: 1.0, Max: 1, Diff: 0, Sum: 10]
      [GC Worker Other (ms): Min: 0.0, Avg: 0.0, Max: 0.0, Diff: 0.0, Sum: 0.1]
      [GC Worker Total (ms): Min: 9.7, Avg: 9.8, Max: 9.8, Diff: 0.1, Sum: 97.7]
      [GC Worker End (ms): Min: 2548.6, Avg: 2548.6, Max: 2548.6, Diff: 0.0]
   [Code Root Fixup: 0.0 ms]
   [Code Root Purge: 0.0 ms]
   [Clear CT: 0.2 ms]
   [Other: 1.0 ms]
      [Evacuation Failure: 0.3 ms]
      [Choose CSet: 0.0 ms]
      [Ref Proc: 0.2 ms]
      [Ref Enq: 0.0 ms]
      [Redirty Cards: 0.2 ms]
      [Humongous Register: 0.1 ms]
      [Humongous Reclaim: 0.1 ms]
      [Free CSet: 0.1 ms]
   [Eden: 277.0M(277.0M)->0.0B(15.0M) Survivors: 8192.0K->36.0M Heap: 855.9M(1024.0M)->652.5M(1024.0M)]
 [Times: user=0.10 sys=0.00, real=0.01 secs] 
2021-08-14T11:06:12.360-0800: 2.553: [GC pause (G1 Evacuation Pause) (mixed), 0.0061623 secs]
   [Parallel Time: 5.2 ms, GC Workers: 10]
      [GC Worker Start (ms): Min: 2553.1, Avg: 2553.1, Max: 2553.2, Diff: 0.1]
      [Ext Root Scanning (ms): Min: 0.1, Avg: 0.1, Max: 0.2, Diff: 0.1, Sum: 1.2]
      [Update RS (ms): Min: 0.4, Avg: 0.4, Max: 0.4, Diff: 0.1, Sum: 4.2]
         [Processed Buffers: Min: 4, Avg: 5.7, Max: 8, Diff: 4, Sum: 57]
      [Scan RS (ms): Min: 0.0, Avg: 0.1, Max: 0.1, Diff: 0.1, Sum: 0.5]
      [Code Root Scanning (ms): Min: 0.0, Avg: 0.0, Max: 0.0, Diff: 0.0, Sum: 0.0]
      [Object Copy (ms): Min: 4.4, Avg: 4.4, Max: 4.5, Diff: 0.1, Sum: 44.4]
      [Termination (ms): Min: 0.0, Avg: 0.0, Max: 0.1, Diff: 0.1, Sum: 0.4]
         [Termination Attempts: Min: 1, Avg: 1.7, Max: 4, Diff: 3, Sum: 17]
      [GC Worker Other (ms): Min: 0.0, Avg: 0.0, Max: 0.0, Diff: 0.0, Sum: 0.1]
      [GC Worker Total (ms): Min: 5.0, Avg: 5.1, Max: 5.1, Diff: 0.1, Sum: 50.9]
      [GC Worker End (ms): Min: 2558.2, Avg: 2558.2, Max: 2558.2, Diff: 0.0]
   [Code Root Fixup: 0.0 ms]
   [Code Root Purge: 0.0 ms]
   [Clear CT: 0.2 ms]
   [Other: 0.8 ms]
      [Choose CSet: 0.0 ms]
      [Ref Proc: 0.3 ms]
      [Ref Enq: 0.0 ms]
      [Redirty Cards: 0.1 ms]
      [Humongous Register: 0.1 ms]
      [Humongous Reclaim: 0.0 ms]
      [Free CSet: 0.1 ms]
   [Eden: 15.0M(15.0M)->0.0B(47.0M) Survivors: 36.0M->4096.0K Heap: 672.0M(1024.0M)->579.7M(1024.0M)]
 [Times: user=0.05 sys=0.01, real=0.00 secs] 
2021-08-14T11:06:12.374-0800: 2.567: [GC pause (G1 Evacuation Pause) (mixed), 0.0035286 secs]
   [Parallel Time: 2.7 ms, GC Workers: 10]
      [GC Worker Start (ms): Min: 2567.4, Avg: 2567.5, Max: 2567.6, Diff: 0.2]
      [Ext Root Scanning (ms): Min: 0.0, Avg: 0.1, Max: 0.2, Diff: 0.2, Sum: 1.0]
      [Update RS (ms): Min: 0.7, Avg: 0.7, Max: 0.8, Diff: 0.1, Sum: 7.3]
         [Processed Buffers: Min: 1, Avg: 7.2, Max: 9, Diff: 8, Sum: 72]
      [Scan RS (ms): Min: 0.0, Avg: 0.0, Max: 0.0, Diff: 0.0, Sum: 0.1]
      [Code Root Scanning (ms): Min: 0.0, Avg: 0.0, Max: 0.0, Diff: 0.0, Sum: 0.0]
      [Object Copy (ms): Min: 1.5, Avg: 1.6, Max: 1.6, Diff: 0.1, Sum: 15.5]
      [Termination (ms): Min: 0.0, Avg: 0.1, Max: 0.1, Diff: 0.1, Sum: 0.8]
         [Termination Attempts: Min: 1, Avg: 1.0, Max: 1, Diff: 0, Sum: 10]
      [GC Worker Other (ms): Min: 0.0, Avg: 0.0, Max: 0.0, Diff: 0.0, Sum: 0.1]
      [GC Worker Total (ms): Min: 2.4, Avg: 2.5, Max: 2.6, Diff: 0.2, Sum: 24.9]
      [GC Worker End (ms): Min: 2570.0, Avg: 2570.0, Max: 2570.0, Diff: 0.1]
   [Code Root Fixup: 0.0 ms]
   [Code Root Purge: 0.0 ms]
   [Clear CT: 0.2 ms]
   [Other: 0.7 ms]
      [Choose CSet: 0.0 ms]
      [Ref Proc: 0.3 ms]
      [Ref Enq: 0.0 ms]
      [Redirty Cards: 0.1 ms]
      [Humongous Register: 0.1 ms]
      [Humongous Reclaim: 0.0 ms]
      [Free CSet: 0.0 ms]
   [Eden: 47.0M(47.0M)->0.0B(219.0M) Survivors: 4096.0K->7168.0K Heap: 634.4M(1024.0M)->586.5M(1024.0M)]
 [Times: user=0.03 sys=0.00, real=0.00 secs] 
2021-08-14T11:06:12.378-0800: 2.571: [GC pause (G1 Humongous Allocation) (young) (initial-mark), 0.0016051 secs]
   [Parallel Time: 0.9 ms, GC Workers: 10]
      [GC Worker Start (ms): Min: 2571.5, Avg: 2571.6, Max: 2571.6, Diff: 0.1]
      [Ext Root Scanning (ms): Min: 0.1, Avg: 0.1, Max: 0.2, Diff: 0.1, Sum: 1.2]
      [Update RS (ms): Min: 0.0, Avg: 0.1, Max: 0.2, Diff: 0.1, Sum: 0.7]
         [Processed Buffers: Min: 1, Avg: 1.1, Max: 2, Diff: 1, Sum: 11]
      [Scan RS (ms): Min: 0.0, Avg: 0.0, Max: 0.0, Diff: 0.0, Sum: 0.0]
      [Code Root Scanning (ms): Min: 0.0, Avg: 0.0, Max: 0.0, Diff: 0.0, Sum: 0.0]
      [Object Copy (ms): Min: 0.3, Avg: 0.4, Max: 0.5, Diff: 0.2, Sum: 4.3]
      [Termination (ms): Min: 0.0, Avg: 0.1, Max: 0.1, Diff: 0.1, Sum: 0.9]
         [Termination Attempts: Min: 1, Avg: 1.0, Max: 1, Diff: 0, Sum: 10]
      [GC Worker Other (ms): Min: 0.0, Avg: 0.0, Max: 0.0, Diff: 0.0, Sum: 0.1]
      [GC Worker Total (ms): Min: 0.6, Avg: 0.7, Max: 0.8, Diff: 0.2, Sum: 7.1]
      [GC Worker End (ms): Min: 2572.2, Avg: 2572.3, Max: 2572.3, Diff: 0.1]
   [Code Root Fixup: 0.0 ms]
   [Code Root Purge: 0.0 ms]
   [Clear CT: 0.1 ms]
   [Other: 0.6 ms]
      [Choose CSet: 0.0 ms]
      [Ref Proc: 0.3 ms]
      [Ref Enq: 0.0 ms]
      [Redirty Cards: 0.1 ms]
      [Humongous Register: 0.1 ms]
      [Humongous Reclaim: 0.0 ms]
      [Free CSet: 0.0 ms]
   [Eden: 3072.0K(219.0M)->0.0B(227.0M) Survivors: 7168.0K->8192.0K Heap: 588.9M(1024.0M)->587.0M(1024.0M)]
 [Times: user=0.01 sys=0.00, real=0.01 secs] 
2021-08-14T11:06:12.380-0800: 2.573: [GC concurrent-root-region-scan-start]
2021-08-14T11:06:12.380-0800: 2.573: [GC concurrent-root-region-scan-end, 0.0000745 secs]
2021-08-14T11:06:12.380-0800: 2.573: [GC concurrent-mark-start]
2021-08-14T11:06:12.381-0800: 2.574: [GC concurrent-mark-end, 0.0010922 secs]
2021-08-14T11:06:12.381-0800: 2.574: [GC remark 2021-08-14T11:06:12.381-0800: 2.574: [Finalize Marking, 0.0003595 secs] 2021-08-14T11:06:12.381-0800: 2.575: [GC ref-proc, 0.0000549 secs] 2021-08-14T11:06:12.381-0800: 2.575: [Unloading, 0.0004092 secs], 0.0015090 secs]
 [Times: user=0.01 sys=0.00, real=0.00 secs] 
2021-08-14T11:06:12.383-0800: 2.576: [GC cleanup 593M->590M(1024M), 0.0008455 secs]
 [Times: user=0.01 sys=0.00, real=0.00 secs] 
2021-08-14T11:06:12.384-0800: 2.577: [GC concurrent-cleanup-start]
2021-08-14T11:06:12.384-0800: 2.577: [GC concurrent-cleanup-end, 0.0000123 secs]
2021-08-14T11:06:12.421-0800: 2.614: [GC pause (G1 Evacuation Pause) (young) (to-space exhausted), 0.0107805 secs]
   [Parallel Time: 9.4 ms, GC Workers: 10]
      [GC Worker Start (ms): Min: 2614.4, Avg: 2614.5, Max: 2614.5, Diff: 0.1]
      [Ext Root Scanning (ms): Min: 0.1, Avg: 0.1, Max: 0.2, Diff: 0.1, Sum: 1.0]
      [Update RS (ms): Min: 4.9, Avg: 4.9, Max: 5.0, Diff: 0.1, Sum: 49.4]
         [Processed Buffers: Min: 43, Avg: 50.4, Max: 53, Diff: 10, Sum: 504]
      [Scan RS (ms): Min: 0.0, Avg: 0.0, Max: 0.1, Diff: 0.1, Sum: 0.2]
      [Code Root Scanning (ms): Min: 0.0, Avg: 0.0, Max: 0.0, Diff: 0.0, Sum: 0.0]
      [Object Copy (ms): Min: 4.1, Avg: 4.1, Max: 4.2, Diff: 0.1, Sum: 41.2]
      [Termination (ms): Min: 0.0, Avg: 0.1, Max: 0.1, Diff: 0.1, Sum: 0.9]
         [Termination Attempts: Min: 1, Avg: 1.0, Max: 1, Diff: 0, Sum: 10]
      [GC Worker Other (ms): Min: 0.0, Avg: 0.0, Max: 0.0, Diff: 0.0, Sum: 0.1]
      [GC Worker Total (ms): Min: 9.2, Avg: 9.3, Max: 9.4, Diff: 0.2, Sum: 93.0]
      [GC Worker End (ms): Min: 2623.7, Avg: 2623.8, Max: 2623.8, Diff: 0.1]
   [Code Root Fixup: 0.0 ms]
   [Code Root Purge: 0.0 ms]
   [Clear CT: 0.2 ms]
   [Other: 1.2 ms]
      [Evacuation Failure: 0.3 ms]
      [Choose CSet: 0.0 ms]
      [Ref Proc: 0.3 ms]
      [Ref Enq: 0.0 ms]
      [Redirty Cards: 0.1 ms]
      [Humongous Register: 0.1 ms]
      [Humongous Reclaim: 0.1 ms]
      [Free CSet: 0.2 ms]
   [Eden: 227.0M(227.0M)->0.0B(21.0M) Survivors: 8192.0K->30.0M Heap: 873.0M(1024.0M)->718.1M(1024.0M)]
 [Times: user=0.09 sys=0.00, real=0.01 secs] 
2021-08-14T11:06:12.436-0800: 2.630: [GC pause (G1 Evacuation Pause) (mixed), 0.0067020 secs]
   [Parallel Time: 5.6 ms, GC Workers: 10]
      [GC Worker Start (ms): Min: 2630.0, Avg: 2630.2, Max: 2630.3, Diff: 0.2]
      [Ext Root Scanning (ms): Min: 0.1, Avg: 0.2, Max: 0.3, Diff: 0.2, Sum: 1.7]
      [Update RS (ms): Min: 0.4, Avg: 0.5, Max: 0.5, Diff: 0.1, Sum: 4.5]
         [Processed Buffers: Min: 3, Avg: 4.5, Max: 6, Diff: 3, Sum: 45]
      [Scan RS (ms): Min: 0.0, Avg: 0.1, Max: 0.1, Diff: 0.1, Sum: 0.5]
      [Code Root Scanning (ms): Min: 0.0, Avg: 0.0, Max: 0.0, Diff: 0.0, Sum: 0.0]
      [Object Copy (ms): Min: 4.4, Avg: 4.5, Max: 4.6, Diff: 0.2, Sum: 44.9]
      [Termination (ms): Min: 0.0, Avg: 0.1, Max: 0.3, Diff: 0.3, Sum: 1.2]
         [Termination Attempts: Min: 1, Avg: 1.0, Max: 1, Diff: 0, Sum: 10]
      [GC Worker Other (ms): Min: 0.0, Avg: 0.0, Max: 0.0, Diff: 0.0, Sum: 0.2]
      [GC Worker Total (ms): Min: 5.2, Avg: 5.3, Max: 5.4, Diff: 0.2, Sum: 53.0]
      [GC Worker End (ms): Min: 2635.4, Avg: 2635.5, Max: 2635.6, Diff: 0.1]
   [Code Root Fixup: 0.0 ms]
   [Code Root Purge: 0.0 ms]
   [Clear CT: 0.2 ms]
   [Other: 0.9 ms]
      [Choose CSet: 0.1 ms]
      [Ref Proc: 0.2 ms]
      [Ref Enq: 0.0 ms]
      [Redirty Cards: 0.1 ms]
      [Humongous Register: 0.3 ms]
      [Humongous Reclaim: 0.0 ms]
      [Free CSet: 0.1 ms]
   [Eden: 21.0M(21.0M)->0.0B(44.0M) Survivors: 30.0M->7168.0K Heap: 742.2M(1024.0M)->635.7M(1024.0M)]
 [Times: user=0.05 sys=0.00, real=0.01 secs] 
2021-08-14T11:06:12.451-0800: 2.644: [GC pause (G1 Evacuation Pause) (mixed), 0.0062538 secs]
   [Parallel Time: 5.3 ms, GC Workers: 10]
      [GC Worker Start (ms): Min: 2644.6, Avg: 2644.7, Max: 2644.7, Diff: 0.1]
      [Ext Root Scanning (ms): Min: 0.1, Avg: 0.1, Max: 0.2, Diff: 0.1, Sum: 1.1]
      [Update RS (ms): Min: 0.8, Avg: 0.8, Max: 0.8, Diff: 0.1, Sum: 8.1]
         [Processed Buffers: Min: 8, Avg: 8.9, Max: 10, Diff: 2, Sum: 89]
      [Scan RS (ms): Min: 0.0, Avg: 0.0, Max: 0.1, Diff: 0.1, Sum: 0.4]
      [Code Root Scanning (ms): Min: 0.0, Avg: 0.0, Max: 0.0, Diff: 0.0, Sum: 0.0]
      [Object Copy (ms): Min: 4.1, Avg: 4.1, Max: 4.2, Diff: 0.1, Sum: 41.3]
      [Termination (ms): Min: 0.0, Avg: 0.1, Max: 0.1, Diff: 0.1, Sum: 0.9]
         [Termination Attempts: Min: 1, Avg: 1.0, Max: 1, Diff: 0, Sum: 10]
      [GC Worker Other (ms): Min: 0.0, Avg: 0.0, Max: 0.0, Diff: 0.0, Sum: 0.1]
      [GC Worker Total (ms): Min: 5.2, Avg: 5.2, Max: 5.2, Diff: 0.1, Sum: 51.9]
      [GC Worker End (ms): Min: 2649.8, Avg: 2649.8, Max: 2649.9, Diff: 0.1]
   [Code Root Fixup: 0.0 ms]
   [Code Root Purge: 0.0 ms]
   [Clear CT: 0.2 ms]
   [Other: 0.8 ms]
      [Choose CSet: 0.0 ms]
      [Ref Proc: 0.2 ms]
      [Ref Enq: 0.0 ms]
      [Redirty Cards: 0.2 ms]
      [Humongous Register: 0.1 ms]
      [Humongous Reclaim: 0.0 ms]
      [Free CSet: 0.1 ms]
   [Eden: 44.0M(44.0M)->0.0B(44.0M) Survivors: 7168.0K->7168.0K Heap: 689.4M(1024.0M)->584.4M(1024.0M)]
 [Times: user=0.05 sys=0.01, real=0.00 secs] 
2021-08-14T11:06:12.466-0800: 2.660: [GC pause (G1 Evacuation Pause) (mixed), 0.0042806 secs]
   [Parallel Time: 3.3 ms, GC Workers: 10]
      [GC Worker Start (ms): Min: 2659.7, Avg: 2659.8, Max: 2659.9, Diff: 0.1]
      [Ext Root Scanning (ms): Min: 0.1, Avg: 0.1, Max: 0.2, Diff: 0.1, Sum: 1.1]
      [Update RS (ms): Min: 1.0, Avg: 1.0, Max: 1.0, Diff: 0.1, Sum: 10.0]
         [Processed Buffers: Min: 10, Avg: 10.6, Max: 13, Diff: 3, Sum: 106]
      [Scan RS (ms): Min: 0.0, Avg: 0.0, Max: 0.1, Diff: 0.0, Sum: 0.2]
      [Code Root Scanning (ms): Min: 0.0, Avg: 0.0, Max: 0.0, Diff: 0.0, Sum: 0.0]
      [Object Copy (ms): Min: 1.9, Avg: 1.9, Max: 2.0, Diff: 0.1, Sum: 19.5]
      [Termination (ms): Min: 0.0, Avg: 0.1, Max: 0.1, Diff: 0.1, Sum: 0.9]
         [Termination Attempts: Min: 1, Avg: 1.0, Max: 1, Diff: 0, Sum: 10]
      [GC Worker Other (ms): Min: 0.0, Avg: 0.0, Max: 0.0, Diff: 0.0, Sum: 0.1]
      [GC Worker Total (ms): Min: 3.1, Avg: 3.2, Max: 3.3, Diff: 0.1, Sum: 31.7]
      [GC Worker End (ms): Min: 2663.0, Avg: 2663.0, Max: 2663.0, Diff: 0.0]
   [Code Root Fixup: 0.0 ms]
   [Code Root Purge: 0.0 ms]
   [Clear CT: 0.2 ms]
   [Other: 0.8 ms]
      [Choose CSet: 0.0 ms]
      [Ref Proc: 0.4 ms]
      [Ref Enq: 0.0 ms]
      [Redirty Cards: 0.1 ms]
      [Humongous Register: 0.1 ms]
      [Humongous Reclaim: 0.0 ms]
      [Free CSet: 0.1 ms]
   [Eden: 44.0M(44.0M)->0.0B(217.0M) Survivors: 7168.0K->7168.0K Heap: 640.3M(1024.0M)->587.6M(1024.0M)]
 [Times: user=0.03 sys=0.00, real=0.01 secs] 
2021-08-14T11:06:12.471-0800: 2.664: [GC pause (G1 Humongous Allocation) (young) (initial-mark), 0.0016730 secs]
   [Parallel Time: 0.9 ms, GC Workers: 10]
      [GC Worker Start (ms): Min: 2664.4, Avg: 2664.4, Max: 2664.4, Diff: 0.1]
      [Ext Root Scanning (ms): Min: 0.1, Avg: 0.1, Max: 0.2, Diff: 0.1, Sum: 1.4]
      [Update RS (ms): Min: 0.0, Avg: 0.1, Max: 0.2, Diff: 0.2, Sum: 0.8]
         [Processed Buffers: Min: 1, Avg: 1.1, Max: 2, Diff: 1, Sum: 11]
      [Scan RS (ms): Min: 0.0, Avg: 0.0, Max: 0.0, Diff: 0.0, Sum: 0.0]
      [Code Root Scanning (ms): Min: 0.0, Avg: 0.0, Max: 0.0, Diff: 0.0, Sum: 0.0]
      [Object Copy (ms): Min: 0.3, Avg: 0.5, Max: 0.6, Diff: 0.3, Sum: 4.9]
      [Termination (ms): Min: 0.0, Avg: 0.1, Max: 0.1, Diff: 0.1, Sum: 0.9]
         [Termination Attempts: Min: 1, Avg: 1.1, Max: 2, Diff: 1, Sum: 11]
      [GC Worker Other (ms): Min: 0.0, Avg: 0.0, Max: 0.0, Diff: 0.0, Sum: 0.1]
      [GC Worker Total (ms): Min: 0.8, Avg: 0.8, Max: 0.9, Diff: 0.1, Sum: 8.1]
      [GC Worker End (ms): Min: 2665.2, Avg: 2665.2, Max: 2665.2, Diff: 0.1]
   [Code Root Fixup: 0.0 ms]
   [Code Root Purge: 0.0 ms]
   [Clear CT: 0.2 ms]
   [Other: 0.6 ms]
      [Choose CSet: 0.0 ms]
      [Ref Proc: 0.2 ms]
      [Ref Enq: 0.0 ms]
      [Redirty Cards: 0.2 ms]
      [Humongous Register: 0.1 ms]
      [Humongous Reclaim: 0.0 ms]
      [Free CSet: 0.0 ms]
   [Eden: 2048.0K(217.0M)->0.0B(194.0M) Survivors: 7168.0K->8192.0K Heap: 589.2M(1024.0M)->588.6M(1024.0M)]
 [Times: user=0.01 sys=0.00, real=0.00 secs] 
2021-08-14T11:06:12.473-0800: 2.666: [GC concurrent-root-region-scan-start]
2021-08-14T11:06:12.473-0800: 2.666: [GC concurrent-root-region-scan-end, 0.0000956 secs]
2021-08-14T11:06:12.473-0800: 2.666: [GC concurrent-mark-start]
2021-08-14T11:06:12.474-0800: 2.667: [GC concurrent-mark-end, 0.0012718 secs]
2021-08-14T11:06:12.474-0800: 2.667: [GC remark 2021-08-14T11:06:12.474-0800: 2.667: [Finalize Marking, 0.0003280 secs] 2021-08-14T11:06:12.475-0800: 2.668: [GC ref-proc, 0.0000557 secs] 2021-08-14T11:06:12.475-0800: 2.668: [Unloading, 0.0005245 secs], 0.0016828 secs]
 [Times: user=0.01 sys=0.00, real=0.00 secs] 
2021-08-14T11:06:12.476-0800: 2.669: [GC cleanup 599M->588M(1024M), 0.0008547 secs]
 [Times: user=0.00 sys=0.00, real=0.00 secs] 
2021-08-14T11:06:12.477-0800: 2.670: [GC concurrent-cleanup-start]
2021-08-14T11:06:12.477-0800: 2.670: [GC concurrent-cleanup-end, 0.0000124 secs]
2021-08-14T11:06:12.515-0800: 2.708: [GC pause (G1 Evacuation Pause) (young), 0.0108197 secs]
   [Parallel Time: 9.8 ms, GC Workers: 10]
      [GC Worker Start (ms): Min: 2708.3, Avg: 2708.4, Max: 2708.4, Diff: 0.1]
      [Ext Root Scanning (ms): Min: 0.1, Avg: 0.1, Max: 0.2, Diff: 0.1, Sum: 1.2]
      [Update RS (ms): Min: 4.9, Avg: 4.9, Max: 5.0, Diff: 0.1, Sum: 49.1]
         [Processed Buffers: Min: 50, Avg: 51.0, Max: 52, Diff: 2, Sum: 510]
      [Scan RS (ms): Min: 0.0, Avg: 0.0, Max: 0.0, Diff: 0.0, Sum: 0.2]
      [Code Root Scanning (ms): Min: 0.0, Avg: 0.0, Max: 0.0, Diff: 0.0, Sum: 0.0]
      [Object Copy (ms): Min: 4.4, Avg: 4.5, Max: 4.6, Diff: 0.2, Sum: 44.9]
      [Termination (ms): Min: 0.0, Avg: 0.1, Max: 0.2, Diff: 0.2, Sum: 0.9]
         [Termination Attempts: Min: 1, Avg: 1.0, Max: 1, Diff: 0, Sum: 10]
      [GC Worker Other (ms): Min: 0.0, Avg: 0.0, Max: 0.0, Diff: 0.0, Sum: 0.1]
      [GC Worker Total (ms): Min: 9.6, Avg: 9.6, Max: 9.7, Diff: 0.1, Sum: 96.5]
      [GC Worker End (ms): Min: 2718.0, Avg: 2718.0, Max: 2718.1, Diff: 0.1]
   [Code Root Fixup: 0.0 ms]
   [Code Root Purge: 0.0 ms]
   [Clear CT: 0.1 ms]
   [Other: 0.8 ms]
      [Choose CSet: 0.0 ms]
      [Ref Proc: 0.3 ms]
      [Ref Enq: 0.0 ms]
      [Redirty Cards: 0.1 ms]
      [Humongous Register: 0.1 ms]
      [Humongous Reclaim: 0.1 ms]
      [Free CSet: 0.1 ms]
   [Eden: 194.0M(194.0M)->0.0B(25.0M) Survivors: 8192.0K->26.0M Heap: 834.2M(1024.0M)->642.0M(1024.0M)]
 [Times: user=0.10 sys=0.00, real=0.01 secs] 
2021-08-14T11:06:12.534-0800: 2.727: [GC pause (G1 Evacuation Pause) (mixed), 0.0088331 secs]
   [Parallel Time: 7.7 ms, GC Workers: 10]
      [GC Worker Start (ms): Min: 2727.4, Avg: 2727.5, Max: 2727.6, Diff: 0.1]
      [Ext Root Scanning (ms): Min: 0.1, Avg: 0.1, Max: 0.2, Diff: 0.1, Sum: 1.5]
      [Update RS (ms): Min: 0.4, Avg: 0.5, Max: 0.5, Diff: 0.1, Sum: 4.8]
         [Processed Buffers: Min: 4, Avg: 4.8, Max: 5, Diff: 1, Sum: 48]
      [Scan RS (ms): Min: 0.0, Avg: 0.0, Max: 0.1, Diff: 0.1, Sum: 0.4]
      [Code Root Scanning (ms): Min: 0.0, Avg: 0.0, Max: 0.0, Diff: 0.0, Sum: 0.0]
      [Object Copy (ms): Min: 6.6, Avg: 6.7, Max: 6.9, Diff: 0.3, Sum: 66.9]
      [Termination (ms): Min: 0.0, Avg: 0.2, Max: 0.3, Diff: 0.3, Sum: 2.2]
         [Termination Attempts: Min: 1, Avg: 1.0, Max: 1, Diff: 0, Sum: 10]
      [GC Worker Other (ms): Min: 0.0, Avg: 0.0, Max: 0.0, Diff: 0.0, Sum: 0.1]
      [GC Worker Total (ms): Min: 7.5, Avg: 7.6, Max: 7.7, Diff: 0.1, Sum: 76.0]
      [GC Worker End (ms): Min: 2735.1, Avg: 2735.1, Max: 2735.1, Diff: 0.1]
   [Code Root Fixup: 0.0 ms]
   [Code Root Purge: 0.0 ms]
   [Clear CT: 0.2 ms]
   [Other: 0.9 ms]
      [Choose CSet: 0.1 ms]
      [Ref Proc: 0.3 ms]
      [Ref Enq: 0.0 ms]
      [Redirty Cards: 0.1 ms]
      [Humongous Register: 0.2 ms]
      [Humongous Reclaim: 0.0 ms]
      [Free CSet: 0.1 ms]
   [Eden: 25.0M(25.0M)->0.0B(44.0M) Survivors: 26.0M->7168.0K Heap: 671.5M(1024.0M)->557.5M(1024.0M)]
 [Times: user=0.07 sys=0.01, real=0.01 secs] 
2021-08-14T11:06:12.550-0800: 2.744: [GC pause (G1 Evacuation Pause) (mixed), 0.0065836 secs]
   [Parallel Time: 5.6 ms, GC Workers: 10]
      [GC Worker Start (ms): Min: 2743.9, Avg: 2744.0, Max: 2744.1, Diff: 0.1]
      [Ext Root Scanning (ms): Min: 0.1, Avg: 0.1, Max: 0.2, Diff: 0.1, Sum: 1.1]
      [Update RS (ms): Min: 1.0, Avg: 1.1, Max: 1.1, Diff: 0.1, Sum: 10.6]
         [Processed Buffers: Min: 11, Avg: 11.1, Max: 12, Diff: 1, Sum: 111]
      [Scan RS (ms): Min: 0.0, Avg: 0.1, Max: 0.1, Diff: 0.1, Sum: 0.5]
      [Code Root Scanning (ms): Min: 0.0, Avg: 0.0, Max: 0.0, Diff: 0.0, Sum: 0.0]
      [Object Copy (ms): Min: 4.0, Avg: 4.0, Max: 4.1, Diff: 0.2, Sum: 40.2]
      [Termination (ms): Min: 0.0, Avg: 0.2, Max: 0.3, Diff: 0.3, Sum: 1.5]
         [Termination Attempts: Min: 1, Avg: 1.1, Max: 2, Diff: 1, Sum: 11]
      [GC Worker Other (ms): Min: 0.0, Avg: 0.0, Max: 0.0, Diff: 0.0, Sum: 0.1]
      [GC Worker Total (ms): Min: 5.3, Avg: 5.4, Max: 5.5, Diff: 0.2, Sum: 54.1]
      [GC Worker End (ms): Min: 2749.4, Avg: 2749.4, Max: 2749.5, Diff: 0.1]
   [Code Root Fixup: 0.0 ms]
   [Code Root Purge: 0.0 ms]
   [Clear CT: 0.1 ms]
   [Other: 0.8 ms]
      [Choose CSet: 0.0 ms]
      [Ref Proc: 0.3 ms]
      [Ref Enq: 0.0 ms]
      [Redirty Cards: 0.1 ms]
      [Humongous Register: 0.1 ms]
      [Humongous Reclaim: 0.0 ms]
      [Free CSet: 0.1 ms]
   [Eden: 44.0M(44.0M)->0.0B(44.0M) Survivors: 7168.0K->7168.0K Heap: 614.0M(1024.0M)->505.8M(1024.0M)]
 [Times: user=0.05 sys=0.00, real=0.00 secs] 
2021-08-14T11:06:12.567-0800: 2.760: [GC pause (G1 Evacuation Pause) (mixed), 0.0036304 secs]
   [Parallel Time: 2.8 ms, GC Workers: 10]
      [GC Worker Start (ms): Min: 2760.1, Avg: 2760.2, Max: 2760.2, Diff: 0.1]
      [Ext Root Scanning (ms): Min: 0.1, Avg: 0.1, Max: 0.2, Diff: 0.1, Sum: 1.1]
      [Update RS (ms): Min: 1.0, Avg: 1.1, Max: 1.1, Diff: 0.1, Sum: 10.6]
         [Processed Buffers: Min: 10, Avg: 10.9, Max: 12, Diff: 2, Sum: 109]
      [Scan RS (ms): Min: 0.0, Avg: 0.0, Max: 0.0, Diff: 0.0, Sum: 0.1]
      [Code Root Scanning (ms): Min: 0.0, Avg: 0.0, Max: 0.0, Diff: 0.0, Sum: 0.0]
      [Object Copy (ms): Min: 1.2, Avg: 1.3, Max: 1.3, Diff: 0.1, Sum: 12.9]
      [Termination (ms): Min: 0.0, Avg: 0.1, Max: 0.1, Diff: 0.1, Sum: 0.9]
         [Termination Attempts: Min: 1, Avg: 1.0, Max: 1, Diff: 0, Sum: 10]
      [GC Worker Other (ms): Min: 0.0, Avg: 0.0, Max: 0.0, Diff: 0.0, Sum: 0.1]
      [GC Worker Total (ms): Min: 2.5, Avg: 2.6, Max: 2.6, Diff: 0.1, Sum: 25.7]
      [GC Worker End (ms): Min: 2762.7, Avg: 2762.7, Max: 2762.7, Diff: 0.1]
   [Code Root Fixup: 0.0 ms]
   [Code Root Purge: 0.0 ms]
   [Clear CT: 0.2 ms]
   [Other: 0.7 ms]
      [Choose CSet: 0.0 ms]
      [Ref Proc: 0.2 ms]
      [Ref Enq: 0.0 ms]
      [Redirty Cards: 0.2 ms]
      [Humongous Register: 0.1 ms]
      [Humongous Reclaim: 0.1 ms]
      [Free CSet: 0.0 ms]
   [Eden: 44.0M(44.0M)->0.0B(247.0M) Survivors: 7168.0K->7168.0K Heap: 561.9M(1024.0M)->517.2M(1024.0M)]
 [Times: user=0.02 sys=0.00, real=0.01 secs] 
2021-08-14T11:06:12.571-0800: 2.765: [GC pause (G1 Humongous Allocation) (young) (initial-mark), 0.0015774 secs]
   [Parallel Time: 0.8 ms, GC Workers: 10]
      [GC Worker Start (ms): Min: 2764.7, Avg: 2764.8, Max: 2764.8, Diff: 0.1]
      [Ext Root Scanning (ms): Min: 0.1, Avg: 0.1, Max: 0.2, Diff: 0.1, Sum: 1.3]
      [Update RS (ms): Min: 0.0, Avg: 0.1, Max: 0.1, Diff: 0.1, Sum: 0.6]
         [Processed Buffers: Min: 1, Avg: 1.1, Max: 2, Diff: 1, Sum: 11]
      [Scan RS (ms): Min: 0.0, Avg: 0.0, Max: 0.0, Diff: 0.0, Sum: 0.0]
      [Code Root Scanning (ms): Min: 0.0, Avg: 0.0, Max: 0.0, Diff: 0.0, Sum: 0.0]
      [Object Copy (ms): Min: 0.4, Avg: 0.5, Max: 0.5, Diff: 0.1, Sum: 4.5]
      [Termination (ms): Min: 0.0, Avg: 0.0, Max: 0.1, Diff: 0.1, Sum: 0.4]
         [Termination Attempts: Min: 1, Avg: 1.2, Max: 2, Diff: 1, Sum: 12]
      [GC Worker Other (ms): Min: 0.0, Avg: 0.0, Max: 0.0, Diff: 0.0, Sum: 0.1]
      [GC Worker Total (ms): Min: 0.6, Avg: 0.7, Max: 0.8, Diff: 0.1, Sum: 6.9]
      [GC Worker End (ms): Min: 2765.5, Avg: 2765.5, Max: 2765.5, Diff: 0.0]
   [Code Root Fixup: 0.0 ms]
   [Code Root Purge: 0.0 ms]
   [Clear CT: 0.2 ms]
   [Other: 0.6 ms]
      [Choose CSet: 0.0 ms]
      [Ref Proc: 0.2 ms]
      [Ref Enq: 0.0 ms]
      [Redirty Cards: 0.1 ms]
      [Humongous Register: 0.1 ms]
      [Humongous Reclaim: 0.0 ms]
      [Free CSet: 0.0 ms]
   [Eden: 6144.0K(247.0M)->0.0B(249.0M) Survivors: 7168.0K->8192.0K Heap: 522.7M(1024.0M)->517.4M(1024.0M)]
 [Times: user=0.00 sys=0.00, real=0.00 secs] 
2021-08-14T11:06:12.573-0800: 2.766: [GC concurrent-root-region-scan-start]
2021-08-14T11:06:12.573-0800: 2.766: [GC concurrent-root-region-scan-end, 0.0000839 secs]
2021-08-14T11:06:12.573-0800: 2.766: [GC concurrent-mark-start]
2021-08-14T11:06:12.574-0800: 2.767: [GC concurrent-mark-end, 0.0011386 secs]
2021-08-14T11:06:12.574-0800: 2.768: [GC remark 2021-08-14T11:06:12.574-0800: 2.768: [Finalize Marking, 0.0003077 secs] 2021-08-14T11:06:12.575-0800: 2.768: [GC ref-proc, 0.0000552 secs] 2021-08-14T11:06:12.575-0800: 2.768: [Unloading, 0.0004720 secs], 0.0015739 secs]
 [Times: user=0.01 sys=0.00, real=0.00 secs] 
2021-08-14T11:06:12.576-0800: 2.769: [GC cleanup 525M->522M(1024M), 0.0008942 secs]
 [Times: user=0.00 sys=0.00, real=0.00 secs] 
2021-08-14T11:06:12.577-0800: 2.770: [GC concurrent-cleanup-start]
2021-08-14T11:06:12.577-0800: 2.770: [GC concurrent-cleanup-end, 0.0000099 secs]
2021-08-14T11:06:12.629-0800: 2.822: [GC pause (G1 Evacuation Pause) (young), 0.0189582 secs]
   [Parallel Time: 17.7 ms, GC Workers: 10]
      [GC Worker Start (ms): Min: 2822.6, Avg: 2822.7, Max: 2822.8, Diff: 0.1]
      [Ext Root Scanning (ms): Min: 0.1, Avg: 0.1, Max: 0.2, Diff: 0.1, Sum: 1.1]
      [Update RS (ms): Min: 5.6, Avg: 5.6, Max: 5.6, Diff: 0.1, Sum: 56.1]
         [Processed Buffers: Min: 55, Avg: 57.1, Max: 58, Diff: 3, Sum: 571]
      [Scan RS (ms): Min: 0.0, Avg: 0.0, Max: 0.1, Diff: 0.0, Sum: 0.3]
      [Code Root Scanning (ms): Min: 0.0, Avg: 0.0, Max: 0.0, Diff: 0.0, Sum: 0.0]
      [Object Copy (ms): Min: 10.9, Avg: 11.1, Max: 11.6, Diff: 0.7, Sum: 110.7]
      [Termination (ms): Min: 0.0, Avg: 0.6, Max: 0.8, Diff: 0.8, Sum: 6.2]
         [Termination Attempts: Min: 1, Avg: 1.0, Max: 1, Diff: 0, Sum: 10]
      [GC Worker Other (ms): Min: 0.0, Avg: 0.0, Max: 0.1, Diff: 0.0, Sum: 0.2]
      [GC Worker Total (ms): Min: 17.3, Avg: 17.5, Max: 17.6, Diff: 0.2, Sum: 174.6]
      [GC Worker End (ms): Min: 2840.1, Avg: 2840.2, Max: 2840.3, Diff: 0.2]
   [Code Root Fixup: 0.0 ms]
   [Code Root Purge: 0.0 ms]
   [Clear CT: 0.2 ms]
   [Other: 1.0 ms]
      [Choose CSet: 0.0 ms]
      [Ref Proc: 0.2 ms]
      [Ref Enq: 0.0 ms]
      [Redirty Cards: 0.2 ms]
      [Humongous Register: 0.1 ms]
      [Humongous Reclaim: 0.2 ms]
      [Free CSet: 0.2 ms]
   [Eden: 249.0M(249.0M)->0.0B(18.0M) Survivors: 8192.0K->33.0M Heap: 833.5M(1024.0M)->591.8M(1024.0M)]
 [Times: user=0.14 sys=0.01, real=0.02 secs] 
2021-08-14T11:06:12.655-0800: 2.848: [GC pause (G1 Evacuation Pause) (mixed), 0.0075975 secs]
   [Parallel Time: 6.4 ms, GC Workers: 10]
      [GC Worker Start (ms): Min: 2848.6, Avg: 2848.7, Max: 2848.7, Diff: 0.1]
      [Ext Root Scanning (ms): Min: 0.1, Avg: 0.1, Max: 0.2, Diff: 0.1, Sum: 1.2]
      [Update RS (ms): Min: 0.3, Avg: 0.4, Max: 0.9, Diff: 0.6, Sum: 4.5]
         [Processed Buffers: Min: 0, Avg: 3.6, Max: 6, Diff: 6, Sum: 36]
      [Scan RS (ms): Min: 0.0, Avg: 0.1, Max: 0.1, Diff: 0.1, Sum: 0.5]
      [Code Root Scanning (ms): Min: 0.0, Avg: 0.0, Max: 0.0, Diff: 0.0, Sum: 0.0]
      [Object Copy (ms): Min: 4.7, Avg: 5.1, Max: 5.2, Diff: 0.6, Sum: 51.2]
      [Termination (ms): Min: 0.0, Avg: 0.3, Max: 0.5, Diff: 0.5, Sum: 3.2]
         [Termination Attempts: Min: 1, Avg: 1.0, Max: 1, Diff: 0, Sum: 10]
      [GC Worker Other (ms): Min: 0.0, Avg: 0.0, Max: 0.0, Diff: 0.0, Sum: 0.1]
      [GC Worker Total (ms): Min: 6.0, Avg: 6.1, Max: 6.3, Diff: 0.3, Sum: 60.7]
      [GC Worker End (ms): Min: 2854.7, Avg: 2854.7, Max: 2854.9, Diff: 0.2]
   [Code Root Fixup: 0.0 ms]
   [Code Root Purge: 0.0 ms]
   [Clear CT: 0.2 ms]
   [Other: 1.1 ms]
      [Choose CSet: 0.1 ms]
      [Ref Proc: 0.2 ms]
      [Ref Enq: 0.0 ms]
      [Redirty Cards: 0.2 ms]
      [Humongous Register: 0.3 ms]
      [Humongous Reclaim: 0.0 ms]
      [Free CSet: 0.1 ms]
   [Eden: 18.0M(18.0M)->0.0B(44.0M) Survivors: 33.0M->7168.0K Heap: 612.9M(1024.0M)->522.6M(1024.0M)]
 [Times: user=0.05 sys=0.00, real=0.01 secs] 
2021-08-14T11:06:12.679-0800: 2.872: [GC pause (G1 Evacuation Pause) (mixed), 0.0107984 secs]
   [Parallel Time: 9.5 ms, GC Workers: 10]
      [GC Worker Start (ms): Min: 2872.5, Avg: 2872.7, Max: 2872.8, Diff: 0.2]
      [Ext Root Scanning (ms): Min: 0.1, Avg: 0.2, Max: 0.3, Diff: 0.2, Sum: 1.8]
      [Update RS (ms): Min: 1.0, Avg: 1.1, Max: 1.2, Diff: 0.1, Sum: 11.1]
         [Processed Buffers: Min: 8, Avg: 9.3, Max: 10, Diff: 2, Sum: 93]
      [Scan RS (ms): Min: 0.0, Avg: 0.0, Max: 0.1, Diff: 0.1, Sum: 0.3]
      [Code Root Scanning (ms): Min: 0.0, Avg: 0.0, Max: 0.0, Diff: 0.0, Sum: 0.0]
      [Object Copy (ms): Min: 7.1, Avg: 7.3, Max: 7.6, Diff: 0.5, Sum: 72.9]
      [Termination (ms): Min: 0.0, Avg: 0.4, Max: 0.8, Diff: 0.8, Sum: 4.4]
         [Termination Attempts: Min: 1, Avg: 1.0, Max: 1, Diff: 0, Sum: 10]
      [GC Worker Other (ms): Min: 0.0, Avg: 0.0, Max: 0.0, Diff: 0.0, Sum: 0.2]
      [GC Worker Total (ms): Min: 8.9, Avg: 9.1, Max: 9.2, Diff: 0.3, Sum: 90.8]
      [GC Worker End (ms): Min: 2881.6, Avg: 2881.7, Max: 2881.9, Diff: 0.2]
   [Code Root Fixup: 0.0 ms]
   [Code Root Purge: 0.0 ms]
   [Clear CT: 0.2 ms]
   [Other: 1.1 ms]
      [Choose CSet: 0.0 ms]
      [Ref Proc: 0.2 ms]
      [Ref Enq: 0.0 ms]
      [Redirty Cards: 0.2 ms]
      [Humongous Register: 0.3 ms]
      [Humongous Reclaim: 0.1 ms]
      [Free CSet: 0.2 ms]
   [Eden: 44.0M(44.0M)->0.0B(245.0M) Survivors: 7168.0K->7168.0K Heap: 576.8M(1024.0M)->520.4M(1024.0M)]
 [Times: user=0.08 sys=0.00, real=0.02 secs] 
2021-08-14T11:06:12.691-0800: 2.885: [GC pause (G1 Humongous Allocation) (young) (initial-mark), 0.0023571 secs]
   [Parallel Time: 1.0 ms, GC Workers: 10]
      [GC Worker Start (ms): Min: 2885.2, Avg: 2885.3, Max: 2885.5, Diff: 0.3]
      [Ext Root Scanning (ms): Min: 0.0, Avg: 0.3, Max: 0.4, Diff: 0.4, Sum: 2.6]
      [Update RS (ms): Min: 0.0, Avg: 0.1, Max: 0.2, Diff: 0.2, Sum: 0.8]
         [Processed Buffers: Min: 0, Avg: 1.1, Max: 2, Diff: 2, Sum: 11]
      [Scan RS (ms): Min: 0.0, Avg: 0.0, Max: 0.0, Diff: 0.0, Sum: 0.0]
      [Code Root Scanning (ms): Min: 0.0, Avg: 0.0, Max: 0.0, Diff: 0.0, Sum: 0.0]
      [Object Copy (ms): Min: 0.3, Avg: 0.4, Max: 0.5, Diff: 0.2, Sum: 3.6]
      [Termination (ms): Min: 0.0, Avg: 0.1, Max: 0.2, Diff: 0.2, Sum: 1.1]
         [Termination Attempts: Min: 1, Avg: 1.0, Max: 1, Diff: 0, Sum: 10]
      [GC Worker Other (ms): Min: 0.0, Avg: 0.0, Max: 0.0, Diff: 0.0, Sum: 0.1]
      [GC Worker Total (ms): Min: 0.6, Avg: 0.8, Max: 0.9, Diff: 0.3, Sum: 8.2]
      [GC Worker End (ms): Min: 2886.1, Avg: 2886.1, Max: 2886.2, Diff: 0.0]
   [Code Root Fixup: 0.0 ms]
   [Code Root Purge: 0.0 ms]
   [Clear CT: 0.1 ms]
   [Other: 1.2 ms]
      [Choose CSet: 0.0 ms]
      [Ref Proc: 0.3 ms]
      [Ref Enq: 0.0 ms]
      [Redirty Cards: 0.2 ms]
      [Humongous Register: 0.4 ms]
      [Humongous Reclaim: 0.0 ms]
      [Free CSet: 0.0 ms]
   [Eden: 4096.0K(245.0M)->0.0B(254.0M) Survivors: 7168.0K->8192.0K Heap: 524.1M(1024.0M)->520.0M(1024.0M)]
 [Times: user=0.01 sys=0.00, real=0.00 secs] 
2021-08-14T11:06:12.694-0800: 2.887: [GC concurrent-root-region-scan-start]
2021-08-14T11:06:12.694-0800: 2.887: [GC concurrent-root-region-scan-end, 0.0001015 secs]
2021-08-14T11:06:12.694-0800: 2.887: [GC concurrent-mark-start]
2021-08-14T11:06:12.696-0800: 2.890: [GC concurrent-mark-end, 0.0023533 secs]
2021-08-14T11:06:12.696-0800: 2.890: [GC remark 2021-08-14T11:06:12.697-0800: 2.890: [Finalize Marking, 0.0003669 secs] 2021-08-14T11:06:12.697-0800: 2.890: [GC ref-proc, 0.0000734 secs] 2021-08-14T11:06:12.697-0800: 2.890: [Unloading, 0.0007708 secs], 0.0024062 secs]
 [Times: user=0.01 sys=0.00, real=0.00 secs] 
2021-08-14T11:06:12.699-0800: 2.892: [GC cleanup 525M->522M(1024M), 0.0012198 secs]
 [Times: user=0.01 sys=0.01, real=0.01 secs] 
2021-08-14T11:06:12.700-0800: 2.894: [GC concurrent-cleanup-start]
2021-08-14T11:06:12.700-0800: 2.894: [GC concurrent-cleanup-end, 0.0000171 secs]
2021-08-14T11:06:12.760-0800: 2.953: [GC pause (G1 Evacuation Pause) (young) (to-space exhausted), 0.0122000 secs]
   [Parallel Time: 10.5 ms, GC Workers: 10]
      [GC Worker Start (ms): Min: 2953.4, Avg: 2953.5, Max: 2953.5, Diff: 0.1]
      [Ext Root Scanning (ms): Min: 0.1, Avg: 0.1, Max: 0.2, Diff: 0.1, Sum: 1.1]
      [Update RS (ms): Min: 5.7, Avg: 5.7, Max: 5.7, Diff: 0.1, Sum: 57.0]
         [Processed Buffers: Min: 58, Avg: 60.8, Max: 70, Diff: 12, Sum: 608]
      [Scan RS (ms): Min: 0.0, Avg: 0.0, Max: 0.1, Diff: 0.0, Sum: 0.2]
      [Code Root Scanning (ms): Min: 0.0, Avg: 0.0, Max: 0.0, Diff: 0.0, Sum: 0.0]
      [Object Copy (ms): Min: 4.5, Avg: 4.5, Max: 4.5, Diff: 0.0, Sum: 44.8]
      [Termination (ms): Min: 0.0, Avg: 0.0, Max: 0.1, Diff: 0.1, Sum: 0.3]
         [Termination Attempts: Min: 1, Avg: 1.0, Max: 1, Diff: 0, Sum: 10]
      [GC Worker Other (ms): Min: 0.0, Avg: 0.0, Max: 0.0, Diff: 0.0, Sum: 0.1]
      [GC Worker Total (ms): Min: 10.3, Avg: 10.4, Max: 10.4, Diff: 0.1, Sum: 103.5]
      [GC Worker End (ms): Min: 2963.8, Avg: 2963.8, Max: 2963.8, Diff: 0.0]
   [Code Root Fixup: 0.0 ms]
   [Code Root Purge: 0.0 ms]
   [Clear CT: 0.2 ms]
   [Other: 1.5 ms]
      [Evacuation Failure: 0.3 ms]
      [Choose CSet: 0.0 ms]
      [Ref Proc: 0.7 ms]
      [Ref Enq: 0.0 ms]
      [Redirty Cards: 0.1 ms]
      [Humongous Register: 0.1 ms]
      [Humongous Reclaim: 0.1 ms]
      [Free CSet: 0.1 ms]
   [Eden: 254.0M(254.0M)->0.0B(18.0M) Survivors: 8192.0K->33.0M Heap: 845.6M(1024.0M)->656.9M(1024.0M)]
 [Times: user=0.10 sys=0.00, real=0.01 secs] 
2021-08-14T11:06:12.775-0800: 2.969: [GC pause (G1 Evacuation Pause) (mixed), 0.0064963 secs]
   [Parallel Time: 5.5 ms, GC Workers: 10]
      [GC Worker Start (ms): Min: 2968.8, Avg: 2968.8, Max: 2968.9, Diff: 0.1]
      [Ext Root Scanning (ms): Min: 0.1, Avg: 0.1, Max: 0.2, Diff: 0.1, Sum: 1.1]
      [Update RS (ms): Min: 0.3, Avg: 0.4, Max: 0.4, Diff: 0.1, Sum: 3.6]
         [Processed Buffers: Min: 4, Avg: 5.4, Max: 11, Diff: 7, Sum: 54]
      [Scan RS (ms): Min: 0.0, Avg: 0.1, Max: 0.1, Diff: 0.1, Sum: 0.5]
      [Code Root Scanning (ms): Min: 0.0, Avg: 0.0, Max: 0.0, Diff: 0.0, Sum: 0.0]
      [Object Copy (ms): Min: 4.6, Avg: 4.7, Max: 4.7, Diff: 0.1, Sum: 46.8]
      [Termination (ms): Min: 0.0, Avg: 0.1, Max: 0.1, Diff: 0.1, Sum: 0.8]
         [Termination Attempts: Min: 1, Avg: 1.0, Max: 1, Diff: 0, Sum: 10]
      [GC Worker Other (ms): Min: 0.0, Avg: 0.0, Max: 0.0, Diff: 0.0, Sum: 0.1]
      [GC Worker Total (ms): Min: 5.2, Avg: 5.3, Max: 5.4, Diff: 0.2, Sum: 52.9]
      [GC Worker End (ms): Min: 2974.1, Avg: 2974.1, Max: 2974.2, Diff: 0.1]
   [Code Root Fixup: 0.0 ms]
   [Code Root Purge: 0.0 ms]
   [Clear CT: 0.2 ms]
   [Other: 0.8 ms]
      [Choose CSet: 0.0 ms]
      [Ref Proc: 0.2 ms]
      [Ref Enq: 0.0 ms]
      [Redirty Cards: 0.1 ms]
      [Humongous Register: 0.1 ms]
      [Humongous Reclaim: 0.0 ms]
      [Free CSet: 0.1 ms]
   [Eden: 18.0M(18.0M)->0.0B(45.0M) Survivors: 33.0M->6144.0K Heap: 678.8M(1024.0M)->584.8M(1024.0M)]
 [Times: user=0.05 sys=0.00, real=0.01 secs] 
2021-08-14T11:06:12.791-0800: 2.984: [GC pause (G1 Evacuation Pause) (mixed), 0.0044561 secs]
   [Parallel Time: 3.6 ms, GC Workers: 10]
      [GC Worker Start (ms): Min: 2984.0, Avg: 2984.5, Max: 2984.9, Diff: 0.9]
      [Ext Root Scanning (ms): Min: 0.0, Avg: 0.1, Max: 0.2, Diff: 0.2, Sum: 0.8]
      [Update RS (ms): Min: 0.4, Avg: 0.8, Max: 1.1, Diff: 0.7, Sum: 7.6]
         [Processed Buffers: Min: 4, Avg: 9.2, Max: 15, Diff: 11, Sum: 92]
      [Scan RS (ms): Min: 0.0, Avg: 0.0, Max: 0.0, Diff: 0.0, Sum: 0.3]
      [Code Root Scanning (ms): Min: 0.0, Avg: 0.0, Max: 0.0, Diff: 0.0, Sum: 0.0]
      [Object Copy (ms): Min: 2.0, Avg: 2.1, Max: 2.1, Diff: 0.1, Sum: 20.6]
      [Termination (ms): Min: 0.0, Avg: 0.1, Max: 0.1, Diff: 0.1, Sum: 0.5]
         [Termination Attempts: Min: 1, Avg: 1.3, Max: 3, Diff: 2, Sum: 13]
      [GC Worker Other (ms): Min: 0.0, Avg: 0.0, Max: 0.0, Diff: 0.0, Sum: 0.1]
      [GC Worker Total (ms): Min: 2.5, Avg: 3.0, Max: 3.5, Diff: 0.9, Sum: 29.9]
      [GC Worker End (ms): Min: 2987.4, Avg: 2987.4, Max: 2987.5, Diff: 0.0]
   [Code Root Fixup: 0.0 ms]
   [Code Root Purge: 0.0 ms]
   [Clear CT: 0.2 ms]
   [Other: 0.7 ms]
      [Choose CSet: 0.0 ms]
      [Ref Proc: 0.2 ms]
      [Ref Enq: 0.0 ms]
      [Redirty Cards: 0.1 ms]
      [Humongous Register: 0.1 ms]
      [Humongous Reclaim: 0.0 ms]
      [Free CSet: 0.1 ms]
   [Eden: 45.0M(45.0M)->0.0B(206.0M) Survivors: 6144.0K->7168.0K Heap: 639.8M(1024.0M)->581.8M(1024.0M)]
 [Times: user=0.03 sys=0.00, real=0.00 secs] 
2021-08-14T11:06:12.795-0800: 2.989: [GC pause (G1 Humongous Allocation) (young) (initial-mark), 0.0016813 secs]
   [Parallel Time: 0.9 ms, GC Workers: 10]
      [GC Worker Start (ms): Min: 2988.7, Avg: 2988.8, Max: 2988.9, Diff: 0.1]
      [Ext Root Scanning (ms): Min: 0.1, Avg: 0.1, Max: 0.2, Diff: 0.1, Sum: 1.4]
      [Update RS (ms): Min: 0.0, Avg: 0.1, Max: 0.2, Diff: 0.2, Sum: 0.9]
         [Processed Buffers: Min: 1, Avg: 1.1, Max: 2, Diff: 1, Sum: 11]
      [Scan RS (ms): Min: 0.0, Avg: 0.0, Max: 0.0, Diff: 0.0, Sum: 0.0]
      [Code Root Scanning (ms): Min: 0.0, Avg: 0.0, Max: 0.0, Diff: 0.0, Sum: 0.0]
      [Object Copy (ms): Min: 0.3, Avg: 0.4, Max: 0.5, Diff: 0.2, Sum: 4.0]
      [Termination (ms): Min: 0.0, Avg: 0.1, Max: 0.1, Diff: 0.1, Sum: 0.6]
         [Termination Attempts: Min: 1, Avg: 1.0, Max: 1, Diff: 0, Sum: 10]
      [GC Worker Other (ms): Min: 0.0, Avg: 0.0, Max: 0.0, Diff: 0.0, Sum: 0.1]
      [GC Worker Total (ms): Min: 0.6, Avg: 0.7, Max: 0.8, Diff: 0.2, Sum: 6.9]
      [GC Worker End (ms): Min: 2989.5, Avg: 2989.5, Max: 2989.5, Diff: 0.1]
   [Code Root Fixup: 0.0 ms]
   [Code Root Purge: 0.0 ms]
   [Clear CT: 0.2 ms]
   [Other: 0.6 ms]
      [Choose CSet: 0.0 ms]
      [Ref Proc: 0.2 ms]
      [Ref Enq: 0.0 ms]
      [Redirty Cards: 0.2 ms]
      [Humongous Register: 0.1 ms]
      [Humongous Reclaim: 0.0 ms]
      [Free CSet: 0.0 ms]
   [Eden: 1024.0K(206.0M)->0.0B(193.0M) Survivors: 7168.0K->7168.0K Heap: 582.7M(1024.0M)->581.7M(1024.0M)]
 [Times: user=0.01 sys=0.00, real=0.00 secs] 
2021-08-14T11:06:12.797-0800: 2.990: [GC concurrent-root-region-scan-start]
2021-08-14T11:06:12.797-0800: 2.990: [GC concurrent-root-region-scan-end, 0.0001029 secs]
2021-08-14T11:06:12.797-0800: 2.990: [GC concurrent-mark-start]
2021-08-14T11:06:12.799-0800: 2.992: [GC concurrent-mark-end, 0.0013663 secs]
2021-08-14T11:06:12.799-0800: 2.992: [GC remark 2021-08-14T11:06:12.799-0800: 2.992: [Finalize Marking, 0.0002384 secs] 2021-08-14T11:06:12.799-0800: 2.992: [GC ref-proc, 0.0000573 secs] 2021-08-14T11:06:12.799-0800: 2.992: [Unloading, 0.0005423 secs], 0.0016706 secs]
 [Times: user=0.01 sys=0.00, real=0.01 secs] 
2021-08-14T11:06:12.801-0800: 2.994: [GC cleanup 590M->576M(1024M), 0.0009958 secs]
 [Times: user=0.01 sys=0.00, real=0.00 secs] 
2021-08-14T11:06:12.802-0800: 2.995: [GC concurrent-cleanup-start]
2021-08-14T11:06:12.802-0800: 2.995: [GC concurrent-cleanup-end, 0.0000187 secs]
2021-08-14T11:06:12.835-0800: 3.028: [GC pause (G1 Evacuation Pause) (young), 0.0100222 secs]
   [Parallel Time: 9.2 ms, GC Workers: 10]
      [GC Worker Start (ms): Min: 3028.0, Avg: 3028.1, Max: 3028.2, Diff: 0.1]
      [Ext Root Scanning (ms): Min: 0.0, Avg: 0.1, Max: 0.2, Diff: 0.1, Sum: 1.0]
      [Update RS (ms): Min: 4.4, Avg: 4.5, Max: 4.5, Diff: 0.0, Sum: 44.6]
         [Processed Buffers: Min: 45, Avg: 47.1, Max: 53, Diff: 8, Sum: 471]
      [Scan RS (ms): Min: 0.0, Avg: 0.0, Max: 0.0, Diff: 0.0, Sum: 0.2]
      [Code Root Scanning (ms): Min: 0.0, Avg: 0.0, Max: 0.0, Diff: 0.0, Sum: 0.0]
      [Object Copy (ms): Min: 4.3, Avg: 4.4, Max: 4.4, Diff: 0.1, Sum: 43.7]
      [Termination (ms): Min: 0.0, Avg: 0.1, Max: 0.1, Diff: 0.1, Sum: 0.6]
         [Termination Attempts: Min: 1, Avg: 1.0, Max: 1, Diff: 0, Sum: 10]
      [GC Worker Other (ms): Min: 0.0, Avg: 0.0, Max: 0.0, Diff: 0.0, Sum: 0.2]
      [GC Worker Total (ms): Min: 9.0, Avg: 9.0, Max: 9.1, Diff: 0.1, Sum: 90.2]
      [GC Worker End (ms): Min: 3037.1, Avg: 3037.1, Max: 3037.2, Diff: 0.1]
   [Code Root Fixup: 0.0 ms]
   [Code Root Purge: 0.0 ms]
   [Clear CT: 0.2 ms]
   [Other: 0.7 ms]
      [Choose CSet: 0.0 ms]
      [Ref Proc: 0.2 ms]
      [Ref Enq: 0.0 ms]
      [Redirty Cards: 0.1 ms]
      [Humongous Register: 0.1 ms]
      [Humongous Reclaim: 0.1 ms]
      [Free CSet: 0.1 ms]
   [Eden: 193.0M(193.0M)->0.0B(26.0M) Survivors: 7168.0K->25.0M Heap: 818.2M(1024.0M)->633.7M(1024.0M)]
 [Times: user=0.09 sys=0.00, real=0.01 secs] 
2021-08-14T11:06:12.850-0800: 3.043: [GC pause (G1 Evacuation Pause) (mixed), 0.0051985 secs]
   [Parallel Time: 4.3 ms, GC Workers: 10]
      [GC Worker Start (ms): Min: 3043.5, Avg: 3043.5, Max: 3043.6, Diff: 0.1]
      [Ext Root Scanning (ms): Min: 0.1, Avg: 0.1, Max: 0.2, Diff: 0.1, Sum: 1.2]
      [Update RS (ms): Min: 0.6, Avg: 0.7, Max: 0.7, Diff: 0.1, Sum: 6.8]
         [Processed Buffers: Min: 6, Avg: 7.5, Max: 9, Diff: 3, Sum: 75]
      [Scan RS (ms): Min: 0.0, Avg: 0.0, Max: 0.1, Diff: 0.1, Sum: 0.3]
      [Code Root Scanning (ms): Min: 0.0, Avg: 0.0, Max: 0.0, Diff: 0.0, Sum: 0.0]
      [Object Copy (ms): Min: 3.1, Avg: 3.2, Max: 3.2, Diff: 0.1, Sum: 31.5]
      [Termination (ms): Min: 0.0, Avg: 0.1, Max: 0.1, Diff: 0.1, Sum: 1.0]
         [Termination Attempts: Min: 1, Avg: 1.1, Max: 2, Diff: 1, Sum: 11]
      [GC Worker Other (ms): Min: 0.0, Avg: 0.0, Max: 0.0, Diff: 0.0, Sum: 0.1]
      [GC Worker Total (ms): Min: 4.1, Avg: 4.1, Max: 4.2, Diff: 0.1, Sum: 41.0]
      [GC Worker End (ms): Min: 3047.6, Avg: 3047.6, Max: 3047.7, Diff: 0.1]
   [Code Root Fixup: 0.0 ms]
   [Code Root Purge: 0.0 ms]
   [Clear CT: 0.2 ms]
   [Other: 0.7 ms]
      [Choose CSet: 0.0 ms]
      [Ref Proc: 0.2 ms]
      [Ref Enq: 0.0 ms]
      [Redirty Cards: 0.2 ms]
      [Humongous Register: 0.1 ms]
      [Humongous Reclaim: 0.0 ms]
      [Free CSet: 0.1 ms]
   [Eden: 26.0M(26.0M)->0.0B(44.0M) Survivors: 25.0M->7168.0K Heap: 667.7M(1024.0M)->549.4M(1024.0M)]
 [Times: user=0.05 sys=0.01, real=0.00 secs] 
2021-08-14T11:06:12.864-0800: 3.057: [GC pause (G1 Evacuation Pause) (mixed), 0.0057973 secs]
   [Parallel Time: 4.9 ms, GC Workers: 10]
      [GC Worker Start (ms): Min: 3057.0, Avg: 3057.1, Max: 3057.2, Diff: 0.1]
      [Ext Root Scanning (ms): Min: 0.1, Avg: 0.1, Max: 0.2, Diff: 0.1, Sum: 1.1]
      [Update RS (ms): Min: 1.1, Avg: 1.1, Max: 1.2, Diff: 0.1, Sum: 11.3]
         [Processed Buffers: Min: 11, Avg: 12.0, Max: 14, Diff: 3, Sum: 120]
      [Scan RS (ms): Min: 0.0, Avg: 0.0, Max: 0.1, Diff: 0.1, Sum: 0.4]
      [Code Root Scanning (ms): Min: 0.0, Avg: 0.0, Max: 0.0, Diff: 0.0, Sum: 0.0]
      [Object Copy (ms): Min: 3.4, Avg: 3.4, Max: 3.5, Diff: 0.1, Sum: 34.0]
      [Termination (ms): Min: 0.0, Avg: 0.1, Max: 0.1, Diff: 0.1, Sum: 0.9]
         [Termination Attempts: Min: 1, Avg: 1.0, Max: 1, Diff: 0, Sum: 10]
      [GC Worker Other (ms): Min: 0.0, Avg: 0.0, Max: 0.0, Diff: 0.0, Sum: 0.1]
      [GC Worker Total (ms): Min: 4.7, Avg: 4.8, Max: 4.9, Diff: 0.1, Sum: 47.9]
      [GC Worker End (ms): Min: 3061.9, Avg: 3061.9, Max: 3061.9, Diff: 0.1]
   [Code Root Fixup: 0.0 ms]
   [Code Root Purge: 0.0 ms]
   [Clear CT: 0.1 ms]
   [Other: 0.7 ms]
      [Choose CSet: 0.0 ms]
      [Ref Proc: 0.2 ms]
      [Ref Enq: 0.0 ms]
      [Redirty Cards: 0.1 ms]
      [Humongous Register: 0.1 ms]
      [Humongous Reclaim: 0.0 ms]
      [Free CSet: 0.1 ms]
   [Eden: 44.0M(44.0M)->0.0B(242.0M) Survivors: 7168.0K->7168.0K Heap: 607.0M(1024.0M)->511.3M(1024.0M)]
 [Times: user=0.05 sys=0.00, real=0.00 secs] 
2021-08-14T11:06:12.870-0800: 3.063: [GC pause (G1 Humongous Allocation) (young) (initial-mark), 0.0020110 secs]
   [Parallel Time: 1.1 ms, GC Workers: 10]
      [GC Worker Start (ms): Min: 3063.2, Avg: 3063.3, Max: 3063.3, Diff: 0.1]
      [Ext Root Scanning (ms): Min: 0.1, Avg: 0.2, Max: 0.2, Diff: 0.1, Sum: 1.5]
      [Update RS (ms): Min: 0.0, Avg: 0.1, Max: 0.1, Diff: 0.1, Sum: 0.8]
         [Processed Buffers: Min: 0, Avg: 1.1, Max: 2, Diff: 2, Sum: 11]
      [Scan RS (ms): Min: 0.0, Avg: 0.0, Max: 0.0, Diff: 0.0, Sum: 0.0]
      [Code Root Scanning (ms): Min: 0.0, Avg: 0.0, Max: 0.0, Diff: 0.0, Sum: 0.0]
      [Object Copy (ms): Min: 0.4, Avg: 0.5, Max: 0.6, Diff: 0.2, Sum: 5.0]
      [Termination (ms): Min: 0.0, Avg: 0.2, Max: 0.3, Diff: 0.3, Sum: 1.6]
         [Termination Attempts: Min: 1, Avg: 1.0, Max: 1, Diff: 0, Sum: 10]
      [GC Worker Other (ms): Min: 0.0, Avg: 0.0, Max: 0.0, Diff: 0.0, Sum: 0.1]
      [GC Worker Total (ms): Min: 0.8, Avg: 0.9, Max: 1.0, Diff: 0.1, Sum: 9.1]
      [GC Worker End (ms): Min: 3064.1, Avg: 3064.2, Max: 3064.3, Diff: 0.1]
   [Code Root Fixup: 0.0 ms]
   [Code Root Purge: 0.0 ms]
   [Clear CT: 0.2 ms]
   [Other: 0.7 ms]
      [Choose CSet: 0.0 ms]
      [Ref Proc: 0.3 ms]
      [Ref Enq: 0.0 ms]
      [Redirty Cards: 0.2 ms]
      [Humongous Register: 0.1 ms]
      [Humongous Reclaim: 0.0 ms]
      [Free CSet: 0.0 ms]
   [Eden: 1024.0K(242.0M)->0.0B(232.0M) Survivors: 7168.0K->8192.0K Heap: 512.2M(1024.0M)->512.0M(1024.0M)]
 [Times: user=0.01 sys=0.00, real=0.00 secs] 
2021-08-14T11:06:12.872-0800: 3.065: [GC concurrent-root-region-scan-start]
2021-08-14T11:06:12.872-0800: 3.065: [GC concurrent-root-region-scan-end, 0.0000882 secs]
2021-08-14T11:06:12.872-0800: 3.065: [GC concurrent-mark-start]
2021-08-14T11:06:12.873-0800: 3.067: [GC concurrent-mark-end, 0.0012717 secs]
2021-08-14T11:06:12.873-0800: 3.067: [GC remark 2021-08-14T11:06:12.873-0800: 3.067: [Finalize Marking, 0.0002487 secs] 2021-08-14T11:06:12.874-0800: 3.067: [GC ref-proc, 0.0000598 secs] 2021-08-14T11:06:12.874-0800: 3.067: [Unloading, 0.0004889 secs], 0.0016689 secs]
 [Times: user=0.01 sys=0.00, real=0.00 secs] 
2021-08-14T11:06:12.875-0800: 3.068: [GC cleanup 521M->519M(1024M), 0.0009802 secs]
 [Times: user=0.00 sys=0.00, real=0.00 secs] 
2021-08-14T11:06:12.876-0800: 3.070: [GC concurrent-cleanup-start]
2021-08-14T11:06:12.876-0800: 3.070: [GC concurrent-cleanup-end, 0.0000130 secs]
2021-08-14T11:06:12.916-0800: 3.109: [GC pause (G1 Evacuation Pause) (young), 0.0114188 secs]
   [Parallel Time: 10.4 ms, GC Workers: 10]
      [GC Worker Start (ms): Min: 3109.0, Avg: 3109.1, Max: 3109.2, Diff: 0.1]
      [Ext Root Scanning (ms): Min: 0.1, Avg: 0.1, Max: 0.2, Diff: 0.1, Sum: 1.0]
      [Update RS (ms): Min: 4.8, Avg: 4.8, Max: 4.8, Diff: 0.0, Sum: 48.1]
         [Processed Buffers: Min: 50, Avg: 51.3, Max: 56, Diff: 6, Sum: 513]
      [Scan RS (ms): Min: 0.0, Avg: 0.0, Max: 0.0, Diff: 0.0, Sum: 0.2]
      [Code Root Scanning (ms): Min: 0.0, Avg: 0.0, Max: 0.0, Diff: 0.0, Sum: 0.0]
      [Object Copy (ms): Min: 5.1, Avg: 5.2, Max: 5.3, Diff: 0.1, Sum: 52.0]
      [Termination (ms): Min: 0.0, Avg: 0.1, Max: 0.1, Diff: 0.1, Sum: 0.7]
         [Termination Attempts: Min: 1, Avg: 1.0, Max: 1, Diff: 0, Sum: 10]
      [GC Worker Other (ms): Min: 0.0, Avg: 0.0, Max: 0.0, Diff: 0.0, Sum: 0.1]
      [GC Worker Total (ms): Min: 10.2, Avg: 10.2, Max: 10.3, Diff: 0.2, Sum: 102.2]
      [GC Worker End (ms): Min: 3119.3, Avg: 3119.3, Max: 3119.4, Diff: 0.0]
   [Code Root Fixup: 0.0 ms]
   [Code Root Purge: 0.0 ms]
   [Clear CT: 0.1 ms]
   [Other: 0.9 ms]
      [Choose CSet: 0.0 ms]
      [Ref Proc: 0.3 ms]
      [Ref Enq: 0.0 ms]
      [Redirty Cards: 0.2 ms]
      [Humongous Register: 0.1 ms]
      [Humongous Reclaim: 0.2 ms]
      [Free CSet: 0.1 ms]
   [Eden: 232.0M(232.0M)->0.0B(21.0M) Survivors: 8192.0K->30.0M Heap: 804.8M(1024.0M)->565.7M(1024.0M)]
 [Times: user=0.10 sys=0.00, real=0.01 secs] 
2021-08-14T11:06:12.931-0800: 3.124: [GC pause (G1 Evacuation Pause) (mixed), 0.0062917 secs]
   [Parallel Time: 5.4 ms, GC Workers: 10]
      [GC Worker Start (ms): Min: 3124.2, Avg: 3124.3, Max: 3124.3, Diff: 0.1]
      [Ext Root Scanning (ms): Min: 0.1, Avg: 0.1, Max: 0.2, Diff: 0.1, Sum: 1.1]
      [Update RS (ms): Min: 0.4, Avg: 0.4, Max: 0.4, Diff: 0.1, Sum: 4.2]
         [Processed Buffers: Min: 4, Avg: 5.0, Max: 6, Diff: 2, Sum: 50]
      [Scan RS (ms): Min: 0.0, Avg: 0.1, Max: 0.1, Diff: 0.1, Sum: 0.5]
      [Code Root Scanning (ms): Min: 0.0, Avg: 0.0, Max: 0.0, Diff: 0.0, Sum: 0.0]
      [Object Copy (ms): Min: 4.5, Avg: 4.5, Max: 4.6, Diff: 0.1, Sum: 45.3]
      [Termination (ms): Min: 0.0, Avg: 0.1, Max: 0.2, Diff: 0.2, Sum: 1.1]
         [Termination Attempts: Min: 1, Avg: 1.0, Max: 1, Diff: 0, Sum: 10]
      [GC Worker Other (ms): Min: 0.0, Avg: 0.0, Max: 0.0, Diff: 0.0, Sum: 0.1]
      [GC Worker Total (ms): Min: 5.2, Avg: 5.2, Max: 5.3, Diff: 0.1, Sum: 52.4]
      [GC Worker End (ms): Min: 3129.5, Avg: 3129.5, Max: 3129.5, Diff: 0.1]
   [Code Root Fixup: 0.0 ms]
   [Code Root Purge: 0.0 ms]
   [Clear CT: 0.2 ms]
   [Other: 0.7 ms]
      [Choose CSet: 0.0 ms]
      [Ref Proc: 0.2 ms]
      [Ref Enq: 0.0 ms]
      [Redirty Cards: 0.1 ms]
      [Humongous Register: 0.1 ms]
      [Humongous Reclaim: 0.0 ms]
      [Free CSet: 0.1 ms]
   [Eden: 21.0M(21.0M)->0.0B(45.0M) Survivors: 30.0M->6144.0K Heap: 591.4M(1024.0M)->498.1M(1024.0M)]
 [Times: user=0.05 sys=0.00, real=0.00 secs] 
2021-08-14T11:06:12.946-0800: 3.140: [GC pause (G1 Evacuation Pause) (mixed), 0.0041146 secs]
   [Parallel Time: 3.3 ms, GC Workers: 10]
      [GC Worker Start (ms): Min: 3139.7, Avg: 3139.8, Max: 3139.8, Diff: 0.1]
      [Ext Root Scanning (ms): Min: 0.1, Avg: 0.1, Max: 0.2, Diff: 0.1, Sum: 1.1]
      [Update RS (ms): Min: 1.4, Avg: 1.4, Max: 1.4, Diff: 0.1, Sum: 14.1]
         [Processed Buffers: Min: 13, Avg: 14.3, Max: 17, Diff: 4, Sum: 143]
      [Scan RS (ms): Min: 0.0, Avg: 0.0, Max: 0.0, Diff: 0.0, Sum: 0.1]
      [Code Root Scanning (ms): Min: 0.0, Avg: 0.0, Max: 0.0, Diff: 0.0, Sum: 0.0]
      [Object Copy (ms): Min: 1.3, Avg: 1.4, Max: 1.5, Diff: 0.2, Sum: 14.1]
      [Termination (ms): Min: 0.0, Avg: 0.2, Max: 0.3, Diff: 0.3, Sum: 1.6]
         [Termination Attempts: Min: 1, Avg: 1.0, Max: 1, Diff: 0, Sum: 10]
      [GC Worker Other (ms): Min: 0.0, Avg: 0.0, Max: 0.0, Diff: 0.0, Sum: 0.1]
      [GC Worker Total (ms): Min: 3.0, Avg: 3.1, Max: 3.3, Diff: 0.2, Sum: 31.1]
      [GC Worker End (ms): Min: 3142.8, Avg: 3142.9, Max: 3143.0, Diff: 0.1]
   [Code Root Fixup: 0.0 ms]
   [Code Root Purge: 0.0 ms]
   [Clear CT: 0.2 ms]
   [Other: 0.7 ms]
      [Choose CSet: 0.0 ms]
      [Ref Proc: 0.2 ms]
      [Ref Enq: 0.0 ms]
      [Redirty Cards: 0.2 ms]
      [Humongous Register: 0.1 ms]
      [Humongous Reclaim: 0.0 ms]
      [Free CSet: 0.0 ms]
   [Eden: 45.0M(45.0M)->0.0B(180.0M) Survivors: 6144.0K->7168.0K Heap: 559.5M(1024.0M)->515.3M(1024.0M)]
 [Times: user=0.03 sys=0.00, real=0.01 secs] 
2021-08-14T11:06:12.951-0800: 3.144: [GC pause (G1 Humongous Allocation) (young) (initial-mark), 0.0017704 secs]
   [Parallel Time: 0.9 ms, GC Workers: 10]
      [GC Worker Start (ms): Min: 3144.0, Avg: 3144.1, Max: 3144.2, Diff: 0.1]
      [Ext Root Scanning (ms): Min: 0.1, Avg: 0.1, Max: 0.2, Diff: 0.1, Sum: 1.3]
      [Update RS (ms): Min: 0.0, Avg: 0.1, Max: 0.2, Diff: 0.1, Sum: 0.8]
         [Processed Buffers: Min: 0, Avg: 1.1, Max: 2, Diff: 2, Sum: 11]
      [Scan RS (ms): Min: 0.0, Avg: 0.0, Max: 0.0, Diff: 0.0, Sum: 0.0]
      [Code Root Scanning (ms): Min: 0.0, Avg: 0.0, Max: 0.0, Diff: 0.0, Sum: 0.0]
      [Object Copy (ms): Min: 0.4, Avg: 0.4, Max: 0.5, Diff: 0.1, Sum: 4.5]
      [Termination (ms): Min: 0.0, Avg: 0.1, Max: 0.1, Diff: 0.1, Sum: 0.8]
         [Termination Attempts: Min: 1, Avg: 1.0, Max: 1, Diff: 0, Sum: 10]
      [GC Worker Other (ms): Min: 0.0, Avg: 0.0, Max: 0.0, Diff: 0.0, Sum: 0.1]
      [GC Worker Total (ms): Min: 0.7, Avg: 0.7, Max: 0.8, Diff: 0.2, Sum: 7.5]
      [GC Worker End (ms): Min: 3144.8, Avg: 3144.8, Max: 3144.9, Diff: 0.1]
   [Code Root Fixup: 0.0 ms]
   [Code Root Purge: 0.0 ms]
   [Clear CT: 0.2 ms]
   [Other: 0.7 ms]
      [Choose CSet: 0.0 ms]
      [Ref Proc: 0.3 ms]
      [Ref Enq: 0.0 ms]
      [Redirty Cards: 0.2 ms]
      [Humongous Register: 0.1 ms]
      [Humongous Reclaim: 0.0 ms]
      [Free CSet: 0.0 ms]
   [Eden: 1024.0K(180.0M)->0.0B(242.0M) Survivors: 7168.0K->8192.0K Heap: 516.0M(1024.0M)->515.5M(1024.0M)]
 [Times: user=0.01 sys=0.00, real=0.00 secs] 
2021-08-14T11:06:12.952-0800: 3.146: [GC concurrent-root-region-scan-start]
2021-08-14T11:06:12.953-0800: 3.146: [GC concurrent-root-region-scan-end, 0.0001161 secs]
2021-08-14T11:06:12.953-0800: 3.146: [GC concurrent-mark-start]
2021-08-14T11:06:12.954-0800: 3.147: [GC concurrent-mark-end, 0.0012220 secs]
2021-08-14T11:06:12.954-0800: 3.147: [GC remark 2021-08-14T11:06:12.954-0800: 3.147: [Finalize Marking, 0.0003370 secs] 2021-08-14T11:06:12.954-0800: 3.148: [GC ref-proc, 0.0000540 secs] 2021-08-14T11:06:12.954-0800: 3.148: [Unloading, 0.0004690 secs], 0.0017023 secs]
 [Times: user=0.01 sys=0.01, real=0.00 secs] 
2021-08-14T11:06:12.956-0800: 3.149: [GC cleanup 526M->522M(1024M), 0.0008844 secs]
 [Times: user=0.01 sys=0.00, real=0.00 secs] 
2021-08-14T11:06:12.957-0800: 3.150: [GC concurrent-cleanup-start]
2021-08-14T11:06:12.957-0800: 3.150: [GC concurrent-cleanup-end, 0.0000125 secs]
2021-08-14T11:06:13.000-0800: 3.194: [GC pause (G1 Evacuation Pause) (young), 0.0122238 secs]
   [Parallel Time: 11.2 ms, GC Workers: 10]
      [GC Worker Start (ms): Min: 3193.8, Avg: 3193.8, Max: 3193.9, Diff: 0.1]
      [Ext Root Scanning (ms): Min: 0.1, Avg: 0.1, Max: 0.2, Diff: 0.1, Sum: 1.1]
      [Update RS (ms): Min: 5.2, Avg: 5.2, Max: 5.2, Diff: 0.1, Sum: 52.0]
         [Processed Buffers: Min: 55, Avg: 55.9, Max: 58, Diff: 3, Sum: 559]
      [Scan RS (ms): Min: 0.0, Avg: 0.0, Max: 0.1, Diff: 0.0, Sum: 0.2]
      [Code Root Scanning (ms): Min: 0.0, Avg: 0.0, Max: 0.0, Diff: 0.0, Sum: 0.0]
      [Object Copy (ms): Min: 5.4, Avg: 5.5, Max: 5.6, Diff: 0.2, Sum: 55.1]
      [Termination (ms): Min: 0.0, Avg: 0.1, Max: 0.2, Diff: 0.2, Sum: 1.5]
         [Termination Attempts: Min: 1, Avg: 1.0, Max: 1, Diff: 0, Sum: 10]
      [GC Worker Other (ms): Min: 0.0, Avg: 0.0, Max: 0.0, Diff: 0.0, Sum: 0.1]
      [GC Worker Total (ms): Min: 11.0, Avg: 11.0, Max: 11.1, Diff: 0.1, Sum: 110.1]
      [GC Worker End (ms): Min: 3204.8, Avg: 3204.9, Max: 3204.9, Diff: 0.1]
   [Code Root Fixup: 0.0 ms]
   [Code Root Purge: 0.0 ms]
   [Clear CT: 0.2 ms]
   [Other: 0.8 ms]
      [Choose CSet: 0.0 ms]
      [Ref Proc: 0.2 ms]
      [Ref Enq: 0.0 ms]
      [Redirty Cards: 0.1 ms]
      [Humongous Register: 0.1 ms]
      [Humongous Reclaim: 0.1 ms]
      [Free CSet: 0.1 ms]
   [Eden: 242.0M(242.0M)->0.0B(19.0M) Survivors: 8192.0K->32.0M Heap: 822.1M(1024.0M)->573.5M(1024.0M)]
 [Times: user=0.11 sys=0.00, real=0.01 secs] 
2021-08-14T11:06:13.017-0800: 3.210: [GC pause (G1 Evacuation Pause) (mixed), 0.0060197 secs]
   [Parallel Time: 5.1 ms, GC Workers: 10]
      [GC Worker Start (ms): Min: 3210.1, Avg: 3210.2, Max: 3210.2, Diff: 0.1]
      [Ext Root Scanning (ms): Min: 0.1, Avg: 0.1, Max: 0.2, Diff: 0.1, Sum: 1.2]
      [Update RS (ms): Min: 0.5, Avg: 0.6, Max: 0.6, Diff: 0.1, Sum: 5.8]
         [Processed Buffers: Min: 6, Avg: 6.2, Max: 7, Diff: 1, Sum: 62]
      [Scan RS (ms): Min: 0.0, Avg: 0.1, Max: 0.1, Diff: 0.1, Sum: 0.6]
      [Code Root Scanning (ms): Min: 0.0, Avg: 0.0, Max: 0.0, Diff: 0.0, Sum: 0.0]
      [Object Copy (ms): Min: 4.1, Avg: 4.1, Max: 4.1, Diff: 0.1, Sum: 41.0]
      [Termination (ms): Min: 0.0, Avg: 0.0, Max: 0.0, Diff: 0.0, Sum: 0.2]
         [Termination Attempts: Min: 1, Avg: 1.7, Max: 3, Diff: 2, Sum: 17]
      [GC Worker Other (ms): Min: 0.0, Avg: 0.0, Max: 0.0, Diff: 0.0, Sum: 0.1]
      [GC Worker Total (ms): Min: 4.8, Avg: 4.9, Max: 4.9, Diff: 0.1, Sum: 48.9]
      [GC Worker End (ms): Min: 3215.1, Avg: 3215.1, Max: 3215.1, Diff: 0.0]
   [Code Root Fixup: 0.0 ms]
   [Code Root Purge: 0.0 ms]
   [Clear CT: 0.2 ms]
   [Other: 0.8 ms]
      [Choose CSet: 0.1 ms]
      [Ref Proc: 0.2 ms]
      [Ref Enq: 0.0 ms]
      [Redirty Cards: 0.2 ms]
      [Humongous Register: 0.1 ms]
      [Humongous Reclaim: 0.0 ms]
      [Free CSet: 0.1 ms]
   [Eden: 19.0M(19.0M)->0.0B(44.0M) Survivors: 32.0M->7168.0K Heap: 598.8M(1024.0M)->523.4M(1024.0M)]
 [Times: user=0.05 sys=0.00, real=0.01 secs] 
2021-08-14T11:06:13.032-0800: 3.225: [GC pause (G1 Evacuation Pause) (mixed), 0.0055982 secs]
   [Parallel Time: 4.7 ms, GC Workers: 10]
      [GC Worker Start (ms): Min: 3225.3, Avg: 3225.3, Max: 3225.4, Diff: 0.1]
      [Ext Root Scanning (ms): Min: 0.1, Avg: 0.1, Max: 0.2, Diff: 0.1, Sum: 1.2]
      [Update RS (ms): Min: 1.4, Avg: 1.4, Max: 1.5, Diff: 0.1, Sum: 14.4]
         [Processed Buffers: Min: 13, Avg: 14.8, Max: 16, Diff: 3, Sum: 148]
      [Scan RS (ms): Min: 0.0, Avg: 0.1, Max: 0.2, Diff: 0.1, Sum: 0.5]
      [Code Root Scanning (ms): Min: 0.0, Avg: 0.0, Max: 0.1, Diff: 0.1, Sum: 0.1]
      [Object Copy (ms): Min: 2.7, Avg: 2.8, Max: 2.8, Diff: 0.2, Sum: 27.9]
      [Termination (ms): Min: 0.0, Avg: 0.1, Max: 0.1, Diff: 0.1, Sum: 0.9]
         [Termination Attempts: Min: 1, Avg: 1.0, Max: 1, Diff: 0, Sum: 10]
      [GC Worker Other (ms): Min: 0.0, Avg: 0.0, Max: 0.0, Diff: 0.0, Sum: 0.1]
      [GC Worker Total (ms): Min: 4.5, Avg: 4.5, Max: 4.6, Diff: 0.1, Sum: 45.3]
      [GC Worker End (ms): Min: 3229.8, Avg: 3229.9, Max: 3229.9, Diff: 0.1]
   [Code Root Fixup: 0.0 ms]
   [Code Root Purge: 0.0 ms]
   [Clear CT: 0.2 ms]
   [Other: 0.8 ms]
      [Choose CSet: 0.0 ms]
      [Ref Proc: 0.2 ms]
      [Ref Enq: 0.0 ms]
      [Redirty Cards: 0.2 ms]
      [Humongous Register: 0.1 ms]
      [Humongous Reclaim: 0.0 ms]
      [Free CSet: 0.1 ms]
   [Eden: 44.0M(44.0M)->0.0B(153.0M) Survivors: 7168.0K->7168.0K Heap: 584.5M(1024.0M)->512.3M(1024.0M)]
 [Times: user=0.05 sys=0.00, real=0.00 secs] 
2021-08-14T11:06:13.038-0800: 3.231: [GC pause (G1 Humongous Allocation) (young) (initial-mark), 0.0016109 secs]
   [Parallel Time: 0.9 ms, GC Workers: 10]
      [GC Worker Start (ms): Min: 3231.2, Avg: 3231.3, Max: 3231.3, Diff: 0.1]
      [Ext Root Scanning (ms): Min: 0.1, Avg: 0.1, Max: 0.2, Diff: 0.1, Sum: 1.4]
      [Update RS (ms): Min: 0.0, Avg: 0.2, Max: 0.5, Diff: 0.4, Sum: 2.2]
         [Processed Buffers: Min: 1, Avg: 1.1, Max: 2, Diff: 1, Sum: 11]
      [Scan RS (ms): Min: 0.0, Avg: 0.0, Max: 0.0, Diff: 0.0, Sum: 0.0]
      [Code Root Scanning (ms): Min: 0.0, Avg: 0.0, Max: 0.0, Diff: 0.0, Sum: 0.0]
      [Object Copy (ms): Min: 0.2, Avg: 0.4, Max: 0.6, Diff: 0.4, Sum: 3.9]
      [Termination (ms): Min: 0.0, Avg: 0.1, Max: 0.1, Diff: 0.1, Sum: 0.7]
         [Termination Attempts: Min: 1, Avg: 1.0, Max: 1, Diff: 0, Sum: 10]
      [GC Worker Other (ms): Min: 0.0, Avg: 0.0, Max: 0.0, Diff: 0.0, Sum: 0.1]
      [GC Worker Total (ms): Min: 0.8, Avg: 0.8, Max: 0.9, Diff: 0.1, Sum: 8.4]
      [GC Worker End (ms): Min: 3232.1, Avg: 3232.1, Max: 3232.2, Diff: 0.1]
   [Code Root Fixup: 0.0 ms]
   [Code Root Purge: 0.0 ms]
   [Clear CT: 0.1 ms]
   [Other: 0.6 ms]
      [Choose CSet: 0.0 ms]
      [Ref Proc: 0.2 ms]
      [Ref Enq: 0.0 ms]
      [Redirty Cards: 0.1 ms]
      [Humongous Register: 0.0 ms]
      [Humongous Reclaim: 0.0 ms]
      [Free CSet: 0.1 ms]
   [Eden: 2048.0K(153.0M)->0.0B(164.0M) Survivors: 7168.0K->8192.0K Heap: 514.2M(1024.0M)->513.3M(1024.0M)]
 [Times: user=0.01 sys=0.00, real=0.01 secs] 
2021-08-14T11:06:13.040-0800: 3.233: [GC concurrent-root-region-scan-start]
2021-08-14T11:06:13.040-0800: 3.233: [GC concurrent-root-region-scan-end, 0.0001053 secs]
2021-08-14T11:06:13.040-0800: 3.233: [GC concurrent-mark-start]
2021-08-14T11:06:13.041-0800: 3.235: [GC concurrent-mark-end, 0.0015855 secs]
2021-08-14T11:06:13.041-0800: 3.235: [GC remark 2021-08-14T11:06:13.041-0800: 3.235: [Finalize Marking, 0.0003121 secs] 2021-08-14T11:06:13.042-0800: 3.235: [GC ref-proc, 0.0000751 secs] 2021-08-14T11:06:13.042-0800: 3.235: [Unloading, 0.0004456 secs], 0.0016310 secs]
 [Times: user=0.01 sys=0.00, real=0.00 secs] 
2021-08-14T11:06:13.043-0800: 3.236: [GC cleanup 520M->516M(1024M), 0.0009466 secs]
 [Times: user=0.01 sys=0.01, real=0.00 secs] 
2021-08-14T11:06:13.044-0800: 3.237: [GC concurrent-cleanup-start]
2021-08-14T11:06:13.044-0800: 3.237: [GC concurrent-cleanup-end, 0.0000123 secs]
2021-08-14T11:06:13.078-0800: 3.271: [GC pause (G1 Evacuation Pause) (young), 0.0090348 secs]
   [Parallel Time: 8.1 ms, GC Workers: 10]
      [GC Worker Start (ms): Min: 3271.5, Avg: 3271.6, Max: 3271.6, Diff: 0.1]
      [Ext Root Scanning (ms): Min: 0.1, Avg: 0.1, Max: 0.2, Diff: 0.1, Sum: 1.1]
      [Update RS (ms): Min: 3.5, Avg: 3.5, Max: 3.6, Diff: 0.1, Sum: 35.3]
         [Processed Buffers: Min: 35, Avg: 35.9, Max: 37, Diff: 2, Sum: 359]
      [Scan RS (ms): Min: 0.0, Avg: 0.0, Max: 0.0, Diff: 0.0, Sum: 0.1]
      [Code Root Scanning (ms): Min: 0.0, Avg: 0.0, Max: 0.0, Diff: 0.0, Sum: 0.0]
      [Object Copy (ms): Min: 4.1, Avg: 4.2, Max: 4.3, Diff: 0.1, Sum: 42.0]
      [Termination (ms): Min: 0.0, Avg: 0.1, Max: 0.1, Diff: 0.1, Sum: 0.8]
         [Termination Attempts: Min: 1, Avg: 1.0, Max: 1, Diff: 0, Sum: 10]
      [GC Worker Other (ms): Min: 0.0, Avg: 0.0, Max: 0.0, Diff: 0.0, Sum: 0.1]
      [GC Worker Total (ms): Min: 7.9, Avg: 7.9, Max: 8.0, Diff: 0.1, Sum: 79.5]
      [GC Worker End (ms): Min: 3279.5, Avg: 3279.5, Max: 3279.6, Diff: 0.1]
   [Code Root Fixup: 0.0 ms]
   [Code Root Purge: 0.0 ms]
   [Clear CT: 0.2 ms]
   [Other: 0.7 ms]
      [Choose CSet: 0.0 ms]
      [Ref Proc: 0.2 ms]
      [Ref Enq: 0.0 ms]
      [Redirty Cards: 0.1 ms]
      [Humongous Register: 0.2 ms]
      [Humongous Reclaim: 0.1 ms]
      [Free CSet: 0.1 ms]
   [Eden: 164.0M(164.0M)->0.0B(29.0M) Survivors: 8192.0K->22.0M Heap: 717.1M(1024.0M)->557.0M(1024.0M)]
 [Times: user=0.08 sys=0.00, real=0.01 secs] 
2021-08-14T11:06:13.094-0800: 3.287: [GC pause (G1 Evacuation Pause) (mixed), 0.0070056 secs]
   [Parallel Time: 6.1 ms, GC Workers: 10]
      [GC Worker Start (ms): Min: 3287.0, Avg: 3287.2, Max: 3287.3, Diff: 0.2]
      [Ext Root Scanning (ms): Min: 0.0, Avg: 0.1, Max: 0.2, Diff: 0.2, Sum: 0.6]
      [Update RS (ms): Min: 1.0, Avg: 1.0, Max: 1.1, Diff: 0.1, Sum: 10.3]
         [Processed Buffers: Min: 10, Avg: 11.1, Max: 12, Diff: 2, Sum: 111]
      [Scan RS (ms): Min: 0.0, Avg: 0.1, Max: 0.1, Diff: 0.1, Sum: 0.6]
      [Code Root Scanning (ms): Min: 0.0, Avg: 0.0, Max: 0.0, Diff: 0.0, Sum: 0.0]
      [Object Copy (ms): Min: 4.5, Avg: 4.5, Max: 4.6, Diff: 0.1, Sum: 45.3]
      [Termination (ms): Min: 0.0, Avg: 0.0, Max: 0.1, Diff: 0.1, Sum: 0.4]
         [Termination Attempts: Min: 1, Avg: 1.0, Max: 1, Diff: 0, Sum: 10]
      [GC Worker Other (ms): Min: 0.0, Avg: 0.0, Max: 0.0, Diff: 0.0, Sum: 0.1]
      [GC Worker Total (ms): Min: 5.7, Avg: 5.7, Max: 5.9, Diff: 0.2, Sum: 57.3]
      [GC Worker End (ms): Min: 3292.9, Avg: 3292.9, Max: 3292.9, Diff: 0.0]
   [Code Root Fixup: 0.0 ms]
   [Code Root Purge: 0.0 ms]
   [Clear CT: 0.2 ms]
   [Other: 0.7 ms]
      [Choose CSet: 0.0 ms]
      [Ref Proc: 0.2 ms]
      [Ref Enq: 0.0 ms]
      [Redirty Cards: 0.1 ms]
      [Humongous Register: 0.1 ms]
      [Humongous Reclaim: 0.0 ms]
      [Free CSet: 0.1 ms]
   [Eden: 29.0M(29.0M)->0.0B(44.0M) Survivors: 22.0M->7168.0K Heap: 598.4M(1024.0M)->496.0M(1024.0M)]
 [Times: user=0.06 sys=0.00, real=0.01 secs] 
2021-08-14T11:06:13.110-0800: 3.303: [GC pause (G1 Evacuation Pause) (mixed), 0.0041077 secs]
   [Parallel Time: 3.1 ms, GC Workers: 10]
      [GC Worker Start (ms): Min: 3303.0, Avg: 3303.1, Max: 3303.2, Diff: 0.2]
      [Ext Root Scanning (ms): Min: 0.0, Avg: 0.1, Max: 0.2, Diff: 0.2, Sum: 0.9]
      [Update RS (ms): Min: 0.7, Avg: 0.8, Max: 0.8, Diff: 0.1, Sum: 7.6]
         [Processed Buffers: Min: 7, Avg: 7.9, Max: 9, Diff: 2, Sum: 79]
      [Scan RS (ms): Min: 0.0, Avg: 0.0, Max: 0.0, Diff: 0.0, Sum: 0.2]
      [Code Root Scanning (ms): Min: 0.0, Avg: 0.0, Max: 0.0, Diff: 0.0, Sum: 0.0]
      [Object Copy (ms): Min: 2.0, Avg: 2.0, Max: 2.1, Diff: 0.1, Sum: 20.4]
      [Termination (ms): Min: 0.0, Avg: 0.1, Max: 0.1, Diff: 0.1, Sum: 0.6]
         [Termination Attempts: Min: 1, Avg: 1.0, Max: 1, Diff: 0, Sum: 10]
      [GC Worker Other (ms): Min: 0.0, Avg: 0.0, Max: 0.0, Diff: 0.0, Sum: 0.1]
      [GC Worker Total (ms): Min: 2.9, Avg: 3.0, Max: 3.1, Diff: 0.2, Sum: 29.7]
      [GC Worker End (ms): Min: 3306.0, Avg: 3306.0, Max: 3306.1, Diff: 0.1]
   [Code Root Fixup: 0.0 ms]
   [Code Root Purge: 0.0 ms]
   [Clear CT: 0.2 ms]
   [Other: 0.8 ms]
      [Choose CSet: 0.0 ms]
      [Ref Proc: 0.3 ms]
      [Ref Enq: 0.0 ms]
      [Redirty Cards: 0.2 ms]
      [Humongous Register: 0.1 ms]
      [Humongous Reclaim: 0.1 ms]
      [Free CSet: 0.0 ms]
   [Eden: 44.0M(44.0M)->0.0B(248.0M) Survivors: 7168.0K->7168.0K Heap: 548.5M(1024.0M)->497.1M(1024.0M)]
 [Times: user=0.03 sys=0.00, real=0.00 secs] 
2021-08-14T11:06:13.114-0800: 3.307: [GC pause (G1 Humongous Allocation) (young) (initial-mark), 0.0017756 secs]
   [Parallel Time: 0.9 ms, GC Workers: 10]
      [GC Worker Start (ms): Min: 3307.6, Avg: 3307.7, Max: 3307.7, Diff: 0.1]
      [Ext Root Scanning (ms): Min: 0.1, Avg: 0.1, Max: 0.2, Diff: 0.1, Sum: 1.3]
      [Update RS (ms): Min: 0.0, Avg: 0.1, Max: 0.2, Diff: 0.1, Sum: 0.7]
         [Processed Buffers: Min: 1, Avg: 1.1, Max: 2, Diff: 1, Sum: 11]
      [Scan RS (ms): Min: 0.0, Avg: 0.0, Max: 0.0, Diff: 0.0, Sum: 0.0]
      [Code Root Scanning (ms): Min: 0.0, Avg: 0.0, Max: 0.0, Diff: 0.0, Sum: 0.0]
      [Object Copy (ms): Min: 0.3, Avg: 0.4, Max: 0.5, Diff: 0.2, Sum: 4.3]
      [Termination (ms): Min: 0.0, Avg: 0.1, Max: 0.1, Diff: 0.1, Sum: 0.7]
         [Termination Attempts: Min: 1, Avg: 1.1, Max: 2, Diff: 1, Sum: 11]
      [GC Worker Other (ms): Min: 0.0, Avg: 0.0, Max: 0.0, Diff: 0.0, Sum: 0.1]
      [GC Worker Total (ms): Min: 0.6, Avg: 0.7, Max: 0.8, Diff: 0.2, Sum: 7.1]
      [GC Worker End (ms): Min: 3308.3, Avg: 3308.4, Max: 3308.4, Diff: 0.1]
   [Code Root Fixup: 0.0 ms]
   [Code Root Purge: 0.0 ms]
   [Clear CT: 0.2 ms]
   [Other: 0.7 ms]
      [Choose CSet: 0.0 ms]
      [Ref Proc: 0.3 ms]
      [Ref Enq: 0.0 ms]
      [Redirty Cards: 0.1 ms]
      [Humongous Register: 0.1 ms]
      [Humongous Reclaim: 0.0 ms]
      [Free CSet: 0.0 ms]
   [Eden: 3072.0K(248.0M)->0.0B(241.0M) Survivors: 7168.0K->7168.0K Heap: 499.8M(1024.0M)->496.1M(1024.0M)]
 [Times: user=0.01 sys=0.00, real=0.00 secs] 
2021-08-14T11:06:13.116-0800: 3.309: [GC concurrent-root-region-scan-start]
2021-08-14T11:06:13.116-0800: 3.309: [GC concurrent-root-region-scan-end, 0.0000870 secs]
2021-08-14T11:06:13.116-0800: 3.309: [GC concurrent-mark-start]
2021-08-14T11:06:13.117-0800: 3.311: [GC concurrent-mark-end, 0.0012083 secs]
2021-08-14T11:06:13.117-0800: 3.311: [GC remark 2021-08-14T11:06:13.117-0800: 3.311: [Finalize Marking, 0.0001866 secs] 2021-08-14T11:06:13.118-0800: 3.311: [GC ref-proc, 0.0000548 secs] 2021-08-14T11:06:13.118-0800: 3.311: [Unloading, 0.0004613 secs], 0.0014097 secs]
 [Times: user=0.01 sys=0.00, real=0.00 secs] 
2021-08-14T11:06:13.119-0800: 3.312: [GC cleanup 504M->503M(1024M), 0.0008581 secs]
 [Times: user=0.00 sys=0.00, real=0.01 secs] 
2021-08-14T11:06:13.120-0800: 3.313: [GC concurrent-cleanup-start]
2021-08-14T11:06:13.120-0800: 3.313: [GC concurrent-cleanup-end, 0.0000097 secs]
2021-08-14T11:06:13.160-0800: 3.353: [GC pause (G1 Evacuation Pause) (young), 0.0107700 secs]
   [Parallel Time: 9.7 ms, GC Workers: 10]
      [GC Worker Start (ms): Min: 3353.4, Avg: 3353.5, Max: 3353.6, Diff: 0.2]
      [Ext Root Scanning (ms): Min: 0.0, Avg: 0.1, Max: 0.2, Diff: 0.2, Sum: 1.0]
      [Update RS (ms): Min: 4.2, Avg: 4.2, Max: 4.3, Diff: 0.1, Sum: 42.3]
         [Processed Buffers: Min: 44, Avg: 46.9, Max: 56, Diff: 12, Sum: 469]
      [Scan RS (ms): Min: 0.0, Avg: 0.0, Max: 0.0, Diff: 0.0, Sum: 0.2]
      [Code Root Scanning (ms): Min: 0.0, Avg: 0.0, Max: 0.0, Diff: 0.0, Sum: 0.0]
      [Object Copy (ms): Min: 5.1, Avg: 5.2, Max: 5.2, Diff: 0.1, Sum: 51.5]
      [Termination (ms): Min: 0.0, Avg: 0.1, Max: 0.1, Diff: 0.1, Sum: 0.8]
         [Termination Attempts: Min: 1, Avg: 1.0, Max: 1, Diff: 0, Sum: 10]
      [GC Worker Other (ms): Min: 0.0, Avg: 0.0, Max: 0.0, Diff: 0.0, Sum: 0.1]
      [GC Worker Total (ms): Min: 9.5, Avg: 9.6, Max: 9.7, Diff: 0.2, Sum: 95.9]
      [GC Worker End (ms): Min: 3363.1, Avg: 3363.1, Max: 3363.2, Diff: 0.1]
   [Code Root Fixup: 0.0 ms]
   [Code Root Purge: 0.0 ms]
   [Clear CT: 0.2 ms]
   [Other: 0.9 ms]
      [Choose CSet: 0.0 ms]
      [Ref Proc: 0.3 ms]
      [Ref Enq: 0.0 ms]
      [Redirty Cards: 0.2 ms]
      [Humongous Register: 0.1 ms]
      [Humongous Reclaim: 0.1 ms]
      [Free CSet: 0.1 ms]
   [Eden: 241.0M(241.0M)->0.0B(20.0M) Survivors: 7168.0K->31.0M Heap: 793.5M(1024.0M)->556.6M(1024.0M)]
 [Times: user=0.09 sys=0.00, real=0.01 secs] 
2021-08-14T11:06:13.174-0800: 3.367: [GC pause (G1 Evacuation Pause) (mixed), 0.0068407 secs]
   [Parallel Time: 5.8 ms, GC Workers: 10]
      [GC Worker Start (ms): Min: 3367.6, Avg: 3367.6, Max: 3367.7, Diff: 0.1]
      [Ext Root Scanning (ms): Min: 0.0, Avg: 0.1, Max: 0.2, Diff: 0.1, Sum: 1.0]
      [Update RS (ms): Min: 0.5, Avg: 0.5, Max: 0.5, Diff: 0.1, Sum: 5.0]
         [Processed Buffers: Min: 5, Avg: 5.8, Max: 7, Diff: 2, Sum: 58]
      [Scan RS (ms): Min: 0.0, Avg: 0.1, Max: 0.1, Diff: 0.1, Sum: 0.6]
      [Code Root Scanning (ms): Min: 0.0, Avg: 0.0, Max: 0.0, Diff: 0.0, Sum: 0.0]
      [Object Copy (ms): Min: 4.8, Avg: 4.8, Max: 4.9, Diff: 0.1, Sum: 48.3]
      [Termination (ms): Min: 0.0, Avg: 0.1, Max: 0.2, Diff: 0.2, Sum: 0.7]
         [Termination Attempts: Min: 1, Avg: 1.1, Max: 2, Diff: 1, Sum: 11]
      [GC Worker Other (ms): Min: 0.0, Avg: 0.0, Max: 0.0, Diff: 0.0, Sum: 0.1]
      [GC Worker Total (ms): Min: 5.5, Avg: 5.6, Max: 5.7, Diff: 0.2, Sum: 55.8]
      [GC Worker End (ms): Min: 3373.2, Avg: 3373.2, Max: 3373.3, Diff: 0.1]
   [Code Root Fixup: 0.0 ms]
   [Code Root Purge: 0.0 ms]
   [Clear CT: 0.2 ms]
   [Other: 0.9 ms]
      [Choose CSet: 0.0 ms]
      [Ref Proc: 0.3 ms]
      [Ref Enq: 0.0 ms]
      [Redirty Cards: 0.2 ms]
      [Humongous Register: 0.1 ms]
      [Humongous Reclaim: 0.0 ms]
      [Free CSet: 0.1 ms]
   [Eden: 20.0M(20.0M)->0.0B(246.0M) Survivors: 31.0M->7168.0K Heap: 582.4M(1024.0M)->500.1M(1024.0M)]
 [Times: user=0.05 sys=0.01, real=0.01 secs] 
2021-08-14T11:06:13.182-0800: 3.375: [GC pause (G1 Humongous Allocation) (young) (initial-mark), 0.0018772 secs]
   [Parallel Time: 1.0 ms, GC Workers: 10]
      [GC Worker Start (ms): Min: 3375.2, Avg: 3375.3, Max: 3375.4, Diff: 0.2]
      [Ext Root Scanning (ms): Min: 0.0, Avg: 0.1, Max: 0.2, Diff: 0.2, Sum: 1.2]
      [Update RS (ms): Min: 0.0, Avg: 0.2, Max: 0.4, Diff: 0.4, Sum: 1.6]
         [Processed Buffers: Min: 1, Avg: 1.1, Max: 2, Diff: 1, Sum: 11]
      [Scan RS (ms): Min: 0.0, Avg: 0.0, Max: 0.0, Diff: 0.0, Sum: 0.0]
      [Code Root Scanning (ms): Min: 0.0, Avg: 0.0, Max: 0.0, Diff: 0.0, Sum: 0.0]
      [Object Copy (ms): Min: 0.1, Avg: 0.4, Max: 0.5, Diff: 0.4, Sum: 3.9]
      [Termination (ms): Min: 0.0, Avg: 0.1, Max: 0.1, Diff: 0.1, Sum: 0.6]
         [Termination Attempts: Min: 1, Avg: 1.0, Max: 1, Diff: 0, Sum: 10]
      [GC Worker Other (ms): Min: 0.0, Avg: 0.0, Max: 0.0, Diff: 0.0, Sum: 0.1]
      [GC Worker Total (ms): Min: 0.6, Avg: 0.7, Max: 0.9, Diff: 0.2, Sum: 7.5]
      [GC Worker End (ms): Min: 3376.0, Avg: 3376.0, Max: 3376.1, Diff: 0.1]
   [Code Root Fixup: 0.0 ms]
   [Code Root Purge: 0.0 ms]
   [Clear CT: 0.1 ms]
   [Other: 0.7 ms]
      [Choose CSet: 0.0 ms]
      [Ref Proc: 0.3 ms]
      [Ref Enq: 0.0 ms]
      [Redirty Cards: 0.2 ms]
      [Humongous Register: 0.1 ms]
      [Humongous Reclaim: 0.0 ms]
      [Free CSet: 0.0 ms]
   [Eden: 4096.0K(246.0M)->0.0B(262.0M) Survivors: 7168.0K->8192.0K Heap: 503.4M(1024.0M)->499.9M(1024.0M)]
 [Times: user=0.01 sys=0.00, real=0.00 secs] 
2021-08-14T11:06:13.184-0800: 3.377: [GC concurrent-root-region-scan-start]
2021-08-14T11:06:13.184-0800: 3.377: [GC concurrent-root-region-scan-end, 0.0000990 secs]
2021-08-14T11:06:13.184-0800: 3.377: [GC concurrent-mark-start]
2021-08-14T11:06:13.185-0800: 3.378: [GC concurrent-mark-end, 0.0013434 secs]
2021-08-14T11:06:13.185-0800: 3.379: [GC remark 2021-08-14T11:06:13.185-0800: 3.379: [Finalize Marking, 0.0002677 secs] 2021-08-14T11:06:13.186-0800: 3.379: [GC ref-proc, 0.0000648 secs] 2021-08-14T11:06:13.186-0800: 3.379: [Unloading, 0.0005399 secs], 0.0017285 secs]
 [Times: user=0.01 sys=0.00, real=0.00 secs] 
2021-08-14T11:06:13.187-0800: 3.380: [GC cleanup 507M->506M(1024M), 0.0010296 secs]
 [Times: user=0.00 sys=0.00, real=0.00 secs] 
2021-08-14T11:06:13.188-0800: 3.382: [GC concurrent-cleanup-start]
2021-08-14T11:06:13.188-0800: 3.382: [GC concurrent-cleanup-end, 0.0000085 secs]
2021-08-14T11:06:13.241-0800: 3.435: [GC pause (G1 Evacuation Pause) (young), 0.0129338 secs]
   [Parallel Time: 11.9 ms, GC Workers: 10]
      [GC Worker Start (ms): Min: 3434.8, Avg: 3434.8, Max: 3434.9, Diff: 0.1]
      [Ext Root Scanning (ms): Min: 0.1, Avg: 0.1, Max: 0.2, Diff: 0.1, Sum: 1.2]
      [Update RS (ms): Min: 5.8, Avg: 5.8, Max: 5.9, Diff: 0.1, Sum: 58.4]
         [Processed Buffers: Min: 59, Avg: 61.2, Max: 64, Diff: 5, Sum: 612]
      [Scan RS (ms): Min: 0.0, Avg: 0.0, Max: 0.1, Diff: 0.1, Sum: 0.2]
      [Code Root Scanning (ms): Min: 0.0, Avg: 0.0, Max: 0.0, Diff: 0.0, Sum: 0.0]
      [Object Copy (ms): Min: 5.5, Avg: 5.5, Max: 5.6, Diff: 0.2, Sum: 55.2]
      [Termination (ms): Min: 0.0, Avg: 0.1, Max: 0.3, Diff: 0.3, Sum: 1.1]
         [Termination Attempts: Min: 1, Avg: 1.0, Max: 1, Diff: 0, Sum: 10]
      [GC Worker Other (ms): Min: 0.0, Avg: 0.0, Max: 0.0, Diff: 0.0, Sum: 0.1]
      [GC Worker Total (ms): Min: 11.6, Avg: 11.6, Max: 11.8, Diff: 0.2, Sum: 116.3]
      [GC Worker End (ms): Min: 3446.4, Avg: 3446.5, Max: 3446.5, Diff: 0.1]
   [Code Root Fixup: 0.0 ms]
   [Code Root Purge: 0.0 ms]
   [Clear CT: 0.2 ms]
   [Other: 0.9 ms]
      [Choose CSet: 0.0 ms]
      [Ref Proc: 0.3 ms]
      [Ref Enq: 0.0 ms]
      [Redirty Cards: 0.2 ms]
      [Humongous Register: 0.1 ms]
      [Humongous Reclaim: 0.1 ms]
      [Free CSet: 0.1 ms]
   [Eden: 262.0M(262.0M)->0.0B(17.0M) Survivors: 8192.0K->34.0M Heap: 836.1M(1024.0M)->568.6M(1024.0M)]
 [Times: user=0.12 sys=0.00, real=0.01 secs] 
2021-08-14T11:06:13.258-0800: 3.451: [GC pause (G1 Evacuation Pause) (mixed), 0.0074326 secs]
   [Parallel Time: 6.3 ms, GC Workers: 10]
      [GC Worker Start (ms): Min: 3451.2, Avg: 3451.2, Max: 3451.2, Diff: 0.1]
      [Ext Root Scanning (ms): Min: 0.1, Avg: 0.1, Max: 0.2, Diff: 0.1, Sum: 1.3]
      [Update RS (ms): Min: 0.4, Avg: 0.5, Max: 0.5, Diff: 0.1, Sum: 4.7]
         [Processed Buffers: Min: 5, Avg: 5.3, Max: 6, Diff: 1, Sum: 53]
      [Scan RS (ms): Min: 0.0, Avg: 0.1, Max: 0.1, Diff: 0.1, Sum: 0.7]
      [Code Root Scanning (ms): Min: 0.0, Avg: 0.0, Max: 0.0, Diff: 0.0, Sum: 0.0]
      [Object Copy (ms): Min: 5.4, Avg: 5.4, Max: 5.5, Diff: 0.1, Sum: 54.3]
      [Termination (ms): Min: 0.0, Avg: 0.1, Max: 0.1, Diff: 0.1, Sum: 0.7]
         [Termination Attempts: Min: 1, Avg: 1.0, Max: 1, Diff: 0, Sum: 10]
      [GC Worker Other (ms): Min: 0.0, Avg: 0.0, Max: 0.0, Diff: 0.0, Sum: 0.1]
      [GC Worker Total (ms): Min: 6.1, Avg: 6.2, Max: 6.2, Diff: 0.1, Sum: 61.9]
      [GC Worker End (ms): Min: 3457.4, Avg: 3457.4, Max: 3457.4, Diff: 0.1]
   [Code Root Fixup: 0.0 ms]
   [Code Root Purge: 0.0 ms]
   [Clear CT: 0.2 ms]
   [Other: 0.9 ms]
      [Choose CSet: 0.0 ms]
      [Ref Proc: 0.4 ms]
      [Ref Enq: 0.0 ms]
      [Redirty Cards: 0.2 ms]
      [Humongous Register: 0.1 ms]
      [Humongous Reclaim: 0.0 ms]
      [Free CSet: 0.1 ms]
   [Eden: 17.0M(17.0M)->0.0B(46.0M) Survivors: 34.0M->5120.0K Heap: 590.8M(1024.0M)->503.8M(1024.0M)]
 [Times: user=0.06 sys=0.00, real=0.01 secs] 
2021-08-14T11:06:13.274-0800: 3.467: [GC pause (G1 Evacuation Pause) (mixed), 0.0037933 secs]
   [Parallel Time: 2.5 ms, GC Workers: 10]
      [GC Worker Start (ms): Min: 3467.5, Avg: 3467.5, Max: 3467.6, Diff: 0.1]
      [Ext Root Scanning (ms): Min: 0.1, Avg: 0.1, Max: 0.2, Diff: 0.1, Sum: 1.3]
      [Update RS (ms): Min: 0.7, Avg: 0.7, Max: 0.8, Diff: 0.1, Sum: 7.5]
         [Processed Buffers: Min: 4, Avg: 6.8, Max: 8, Diff: 4, Sum: 68]
      [Scan RS (ms): Min: 0.0, Avg: 0.0, Max: 0.0, Diff: 0.0, Sum: 0.1]
      [Code Root Scanning (ms): Min: 0.0, Avg: 0.0, Max: 0.0, Diff: 0.0, Sum: 0.0]
      [Object Copy (ms): Min: 1.4, Avg: 1.4, Max: 1.5, Diff: 0.1, Sum: 14.4]
      [Termination (ms): Min: 0.0, Avg: 0.0, Max: 0.1, Diff: 0.1, Sum: 0.4]
         [Termination Attempts: Min: 1, Avg: 1.1, Max: 2, Diff: 1, Sum: 11]
      [GC Worker Other (ms): Min: 0.0, Avg: 0.0, Max: 0.0, Diff: 0.0, Sum: 0.1]
      [GC Worker Total (ms): Min: 2.3, Avg: 2.4, Max: 2.4, Diff: 0.1, Sum: 23.9]
      [GC Worker End (ms): Min: 3469.9, Avg: 3469.9, Max: 3469.9, Diff: 0.0]
   [Code Root Fixup: 0.0 ms]
   [Code Root Purge: 0.0 ms]
   [Clear CT: 0.2 ms]
   [Other: 1.1 ms]
      [Choose CSet: 0.0 ms]
      [Ref Proc: 0.2 ms]
      [Ref Enq: 0.0 ms]
      [Redirty Cards: 0.1 ms]
      [Humongous Register: 0.1 ms]
      [Humongous Reclaim: 0.2 ms]
      [Free CSet: 0.2 ms]
   [Eden: 46.0M(46.0M)->0.0B(256.0M) Survivors: 5120.0K->7168.0K Heap: 556.9M(1024.0M)->511.9M(1024.0M)]
 [Times: user=0.03 sys=0.00, real=0.00 secs] 
2021-08-14T11:06:13.279-0800: 3.472: [GC pause (G1 Humongous Allocation) (young) (initial-mark), 0.0034044 secs]
   [Parallel Time: 2.3 ms, GC Workers: 10]
      [GC Worker Start (ms): Min: 3472.5, Avg: 3472.6, Max: 3472.7, Diff: 0.2]
      [Ext Root Scanning (ms): Min: 0.1, Avg: 0.1, Max: 0.2, Diff: 0.2, Sum: 1.4]
      [Update RS (ms): Min: 0.1, Avg: 0.2, Max: 0.4, Diff: 0.3, Sum: 1.6]
         [Processed Buffers: Min: 0, Avg: 1.1, Max: 2, Diff: 2, Sum: 11]
      [Scan RS (ms): Min: 0.0, Avg: 0.0, Max: 0.0, Diff: 0.0, Sum: 0.0]
      [Code Root Scanning (ms): Min: 0.0, Avg: 0.0, Max: 0.0, Diff: 0.0, Sum: 0.0]
      [Object Copy (ms): Min: 1.2, Avg: 1.4, Max: 1.6, Diff: 0.4, Sum: 13.8]
      [Termination (ms): Min: 0.0, Avg: 0.3, Max: 0.6, Diff: 0.6, Sum: 3.1]
         [Termination Attempts: Min: 1, Avg: 1.0, Max: 1, Diff: 0, Sum: 10]
      [GC Worker Other (ms): Min: 0.0, Avg: 0.0, Max: 0.0, Diff: 0.0, Sum: 0.2]
      [GC Worker Total (ms): Min: 1.9, Avg: 2.0, Max: 2.2, Diff: 0.3, Sum: 20.1]
      [GC Worker End (ms): Min: 3474.5, Avg: 3474.6, Max: 3474.7, Diff: 0.2]
   [Code Root Fixup: 0.0 ms]
   [Code Root Purge: 0.0 ms]
   [Clear CT: 0.1 ms]
   [Other: 1.0 ms]
      [Choose CSet: 0.0 ms]
      [Ref Proc: 0.2 ms]
      [Ref Enq: 0.0 ms]
      [Redirty Cards: 0.2 ms]
      [Humongous Register: 0.1 ms]
      [Humongous Reclaim: 0.1 ms]
      [Free CSet: 0.1 ms]
   [Eden: 3072.0K(256.0M)->0.0B(240.0M) Survivors: 7168.0K->9216.0K Heap: 514.7M(1024.0M)->512.8M(1024.0M)]
 [Times: user=0.02 sys=0.01, real=0.01 secs] 
2021-08-14T11:06:13.283-0800: 3.476: [GC concurrent-root-region-scan-start]
2021-08-14T11:06:13.283-0800: 3.476: [GC concurrent-root-region-scan-end, 0.0002159 secs]
2021-08-14T11:06:13.283-0800: 3.476: [GC concurrent-mark-start]
2021-08-14T11:06:13.285-0800: 3.478: [GC concurrent-mark-end, 0.0020571 secs]
2021-08-14T11:06:13.285-0800: 3.478: [GC remark 2021-08-14T11:06:13.285-0800: 3.478: [Finalize Marking, 0.0003272 secs] 2021-08-14T11:06:13.286-0800: 3.479: [GC ref-proc, 0.0000784 secs] 2021-08-14T11:06:13.286-0800: 3.479: [Unloading, 0.0006933 secs], 0.0022369 secs]
 [Times: user=0.01 sys=0.00, real=0.00 secs] 
2021-08-14T11:06:13.288-0800: 3.481: [GC cleanup 523M->518M(1024M), 0.0011860 secs]
 [Times: user=0.01 sys=0.00, real=0.00 secs] 
2021-08-14T11:06:13.289-0800: 3.482: [GC concurrent-cleanup-start]
2021-08-14T11:06:13.289-0800: 3.482: [GC concurrent-cleanup-end, 0.0000138 secs]
2021-08-14T11:06:13.334-0800: 3.527: [GC pause (G1 Evacuation Pause) (young), 0.0109464 secs]
   [Parallel Time: 9.8 ms, GC Workers: 10]
      [GC Worker Start (ms): Min: 3527.1, Avg: 3527.2, Max: 3527.2, Diff: 0.1]
      [Ext Root Scanning (ms): Min: 0.1, Avg: 0.1, Max: 0.2, Diff: 0.1, Sum: 1.4]
      [Update RS (ms): Min: 4.2, Avg: 4.3, Max: 4.3, Diff: 0.1, Sum: 42.7]
         [Processed Buffers: Min: 42, Avg: 44.9, Max: 55, Diff: 13, Sum: 449]
      [Scan RS (ms): Min: 0.0, Avg: 0.0, Max: 0.0, Diff: 0.0, Sum: 0.2]
      [Code Root Scanning (ms): Min: 0.0, Avg: 0.0, Max: 0.0, Diff: 0.0, Sum: 0.0]
      [Object Copy (ms): Min: 5.1, Avg: 5.2, Max: 5.2, Diff: 0.1, Sum: 51.8]
      [Termination (ms): Min: 0.0, Avg: 0.1, Max: 0.1, Diff: 0.1, Sum: 0.6]
         [Termination Attempts: Min: 1, Avg: 1.0, Max: 1, Diff: 0, Sum: 10]
      [GC Worker Other (ms): Min: 0.0, Avg: 0.0, Max: 0.0, Diff: 0.0, Sum: 0.2]
      [GC Worker Total (ms): Min: 9.6, Avg: 9.7, Max: 9.8, Diff: 0.1, Sum: 97.0]
      [GC Worker End (ms): Min: 3536.9, Avg: 3536.9, Max: 3536.9, Diff: 0.0]
   [Code Root Fixup: 0.0 ms]
   [Code Root Purge: 0.0 ms]
   [Clear CT: 0.2 ms]
   [Other: 0.9 ms]
      [Choose CSet: 0.0 ms]
      [Ref Proc: 0.3 ms]
      [Ref Enq: 0.0 ms]
      [Redirty Cards: 0.2 ms]
      [Humongous Register: 0.2 ms]
      [Humongous Reclaim: 0.1 ms]
      [Free CSet: 0.1 ms]
   [Eden: 240.0M(240.0M)->0.0B(19.0M) Survivors: 9216.0K->32.0M Heap: 802.5M(1024.0M)->563.2M(1024.0M)]
 [Times: user=0.10 sys=0.00, real=0.01 secs] 
2021-08-14T11:06:13.348-0800: 3.542: [GC pause (G1 Evacuation Pause) (mixed), 0.0076467 secs]
   [Parallel Time: 6.1 ms, GC Workers: 10]
      [GC Worker Start (ms): Min: 3541.8, Avg: 3541.9, Max: 3541.9, Diff: 0.1]
      [Ext Root Scanning (ms): Min: 0.1, Avg: 0.1, Max: 0.2, Diff: 0.1, Sum: 1.3]
      [Update RS (ms): Min: 0.7, Avg: 0.7, Max: 0.8, Diff: 0.1, Sum: 7.3]
         [Processed Buffers: Min: 7, Avg: 8.1, Max: 10, Diff: 3, Sum: 81]
      [Scan RS (ms): Min: 0.0, Avg: 0.1, Max: 0.1, Diff: 0.1, Sum: 0.7]
      [Code Root Scanning (ms): Min: 0.0, Avg: 0.0, Max: 0.0, Diff: 0.0, Sum: 0.0]
      [Object Copy (ms): Min: 4.9, Avg: 5.0, Max: 5.1, Diff: 0.1, Sum: 50.2]
      [Termination (ms): Min: 0.0, Avg: 0.0, Max: 0.1, Diff: 0.1, Sum: 0.5]
         [Termination Attempts: Min: 1, Avg: 1.0, Max: 1, Diff: 0, Sum: 10]
      [GC Worker Other (ms): Min: 0.0, Avg: 0.0, Max: 0.0, Diff: 0.0, Sum: 0.1]
      [GC Worker Total (ms): Min: 6.0, Avg: 6.0, Max: 6.1, Diff: 0.1, Sum: 60.1]
      [GC Worker End (ms): Min: 3547.9, Avg: 3547.9, Max: 3547.9, Diff: 0.1]
   [Code Root Fixup: 0.0 ms]
   [Code Root Purge: 0.0 ms]
   [Clear CT: 0.2 ms]
   [Other: 1.3 ms]
      [Choose CSet: 0.1 ms]
      [Ref Proc: 0.2 ms]
      [Ref Enq: 0.0 ms]
      [Redirty Cards: 0.2 ms]
      [Humongous Register: 0.1 ms]
      [Humongous Reclaim: 0.1 ms]
      [Free CSet: 0.6 ms]
   [Eden: 19.0M(19.0M)->0.0B(46.0M) Survivors: 32.0M->5120.0K Heap: 590.9M(1024.0M)->498.6M(1024.0M)]
 [Times: user=0.06 sys=0.00, real=0.01 secs] 
2021-08-14T11:06:13.369-0800: 3.562: [GC pause (G1 Evacuation Pause) (mixed), 0.0043093 secs]
   [Parallel Time: 3.3 ms, GC Workers: 10]
      [GC Worker Start (ms): Min: 3562.3, Avg: 3562.4, Max: 3562.5, Diff: 0.2]
      [Ext Root Scanning (ms): Min: 0.1, Avg: 0.1, Max: 0.2, Diff: 0.1, Sum: 1.2]
      [Update RS (ms): Min: 1.1, Avg: 1.1, Max: 1.1, Diff: 0.1, Sum: 11.1]
         [Processed Buffers: Min: 9, Avg: 10.3, Max: 12, Diff: 3, Sum: 103]
      [Scan RS (ms): Min: 0.0, Avg: 0.0, Max: 0.1, Diff: 0.1, Sum: 0.2]
      [Code Root Scanning (ms): Min: 0.0, Avg: 0.0, Max: 0.0, Diff: 0.0, Sum: 0.0]
      [Object Copy (ms): Min: 1.8, Avg: 1.8, Max: 1.9, Diff: 0.1, Sum: 18.3]
      [Termination (ms): Min: 0.0, Avg: 0.0, Max: 0.0, Diff: 0.0, Sum: 0.2]
         [Termination Attempts: Min: 1, Avg: 1.4, Max: 3, Diff: 2, Sum: 14]
      [GC Worker Other (ms): Min: 0.0, Avg: 0.0, Max: 0.0, Diff: 0.0, Sum: 0.1]
      [GC Worker Total (ms): Min: 3.1, Avg: 3.1, Max: 3.2, Diff: 0.1, Sum: 31.1]
      [GC Worker End (ms): Min: 3565.5, Avg: 3565.5, Max: 3565.5, Diff: 0.0]
   [Code Root Fixup: 0.0 ms]
   [Code Root Purge: 0.0 ms]
   [Clear CT: 0.2 ms]
   [Other: 0.8 ms]
      [Choose CSet: 0.0 ms]
      [Ref Proc: 0.4 ms]
      [Ref Enq: 0.0 ms]
      [Redirty Cards: 0.1 ms]
      [Humongous Register: 0.1 ms]
      [Humongous Reclaim: 0.0 ms]
      [Free CSet: 0.0 ms]
   [Eden: 46.0M(46.0M)->0.0B(261.0M) Survivors: 5120.0K->7168.0K Heap: 556.1M(1024.0M)->498.8M(1024.0M)]
 [Times: user=0.03 sys=0.00, real=0.01 secs] 
2021-08-14T11:06:13.374-0800: 3.567: [GC pause (G1 Humongous Allocation) (young) (initial-mark), 0.0018615 secs]
   [Parallel Time: 1.0 ms, GC Workers: 10]
      [GC Worker Start (ms): Min: 3567.1, Avg: 3567.2, Max: 3567.2, Diff: 0.2]
      [Ext Root Scanning (ms): Min: 0.1, Avg: 0.1, Max: 0.2, Diff: 0.2, Sum: 1.4]
      [Update RS (ms): Min: 0.0, Avg: 0.1, Max: 0.3, Diff: 0.3, Sum: 0.8]
         [Processed Buffers: Min: 1, Avg: 1.1, Max: 2, Diff: 1, Sum: 11]
      [Scan RS (ms): Min: 0.0, Avg: 0.0, Max: 0.0, Diff: 0.0, Sum: 0.0]
      [Code Root Scanning (ms): Min: 0.0, Avg: 0.0, Max: 0.0, Diff: 0.0, Sum: 0.0]
      [Object Copy (ms): Min: 0.3, Avg: 0.5, Max: 0.6, Diff: 0.3, Sum: 5.2]
      [Termination (ms): Min: 0.0, Avg: 0.1, Max: 0.1, Diff: 0.1, Sum: 0.6]
         [Termination Attempts: Min: 1, Avg: 1.0, Max: 1, Diff: 0, Sum: 10]
      [GC Worker Other (ms): Min: 0.0, Avg: 0.0, Max: 0.0, Diff: 0.0, Sum: 0.1]
      [GC Worker Total (ms): Min: 0.7, Avg: 0.8, Max: 0.9, Diff: 0.2, Sum: 8.1]
      [GC Worker End (ms): Min: 3567.9, Avg: 3568.0, Max: 3568.0, Diff: 0.1]
   [Code Root Fixup: 0.0 ms]
   [Code Root Purge: 0.0 ms]
   [Clear CT: 0.1 ms]
   [Other: 0.7 ms]
      [Choose CSet: 0.0 ms]
      [Ref Proc: 0.3 ms]
      [Ref Enq: 0.0 ms]
      [Redirty Cards: 0.1 ms]
      [Humongous Register: 0.1 ms]
      [Humongous Reclaim: 0.0 ms]
      [Free CSet: 0.0 ms]
   [Eden: 2048.0K(261.0M)->0.0B(249.0M) Survivors: 7168.0K->8192.0K Heap: 500.3M(1024.0M)->499.0M(1024.0M)]
 [Times: user=0.01 sys=0.00, real=0.00 secs] 
2021-08-14T11:06:13.376-0800: 3.569: [GC concurrent-root-region-scan-start]
2021-08-14T11:06:13.376-0800: 3.569: [GC concurrent-root-region-scan-end, 0.0001031 secs]
2021-08-14T11:06:13.376-0800: 3.569: [GC concurrent-mark-start]
2021-08-14T11:06:13.377-0800: 3.570: [GC concurrent-mark-end, 0.0013257 secs]
2021-08-14T11:06:13.377-0800: 3.570: [GC remark 2021-08-14T11:06:13.377-0800: 3.570: [Finalize Marking, 0.0002494 secs] 2021-08-14T11:06:13.377-0800: 3.571: [GC ref-proc, 0.0000624 secs] 2021-08-14T11:06:13.378-0800: 3.571: [Unloading, 0.0005249 secs], 0.0016310 secs]
 [Times: user=0.01 sys=0.01, real=0.00 secs] 
2021-08-14T11:06:13.379-0800: 3.572: [GC cleanup 508M->503M(1024M), 0.0008841 secs]
 [Times: user=0.01 sys=0.00, real=0.01 secs] 
2021-08-14T11:06:13.380-0800: 3.573: [GC concurrent-cleanup-start]
2021-08-14T11:06:13.380-0800: 3.573: [GC concurrent-cleanup-end, 0.0000108 secs]
2021-08-14T11:06:13.421-0800: 3.615: [GC pause (G1 Evacuation Pause) (young), 0.0125221 secs]
   [Parallel Time: 11.6 ms, GC Workers: 10]
      [GC Worker Start (ms): Min: 3614.7, Avg: 3614.8, Max: 3614.9, Diff: 0.1]
      [Ext Root Scanning (ms): Min: 0.0, Avg: 0.1, Max: 0.2, Diff: 0.1, Sum: 1.0]
      [Update RS (ms): Min: 5.4, Avg: 5.5, Max: 5.5, Diff: 0.1, Sum: 55.0]
         [Processed Buffers: Min: 58, Avg: 61.2, Max: 73, Diff: 15, Sum: 612]
      [Scan RS (ms): Min: 0.0, Avg: 0.0, Max: 0.1, Diff: 0.1, Sum: 0.2]
      [Code Root Scanning (ms): Min: 0.0, Avg: 0.0, Max: 0.0, Diff: 0.0, Sum: 0.0]
      [Object Copy (ms): Min: 5.7, Avg: 5.8, Max: 5.8, Diff: 0.1, Sum: 57.5]
      [Termination (ms): Min: 0.0, Avg: 0.1, Max: 0.1, Diff: 0.1, Sum: 0.7]
         [Termination Attempts: Min: 1, Avg: 1.0, Max: 1, Diff: 0, Sum: 10]
      [GC Worker Other (ms): Min: 0.0, Avg: 0.0, Max: 0.0, Diff: 0.0, Sum: 0.1]
      [GC Worker Total (ms): Min: 11.4, Avg: 11.5, Max: 11.5, Diff: 0.1, Sum: 114.6]
      [GC Worker End (ms): Min: 3626.2, Avg: 3626.3, Max: 3626.3, Diff: 0.1]
   [Code Root Fixup: 0.0 ms]
   [Code Root Purge: 0.0 ms]
   [Clear CT: 0.1 ms]
   [Other: 0.8 ms]
      [Choose CSet: 0.0 ms]
      [Ref Proc: 0.2 ms]
      [Ref Enq: 0.0 ms]
      [Redirty Cards: 0.1 ms]
      [Humongous Register: 0.1 ms]
      [Humongous Reclaim: 0.1 ms]
      [Free CSet: 0.1 ms]
   [Eden: 249.0M(249.0M)->0.0B(18.0M) Survivors: 8192.0K->33.0M Heap: 818.1M(1024.0M)->566.2M(1024.0M)]
 [Times: user=0.11 sys=0.00, real=0.01 secs] 
2021-08-14T11:06:13.437-0800: 3.630: [GC pause (G1 Evacuation Pause) (mixed), 0.0065333 secs]
   [Parallel Time: 5.5 ms, GC Workers: 10]
      [GC Worker Start (ms): Min: 3630.4, Avg: 3630.5, Max: 3630.6, Diff: 0.1]
      [Ext Root Scanning (ms): Min: 0.1, Avg: 0.1, Max: 0.2, Diff: 0.1, Sum: 1.1]
      [Update RS (ms): Min: 0.3, Avg: 0.4, Max: 0.4, Diff: 0.1, Sum: 3.8]
         [Processed Buffers: Min: 4, Avg: 4.5, Max: 5, Diff: 1, Sum: 45]
      [Scan RS (ms): Min: 0.0, Avg: 0.1, Max: 0.1, Diff: 0.1, Sum: 0.6]
      [Code Root Scanning (ms): Min: 0.0, Avg: 0.0, Max: 0.0, Diff: 0.0, Sum: 0.0]
      [Object Copy (ms): Min: 4.6, Avg: 4.7, Max: 4.8, Diff: 0.1, Sum: 47.2]
      [Termination (ms): Min: 0.0, Avg: 0.0, Max: 0.1, Diff: 0.1, Sum: 0.4]
         [Termination Attempts: Min: 1, Avg: 1.0, Max: 1, Diff: 0, Sum: 10]
      [GC Worker Other (ms): Min: 0.0, Avg: 0.0, Max: 0.0, Diff: 0.0, Sum: 0.1]
      [GC Worker Total (ms): Min: 5.3, Avg: 5.3, Max: 5.4, Diff: 0.1, Sum: 53.2]
      [GC Worker End (ms): Min: 3635.8, Avg: 3635.8, Max: 3635.8, Diff: 0.0]
   [Code Root Fixup: 0.0 ms]
   [Code Root Purge: 0.0 ms]
   [Clear CT: 0.2 ms]
   [Other: 0.8 ms]
      [Choose CSet: 0.0 ms]
      [Ref Proc: 0.3 ms]
      [Ref Enq: 0.0 ms]
      [Redirty Cards: 0.1 ms]
      [Humongous Register: 0.1 ms]
      [Humongous Reclaim: 0.0 ms]
      [Free CSet: 0.1 ms]
   [Eden: 18.0M(18.0M)->0.0B(44.0M) Survivors: 33.0M->7168.0K Heap: 588.3M(1024.0M)->499.4M(1024.0M)]
 [Times: user=0.05 sys=0.00, real=0.01 secs] 
2021-08-14T11:06:13.452-0800: 3.645: [GC pause (G1 Evacuation Pause) (mixed), 0.0041158 secs]
   [Parallel Time: 3.2 ms, GC Workers: 10]
      [GC Worker Start (ms): Min: 3645.0, Avg: 3645.1, Max: 3645.1, Diff: 0.1]
      [Ext Root Scanning (ms): Min: 0.1, Avg: 0.1, Max: 0.2, Diff: 0.1, Sum: 1.1]
      [Update RS (ms): Min: 0.9, Avg: 0.9, Max: 0.9, Diff: 0.1, Sum: 8.9]
         [Processed Buffers: Min: 6, Avg: 8.7, Max: 11, Diff: 5, Sum: 87]
      [Scan RS (ms): Min: 0.0, Avg: 0.0, Max: 0.1, Diff: 0.1, Sum: 0.3]
      [Code Root Scanning (ms): Min: 0.0, Avg: 0.0, Max: 0.0, Diff: 0.0, Sum: 0.0]
      [Object Copy (ms): Min: 1.9, Avg: 1.9, Max: 2.0, Diff: 0.1, Sum: 19.2]
      [Termination (ms): Min: 0.0, Avg: 0.1, Max: 0.1, Diff: 0.1, Sum: 0.6]
         [Termination Attempts: Min: 1, Avg: 1.0, Max: 1, Diff: 0, Sum: 10]
      [GC Worker Other (ms): Min: 0.0, Avg: 0.0, Max: 0.0, Diff: 0.0, Sum: 0.1]
      [GC Worker Total (ms): Min: 3.0, Avg: 3.0, Max: 3.1, Diff: 0.1, Sum: 30.3]
      [GC Worker End (ms): Min: 3648.1, Avg: 3648.1, Max: 3648.1, Diff: 0.1]
   [Code Root Fixup: 0.0 ms]
   [Code Root Purge: 0.0 ms]
   [Clear CT: 0.1 ms]
   [Other: 0.8 ms]
      [Choose CSet: 0.0 ms]
      [Ref Proc: 0.3 ms]
      [Ref Enq: 0.0 ms]
      [Redirty Cards: 0.2 ms]
      [Humongous Register: 0.1 ms]
      [Humongous Reclaim: 0.0 ms]
      [Free CSet: 0.0 ms]
   [Eden: 44.0M(44.0M)->0.0B(250.0M) Survivors: 7168.0K->7168.0K Heap: 552.9M(1024.0M)->506.2M(1024.0M)]
 [Times: user=0.03 sys=0.00, real=0.00 secs] 
2021-08-14T11:06:13.456-0800: 3.649: [GC pause (G1 Humongous Allocation) (young) (initial-mark), 0.0015901 secs]
   [Parallel Time: 0.8 ms, GC Workers: 10]
      [GC Worker Start (ms): Min: 3649.6, Avg: 3649.7, Max: 3649.8, Diff: 0.1]
      [Ext Root Scanning (ms): Min: 0.1, Avg: 0.1, Max: 0.2, Diff: 0.1, Sum: 1.3]
      [Update RS (ms): Min: 0.0, Avg: 0.1, Max: 0.2, Diff: 0.2, Sum: 0.8]
         [Processed Buffers: Min: 1, Avg: 1.1, Max: 2, Diff: 1, Sum: 11]
      [Scan RS (ms): Min: 0.0, Avg: 0.0, Max: 0.0, Diff: 0.0, Sum: 0.0]
      [Code Root Scanning (ms): Min: 0.0, Avg: 0.0, Max: 0.0, Diff: 0.0, Sum: 0.0]
      [Object Copy (ms): Min: 0.2, Avg: 0.4, Max: 0.5, Diff: 0.3, Sum: 4.0]
      [Termination (ms): Min: 0.0, Avg: 0.1, Max: 0.1, Diff: 0.1, Sum: 0.6]
         [Termination Attempts: Min: 1, Avg: 1.0, Max: 1, Diff: 0, Sum: 10]
      [GC Worker Other (ms): Min: 0.0, Avg: 0.0, Max: 0.0, Diff: 0.0, Sum: 0.1]
      [GC Worker Total (ms): Min: 0.6, Avg: 0.7, Max: 0.8, Diff: 0.2, Sum: 6.8]
      [GC Worker End (ms): Min: 3650.4, Avg: 3650.4, Max: 3650.4, Diff: 0.0]
   [Code Root Fixup: 0.0 ms]
   [Code Root Purge: 0.0 ms]
   [Clear CT: 0.1 ms]
   [Other: 0.7 ms]
      [Choose CSet: 0.0 ms]
      [Ref Proc: 0.3 ms]
      [Ref Enq: 0.0 ms]
      [Redirty Cards: 0.1 ms]
      [Humongous Register: 0.1 ms]
      [Humongous Reclaim: 0.0 ms]
      [Free CSet: 0.0 ms]
   [Eden: 2048.0K(250.0M)->0.0B(254.0M) Survivors: 7168.0K->7168.0K Heap: 507.8M(1024.0M)->505.4M(1024.0M)]
 [Times: user=0.01 sys=0.00, real=0.00 secs] 
2021-08-14T11:06:13.458-0800: 3.651: [GC concurrent-root-region-scan-start]
2021-08-14T11:06:13.458-0800: 3.651: [GC concurrent-root-region-scan-end, 0.0001037 secs]
2021-08-14T11:06:13.458-0800: 3.651: [GC concurrent-mark-start]
2021-08-14T11:06:13.459-0800: 3.653: [GC concurrent-mark-end, 0.0012458 secs]
2021-08-14T11:06:13.459-0800: 3.653: [GC remark 2021-08-14T11:06:13.459-0800: 3.653: [Finalize Marking, 0.0002216 secs] 2021-08-14T11:06:13.460-0800: 3.653: [GC ref-proc, 0.0000552 secs] 2021-08-14T11:06:13.460-0800: 3.653: [Unloading, 0.0004803 secs], 0.0015141 secs]
 [Times: user=0.01 sys=0.00, real=0.01 secs] 
2021-08-14T11:06:13.461-0800: 3.654: [GC cleanup 512M->507M(1024M), 0.0008307 secs]
 [Times: user=0.01 sys=0.00, real=0.00 secs] 
2021-08-14T11:06:13.462-0800: 3.655: [GC concurrent-cleanup-start]
2021-08-14T11:06:13.462-0800: 3.655: [GC concurrent-cleanup-end, 0.0000108 secs]
2021-08-14T11:06:13.510-0800: 3.704: [GC pause (G1 Evacuation Pause) (young), 0.0142645 secs]
   [Parallel Time: 12.8 ms, GC Workers: 10]
      [GC Worker Start (ms): Min: 3703.8, Avg: 3704.0, Max: 3704.0, Diff: 0.2]
      [Ext Root Scanning (ms): Min: 0.0, Avg: 0.1, Max: 0.2, Diff: 0.2, Sum: 0.8]
      [Update RS (ms): Min: 5.9, Avg: 5.9, Max: 6.0, Diff: 0.1, Sum: 59.5]
         [Processed Buffers: Min: 60, Avg: 62.3, Max: 69, Diff: 9, Sum: 623]
      [Scan RS (ms): Min: 0.0, Avg: 0.1, Max: 0.1, Diff: 0.1, Sum: 0.5]
      [Code Root Scanning (ms): Min: 0.0, Avg: 0.0, Max: 0.0, Diff: 0.0, Sum: 0.0]
      [Object Copy (ms): Min: 6.4, Avg: 6.5, Max: 6.5, Diff: 0.1, Sum: 64.7]
      [Termination (ms): Min: 0.0, Avg: 0.1, Max: 0.1, Diff: 0.1, Sum: 0.5]
         [Termination Attempts: Min: 1, Avg: 1.0, Max: 1, Diff: 0, Sum: 10]
      [GC Worker Other (ms): Min: 0.0, Avg: 0.0, Max: 0.1, Diff: 0.1, Sum: 0.3]
      [GC Worker Total (ms): Min: 12.5, Avg: 12.6, Max: 12.7, Diff: 0.2, Sum: 126.4]
      [GC Worker End (ms): Min: 3716.6, Avg: 3716.6, Max: 3716.6, Diff: 0.0]
   [Code Root Fixup: 0.0 ms]
   [Code Root Purge: 0.0 ms]
   [Clear CT: 0.3 ms]
   [Other: 1.2 ms]
      [Choose CSet: 0.0 ms]
      [Ref Proc: 0.3 ms]
      [Ref Enq: 0.0 ms]
      [Redirty Cards: 0.2 ms]
      [Humongous Register: 0.1 ms]
      [Humongous Reclaim: 0.2 ms]
      [Free CSet: 0.3 ms]
   [Eden: 254.0M(254.0M)->0.0B(18.0M) Survivors: 7168.0K->33.0M Heap: 830.9M(1024.0M)->583.7M(1024.0M)]
 [Times: user=0.12 sys=0.00, real=0.01 secs] 
2021-08-14T11:06:13.529-0800: 3.722: [GC pause (G1 Evacuation Pause) (mixed), 0.0074852 secs]
   [Parallel Time: 6.4 ms, GC Workers: 10]
      [GC Worker Start (ms): Min: 3722.0, Avg: 3722.0, Max: 3722.1, Diff: 0.1]
      [Ext Root Scanning (ms): Min: 0.1, Avg: 0.1, Max: 0.2, Diff: 0.1, Sum: 1.3]
      [Update RS (ms): Min: 0.4, Avg: 0.5, Max: 0.5, Diff: 0.1, Sum: 4.7]
         [Processed Buffers: Min: 5, Avg: 5.2, Max: 6, Diff: 1, Sum: 52]
      [Scan RS (ms): Min: 0.0, Avg: 0.1, Max: 0.1, Diff: 0.1, Sum: 0.7]
      [Code Root Scanning (ms): Min: 0.0, Avg: 0.0, Max: 0.0, Diff: 0.0, Sum: 0.0]
      [Object Copy (ms): Min: 5.3, Avg: 5.4, Max: 5.5, Diff: 0.3, Sum: 53.6]
      [Termination (ms): Min: 0.0, Avg: 0.2, Max: 0.3, Diff: 0.3, Sum: 2.1]
         [Termination Attempts: Min: 1, Avg: 1.0, Max: 1, Diff: 0, Sum: 10]
      [GC Worker Other (ms): Min: 0.0, Avg: 0.0, Max: 0.0, Diff: 0.0, Sum: 0.2]
      [GC Worker Total (ms): Min: 6.2, Avg: 6.3, Max: 6.3, Diff: 0.2, Sum: 62.6]
      [GC Worker End (ms): Min: 3728.2, Avg: 3728.3, Max: 3728.4, Diff: 0.1]
   [Code Root Fixup: 0.0 ms]
   [Code Root Purge: 0.0 ms]
   [Clear CT: 0.1 ms]
   [Other: 0.9 ms]
      [Choose CSet: 0.0 ms]
      [Ref Proc: 0.3 ms]
      [Ref Enq: 0.0 ms]
      [Redirty Cards: 0.2 ms]
      [Humongous Register: 0.1 ms]
      [Humongous Reclaim: 0.0 ms]
      [Free CSet: 0.1 ms]
   [Eden: 18.0M(18.0M)->0.0B(45.0M) Survivors: 33.0M->6144.0K Heap: 606.7M(1024.0M)->519.3M(1024.0M)]
 [Times: user=0.06 sys=0.01, real=0.01 secs] 
2021-08-14T11:06:13.552-0800: 3.745: [GC pause (G1 Evacuation Pause) (mixed), 0.0049796 secs]
   [Parallel Time: 4.0 ms, GC Workers: 10]
      [GC Worker Start (ms): Min: 3745.1, Avg: 3745.2, Max: 3745.2, Diff: 0.1]
      [Ext Root Scanning (ms): Min: 0.1, Avg: 0.1, Max: 0.2, Diff: 0.1, Sum: 1.4]
      [Update RS (ms): Min: 1.4, Avg: 1.4, Max: 1.5, Diff: 0.1, Sum: 14.4]
         [Processed Buffers: Min: 12, Avg: 12.9, Max: 14, Diff: 2, Sum: 129]
      [Scan RS (ms): Min: 0.0, Avg: 0.1, Max: 0.2, Diff: 0.2, Sum: 0.6]
      [Code Root Scanning (ms): Min: 0.0, Avg: 0.0, Max: 0.0, Diff: 0.0, Sum: 0.0]
      [Object Copy (ms): Min: 2.0, Avg: 2.1, Max: 2.2, Diff: 0.2, Sum: 20.7]
      [Termination (ms): Min: 0.0, Avg: 0.1, Max: 0.1, Diff: 0.1, Sum: 0.9]
         [Termination Attempts: Min: 1, Avg: 1.0, Max: 1, Diff: 0, Sum: 10]
      [GC Worker Other (ms): Min: 0.0, Avg: 0.0, Max: 0.0, Diff: 0.0, Sum: 0.2]
      [GC Worker Total (ms): Min: 3.7, Avg: 3.8, Max: 3.9, Diff: 0.2, Sum: 38.2]
      [GC Worker End (ms): Min: 3749.0, Avg: 3749.0, Max: 3749.0, Diff: 0.1]
   [Code Root Fixup: 0.0 ms]
   [Code Root Purge: 0.0 ms]
   [Clear CT: 0.1 ms]
   [Other: 0.8 ms]
      [Choose CSet: 0.0 ms]
      [Ref Proc: 0.3 ms]
      [Ref Enq: 0.0 ms]
      [Redirty Cards: 0.2 ms]
      [Humongous Register: 0.1 ms]
      [Humongous Reclaim: 0.0 ms]
      [Free CSet: 0.1 ms]
   [Eden: 45.0M(45.0M)->0.0B(244.0M) Survivors: 6144.0K->7168.0K Heap: 578.9M(1024.0M)->519.0M(1024.0M)]
 [Times: user=0.04 sys=0.00, real=0.00 secs] 
2021-08-14T11:06:13.558-0800: 3.751: [GC pause (G1 Humongous Allocation) (young) (initial-mark), 0.0018679 secs]
   [Parallel Time: 1.0 ms, GC Workers: 10]
      [GC Worker Start (ms): Min: 3751.1, Avg: 3751.2, Max: 3751.2, Diff: 0.1]
      [Ext Root Scanning (ms): Min: 0.1, Avg: 0.1, Max: 0.2, Diff: 0.1, Sum: 1.5]
      [Update RS (ms): Min: 0.0, Avg: 0.1, Max: 0.6, Diff: 0.6, Sum: 1.5]
         [Processed Buffers: Min: 1, Avg: 1.1, Max: 2, Diff: 1, Sum: 11]
      [Scan RS (ms): Min: 0.0, Avg: 0.0, Max: 0.0, Diff: 0.0, Sum: 0.0]
      [Code Root Scanning (ms): Min: 0.0, Avg: 0.0, Max: 0.0, Diff: 0.0, Sum: 0.0]
      [Object Copy (ms): Min: 0.0, Avg: 0.5, Max: 0.6, Diff: 0.6, Sum: 4.6]
      [Termination (ms): Min: 0.0, Avg: 0.1, Max: 0.1, Diff: 0.1, Sum: 0.8]
         [Termination Attempts: Min: 1, Avg: 1.0, Max: 1, Diff: 0, Sum: 10]
      [GC Worker Other (ms): Min: 0.0, Avg: 0.0, Max: 0.0, Diff: 0.0, Sum: 0.1]
      [GC Worker Total (ms): Min: 0.8, Avg: 0.8, Max: 0.9, Diff: 0.2, Sum: 8.4]
      [GC Worker End (ms): Min: 3752.0, Avg: 3752.0, Max: 3752.0, Diff: 0.1]
   [Code Root Fixup: 0.0 ms]
   [Code Root Purge: 0.0 ms]
   [Clear CT: 0.1 ms]
   [Other: 0.7 ms]
      [Choose CSet: 0.0 ms]
      [Ref Proc: 0.3 ms]
      [Ref Enq: 0.0 ms]
      [Redirty Cards: 0.1 ms]
      [Humongous Register: 0.1 ms]
      [Humongous Reclaim: 0.0 ms]
      [Free CSet: 0.0 ms]
   [Eden: 5120.0K(244.0M)->0.0B(251.0M) Survivors: 7168.0K->9216.0K Heap: 523.4M(1024.0M)->520.5M(1024.0M)]
 [Times: user=0.01 sys=0.00, real=0.01 secs] 
2021-08-14T11:06:13.560-0800: 3.753: [GC concurrent-root-region-scan-start]
2021-08-14T11:06:13.560-0800: 3.753: [GC concurrent-root-region-scan-end, 0.0001255 secs]
2021-08-14T11:06:13.560-0800: 3.753: [GC concurrent-mark-start]
2021-08-14T11:06:13.562-0800: 3.755: [GC concurrent-mark-end, 0.0019542 secs]
2021-08-14T11:06:13.562-0800: 3.755: [GC remark 2021-08-14T11:06:13.562-0800: 3.755: [Finalize Marking, 0.0011490 secs] 2021-08-14T11:06:13.563-0800: 3.757: [GC ref-proc, 0.0000700 secs] 2021-08-14T11:06:13.563-0800: 3.757: [Unloading, 0.0007666 secs], 0.0033816 secs]
 [Times: user=0.01 sys=0.00, real=0.00 secs] 
2021-08-14T11:06:13.566-0800: 3.759: [GC cleanup 533M->529M(1024M), 0.0011366 secs]
 [Times: user=0.00 sys=0.00, real=0.00 secs] 
2021-08-14T11:06:13.567-0800: 3.760: [GC concurrent-cleanup-start]
2021-08-14T11:06:13.567-0800: 3.760: [GC concurrent-cleanup-end, 0.0000230 secs]
2021-08-14T11:06:13.635-0800: 3.828: [GC pause (G1 Evacuation Pause) (young), 0.0121918 secs]
   [Parallel Time: 10.9 ms, GC Workers: 10]
      [GC Worker Start (ms): Min: 3828.7, Avg: 3828.8, Max: 3828.9, Diff: 0.2]
      [Ext Root Scanning (ms): Min: 0.0, Avg: 0.1, Max: 0.2, Diff: 0.2, Sum: 1.2]
      [Update RS (ms): Min: 5.2, Avg: 5.2, Max: 5.3, Diff: 0.1, Sum: 52.2]
         [Processed Buffers: Min: 51, Avg: 52.5, Max: 53, Diff: 2, Sum: 525]
      [Scan RS (ms): Min: 0.0, Avg: 0.0, Max: 0.0, Diff: 0.0, Sum: 0.2]
      [Code Root Scanning (ms): Min: 0.0, Avg: 0.0, Max: 0.0, Diff: 0.0, Sum: 0.0]
      [Object Copy (ms): Min: 5.3, Avg: 5.3, Max: 5.4, Diff: 0.1, Sum: 53.0]
      [Termination (ms): Min: 0.0, Avg: 0.1, Max: 0.1, Diff: 0.1, Sum: 1.0]
         [Termination Attempts: Min: 1, Avg: 1.0, Max: 1, Diff: 0, Sum: 10]
      [GC Worker Other (ms): Min: 0.0, Avg: 0.0, Max: 0.0, Diff: 0.0, Sum: 0.2]
      [GC Worker Total (ms): Min: 10.6, Avg: 10.8, Max: 10.8, Diff: 0.2, Sum: 107.8]
      [GC Worker End (ms): Min: 3839.5, Avg: 3839.6, Max: 3839.6, Diff: 0.1]
   [Code Root Fixup: 0.0 ms]
   [Code Root Purge: 0.0 ms]
   [Clear CT: 0.3 ms]
   [Other: 1.0 ms]
      [Choose CSet: 0.0 ms]
      [Ref Proc: 0.2 ms]
      [Ref Enq: 0.0 ms]
      [Redirty Cards: 0.2 ms]
      [Humongous Register: 0.3 ms]
      [Humongous Reclaim: 0.1 ms]
      [Free CSet: 0.1 ms]
   [Eden: 251.0M(251.0M)->0.0B(18.0M) Survivors: 9216.0K->33.0M Heap: 831.7M(1024.0M)->579.0M(1024.0M)]
 [Times: user=0.11 sys=0.00, real=0.01 secs] 
2021-08-14T11:06:13.653-0800: 3.846: [GC pause (G1 Evacuation Pause) (mixed), 0.0070427 secs]
   [Parallel Time: 5.6 ms, GC Workers: 10]
      [GC Worker Start (ms): Min: 3846.6, Avg: 3846.7, Max: 3846.8, Diff: 0.2]
      [Ext Root Scanning (ms): Min: 0.1, Avg: 0.2, Max: 0.3, Diff: 0.2, Sum: 1.7]
      [Update RS (ms): Min: 0.5, Avg: 0.5, Max: 0.5, Diff: 0.0, Sum: 5.0]
         [Processed Buffers: Min: 4, Avg: 4.2, Max: 5, Diff: 1, Sum: 42]
      [Scan RS (ms): Min: 0.0, Avg: 0.0, Max: 0.1, Diff: 0.0, Sum: 0.5]
      [Code Root Scanning (ms): Min: 0.0, Avg: 0.0, Max: 0.0, Diff: 0.0, Sum: 0.0]
      [Object Copy (ms): Min: 4.6, Avg: 4.6, Max: 4.7, Diff: 0.1, Sum: 46.5]
      [Termination (ms): Min: 0.0, Avg: 0.0, Max: 0.1, Diff: 0.1, Sum: 0.4]
         [Termination Attempts: Min: 1, Avg: 1.1, Max: 2, Diff: 1, Sum: 11]
      [GC Worker Other (ms): Min: 0.0, Avg: 0.0, Max: 0.1, Diff: 0.0, Sum: 0.2]
      [GC Worker Total (ms): Min: 5.3, Avg: 5.4, Max: 5.5, Diff: 0.2, Sum: 54.4]
      [GC Worker End (ms): Min: 3852.1, Avg: 3852.1, Max: 3852.1, Diff: 0.0]
   [Code Root Fixup: 0.0 ms]
   [Code Root Purge: 0.0 ms]
   [Clear CT: 0.2 ms]
   [Other: 1.2 ms]
      [Choose CSet: 0.1 ms]
      [Ref Proc: 0.4 ms]
      [Ref Enq: 0.0 ms]
      [Redirty Cards: 0.2 ms]
      [Humongous Register: 0.3 ms]
      [Humongous Reclaim: 0.0 ms]
      [Free CSet: 0.1 ms]
   [Eden: 18.0M(18.0M)->0.0B(46.0M) Survivors: 33.0M->5120.0K Heap: 600.8M(1024.0M)->509.0M(1024.0M)]
 [Times: user=0.06 sys=0.00, real=0.01 secs] 
2021-08-14T11:06:13.675-0800: 3.868: [GC pause (G1 Evacuation Pause) (mixed), 0.0053136 secs]
   [Parallel Time: 4.4 ms, GC Workers: 10]
      [GC Worker Start (ms): Min: 3868.1, Avg: 3868.2, Max: 3868.3, Diff: 0.2]
      [Ext Root Scanning (ms): Min: 0.0, Avg: 0.1, Max: 0.2, Diff: 0.2, Sum: 1.0]
      [Update RS (ms): Min: 1.6, Avg: 1.6, Max: 1.7, Diff: 0.1, Sum: 16.4]
         [Processed Buffers: Min: 14, Avg: 14.8, Max: 19, Diff: 5, Sum: 148]
      [Scan RS (ms): Min: 0.0, Avg: 0.1, Max: 0.3, Diff: 0.3, Sum: 0.7]
      [Code Root Scanning (ms): Min: 0.0, Avg: 0.0, Max: 0.0, Diff: 0.0, Sum: 0.0]
      [Object Copy (ms): Min: 2.1, Avg: 2.3, Max: 2.4, Diff: 0.3, Sum: 23.0]
      [Termination (ms): Min: 0.0, Avg: 0.1, Max: 0.2, Diff: 0.2, Sum: 0.9]
         [Termination Attempts: Min: 1, Avg: 1.2, Max: 2, Diff: 1, Sum: 12]
      [GC Worker Other (ms): Min: 0.0, Avg: 0.0, Max: 0.0, Diff: 0.0, Sum: 0.1]
      [GC Worker Total (ms): Min: 4.1, Avg: 4.2, Max: 4.4, Diff: 0.2, Sum: 42.1]
      [GC Worker End (ms): Min: 3872.4, Avg: 3872.5, Max: 3872.5, Diff: 0.1]
   [Code Root Fixup: 0.0 ms]
   [Code Root Purge: 0.0 ms]
   [Clear CT: 0.2 ms]
   [Other: 0.7 ms]
      [Choose CSet: 0.0 ms]
      [Ref Proc: 0.2 ms]
      [Ref Enq: 0.0 ms]
      [Redirty Cards: 0.2 ms]
      [Humongous Register: 0.1 ms]
      [Humongous Reclaim: 0.0 ms]
      [Free CSet: 0.1 ms]
   [Eden: 46.0M(46.0M)->0.0B(261.0M) Survivors: 5120.0K->7168.0K Heap: 572.1M(1024.0M)->509.9M(1024.0M)]
 [Times: user=0.04 sys=0.00, real=0.01 secs] 
2021-08-14T11:06:13.682-0800: 3.875: [GC pause (G1 Humongous Allocation) (young) (initial-mark), 0.0047533 secs]
   [Parallel Time: 2.7 ms, GC Workers: 10]
      [GC Worker Start (ms): Min: 3875.5, Avg: 3875.6, Max: 3875.8, Diff: 0.3]
      [Ext Root Scanning (ms): Min: 0.0, Avg: 0.4, Max: 1.2, Diff: 1.2, Sum: 3.7]
      [Update RS (ms): Min: 0.0, Avg: 0.3, Max: 0.8, Diff: 0.8, Sum: 2.7]
         [Processed Buffers: Min: 0, Avg: 1.1, Max: 2, Diff: 2, Sum: 11]
      [Scan RS (ms): Min: 0.0, Avg: 0.0, Max: 0.0, Diff: 0.0, Sum: 0.0]
      [Code Root Scanning (ms): Min: 0.0, Avg: 0.0, Max: 0.0, Diff: 0.0, Sum: 0.0]
      [Object Copy (ms): Min: 0.8, Avg: 1.4, Max: 1.7, Diff: 0.9, Sum: 14.5]
      [Termination (ms): Min: 0.0, Avg: 0.3, Max: 0.6, Diff: 0.6, Sum: 2.7]
         [Termination Attempts: Min: 1, Avg: 1.1, Max: 2, Diff: 1, Sum: 11]
      [GC Worker Other (ms): Min: 0.0, Avg: 0.0, Max: 0.0, Diff: 0.0, Sum: 0.2]
      [GC Worker Total (ms): Min: 2.1, Avg: 2.4, Max: 2.6, Diff: 0.5, Sum: 23.8]
      [GC Worker End (ms): Min: 3877.9, Avg: 3878.0, Max: 3878.2, Diff: 0.2]
   [Code Root Fixup: 0.0 ms]
   [Code Root Purge: 0.0 ms]
   [Clear CT: 0.3 ms]
   [Other: 1.8 ms]
      [Choose CSet: 0.0 ms]
      [Ref Proc: 1.1 ms]
      [Ref Enq: 0.0 ms]
      [Redirty Cards: 0.2 ms]
      [Humongous Register: 0.2 ms]
      [Humongous Reclaim: 0.0 ms]
      [Free CSet: 0.0 ms]
   [Eden: 6144.0K(261.0M)->0.0B(244.0M) Survivors: 7168.0K->10.0M Heap: 515.7M(1024.0M)->511.7M(1024.0M)]
 [Times: user=0.02 sys=0.00, real=0.00 secs] 
2021-08-14T11:06:13.687-0800: 3.880: [GC concurrent-root-region-scan-start]
2021-08-14T11:06:13.687-0800: 3.880: [GC concurrent-root-region-scan-end, 0.0001027 secs]
2021-08-14T11:06:13.687-0800: 3.880: [GC concurrent-mark-start]
2021-08-14T11:06:13.688-0800: 3.882: [GC concurrent-mark-end, 0.0014304 secs]
2021-08-14T11:06:13.689-0800: 3.882: [GC remark 2021-08-14T11:06:13.689-0800: 3.882: [Finalize Marking, 0.0002193 secs] 2021-08-14T11:06:13.689-0800: 3.882: [GC ref-proc, 0.0000656 secs] 2021-08-14T11:06:13.689-0800: 3.882: [Unloading, 0.0004931 secs], 0.0017107 secs]
 [Times: user=0.01 sys=0.00, real=0.01 secs] 
2021-08-14T11:06:13.690-0800: 3.884: [GC cleanup 521M->516M(1024M), 0.0009253 secs]
 [Times: user=0.00 sys=0.00, real=0.00 secs] 
2021-08-14T11:06:13.691-0800: 3.885: [GC concurrent-cleanup-start]
2021-08-14T11:06:13.691-0800: 3.885: [GC concurrent-cleanup-end, 0.0000114 secs]
2021-08-14T11:06:13.735-0800: 3.928: [GC pause (G1 Evacuation Pause) (young), 0.0120247 secs]
   [Parallel Time: 10.9 ms, GC Workers: 10]
      [GC Worker Start (ms): Min: 3928.1, Avg: 3928.1, Max: 3928.2, Diff: 0.1]
      [Ext Root Scanning (ms): Min: 0.1, Avg: 0.1, Max: 0.2, Diff: 0.1, Sum: 1.1]
      [Update RS (ms): Min: 4.6, Avg: 4.6, Max: 4.7, Diff: 0.1, Sum: 46.4]
         [Processed Buffers: Min: 47, Avg: 48.4, Max: 50, Diff: 3, Sum: 484]
      [Scan RS (ms): Min: 0.0, Avg: 0.0, Max: 0.0, Diff: 0.0, Sum: 0.2]
      [Code Root Scanning (ms): Min: 0.0, Avg: 0.0, Max: 0.0, Diff: 0.0, Sum: 0.0]
      [Object Copy (ms): Min: 5.8, Avg: 5.9, Max: 5.9, Diff: 0.1, Sum: 58.9]
      [Termination (ms): Min: 0.0, Avg: 0.1, Max: 0.1, Diff: 0.1, Sum: 0.7]
         [Termination Attempts: Min: 1, Avg: 1.0, Max: 1, Diff: 0, Sum: 10]
      [GC Worker Other (ms): Min: 0.0, Avg: 0.0, Max: 0.0, Diff: 0.0, Sum: 0.1]
      [GC Worker Total (ms): Min: 10.7, Avg: 10.7, Max: 10.8, Diff: 0.2, Sum: 107.5]
      [GC Worker End (ms): Min: 3938.9, Avg: 3938.9, Max: 3938.9, Diff: 0.0]
   [Code Root Fixup: 0.0 ms]
   [Code Root Purge: 0.0 ms]
   [Clear CT: 0.2 ms]
   [Other: 0.9 ms]
      [Choose CSet: 0.0 ms]
      [Ref Proc: 0.2 ms]
      [Ref Enq: 0.0 ms]
      [Redirty Cards: 0.2 ms]
      [Humongous Register: 0.1 ms]
      [Humongous Reclaim: 0.1 ms]
      [Free CSet: 0.1 ms]
   [Eden: 244.0M(244.0M)->0.0B(19.0M) Survivors: 10.0M->32.0M Heap: 809.9M(1024.0M)->565.2M(1024.0M)]
 [Times: user=0.10 sys=0.00, real=0.01 secs] 
2021-08-14T11:06:13.750-0800: 3.943: [GC pause (G1 Evacuation Pause) (mixed), 0.0065788 secs]
   [Parallel Time: 5.6 ms, GC Workers: 10]
      [GC Worker Start (ms): Min: 3943.7, Avg: 3943.8, Max: 3943.8, Diff: 0.1]
      [Ext Root Scanning (ms): Min: 0.1, Avg: 0.1, Max: 0.2, Diff: 0.1, Sum: 1.2]
      [Update RS (ms): Min: 0.5, Avg: 0.5, Max: 0.5, Diff: 0.0, Sum: 5.1]
         [Processed Buffers: Min: 2, Avg: 5.0, Max: 7, Diff: 5, Sum: 50]
      [Scan RS (ms): Min: 0.0, Avg: 0.1, Max: 0.1, Diff: 0.1, Sum: 0.7]
      [Code Root Scanning (ms): Min: 0.0, Avg: 0.0, Max: 0.0, Diff: 0.0, Sum: 0.0]
      [Object Copy (ms): Min: 4.6, Avg: 4.7, Max: 4.7, Diff: 0.1, Sum: 46.6]
      [Termination (ms): Min: 0.0, Avg: 0.1, Max: 0.2, Diff: 0.2, Sum: 0.7]
         [Termination Attempts: Min: 1, Avg: 1.0, Max: 1, Diff: 0, Sum: 10]
      [GC Worker Other (ms): Min: 0.0, Avg: 0.0, Max: 0.0, Diff: 0.0, Sum: 0.1]
      [GC Worker Total (ms): Min: 5.4, Avg: 5.4, Max: 5.5, Diff: 0.1, Sum: 54.4]
      [GC Worker End (ms): Min: 3949.2, Avg: 3949.2, Max: 3949.2, Diff: 0.1]
   [Code Root Fixup: 0.0 ms]
   [Code Root Purge: 0.0 ms]
   [Clear CT: 0.2 ms]
   [Other: 0.8 ms]
      [Choose CSet: 0.1 ms]
      [Ref Proc: 0.2 ms]
      [Ref Enq: 0.0 ms]
      [Redirty Cards: 0.2 ms]
      [Humongous Register: 0.1 ms]
      [Humongous Reclaim: 0.0 ms]
      [Free CSet: 0.1 ms]
   [Eden: 19.0M(19.0M)->0.0B(44.0M) Survivors: 32.0M->7168.0K Heap: 589.0M(1024.0M)->496.2M(1024.0M)]
 [Times: user=0.05 sys=0.01, real=0.00 secs] 
2021-08-14T11:06:13.767-0800: 3.960: [GC pause (G1 Evacuation Pause) (mixed), 0.0043326 secs]
   [Parallel Time: 3.5 ms, GC Workers: 10]
      [GC Worker Start (ms): Min: 3960.3, Avg: 3960.4, Max: 3960.4, Diff: 0.1]
      [Ext Root Scanning (ms): Min: 0.1, Avg: 0.1, Max: 0.2, Diff: 0.1, Sum: 1.5]
      [Update RS (ms): Min: 1.3, Avg: 1.3, Max: 1.4, Diff: 0.1, Sum: 13.3]
         [Processed Buffers: Min: 11, Avg: 12.1, Max: 13, Diff: 2, Sum: 121]
      [Scan RS (ms): Min: 0.0, Avg: 0.0, Max: 0.1, Diff: 0.1, Sum: 0.3]
      [Code Root Scanning (ms): Min: 0.0, Avg: 0.0, Max: 0.0, Diff: 0.0, Sum: 0.0]
      [Object Copy (ms): Min: 1.7, Avg: 1.8, Max: 1.8, Diff: 0.1, Sum: 17.6]
      [Termination (ms): Min: 0.0, Avg: 0.0, Max: 0.0, Diff: 0.0, Sum: 0.2]
         [Termination Attempts: Min: 1, Avg: 1.2, Max: 2, Diff: 1, Sum: 12]
      [GC Worker Other (ms): Min: 0.0, Avg: 0.0, Max: 0.0, Diff: 0.0, Sum: 0.1]
      [GC Worker Total (ms): Min: 3.2, Avg: 3.3, Max: 3.4, Diff: 0.1, Sum: 33.0]
      [GC Worker End (ms): Min: 3963.7, Avg: 3963.7, Max: 3963.7, Diff: 0.0]
   [Code Root Fixup: 0.0 ms]
   [Code Root Purge: 0.0 ms]
   [Clear CT: 0.2 ms]
   [Other: 0.7 ms]
      [Choose CSet: 0.0 ms]
      [Ref Proc: 0.2 ms]
      [Ref Enq: 0.0 ms]
      [Redirty Cards: 0.2 ms]
      [Humongous Register: 0.1 ms]
      [Humongous Reclaim: 0.0 ms]
      [Free CSet: 0.1 ms]
   [Eden: 44.0M(44.0M)->0.0B(264.0M) Survivors: 7168.0K->7168.0K Heap: 553.8M(1024.0M)->496.5M(1024.0M)]
 [Times: user=0.03 sys=0.00, real=0.01 secs] 
2021-08-14T11:06:13.772-0800: 3.965: [GC pause (G1 Humongous Allocation) (young) (initial-mark), 0.0018733 secs]
   [Parallel Time: 0.9 ms, GC Workers: 10]
      [GC Worker Start (ms): Min: 3965.0, Avg: 3965.1, Max: 3965.2, Diff: 0.2]
      [Ext Root Scanning (ms): Min: 0.0, Avg: 0.1, Max: 0.2, Diff: 0.2, Sum: 1.1]
      [Update RS (ms): Min: 0.0, Avg: 0.1, Max: 0.3, Diff: 0.3, Sum: 1.0]
         [Processed Buffers: Min: 1, Avg: 1.1, Max: 2, Diff: 1, Sum: 11]
      [Scan RS (ms): Min: 0.0, Avg: 0.0, Max: 0.0, Diff: 0.0, Sum: 0.0]
      [Code Root Scanning (ms): Min: 0.0, Avg: 0.0, Max: 0.0, Diff: 0.0, Sum: 0.0]
      [Object Copy (ms): Min: 0.2, Avg: 0.4, Max: 0.5, Diff: 0.2, Sum: 3.9]
      [Termination (ms): Min: 0.0, Avg: 0.1, Max: 0.2, Diff: 0.2, Sum: 0.8]
         [Termination Attempts: Min: 1, Avg: 1.1, Max: 2, Diff: 1, Sum: 11]
      [GC Worker Other (ms): Min: 0.0, Avg: 0.0, Max: 0.0, Diff: 0.0, Sum: 0.1]
      [GC Worker Total (ms): Min: 0.6, Avg: 0.7, Max: 0.8, Diff: 0.2, Sum: 6.9]
      [GC Worker End (ms): Min: 3965.8, Avg: 3965.8, Max: 3965.9, Diff: 0.1]
   [Code Root Fixup: 0.0 ms]
   [Code Root Purge: 0.0 ms]
   [Clear CT: 0.1 ms]
   [Other: 0.8 ms]
      [Choose CSet: 0.0 ms]
      [Ref Proc: 0.4 ms]
      [Ref Enq: 0.0 ms]
      [Redirty Cards: 0.2 ms]
      [Humongous Register: 0.1 ms]
      [Humongous Reclaim: 0.0 ms]
      [Free CSet: 0.0 ms]
   [Eden: 2048.0K(264.0M)->0.0B(271.0M) Survivors: 7168.0K->8192.0K Heap: 498.4M(1024.0M)->497.3M(1024.0M)]
 [Times: user=0.01 sys=0.00, real=0.00 secs] 
2021-08-14T11:06:13.774-0800: 3.967: [GC concurrent-root-region-scan-start]
2021-08-14T11:06:13.774-0800: 3.967: [GC concurrent-root-region-scan-end, 0.0000930 secs]
2021-08-14T11:06:13.774-0800: 3.967: [GC concurrent-mark-start]
2021-08-14T11:06:13.775-0800: 3.968: [GC concurrent-mark-end, 0.0014980 secs]
2021-08-14T11:06:13.775-0800: 3.969: [GC remark 2021-08-14T11:06:13.775-0800: 3.969: [Finalize Marking, 0.0003216 secs] 2021-08-14T11:06:13.776-0800: 3.969: [GC ref-proc, 0.0000588 secs] 2021-08-14T11:06:13.776-0800: 3.969: [Unloading, 0.0005052 secs], 0.0016821 secs]
 [Times: user=0.01 sys=0.00, real=0.00 secs] 
2021-08-14T11:06:13.777-0800: 3.970: [GC cleanup 505M->501M(1024M), 0.0008983 secs]
 [Times: user=0.00 sys=0.00, real=0.00 secs] 
2021-08-14T11:06:13.778-0800: 3.971: [GC concurrent-cleanup-start]
2021-08-14T11:06:13.778-0800: 3.971: [GC concurrent-cleanup-end, 0.0000118 secs]
2021-08-14T11:06:13.826-0800: 4.020: [GC pause (G1 Evacuation Pause) (young), 0.0121118 secs]
   [Parallel Time: 11.0 ms, GC Workers: 10]
      [GC Worker Start (ms): Min: 4019.8, Avg: 4019.9, Max: 4019.9, Diff: 0.1]
      [Ext Root Scanning (ms): Min: 0.0, Avg: 0.1, Max: 0.2, Diff: 0.1, Sum: 1.0]
      [Update RS (ms): Min: 5.2, Avg: 5.2, Max: 5.2, Diff: 0.1, Sum: 52.1]
         [Processed Buffers: Min: 53, Avg: 54.9, Max: 61, Diff: 8, Sum: 549]
      [Scan RS (ms): Min: 0.0, Avg: 0.0, Max: 0.0, Diff: 0.0, Sum: 0.3]
      [Code Root Scanning (ms): Min: 0.0, Avg: 0.0, Max: 0.0, Diff: 0.0, Sum: 0.0]
      [Object Copy (ms): Min: 5.4, Avg: 5.5, Max: 5.5, Diff: 0.1, Sum: 54.6]
      [Termination (ms): Min: 0.0, Avg: 0.1, Max: 0.1, Diff: 0.1, Sum: 0.8]
         [Termination Attempts: Min: 1, Avg: 1.0, Max: 1, Diff: 0, Sum: 10]
      [GC Worker Other (ms): Min: 0.0, Avg: 0.0, Max: 0.0, Diff: 0.0, Sum: 0.1]
      [GC Worker Total (ms): Min: 10.8, Avg: 10.9, Max: 11.0, Diff: 0.1, Sum: 109.0]
      [GC Worker End (ms): Min: 4030.7, Avg: 4030.8, Max: 4030.8, Diff: 0.1]
   [Code Root Fixup: 0.0 ms]
   [Code Root Purge: 0.0 ms]
   [Clear CT: 0.2 ms]
   [Other: 0.9 ms]
      [Choose CSet: 0.0 ms]
      [Ref Proc: 0.3 ms]
      [Ref Enq: 0.0 ms]
      [Redirty Cards: 0.1 ms]
      [Humongous Register: 0.1 ms]
      [Humongous Reclaim: 0.1 ms]
      [Free CSet: 0.1 ms]
   [Eden: 271.0M(271.0M)->0.0B(16.0M) Survivors: 8192.0K->35.0M Heap: 831.6M(1024.0M)->567.0M(1024.0M)]
 [Times: user=0.11 sys=0.00, real=0.01 secs] 
2021-08-14T11:06:13.842-0800: 4.035: [GC pause (G1 Evacuation Pause) (mixed), 0.0068971 secs]
   [Parallel Time: 5.8 ms, GC Workers: 10]
      [GC Worker Start (ms): Min: 4035.0, Avg: 4035.1, Max: 4035.1, Diff: 0.1]
      [Ext Root Scanning (ms): Min: 0.1, Avg: 0.1, Max: 0.2, Diff: 0.1, Sum: 1.2]
      [Update RS (ms): Min: 0.4, Avg: 0.5, Max: 0.5, Diff: 0.1, Sum: 4.5]
         [Processed Buffers: Min: 4, Avg: 4.8, Max: 5, Diff: 1, Sum: 48]
      [Scan RS (ms): Min: 0.0, Avg: 0.1, Max: 0.1, Diff: 0.1, Sum: 0.5]
      [Code Root Scanning (ms): Min: 0.0, Avg: 0.0, Max: 0.0, Diff: 0.0, Sum: 0.0]
      [Object Copy (ms): Min: 4.8, Avg: 4.9, Max: 4.9, Diff: 0.1, Sum: 48.9]
      [Termination (ms): Min: 0.0, Avg: 0.1, Max: 0.2, Diff: 0.2, Sum: 0.7]
         [Termination Attempts: Min: 1, Avg: 1.0, Max: 1, Diff: 0, Sum: 10]
      [GC Worker Other (ms): Min: 0.0, Avg: 0.0, Max: 0.0, Diff: 0.0, Sum: 0.1]
      [GC Worker Total (ms): Min: 5.6, Avg: 5.6, Max: 5.7, Diff: 0.1, Sum: 56.0]
      [GC Worker End (ms): Min: 4040.6, Avg: 4040.7, Max: 4040.7, Diff: 0.1]
   [Code Root Fixup: 0.0 ms]
   [Code Root Purge: 0.0 ms]
   [Clear CT: 0.3 ms]
   [Other: 0.8 ms]
      [Choose CSet: 0.0 ms]
      [Ref Proc: 0.3 ms]
      [Ref Enq: 0.0 ms]
      [Redirty Cards: 0.2 ms]
      [Humongous Register: 0.1 ms]
      [Humongous Reclaim: 0.0 ms]
      [Free CSet: 0.1 ms]
   [Eden: 16.0M(16.0M)->0.0B(46.0M) Survivors: 35.0M->5120.0K Heap: 587.5M(1024.0M)->501.8M(1024.0M)]
 [Times: user=0.06 sys=0.00, real=0.00 secs] 
2021-08-14T11:06:13.860-0800: 4.053: [GC pause (G1 Evacuation Pause) (mixed), 0.0049071 secs]
   [Parallel Time: 4.0 ms, GC Workers: 10]
      [GC Worker Start (ms): Min: 4053.0, Avg: 4053.1, Max: 4053.2, Diff: 0.2]
      [Ext Root Scanning (ms): Min: 0.0, Avg: 0.1, Max: 0.2, Diff: 0.2, Sum: 1.1]
      [Update RS (ms): Min: 1.8, Avg: 1.8, Max: 1.9, Diff: 0.1, Sum: 18.2]
         [Processed Buffers: Min: 15, Avg: 16.2, Max: 17, Diff: 2, Sum: 162]
      [Scan RS (ms): Min: 0.0, Avg: 0.0, Max: 0.1, Diff: 0.1, Sum: 0.4]
      [Code Root Scanning (ms): Min: 0.0, Avg: 0.0, Max: 0.0, Diff: 0.0, Sum: 0.0]
      [Object Copy (ms): Min: 1.8, Avg: 1.8, Max: 1.8, Diff: 0.1, Sum: 17.9]
      [Termination (ms): Min: 0.0, Avg: 0.0, Max: 0.1, Diff: 0.1, Sum: 0.5]
         [Termination Attempts: Min: 1, Avg: 1.3, Max: 2, Diff: 1, Sum: 13]
      [GC Worker Other (ms): Min: 0.0, Avg: 0.0, Max: 0.0, Diff: 0.0, Sum: 0.1]
      [GC Worker Total (ms): Min: 3.7, Avg: 3.8, Max: 3.9, Diff: 0.2, Sum: 38.2]
      [GC Worker End (ms): Min: 4056.9, Avg: 4056.9, Max: 4056.9, Diff: 0.0]
   [Code Root Fixup: 0.0 ms]
   [Code Root Purge: 0.0 ms]
   [Clear CT: 0.2 ms]
   [Other: 0.8 ms]
      [Choose CSet: 0.0 ms]
      [Ref Proc: 0.2 ms]
      [Ref Enq: 0.0 ms]
      [Redirty Cards: 0.2 ms]
      [Humongous Register: 0.1 ms]
      [Humongous Reclaim: 0.0 ms]
      [Free CSet: 0.1 ms]
   [Eden: 46.0M(46.0M)->0.0B(264.0M) Survivors: 5120.0K->7168.0K Heap: 566.6M(1024.0M)->506.2M(1024.0M)]
 [Times: user=0.04 sys=0.00, real=0.00 secs] 
2021-08-14T11:06:13.865-0800: 4.058: [GC pause (G1 Humongous Allocation) (young) (initial-mark), 0.0019527 secs]
   [Parallel Time: 1.1 ms, GC Workers: 10]
      [GC Worker Start (ms): Min: 4058.4, Avg: 4058.5, Max: 4058.6, Diff: 0.2]
      [Ext Root Scanning (ms): Min: 0.1, Avg: 0.1, Max: 0.2, Diff: 0.2, Sum: 1.2]
      [Update RS (ms): Min: 0.0, Avg: 0.1, Max: 0.3, Diff: 0.3, Sum: 1.0]
         [Processed Buffers: Min: 1, Avg: 1.0, Max: 1, Diff: 0, Sum: 10]
      [Scan RS (ms): Min: 0.0, Avg: 0.0, Max: 0.0, Diff: 0.0, Sum: 0.0]
      [Code Root Scanning (ms): Min: 0.0, Avg: 0.0, Max: 0.0, Diff: 0.0, Sum: 0.0]
      [Object Copy (ms): Min: 0.2, Avg: 0.4, Max: 0.5, Diff: 0.4, Sum: 3.8]
      [Termination (ms): Min: 0.0, Avg: 0.2, Max: 0.3, Diff: 0.3, Sum: 2.2]
         [Termination Attempts: Min: 1, Avg: 1.2, Max: 2, Diff: 1, Sum: 12]
      [GC Worker Other (ms): Min: 0.0, Avg: 0.0, Max: 0.0, Diff: 0.0, Sum: 0.1]
      [GC Worker Total (ms): Min: 0.7, Avg: 0.8, Max: 0.9, Diff: 0.2, Sum: 8.3]
      [GC Worker End (ms): Min: 4059.3, Avg: 4059.3, Max: 4059.4, Diff: 0.1]
   [Code Root Fixup: 0.0 ms]
   [Code Root Purge: 0.0 ms]
   [Clear CT: 0.2 ms]
   [Other: 0.7 ms]
      [Choose CSet: 0.0 ms]
      [Ref Proc: 0.2 ms]
      [Ref Enq: 0.0 ms]
      [Redirty Cards: 0.2 ms]
      [Humongous Register: 0.1 ms]
      [Humongous Reclaim: 0.0 ms]
      [Free CSet: 0.0 ms]
   [Eden: 2048.0K(264.0M)->0.0B(274.0M) Survivors: 7168.0K->7168.0K Heap: 507.4M(1024.0M)->506.1M(1024.0M)]
 [Times: user=0.01 sys=0.00, real=0.00 secs] 
2021-08-14T11:06:13.867-0800: 4.060: [GC concurrent-root-region-scan-start]
2021-08-14T11:06:13.867-0800: 4.060: [GC concurrent-root-region-scan-end, 0.0001006 secs]
2021-08-14T11:06:13.867-0800: 4.060: [GC concurrent-mark-start]
2021-08-14T11:06:13.869-0800: 4.062: [GC concurrent-mark-end, 0.0014309 secs]
2021-08-14T11:06:13.869-0800: 4.062: [GC remark 2021-08-14T11:06:13.869-0800: 4.062: [Finalize Marking, 0.0002263 secs] 2021-08-14T11:06:13.869-0800: 4.062: [GC ref-proc, 0.0000595 secs] 2021-08-14T11:06:13.869-0800: 4.062: [Unloading, 0.0004808 secs], 0.0017301 secs]
 [Times: user=0.01 sys=0.01, real=0.01 secs] 
2021-08-14T11:06:13.871-0800: 4.064: [GC cleanup 515M->514M(1024M), 0.0010049 secs]
 [Times: user=0.00 sys=0.00, real=0.00 secs] 
2021-08-14T11:06:13.872-0800: 4.065: [GC concurrent-cleanup-start]
2021-08-14T11:06:13.872-0800: 4.065: [GC concurrent-cleanup-end, 0.0000098 secs]
2021-08-14T11:06:13.922-0800: 4.115: [GC pause (G1 Evacuation Pause) (young) (to-space exhausted), 0.0120871 secs]
   [Parallel Time: 10.9 ms, GC Workers: 10]
      [GC Worker Start (ms): Min: 4115.1, Avg: 4115.1, Max: 4115.2, Diff: 0.1]
      [Ext Root Scanning (ms): Min: 0.0, Avg: 0.1, Max: 0.2, Diff: 0.1, Sum: 1.0]
      [Update RS (ms): Min: 5.3, Avg: 5.3, Max: 5.3, Diff: 0.0, Sum: 52.8]
         [Processed Buffers: Min: 55, Avg: 55.6, Max: 57, Diff: 2, Sum: 556]
      [Scan RS (ms): Min: 0.0, Avg: 0.0, Max: 0.0, Diff: 0.0, Sum: 0.3]
      [Code Root Scanning (ms): Min: 0.0, Avg: 0.0, Max: 0.0, Diff: 0.0, Sum: 0.0]
      [Object Copy (ms): Min: 5.2, Avg: 5.2, Max: 5.3, Diff: 0.1, Sum: 52.4]
      [Termination (ms): Min: 0.0, Avg: 0.0, Max: 0.1, Diff: 0.1, Sum: 0.5]
         [Termination Attempts: Min: 1, Avg: 1.0, Max: 1, Diff: 0, Sum: 10]
      [GC Worker Other (ms): Min: 0.0, Avg: 0.0, Max: 0.0, Diff: 0.0, Sum: 0.2]
      [GC Worker Total (ms): Min: 10.6, Avg: 10.7, Max: 10.8, Diff: 0.1, Sum: 107.2]
      [GC Worker End (ms): Min: 4125.8, Avg: 4125.9, Max: 4125.9, Diff: 0.0]
   [Code Root Fixup: 0.0 ms]
   [Code Root Purge: 0.0 ms]
   [Clear CT: 0.2 ms]
   [Other: 1.0 ms]
      [Evacuation Failure: 0.2 ms]
      [Choose CSet: 0.0 ms]
      [Ref Proc: 0.2 ms]
      [Ref Enq: 0.0 ms]
      [Redirty Cards: 0.1 ms]
      [Humongous Register: 0.1 ms]
      [Humongous Reclaim: 0.1 ms]
      [Free CSet: 0.1 ms]
   [Eden: 274.0M(274.0M)->0.0B(15.0M) Survivors: 7168.0K->36.0M Heap: 847.5M(1024.0M)->584.4M(1024.0M)]
 [Times: user=0.11 sys=0.00, real=0.01 secs] 
2021-08-14T11:06:13.937-0800: 4.130: [GC pause (G1 Evacuation Pause) (mixed), 0.0068227 secs]
   [Parallel Time: 5.7 ms, GC Workers: 10]
      [GC Worker Start (ms): Min: 4130.0, Avg: 4130.2, Max: 4130.2, Diff: 0.2]
      [Ext Root Scanning (ms): Min: 0.0, Avg: 0.1, Max: 0.2, Diff: 0.2, Sum: 0.9]
      [Update RS (ms): Min: 0.2, Avg: 0.2, Max: 0.3, Diff: 0.1, Sum: 2.2]
         [Processed Buffers: Min: 2, Avg: 3.5, Max: 7, Diff: 5, Sum: 35]
      [Scan RS (ms): Min: 0.0, Avg: 0.1, Max: 0.1, Diff: 0.1, Sum: 0.5]
      [Code Root Scanning (ms): Min: 0.0, Avg: 0.0, Max: 0.0, Diff: 0.0, Sum: 0.0]
      [Object Copy (ms): Min: 5.0, Avg: 5.0, Max: 5.0, Diff: 0.0, Sum: 49.8]
      [Termination (ms): Min: 0.0, Avg: 0.0, Max: 0.0, Diff: 0.0, Sum: 0.3]
         [Termination Attempts: Min: 1, Avg: 1.6, Max: 3, Diff: 2, Sum: 16]
      [GC Worker Other (ms): Min: 0.0, Avg: 0.0, Max: 0.0, Diff: 0.0, Sum: 0.1]
      [GC Worker Total (ms): Min: 5.3, Avg: 5.4, Max: 5.5, Diff: 0.2, Sum: 53.8]
      [GC Worker End (ms): Min: 4135.5, Avg: 4135.6, Max: 4135.6, Diff: 0.0]
   [Code Root Fixup: 0.0 ms]
   [Code Root Purge: 0.0 ms]
   [Clear CT: 0.2 ms]
   [Other: 0.9 ms]
      [Choose CSet: 0.0 ms]
      [Ref Proc: 0.4 ms]
      [Ref Enq: 0.0 ms]
      [Redirty Cards: 0.2 ms]
      [Humongous Register: 0.1 ms]
      [Humongous Reclaim: 0.0 ms]
      [Free CSet: 0.1 ms]
   [Eden: 15.0M(15.0M)->0.0B(47.0M) Survivors: 36.0M->4096.0K Heap: 601.3M(1024.0M)->517.1M(1024.0M)]
 [Times: user=0.05 sys=0.00, real=0.01 secs] 
2021-08-14T11:06:13.953-0800: 4.146: [GC pause (G1 Evacuation Pause) (mixed), 0.0045274 secs]
   [Parallel Time: 3.5 ms, GC Workers: 10]
      [GC Worker Start (ms): Min: 4146.5, Avg: 4146.6, Max: 4146.6, Diff: 0.1]
      [Ext Root Scanning (ms): Min: 0.1, Avg: 0.1, Max: 0.2, Diff: 0.1, Sum: 1.3]
      [Update RS (ms): Min: 1.0, Avg: 1.1, Max: 1.1, Diff: 0.1, Sum: 10.9]
         [Processed Buffers: Min: 10, Avg: 10.2, Max: 11, Diff: 1, Sum: 102]
      [Scan RS (ms): Min: 0.0, Avg: 0.0, Max: 0.2, Diff: 0.1, Sum: 0.4]
      [Code Root Scanning (ms): Min: 0.0, Avg: 0.0, Max: 0.0, Diff: 0.0, Sum: 0.0]
      [Object Copy (ms): Min: 1.9, Avg: 2.0, Max: 2.0, Diff: 0.1, Sum: 19.7]
      [Termination (ms): Min: 0.0, Avg: 0.0, Max: 0.0, Diff: 0.0, Sum: 0.1]
         [Termination Attempts: Min: 1, Avg: 1.7, Max: 3, Diff: 2, Sum: 17]
      [GC Worker Other (ms): Min: 0.0, Avg: 0.0, Max: 0.0, Diff: 0.0, Sum: 0.2]
      [GC Worker Total (ms): Min: 3.2, Avg: 3.3, Max: 3.3, Diff: 0.1, Sum: 32.5]
      [GC Worker End (ms): Min: 4149.8, Avg: 4149.8, Max: 4149.8, Diff: 0.0]
   [Code Root Fixup: 0.0 ms]
   [Code Root Purge: 0.0 ms]
   [Clear CT: 0.2 ms]
   [Other: 0.8 ms]
      [Choose CSet: 0.0 ms]
      [Ref Proc: 0.3 ms]
      [Ref Enq: 0.0 ms]
      [Redirty Cards: 0.2 ms]
      [Humongous Register: 0.1 ms]
      [Humongous Reclaim: 0.0 ms]
      [Free CSet: 0.1 ms]
   [Eden: 47.0M(47.0M)->0.0B(268.0M) Survivors: 4096.0K->7168.0K Heap: 575.4M(1024.0M)->516.1M(1024.0M)]
 [Times: user=0.04 sys=0.00, real=0.00 secs] 
2021-08-14T11:06:13.958-0800: 4.152: [GC pause (G1 Humongous Allocation) (young) (initial-mark), 0.0017362 secs]
   [Parallel Time: 0.9 ms, GC Workers: 10]
      [GC Worker Start (ms): Min: 4151.6, Avg: 4151.7, Max: 4151.8, Diff: 0.2]
      [Ext Root Scanning (ms): Min: 0.1, Avg: 0.1, Max: 0.2, Diff: 0.2, Sum: 1.4]
      [Update RS (ms): Min: 0.1, Avg: 0.1, Max: 0.3, Diff: 0.2, Sum: 1.0]
         [Processed Buffers: Min: 1, Avg: 1.1, Max: 2, Diff: 1, Sum: 11]
      [Scan RS (ms): Min: 0.0, Avg: 0.0, Max: 0.0, Diff: 0.0, Sum: 0.0]
      [Code Root Scanning (ms): Min: 0.0, Avg: 0.0, Max: 0.0, Diff: 0.0, Sum: 0.0]
      [Object Copy (ms): Min: 0.2, Avg: 0.4, Max: 0.5, Diff: 0.3, Sum: 4.3]
      [Termination (ms): Min: 0.0, Avg: 0.1, Max: 0.1, Diff: 0.1, Sum: 0.9]
         [Termination Attempts: Min: 1, Avg: 1.0, Max: 1, Diff: 0, Sum: 10]
      [GC Worker Other (ms): Min: 0.0, Avg: 0.0, Max: 0.0, Diff: 0.0, Sum: 0.1]
      [GC Worker Total (ms): Min: 0.7, Avg: 0.8, Max: 0.9, Diff: 0.2, Sum: 7.8]
      [GC Worker End (ms): Min: 4152.5, Avg: 4152.5, Max: 4152.5, Diff: 0.1]
   [Code Root Fixup: 0.0 ms]
   [Code Root Purge: 0.0 ms]
   [Clear CT: 0.2 ms]
   [Other: 0.6 ms]
      [Choose CSet: 0.0 ms]
      [Ref Proc: 0.2 ms]
      [Ref Enq: 0.0 ms]
      [Redirty Cards: 0.1 ms]
      [Humongous Register: 0.1 ms]
      [Humongous Reclaim: 0.0 ms]
      [Free CSet: 0.0 ms]
   [Eden: 2048.0K(268.0M)->0.0B(271.0M) Survivors: 7168.0K->9216.0K Heap: 517.8M(1024.0M)->517.9M(1024.0M)]
 [Times: user=0.01 sys=0.00, real=0.01 secs] 
2021-08-14T11:06:13.960-0800: 4.153: [GC concurrent-root-region-scan-start]
2021-08-14T11:06:13.960-0800: 4.153: [GC concurrent-root-region-scan-end, 0.0000921 secs]
2021-08-14T11:06:13.960-0800: 4.153: [GC concurrent-mark-start]
2021-08-14T11:06:13.962-0800: 4.155: [GC concurrent-mark-end, 0.0014021 secs]
2021-08-14T11:06:13.962-0800: 4.155: [GC remark 2021-08-14T11:06:13.962-0800: 4.155: [Finalize Marking, 0.0003472 secs] 2021-08-14T11:06:13.962-0800: 4.155: [GC ref-proc, 0.0000598 secs] 2021-08-14T11:06:13.962-0800: 4.155: [Unloading, 0.0004475 secs], 0.0017513 secs]
 [Times: user=0.01 sys=0.00, real=0.00 secs] 
2021-08-14T11:06:13.964-0800: 4.157: [GC cleanup 530M->529M(1024M), 0.0009787 secs]
 [Times: user=0.01 sys=0.00, real=0.00 secs] 
2021-08-14T11:06:13.965-0800: 4.158: [GC concurrent-cleanup-start]
2021-08-14T11:06:13.965-0800: 4.158: [GC concurrent-cleanup-end, 0.0000110 secs]
2021-08-14T11:06:14.012-0800: 4.206: [GC pause (G1 Evacuation Pause) (young) (to-space exhausted), 0.0112940 secs]
   [Parallel Time: 10.0 ms, GC Workers: 10]
      [GC Worker Start (ms): Min: 4205.8, Avg: 4205.9, Max: 4206.0, Diff: 0.2]
      [Ext Root Scanning (ms): Min: 0.0, Avg: 0.1, Max: 0.2, Diff: 0.2, Sum: 0.8]
      [Update RS (ms): Min: 6.3, Avg: 6.3, Max: 6.4, Diff: 0.1, Sum: 63.4]
         [Processed Buffers: Min: 66, Avg: 66.8, Max: 69, Diff: 3, Sum: 668]
      [Scan RS (ms): Min: 0.0, Avg: 0.0, Max: 0.0, Diff: 0.0, Sum: 0.2]
      [Code Root Scanning (ms): Min: 0.0, Avg: 0.0, Max: 0.0, Diff: 0.0, Sum: 0.0]
      [Object Copy (ms): Min: 3.3, Avg: 3.3, Max: 3.4, Diff: 0.1, Sum: 33.4]
      [Termination (ms): Min: 0.0, Avg: 0.0, Max: 0.1, Diff: 0.1, Sum: 0.4]
         [Termination Attempts: Min: 1, Avg: 1.0, Max: 1, Diff: 0, Sum: 10]
      [GC Worker Other (ms): Min: 0.0, Avg: 0.0, Max: 0.0, Diff: 0.0, Sum: 0.2]
      [GC Worker Total (ms): Min: 9.8, Avg: 9.8, Max: 10.0, Diff: 0.2, Sum: 98.5]
      [GC Worker End (ms): Min: 4215.8, Avg: 4215.8, Max: 4215.8, Diff: 0.0]
   [Code Root Fixup: 0.0 ms]
   [Code Root Purge: 0.0 ms]
   [Clear CT: 0.2 ms]
   [Other: 1.1 ms]
      [Evacuation Failure: 0.3 ms]
      [Choose CSet: 0.0 ms]
      [Ref Proc: 0.3 ms]
      [Ref Enq: 0.0 ms]
      [Redirty Cards: 0.1 ms]
      [Humongous Register: 0.1 ms]
      [Humongous Reclaim: 0.1 ms]
      [Free CSet: 0.1 ms]
   [Eden: 271.0M(271.0M)->0.0B(16.0M) Survivors: 9216.0K->35.0M Heap: 870.1M(1024.0M)->682.7M(1024.0M)]
 [Times: user=0.10 sys=0.01, real=0.01 secs] 
2021-08-14T11:06:14.027-0800: 4.220: [GC pause (G1 Evacuation Pause) (mixed), 0.0067324 secs]
   [Parallel Time: 5.7 ms, GC Workers: 10]
      [GC Worker Start (ms): Min: 4220.5, Avg: 4220.6, Max: 4220.6, Diff: 0.2]
      [Ext Root Scanning (ms): Min: 0.0, Avg: 0.1, Max: 0.2, Diff: 0.2, Sum: 1.0]
      [Update RS (ms): Min: 0.6, Avg: 0.7, Max: 0.7, Diff: 0.1, Sum: 6.7]
         [Processed Buffers: Min: 7, Avg: 8.5, Max: 10, Diff: 3, Sum: 85]
      [Scan RS (ms): Min: 0.0, Avg: 0.0, Max: 0.1, Diff: 0.1, Sum: 0.4]
      [Code Root Scanning (ms): Min: 0.0, Avg: 0.0, Max: 0.0, Diff: 0.0, Sum: 0.0]
      [Object Copy (ms): Min: 4.7, Avg: 4.7, Max: 4.8, Diff: 0.1, Sum: 47.2]
      [Termination (ms): Min: 0.0, Avg: 0.0, Max: 0.1, Diff: 0.1, Sum: 0.5]
         [Termination Attempts: Min: 1, Avg: 1.1, Max: 2, Diff: 1, Sum: 11]
      [GC Worker Other (ms): Min: 0.0, Avg: 0.0, Max: 0.0, Diff: 0.0, Sum: 0.1]
      [GC Worker Total (ms): Min: 5.5, Avg: 5.6, Max: 5.7, Diff: 0.2, Sum: 55.9]
      [GC Worker End (ms): Min: 4226.2, Avg: 4226.2, Max: 4226.2, Diff: 0.0]
   [Code Root Fixup: 0.0 ms]
   [Code Root Purge: 0.0 ms]
   [Clear CT: 0.2 ms]
   [Other: 0.8 ms]
      [Choose CSet: 0.0 ms]
      [Ref Proc: 0.3 ms]
      [Ref Enq: 0.0 ms]
      [Redirty Cards: 0.2 ms]
      [Humongous Register: 0.1 ms]
      [Humongous Reclaim: 0.0 ms]
      [Free CSet: 0.1 ms]
   [Eden: 16.0M(16.0M)->0.0B(46.0M) Survivors: 35.0M->5120.0K Heap: 706.6M(1024.0M)->617.7M(1024.0M)]
 [Times: user=0.05 sys=0.00, real=0.01 secs] 
2021-08-14T11:06:14.043-0800: 4.236: [GC pause (G1 Evacuation Pause) (mixed), 0.0052785 secs]
   [Parallel Time: 4.3 ms, GC Workers: 10]
      [GC Worker Start (ms): Min: 4236.0, Avg: 4236.1, Max: 4236.2, Diff: 0.2]
      [Ext Root Scanning (ms): Min: 0.0, Avg: 0.1, Max: 0.2, Diff: 0.2, Sum: 1.1]
      [Update RS (ms): Min: 0.9, Avg: 0.9, Max: 1.0, Diff: 0.1, Sum: 9.4]
         [Processed Buffers: Min: 8, Avg: 9.1, Max: 11, Diff: 3, Sum: 91]
      [Scan RS (ms): Min: 0.0, Avg: 0.0, Max: 0.1, Diff: 0.1, Sum: 0.4]
      [Code Root Scanning (ms): Min: 0.0, Avg: 0.0, Max: 0.0, Diff: 0.0, Sum: 0.0]
      [Object Copy (ms): Min: 3.0, Avg: 3.0, Max: 3.0, Diff: 0.1, Sum: 29.8]
      [Termination (ms): Min: 0.0, Avg: 0.0, Max: 0.1, Diff: 0.1, Sum: 0.4]
         [Termination Attempts: Min: 1, Avg: 1.0, Max: 1, Diff: 0, Sum: 10]
      [GC Worker Other (ms): Min: 0.0, Avg: 0.0, Max: 0.0, Diff: 0.0, Sum: 0.1]
      [GC Worker Total (ms): Min: 4.1, Avg: 4.1, Max: 4.2, Diff: 0.1, Sum: 41.2]
      [GC Worker End (ms): Min: 4240.2, Avg: 4240.2, Max: 4240.2, Diff: 0.0]
   [Code Root Fixup: 0.0 ms]
   [Code Root Purge: 0.0 ms]
   [Clear CT: 0.2 ms]
   [Other: 0.7 ms]
      [Choose CSet: 0.0 ms]
      [Ref Proc: 0.2 ms]
      [Ref Enq: 0.0 ms]
      [Redirty Cards: 0.2 ms]
      [Humongous Register: 0.1 ms]
      [Humongous Reclaim: 0.0 ms]
      [Free CSet: 0.1 ms]
   [Eden: 46.0M(46.0M)->0.0B(205.0M) Survivors: 5120.0K->7168.0K Heap: 673.7M(1024.0M)->602.0M(1024.0M)]
 [Times: user=0.04 sys=0.00, real=0.00 secs] 
2021-08-14T11:06:14.050-0800: 4.243: [GC pause (G1 Humongous Allocation) (young) (initial-mark), 0.0020656 secs]
   [Parallel Time: 1.0 ms, GC Workers: 10]
      [GC Worker Start (ms): Min: 4243.3, Avg: 4243.4, Max: 4243.4, Diff: 0.2]
      [Ext Root Scanning (ms): Min: 0.1, Avg: 0.1, Max: 0.2, Diff: 0.2, Sum: 1.4]
      [Update RS (ms): Min: 0.0, Avg: 0.1, Max: 0.2, Diff: 0.2, Sum: 1.1]
         [Processed Buffers: Min: 1, Avg: 1.1, Max: 2, Diff: 1, Sum: 11]
      [Scan RS (ms): Min: 0.0, Avg: 0.0, Max: 0.0, Diff: 0.0, Sum: 0.0]
      [Code Root Scanning (ms): Min: 0.0, Avg: 0.0, Max: 0.0, Diff: 0.0, Sum: 0.0]
      [Object Copy (ms): Min: 0.4, Avg: 0.5, Max: 0.6, Diff: 0.2, Sum: 5.2]
      [Termination (ms): Min: 0.0, Avg: 0.0, Max: 0.1, Diff: 0.1, Sum: 0.4]
         [Termination Attempts: Min: 1, Avg: 1.2, Max: 2, Diff: 1, Sum: 12]
      [GC Worker Other (ms): Min: 0.0, Avg: 0.0, Max: 0.0, Diff: 0.0, Sum: 0.1]
      [GC Worker Total (ms): Min: 0.7, Avg: 0.8, Max: 0.9, Diff: 0.2, Sum: 8.3]
      [GC Worker End (ms): Min: 4244.2, Avg: 4244.2, Max: 4244.2, Diff: 0.0]
   [Code Root Fixup: 0.0 ms]
   [Code Root Purge: 0.0 ms]
   [Clear CT: 0.3 ms]
   [Other: 0.8 ms]
      [Choose CSet: 0.0 ms]
      [Ref Proc: 0.3 ms]
      [Ref Enq: 0.0 ms]
      [Redirty Cards: 0.2 ms]
      [Humongous Register: 0.1 ms]
      [Humongous Reclaim: 0.0 ms]
      [Free CSet: 0.0 ms]
   [Eden: 9216.0K(205.0M)->0.0B(206.0M) Survivors: 7168.0K->10.0M Heap: 610.6M(1024.0M)->602.7M(1024.0M)]
 [Times: user=0.01 sys=0.00, real=0.00 secs] 
2021-08-14T11:06:14.052-0800: 4.245: [GC concurrent-root-region-scan-start]
2021-08-14T11:06:14.052-0800: 4.245: [GC concurrent-root-region-scan-end, 0.0000977 secs]
2021-08-14T11:06:14.052-0800: 4.245: [GC concurrent-mark-start]
2021-08-14T11:06:14.054-0800: 4.247: [GC concurrent-mark-end, 0.0014073 secs]
2021-08-14T11:06:14.054-0800: 4.247: [GC remark 2021-08-14T11:06:14.054-0800: 4.247: [Finalize Marking, 0.0003767 secs] 2021-08-14T11:06:14.054-0800: 4.247: [GC ref-proc, 0.0000679 secs] 2021-08-14T11:06:14.054-0800: 4.247: [Unloading, 0.0005285 secs], 0.0018642 secs]
 [Times: user=0.01 sys=0.00, real=0.00 secs] 
2021-08-14T11:06:14.056-0800: 4.249: [GC cleanup 614M->604M(1024M), 0.0009344 secs]
 [Times: user=0.01 sys=0.00, real=0.00 secs] 
2021-08-14T11:06:14.057-0800: 4.250: [GC concurrent-cleanup-start]
2021-08-14T11:06:14.057-0800: 4.250: [GC concurrent-cleanup-end, 0.0000149 secs]
2021-08-14T11:06:14.095-0800: 4.288: [GC pause (G1 Evacuation Pause) (young), 0.0106351 secs]
   [Parallel Time: 9.6 ms, GC Workers: 10]
      [GC Worker Start (ms): Min: 4288.1, Avg: 4288.1, Max: 4288.2, Diff: 0.1]
      [Ext Root Scanning (ms): Min: 0.1, Avg: 0.1, Max: 0.2, Diff: 0.1, Sum: 1.2]
      [Update RS (ms): Min: 4.4, Avg: 4.5, Max: 4.6, Diff: 0.1, Sum: 44.8]
         [Processed Buffers: Min: 44, Avg: 46.3, Max: 48, Diff: 4, Sum: 463]
      [Scan RS (ms): Min: 0.0, Avg: 0.0, Max: 0.0, Diff: 0.0, Sum: 0.2]
      [Code Root Scanning (ms): Min: 0.0, Avg: 0.0, Max: 0.0, Diff: 0.0, Sum: 0.0]
      [Object Copy (ms): Min: 4.7, Avg: 4.8, Max: 4.8, Diff: 0.1, Sum: 47.8]
      [Termination (ms): Min: 0.0, Avg: 0.1, Max: 0.1, Diff: 0.1, Sum: 0.8]
         [Termination Attempts: Min: 1, Avg: 1.0, Max: 1, Diff: 0, Sum: 10]
      [GC Worker Other (ms): Min: 0.0, Avg: 0.0, Max: 0.0, Diff: 0.0, Sum: 0.1]
      [GC Worker Total (ms): Min: 9.4, Avg: 9.5, Max: 9.6, Diff: 0.1, Sum: 94.9]
      [GC Worker End (ms): Min: 4297.6, Avg: 4297.6, Max: 4297.6, Diff: 0.0]
   [Code Root Fixup: 0.0 ms]
   [Code Root Purge: 0.0 ms]
   [Clear CT: 0.2 ms]
   [Other: 0.8 ms]
      [Choose CSet: 0.0 ms]
      [Ref Proc: 0.2 ms]
      [Ref Enq: 0.0 ms]
      [Redirty Cards: 0.2 ms]
      [Humongous Register: 0.1 ms]
      [Humongous Reclaim: 0.1 ms]
      [Free CSet: 0.1 ms]
   [Eden: 206.0M(206.0M)->0.0B(24.0M) Survivors: 10.0M->27.0M Heap: 855.2M(1024.0M)->658.1M(1024.0M)]
 [Times: user=0.09 sys=0.00, real=0.01 secs] 
2021-08-14T11:06:14.111-0800: 4.304: [GC pause (G1 Evacuation Pause) (mixed), 0.0068744 secs]
   [Parallel Time: 4.8 ms, GC Workers: 10]
      [GC Worker Start (ms): Min: 4304.3, Avg: 4304.4, Max: 4304.4, Diff: 0.1]
      [Ext Root Scanning (ms): Min: 0.1, Avg: 0.1, Max: 0.2, Diff: 0.1, Sum: 1.3]
      [Update RS (ms): Min: 0.5, Avg: 0.5, Max: 0.6, Diff: 0.1, Sum: 5.3]
         [Processed Buffers: Min: 5, Avg: 5.4, Max: 6, Diff: 1, Sum: 54]
      [Scan RS (ms): Min: 0.0, Avg: 0.0, Max: 0.1, Diff: 0.1, Sum: 0.3]
      [Code Root Scanning (ms): Min: 0.0, Avg: 0.0, Max: 0.0, Diff: 0.0, Sum: 0.0]
      [Object Copy (ms): Min: 3.2, Avg: 3.3, Max: 3.8, Diff: 0.6, Sum: 32.7]
      [Termination (ms): Min: 0.0, Avg: 0.6, Max: 0.8, Diff: 0.8, Sum: 5.7]
         [Termination Attempts: Min: 1, Avg: 1.0, Max: 1, Diff: 0, Sum: 10]
      [GC Worker Other (ms): Min: 0.0, Avg: 0.0, Max: 0.0, Diff: 0.0, Sum: 0.1]
      [GC Worker Total (ms): Min: 4.4, Avg: 4.5, Max: 4.7, Diff: 0.3, Sum: 45.4]
      [GC Worker End (ms): Min: 4308.8, Avg: 4308.9, Max: 4309.1, Diff: 0.3]
   [Code Root Fixup: 0.0 ms]
   [Code Root Purge: 0.0 ms]
   [Clear CT: 0.2 ms]
   [Other: 1.8 ms]
      [Choose CSet: 0.0 ms]
      [Ref Proc: 1.2 ms]
      [Ref Enq: 0.0 ms]
      [Redirty Cards: 0.2 ms]
      [Humongous Register: 0.1 ms]
      [Humongous Reclaim: 0.0 ms]
      [Free CSet: 0.1 ms]
   [Eden: 24.0M(24.0M)->0.0B(44.0M) Survivors: 27.0M->7168.0K Heap: 687.4M(1024.0M)->571.1M(1024.0M)]
 [Times: user=0.05 sys=0.00, real=0.00 secs] 
2021-08-14T11:06:14.128-0800: 4.321: [GC pause (G1 Evacuation Pause) (mixed), 0.0086389 secs]
   [Parallel Time: 6.7 ms, GC Workers: 10]
      [GC Worker Start (ms): Min: 4321.4, Avg: 4321.5, Max: 4321.6, Diff: 0.1]
      [Ext Root Scanning (ms): Min: 0.1, Avg: 0.1, Max: 0.2, Diff: 0.1, Sum: 1.5]
      [Update RS (ms): Min: 1.3, Avg: 1.3, Max: 1.4, Diff: 0.1, Sum: 13.5]
         [Processed Buffers: Min: 1, Avg: 9.9, Max: 14, Diff: 13, Sum: 99]
      [Scan RS (ms): Min: 0.0, Avg: 0.0, Max: 0.1, Diff: 0.1, Sum: 0.4]
      [Code Root Scanning (ms): Min: 0.0, Avg: 0.0, Max: 0.0, Diff: 0.0, Sum: 0.0]
      [Object Copy (ms): Min: 3.9, Avg: 4.2, Max: 4.9, Diff: 0.9, Sum: 41.7]
      [Termination (ms): Min: 0.0, Avg: 0.7, Max: 1.0, Diff: 1.0, Sum: 7.4]
         [Termination Attempts: Min: 1, Avg: 1.0, Max: 1, Diff: 0, Sum: 10]
      [GC Worker Other (ms): Min: 0.0, Avg: 0.0, Max: 0.0, Diff: 0.0, Sum: 0.1]
      [GC Worker Total (ms): Min: 6.4, Avg: 6.5, Max: 6.6, Diff: 0.2, Sum: 64.7]
      [GC Worker End (ms): Min: 4327.9, Avg: 4328.0, Max: 4328.1, Diff: 0.2]
   [Code Root Fixup: 0.0 ms]
   [Code Root Purge: 0.0 ms]
   [Clear CT: 0.2 ms]
   [Other: 1.8 ms]
      [Choose CSet: 0.0 ms]
      [Ref Proc: 1.1 ms]
      [Ref Enq: 0.0 ms]
      [Redirty Cards: 0.2 ms]
      [Humongous Register: 0.1 ms]
      [Humongous Reclaim: 0.0 ms]
      [Free CSet: 0.2 ms]
   [Eden: 44.0M(44.0M)->0.0B(44.0M) Survivors: 7168.0K->7168.0K Heap: 626.1M(1024.0M)->518.4M(1024.0M)]
 [Times: user=0.05 sys=0.01, real=0.01 secs] 
2021-08-14T11:06:14.146-0800: 4.339: [GC pause (G1 Evacuation Pause) (mixed), 0.0075636 secs]
   [Parallel Time: 5.2 ms, GC Workers: 10]
      [GC Worker Start (ms): Min: 4339.2, Avg: 4339.3, Max: 4339.3, Diff: 0.1]
      [Ext Root Scanning (ms): Min: 0.1, Avg: 0.1, Max: 0.2, Diff: 0.1, Sum: 1.5]
      [Update RS (ms): Min: 1.1, Avg: 1.1, Max: 1.2, Diff: 0.1, Sum: 11.4]
         [Processed Buffers: Min: 1, Avg: 8.7, Max: 11, Diff: 10, Sum: 87]
      [Scan RS (ms): Min: 0.0, Avg: 0.0, Max: 0.1, Diff: 0.1, Sum: 0.5]
      [Code Root Scanning (ms): Min: 0.0, Avg: 0.0, Max: 0.0, Diff: 0.0, Sum: 0.0]
      [Object Copy (ms): Min: 2.9, Avg: 3.1, Max: 3.4, Diff: 0.5, Sum: 31.1]
      [Termination (ms): Min: 0.0, Avg: 0.5, Max: 0.7, Diff: 0.7, Sum: 4.5]
         [Termination Attempts: Min: 1, Avg: 1.6, Max: 6, Diff: 5, Sum: 16]
      [GC Worker Other (ms): Min: 0.0, Avg: 0.0, Max: 0.0, Diff: 0.0, Sum: 0.1]
      [GC Worker Total (ms): Min: 4.7, Avg: 4.9, Max: 5.0, Diff: 0.3, Sum: 49.1]
      [GC Worker End (ms): Min: 4344.0, Avg: 4344.2, Max: 4344.3, Diff: 0.3]
   [Code Root Fixup: 0.0 ms]
   [Code Root Purge: 0.0 ms]
   [Clear CT: 0.3 ms]
   [Other: 2.1 ms]
      [Choose CSet: 0.0 ms]
      [Ref Proc: 1.3 ms]
      [Ref Enq: 0.0 ms]
      [Redirty Cards: 0.4 ms]
      [Humongous Register: 0.1 ms]
      [Humongous Reclaim: 0.1 ms]
      [Free CSet: 0.1 ms]
   [Eden: 44.0M(44.0M)->0.0B(275.0M) Survivors: 7168.0K->7168.0K Heap: 571.9M(1024.0M)->513.1M(1024.0M)]
 [Times: user=0.05 sys=0.00, real=0.01 secs] 
2021-08-14T11:06:14.154-0800: 4.347: [GC pause (G1 Humongous Allocation) (young) (initial-mark), 0.0040148 secs]
   [Parallel Time: 1.8 ms, GC Workers: 10]
      [GC Worker Start (ms): Min: 4347.5, Avg: 4347.6, Max: 4347.7, Diff: 0.2]
      [Ext Root Scanning (ms): Min: 0.1, Avg: 0.2, Max: 0.3, Diff: 0.2, Sum: 1.6]
      [Update RS (ms): Min: 0.1, Avg: 0.2, Max: 1.3, Diff: 1.3, Sum: 2.4]
         [Processed Buffers: Min: 0, Avg: 1.1, Max: 2, Diff: 2, Sum: 11]
      [Scan RS (ms): Min: 0.0, Avg: 0.0, Max: 0.0, Diff: 0.0, Sum: 0.0]
      [Code Root Scanning (ms): Min: 0.0, Avg: 0.0, Max: 0.0, Diff: 0.0, Sum: 0.0]
      [Object Copy (ms): Min: 0.0, Avg: 0.3, Max: 0.4, Diff: 0.4, Sum: 3.5]
      [Termination (ms): Min: 0.0, Avg: 0.8, Max: 1.0, Diff: 1.0, Sum: 8.1]
         [Termination Attempts: Min: 1, Avg: 1.1, Max: 2, Diff: 1, Sum: 11]
      [GC Worker Other (ms): Min: 0.0, Avg: 0.0, Max: 0.0, Diff: 0.0, Sum: 0.1]
      [GC Worker Total (ms): Min: 1.5, Avg: 1.6, Max: 1.7, Diff: 0.2, Sum: 15.7]
      [GC Worker End (ms): Min: 4349.1, Avg: 4349.2, Max: 4349.2, Diff: 0.1]
   [Code Root Fixup: 0.0 ms]
   [Code Root Purge: 0.0 ms]
   [Clear CT: 0.2 ms]
   [Other: 2.0 ms]
      [Choose CSet: 0.0 ms]
      [Ref Proc: 1.3 ms]
      [Ref Enq: 0.0 ms]
      [Redirty Cards: 0.3 ms]
      [Humongous Register: 0.1 ms]
      [Humongous Reclaim: 0.0 ms]
      [Free CSet: 0.1 ms]
   [Eden: 4096.0K(275.0M)->0.0B(228.0M) Survivors: 7168.0K->9216.0K Heap: 516.5M(1024.0M)->513.5M(1024.0M)]
 [Times: user=0.02 sys=0.00, real=0.00 secs] 
2021-08-14T11:06:14.158-0800: 4.352: [GC concurrent-root-region-scan-start]
2021-08-14T11:06:14.158-0800: 4.352: [GC concurrent-root-region-scan-end, 0.0001909 secs]
2021-08-14T11:06:14.158-0800: 4.352: [GC concurrent-mark-start]
2021-08-14T11:06:14.160-0800: 4.354: [GC concurrent-mark-end, 0.0018671 secs]
2021-08-14T11:06:14.160-0800: 4.354: [GC remark 2021-08-14T11:06:14.160-0800: 4.354: [Finalize Marking, 0.0012533 secs] 2021-08-14T11:06:14.162-0800: 4.355: [GC ref-proc, 0.0000724 secs] 2021-08-14T11:06:14.162-0800: 4.355: [Unloading, 0.0005901 secs], 0.0029435 secs]
 [Times: user=0.02 sys=0.00, real=0.00 secs] 
2021-08-14T11:06:14.164-0800: 4.357: [GC cleanup 520M->518M(1024M), 0.0014041 secs]
 [Times: user=0.00 sys=0.00, real=0.00 secs] 
2021-08-14T11:06:14.165-0800: 4.358: [GC concurrent-cleanup-start]
2021-08-14T11:06:14.165-0800: 4.358: [GC concurrent-cleanup-end, 0.0000190 secs]
2021-08-14T11:06:14.212-0800: 4.405: [GC pause (G1 Evacuation Pause) (young), 0.0127011 secs]
   [Parallel Time: 11.1 ms, GC Workers: 10]
      [GC Worker Start (ms): Min: 4405.6, Avg: 4405.8, Max: 4406.5, Diff: 0.9]
      [Ext Root Scanning (ms): Min: 0.0, Avg: 0.1, Max: 0.2, Diff: 0.2, Sum: 1.1]
      [Update RS (ms): Min: 4.4, Avg: 5.0, Max: 5.1, Diff: 0.7, Sum: 49.6]
         [Processed Buffers: Min: 36, Avg: 48.6, Max: 53, Diff: 17, Sum: 486]
      [Scan RS (ms): Min: 0.0, Avg: 0.0, Max: 0.0, Diff: 0.0, Sum: 0.2]
      [Code Root Scanning (ms): Min: 0.0, Avg: 0.0, Max: 0.0, Diff: 0.0, Sum: 0.0]
      [Object Copy (ms): Min: 5.1, Avg: 5.2, Max: 5.5, Diff: 0.3, Sum: 52.3]
      [Termination (ms): Min: 0.0, Avg: 0.4, Max: 0.6, Diff: 0.6, Sum: 4.2]
         [Termination Attempts: Min: 1, Avg: 1.0, Max: 1, Diff: 0, Sum: 10]
      [GC Worker Other (ms): Min: 0.0, Avg: 0.0, Max: 0.0, Diff: 0.0, Sum: 0.1]
      [GC Worker Total (ms): Min: 10.0, Avg: 10.8, Max: 11.0, Diff: 0.9, Sum: 107.6]
      [GC Worker End (ms): Min: 4416.4, Avg: 4416.6, Max: 4416.7, Diff: 0.3]
   [Code Root Fixup: 0.0 ms]
   [Code Root Purge: 0.0 ms]
   [Clear CT: 0.2 ms]
   [Other: 1.4 ms]
      [Choose CSet: 0.0 ms]
      [Ref Proc: 0.8 ms]
      [Ref Enq: 0.0 ms]
      [Redirty Cards: 0.2 ms]
      [Humongous Register: 0.1 ms]
      [Humongous Reclaim: 0.1 ms]
      [Free CSet: 0.1 ms]
   [Eden: 228.0M(228.0M)->0.0B(21.0M) Survivors: 9216.0K->30.0M Heap: 799.1M(1024.0M)->580.9M(1024.0M)]
 [Times: user=0.10 sys=0.00, real=0.01 secs] 
2021-08-14T11:06:14.230-0800: 4.423: [GC pause (G1 Evacuation Pause) (mixed), 0.0074140 secs]
   [Parallel Time: 6.1 ms, GC Workers: 10]
      [GC Worker Start (ms): Min: 4423.3, Avg: 4423.4, Max: 4423.5, Diff: 0.2]
      [Ext Root Scanning (ms): Min: 0.0, Avg: 0.1, Max: 0.2, Diff: 0.2, Sum: 1.3]
      [Update RS (ms): Min: 0.5, Avg: 0.6, Max: 0.7, Diff: 0.2, Sum: 5.7]
         [Processed Buffers: Min: 2, Avg: 5.1, Max: 6, Diff: 4, Sum: 51]
      [Scan RS (ms): Min: 0.0, Avg: 0.1, Max: 0.1, Diff: 0.1, Sum: 0.7]
      [Code Root Scanning (ms): Min: 0.0, Avg: 0.0, Max: 0.0, Diff: 0.0, Sum: 0.1]
      [Object Copy (ms): Min: 5.0, Avg: 5.0, Max: 5.1, Diff: 0.1, Sum: 50.4]
      [Termination (ms): Min: 0.0, Avg: 0.0, Max: 0.1, Diff: 0.1, Sum: 0.4]
         [Termination Attempts: Min: 1, Avg: 1.0, Max: 1, Diff: 0, Sum: 10]
      [GC Worker Other (ms): Min: 0.0, Avg: 0.0, Max: 0.0, Diff: 0.0, Sum: 0.1]
      [GC Worker Total (ms): Min: 5.7, Avg: 5.9, Max: 5.9, Diff: 0.2, Sum: 58.8]
      [GC Worker End (ms): Min: 4429.2, Avg: 4429.2, Max: 4429.3, Diff: 0.0]
   [Code Root Fixup: 0.0 ms]
   [Code Root Purge: 0.0 ms]
   [Clear CT: 0.2 ms]
   [Other: 1.1 ms]
      [Choose CSet: 0.1 ms]
      [Ref Proc: 0.4 ms]
      [Ref Enq: 0.0 ms]
      [Redirty Cards: 0.2 ms]
      [Humongous Register: 0.2 ms]
      [Humongous Reclaim: 0.0 ms]
      [Free CSet: 0.1 ms]
   [Eden: 21.0M(21.0M)->0.0B(44.0M) Survivors: 30.0M->7168.0K Heap: 606.9M(1024.0M)->516.3M(1024.0M)]
 [Times: user=0.05 sys=0.01, real=0.00 secs] 
2021-08-14T11:06:14.246-0800: 4.440: [GC pause (G1 Evacuation Pause) (mixed), 0.0058679 secs]
   [Parallel Time: 4.4 ms, GC Workers: 10]
      [GC Worker Start (ms): Min: 4439.7, Avg: 4439.8, Max: 4439.9, Diff: 0.2]
      [Ext Root Scanning (ms): Min: 0.1, Avg: 0.1, Max: 0.2, Diff: 0.2, Sum: 1.4]
      [Update RS (ms): Min: 1.1, Avg: 1.1, Max: 1.3, Diff: 0.2, Sum: 11.3]
         [Processed Buffers: Min: 1, Avg: 8.7, Max: 11, Diff: 10, Sum: 87]
      [Scan RS (ms): Min: 0.0, Avg: 0.0, Max: 0.1, Diff: 0.1, Sum: 0.5]
      [Code Root Scanning (ms): Min: 0.0, Avg: 0.0, Max: 0.0, Diff: 0.0, Sum: 0.0]
      [Object Copy (ms): Min: 2.6, Avg: 2.7, Max: 2.8, Diff: 0.2, Sum: 26.7]
      [Termination (ms): Min: 0.0, Avg: 0.2, Max: 0.3, Diff: 0.3, Sum: 2.0]
         [Termination Attempts: Min: 1, Avg: 1.0, Max: 1, Diff: 0, Sum: 10]
      [GC Worker Other (ms): Min: 0.0, Avg: 0.0, Max: 0.0, Diff: 0.0, Sum: 0.1]
      [GC Worker Total (ms): Min: 4.0, Avg: 4.2, Max: 4.3, Diff: 0.3, Sum: 41.9]
      [GC Worker End (ms): Min: 4443.9, Avg: 4444.0, Max: 4444.0, Diff: 0.1]
   [Code Root Fixup: 0.0 ms]
   [Code Root Purge: 0.0 ms]
   [Clear CT: 0.2 ms]
   [Other: 1.2 ms]
      [Choose CSet: 0.0 ms]
      [Ref Proc: 0.6 ms]
      [Ref Enq: 0.0 ms]
      [Redirty Cards: 0.3 ms]
      [Humongous Register: 0.1 ms]
      [Humongous Reclaim: 0.0 ms]
      [Free CSet: 0.1 ms]
   [Eden: 44.0M(44.0M)->0.0B(238.0M) Survivors: 7168.0K->7168.0K Heap: 569.7M(1024.0M)->510.4M(1024.0M)]
 [Times: user=0.04 sys=0.00, real=0.01 secs] 
2021-08-14T11:06:14.253-0800: 4.446: [GC pause (G1 Humongous Allocation) (young) (initial-mark), 0.0032053 secs]
   [Parallel Time: 1.6 ms, GC Workers: 10]
      [GC Worker Start (ms): Min: 4446.1, Avg: 4446.2, Max: 4446.2, Diff: 0.1]
      [Ext Root Scanning (ms): Min: 0.1, Avg: 0.2, Max: 0.3, Diff: 0.2, Sum: 1.7]
      [Update RS (ms): Min: 0.0, Avg: 0.2, Max: 1.0, Diff: 1.0, Sum: 2.2]
         [Processed Buffers: Min: 0, Avg: 1.1, Max: 2, Diff: 2, Sum: 11]
      [Scan RS (ms): Min: 0.0, Avg: 0.0, Max: 0.0, Diff: 0.0, Sum: 0.0]
      [Code Root Scanning (ms): Min: 0.0, Avg: 0.0, Max: 0.0, Diff: 0.0, Sum: 0.0]
      [Object Copy (ms): Min: 0.0, Avg: 0.4, Max: 0.5, Diff: 0.5, Sum: 3.7]
      [Termination (ms): Min: 0.0, Avg: 0.5, Max: 0.7, Diff: 0.7, Sum: 5.4]
         [Termination Attempts: Min: 1, Avg: 1.0, Max: 1, Diff: 0, Sum: 10]
      [GC Worker Other (ms): Min: 0.0, Avg: 0.0, Max: 0.0, Diff: 0.0, Sum: 0.1]
      [GC Worker Total (ms): Min: 1.2, Avg: 1.3, Max: 1.4, Diff: 0.2, Sum: 13.1]
      [GC Worker End (ms): Min: 4447.4, Avg: 4447.5, Max: 4447.6, Diff: 0.2]
   [Code Root Fixup: 0.0 ms]
   [Code Root Purge: 0.0 ms]
   [Clear CT: 0.2 ms]
   [Other: 1.5 ms]
      [Choose CSet: 0.0 ms]
      [Ref Proc: 1.0 ms]
      [Ref Enq: 0.0 ms]
      [Redirty Cards: 0.2 ms]
      [Humongous Register: 0.1 ms]
      [Humongous Reclaim: 0.0 ms]
      [Free CSet: 0.0 ms]
   [Eden: 3072.0K(238.0M)->0.0B(250.0M) Survivors: 7168.0K->8192.0K Heap: 513.0M(1024.0M)->510.9M(1024.0M)]
 [Times: user=0.02 sys=0.00, real=0.00 secs] 
2021-08-14T11:06:14.256-0800: 4.449: [GC concurrent-root-region-scan-start]
2021-08-14T11:06:14.256-0800: 4.449: [GC concurrent-root-region-scan-end, 0.0000855 secs]
2021-08-14T11:06:14.256-0800: 4.449: [GC concurrent-mark-start]
2021-08-14T11:06:14.257-0800: 4.451: [GC concurrent-mark-end, 0.0013614 secs]
2021-08-14T11:06:14.258-0800: 4.451: [GC remark 2021-08-14T11:06:14.258-0800: 4.451: [Finalize Marking, 0.0002329 secs] 2021-08-14T11:06:14.258-0800: 4.451: [GC ref-proc, 0.0000684 secs] 2021-08-14T11:06:14.258-0800: 4.451: [Unloading, 0.0005109 secs], 0.0017103 secs]
 [Times: user=0.01 sys=0.00, real=0.00 secs] 
2021-08-14T11:06:14.259-0800: 4.453: [GC cleanup 518M->517M(1024M), 0.0010757 secs]
 [Times: user=0.01 sys=0.00, real=0.01 secs] 
2021-08-14T11:06:14.261-0800: 4.454: [GC concurrent-cleanup-start]
2021-08-14T11:06:14.261-0800: 4.454: [GC concurrent-cleanup-end, 0.0000114 secs]
2021-08-14T11:06:14.307-0800: 4.500: [GC pause (G1 Evacuation Pause) (young), 0.0140521 secs]
   [Parallel Time: 12.9 ms, GC Workers: 10]
      [GC Worker Start (ms): Min: 4500.4, Avg: 4500.4, Max: 4500.5, Diff: 0.1]
      [Ext Root Scanning (ms): Min: 0.1, Avg: 0.1, Max: 0.2, Diff: 0.1, Sum: 1.2]
      [Update RS (ms): Min: 6.1, Avg: 6.1, Max: 6.2, Diff: 0.1, Sum: 61.2]
         [Processed Buffers: Min: 60, Avg: 62.1, Max: 65, Diff: 5, Sum: 621]
      [Scan RS (ms): Min: 0.0, Avg: 0.0, Max: 0.0, Diff: 0.0, Sum: 0.3]
      [Code Root Scanning (ms): Min: 0.0, Avg: 0.0, Max: 0.0, Diff: 0.0, Sum: 0.0]
      [Object Copy (ms): Min: 5.6, Avg: 5.7, Max: 6.4, Diff: 0.8, Sum: 57.3]
      [Termination (ms): Min: 0.0, Avg: 0.7, Max: 0.8, Diff: 0.8, Sum: 7.0]
         [Termination Attempts: Min: 1, Avg: 1.0, Max: 1, Diff: 0, Sum: 10]
      [GC Worker Other (ms): Min: 0.0, Avg: 0.0, Max: 0.0, Diff: 0.0, Sum: 0.1]
      [GC Worker Total (ms): Min: 12.6, Avg: 12.7, Max: 12.8, Diff: 0.2, Sum: 127.1]
      [GC Worker End (ms): Min: 4513.1, Avg: 4513.1, Max: 4513.2, Diff: 0.1]
   [Code Root Fixup: 0.0 ms]
   [Code Root Purge: 0.0 ms]
   [Clear CT: 0.2 ms]
   [Other: 1.0 ms]
      [Choose CSet: 0.0 ms]
      [Ref Proc: 0.4 ms]
      [Ref Enq: 0.0 ms]
      [Redirty Cards: 0.1 ms]
      [Humongous Register: 0.1 ms]
      [Humongous Reclaim: 0.1 ms]
      [Free CSet: 0.1 ms]
   [Eden: 250.0M(250.0M)->0.0B(18.0M) Survivors: 8192.0K->33.0M Heap: 836.7M(1024.0M)->579.1M(1024.0M)]
 [Times: user=0.12 sys=0.00, real=0.02 secs] 
2021-08-14T11:06:14.325-0800: 4.518: [GC pause (G1 Evacuation Pause) (mixed), 0.0076070 secs]
   [Parallel Time: 6.5 ms, GC Workers: 10]
      [GC Worker Start (ms): Min: 4518.5, Avg: 4518.5, Max: 4518.6, Diff: 0.1]
      [Ext Root Scanning (ms): Min: 0.1, Avg: 0.1, Max: 0.2, Diff: 0.1, Sum: 1.2]
      [Update RS (ms): Min: 0.5, Avg: 0.6, Max: 0.6, Diff: 0.1, Sum: 5.5]
         [Processed Buffers: Min: 5, Avg: 6.0, Max: 7, Diff: 2, Sum: 60]
      [Scan RS (ms): Min: 0.0, Avg: 0.1, Max: 0.1, Diff: 0.1, Sum: 0.6]
      [Code Root Scanning (ms): Min: 0.0, Avg: 0.0, Max: 0.0, Diff: 0.0, Sum: 0.0]
      [Object Copy (ms): Min: 5.2, Avg: 5.3, Max: 5.5, Diff: 0.3, Sum: 53.3]
      [Termination (ms): Min: 0.0, Avg: 0.3, Max: 0.3, Diff: 0.3, Sum: 2.7]
         [Termination Attempts: Min: 1, Avg: 1.0, Max: 1, Diff: 0, Sum: 10]
      [GC Worker Other (ms): Min: 0.0, Avg: 0.0, Max: 0.0, Diff: 0.0, Sum: 0.1]
      [GC Worker Total (ms): Min: 6.3, Avg: 6.3, Max: 6.4, Diff: 0.2, Sum: 63.4]
      [GC Worker End (ms): Min: 4524.8, Avg: 4524.9, Max: 4524.9, Diff: 0.1]
   [Code Root Fixup: 0.0 ms]
   [Code Root Purge: 0.0 ms]
   [Clear CT: 0.2 ms]
   [Other: 0.9 ms]
      [Choose CSet: 0.0 ms]
      [Ref Proc: 0.3 ms]
      [Ref Enq: 0.0 ms]
      [Redirty Cards: 0.2 ms]
      [Humongous Register: 0.1 ms]
      [Humongous Reclaim: 0.0 ms]
      [Free CSet: 0.1 ms]
   [Eden: 18.0M(18.0M)->0.0B(45.0M) Survivors: 33.0M->6144.0K Heap: 603.1M(1024.0M)->515.6M(1024.0M)]
 [Times: user=0.05 sys=0.01, real=0.01 secs] 
2021-08-14T11:06:14.342-0800: 4.535: [GC pause (G1 Evacuation Pause) (mixed), 0.0059732 secs]
   [Parallel Time: 4.3 ms, GC Workers: 10]
      [GC Worker Start (ms): Min: 4535.6, Avg: 4535.7, Max: 4535.8, Diff: 0.1]
      [Ext Root Scanning (ms): Min: 0.1, Avg: 0.1, Max: 0.2, Diff: 0.1, Sum: 1.3]
      [Update RS (ms): Min: 1.1, Avg: 1.2, Max: 1.2, Diff: 0.1, Sum: 11.8]
         [Processed Buffers: Min: 1, Avg: 9.2, Max: 12, Diff: 11, Sum: 92]
      [Scan RS (ms): Min: 0.0, Avg: 0.0, Max: 0.1, Diff: 0.1, Sum: 0.4]
      [Code Root Scanning (ms): Min: 0.0, Avg: 0.0, Max: 0.0, Diff: 0.0, Sum: 0.0]
      [Object Copy (ms): Min: 2.6, Avg: 2.7, Max: 2.7, Diff: 0.1, Sum: 26.9]
      [Termination (ms): Min: 0.0, Avg: 0.1, Max: 0.1, Diff: 0.1, Sum: 0.5]
         [Termination Attempts: Min: 1, Avg: 1.0, Max: 1, Diff: 0, Sum: 10]
      [GC Worker Other (ms): Min: 0.0, Avg: 0.0, Max: 0.0, Diff: 0.0, Sum: 0.1]
      [GC Worker Total (ms): Min: 4.0, Avg: 4.1, Max: 4.2, Diff: 0.1, Sum: 41.1]
      [GC Worker End (ms): Min: 4539.8, Avg: 4539.8, Max: 4539.9, Diff: 0.1]
   [Code Root Fixup: 0.0 ms]
   [Code Root Purge: 0.0 ms]
   [Clear CT: 0.2 ms]
   [Other: 1.5 ms]
      [Choose CSet: 0.0 ms]
      [Ref Proc: 1.0 ms]
      [Ref Enq: 0.0 ms]
      [Redirty Cards: 0.1 ms]
      [Humongous Register: 0.1 ms]
      [Humongous Reclaim: 0.0 ms]
      [Free CSet: 0.1 ms]
   [Eden: 45.0M(45.0M)->0.0B(250.0M) Survivors: 6144.0K->7168.0K Heap: 570.7M(1024.0M)->515.4M(1024.0M)]
 [Times: user=0.05 sys=0.00, real=0.00 secs] 
2021-08-14T11:06:14.348-0800: 4.542: [GC pause (G1 Humongous Allocation) (young) (initial-mark), 0.0026764 secs]
   [Parallel Time: 1.1 ms, GC Workers: 10]
      [GC Worker Start (ms): Min: 4541.9, Avg: 4542.0, Max: 4542.1, Diff: 0.2]
      [Ext Root Scanning (ms): Min: 0.1, Avg: 0.2, Max: 0.4, Diff: 0.3, Sum: 1.8]
      [Update RS (ms): Min: 0.0, Avg: 0.1, Max: 0.2, Diff: 0.2, Sum: 1.0]
         [Processed Buffers: Min: 0, Avg: 1.1, Max: 3, Diff: 3, Sum: 11]
      [Scan RS (ms): Min: 0.0, Avg: 0.0, Max: 0.0, Diff: 0.0, Sum: 0.0]
      [Code Root Scanning (ms): Min: 0.0, Avg: 0.0, Max: 0.0, Diff: 0.0, Sum: 0.0]
      [Object Copy (ms): Min: 0.3, Avg: 0.4, Max: 0.5, Diff: 0.2, Sum: 4.1]
      [Termination (ms): Min: 0.0, Avg: 0.2, Max: 0.3, Diff: 0.3, Sum: 1.6]
         [Termination Attempts: Min: 1, Avg: 1.0, Max: 1, Diff: 0, Sum: 10]
      [GC Worker Other (ms): Min: 0.0, Avg: 0.0, Max: 0.0, Diff: 0.0, Sum: 0.1]
      [GC Worker Total (ms): Min: 0.8, Avg: 0.9, Max: 1.0, Diff: 0.3, Sum: 8.5]
      [GC Worker End (ms): Min: 4542.8, Avg: 4542.9, Max: 4542.9, Diff: 0.1]
   [Code Root Fixup: 0.0 ms]
   [Code Root Purge: 0.0 ms]
   [Clear CT: 0.2 ms]
   [Other: 1.4 ms]
      [Choose CSet: 0.0 ms]
      [Ref Proc: 1.0 ms]
      [Ref Enq: 0.0 ms]
      [Redirty Cards: 0.2 ms]
      [Humongous Register: 0.1 ms]
      [Humongous Reclaim: 0.0 ms]
      [Free CSet: 0.0 ms]
   [Eden: 1024.0K(250.0M)->0.0B(261.0M) Survivors: 7168.0K->8192.0K Heap: 516.2M(1024.0M)->516.0M(1024.0M)]
 [Times: user=0.01 sys=0.00, real=0.01 secs] 
2021-08-14T11:06:14.351-0800: 4.545: [GC concurrent-root-region-scan-start]
2021-08-14T11:06:14.351-0800: 4.545: [GC concurrent-root-region-scan-end, 0.0001096 secs]
2021-08-14T11:06:14.351-0800: 4.545: [GC concurrent-mark-start]
2021-08-14T11:06:14.353-0800: 4.546: [GC concurrent-mark-end, 0.0014909 secs]
2021-08-14T11:06:14.353-0800: 4.546: [GC remark 2021-08-14T11:06:14.353-0800: 4.546: [Finalize Marking, 0.0010686 secs] 2021-08-14T11:06:14.354-0800: 4.547: [GC ref-proc, 0.0000795 secs] 2021-08-14T11:06:14.354-0800: 4.548: [Unloading, 0.0005702 secs], 0.0029286 secs]
 [Times: user=0.01 sys=0.00, real=0.00 secs] 
2021-08-14T11:06:14.356-0800: 4.549: [GC cleanup 524M->521M(1024M), 0.0013342 secs]
 [Times: user=0.01 sys=0.00, real=0.00 secs] 
2021-08-14T11:06:14.357-0800: 4.551: [GC concurrent-cleanup-start]
2021-08-14T11:06:14.358-0800: 4.551: [GC concurrent-cleanup-end, 0.0000108 secs]
2021-08-14T11:06:14.408-0800: 4.601: [GC pause (G1 Evacuation Pause) (young), 0.0130161 secs]
   [Parallel Time: 11.2 ms, GC Workers: 10]
      [GC Worker Start (ms): Min: 4601.3, Avg: 4601.4, Max: 4601.5, Diff: 0.2]
      [Ext Root Scanning (ms): Min: 0.0, Avg: 0.1, Max: 0.2, Diff: 0.2, Sum: 0.9]
      [Update RS (ms): Min: 5.4, Avg: 5.5, Max: 5.5, Diff: 0.1, Sum: 54.5]
         [Processed Buffers: Min: 55, Avg: 57.0, Max: 59, Diff: 4, Sum: 570]
      [Scan RS (ms): Min: 0.0, Avg: 0.0, Max: 0.1, Diff: 0.1, Sum: 0.2]
      [Code Root Scanning (ms): Min: 0.0, Avg: 0.0, Max: 0.0, Diff: 0.0, Sum: 0.0]
      [Object Copy (ms): Min: 5.2, Avg: 5.2, Max: 5.3, Diff: 0.1, Sum: 52.2]
      [Termination (ms): Min: 0.0, Avg: 0.2, Max: 0.3, Diff: 0.3, Sum: 1.8]
         [Termination Attempts: Min: 1, Avg: 1.0, Max: 1, Diff: 0, Sum: 10]
      [GC Worker Other (ms): Min: 0.0, Avg: 0.0, Max: 0.0, Diff: 0.0, Sum: 0.1]
      [GC Worker Total (ms): Min: 10.8, Avg: 11.0, Max: 11.1, Diff: 0.3, Sum: 109.8]
      [GC Worker End (ms): Min: 4612.3, Avg: 4612.4, Max: 4612.5, Diff: 0.2]
   [Code Root Fixup: 0.0 ms]
   [Code Root Purge: 0.0 ms]
   [Clear CT: 0.2 ms]
   [Other: 1.6 ms]
      [Choose CSet: 0.0 ms]
      [Ref Proc: 1.0 ms]
      [Ref Enq: 0.0 ms]
      [Redirty Cards: 0.2 ms]
      [Humongous Register: 0.1 ms]
      [Humongous Reclaim: 0.1 ms]
      [Free CSet: 0.1 ms]
   [Eden: 261.0M(261.0M)->0.0B(17.0M) Survivors: 8192.0K->34.0M Heap: 844.1M(1024.0M)->579.8M(1024.0M)]
 [Times: user=0.11 sys=0.00, real=0.02 secs] 
2021-08-14T11:06:14.424-0800: 4.617: [GC pause (G1 Evacuation Pause) (mixed), 0.0078687 secs]
   [Parallel Time: 6.0 ms, GC Workers: 10]
      [GC Worker Start (ms): Min: 4617.7, Avg: 4618.0, Max: 4618.5, Diff: 0.8]
      [Ext Root Scanning (ms): Min: 0.0, Avg: 0.1, Max: 0.2, Diff: 0.2, Sum: 1.0]
      [Update RS (ms): Min: 0.0, Avg: 0.4, Max: 0.6, Diff: 0.6, Sum: 3.6]
         [Processed Buffers: Min: 0, Avg: 4.3, Max: 8, Diff: 8, Sum: 43]
      [Scan RS (ms): Min: 0.0, Avg: 0.0, Max: 0.1, Diff: 0.1, Sum: 0.5]
      [Code Root Scanning (ms): Min: 0.0, Avg: 0.0, Max: 0.0, Diff: 0.0, Sum: 0.0]
      [Object Copy (ms): Min: 5.0, Avg: 5.0, Max: 5.0, Diff: 0.1, Sum: 50.2]
      [Termination (ms): Min: 0.0, Avg: 0.0, Max: 0.1, Diff: 0.1, Sum: 0.4]
         [Termination Attempts: Min: 1, Avg: 1.0, Max: 1, Diff: 0, Sum: 10]
      [GC Worker Other (ms): Min: 0.0, Avg: 0.0, Max: 0.0, Diff: 0.0, Sum: 0.2]
      [GC Worker Total (ms): Min: 5.1, Avg: 5.6, Max: 5.9, Diff: 0.8, Sum: 55.8]
      [GC Worker End (ms): Min: 4623.6, Avg: 4623.6, Max: 4623.6, Diff: 0.0]
   [Code Root Fixup: 0.0 ms]
   [Code Root Purge: 0.0 ms]
   [Clear CT: 0.2 ms]
   [Other: 1.7 ms]
      [Choose CSet: 0.0 ms]
      [Ref Proc: 1.1 ms]
      [Ref Enq: 0.0 ms]
      [Redirty Cards: 0.2 ms]
      [Humongous Register: 0.1 ms]
      [Humongous Reclaim: 0.0 ms]
      [Free CSet: 0.1 ms]
   [Eden: 17.0M(17.0M)->0.0B(46.0M) Survivors: 34.0M->5120.0K Heap: 600.7M(1024.0M)->510.2M(1024.0M)]
 [Times: user=0.06 sys=0.00, real=0.01 secs] 
2021-08-14T11:06:14.441-0800: 4.635: [GC pause (G1 Evacuation Pause) (mixed), 0.0066187 secs]
   [Parallel Time: 4.8 ms, GC Workers: 10]
      [GC Worker Start (ms): Min: 4634.7, Avg: 4635.1, Max: 4636.2, Diff: 1.5]
      [Ext Root Scanning (ms): Min: 0.0, Avg: 0.1, Max: 0.2, Diff: 0.2, Sum: 1.0]
      [Update RS (ms): Min: 0.0, Avg: 0.9, Max: 1.3, Diff: 1.3, Sum: 9.3]
         [Processed Buffers: Min: 0, Avg: 9.8, Max: 16, Diff: 16, Sum: 98]
      [Scan RS (ms): Min: 0.0, Avg: 0.0, Max: 0.1, Diff: 0.1, Sum: 0.3]
      [Code Root Scanning (ms): Min: 0.0, Avg: 0.0, Max: 0.0, Diff: 0.0, Sum: 0.0]
      [Object Copy (ms): Min: 2.4, Avg: 2.5, Max: 2.9, Diff: 0.6, Sum: 24.7]
      [Termination (ms): Min: 0.0, Avg: 0.6, Max: 0.9, Diff: 0.9, Sum: 6.1]
         [Termination Attempts: Min: 1, Avg: 1.1, Max: 2, Diff: 1, Sum: 11]
      [GC Worker Other (ms): Min: 0.0, Avg: 0.0, Max: 0.0, Diff: 0.0, Sum: 0.1]
      [GC Worker Total (ms): Min: 2.9, Avg: 4.2, Max: 4.7, Diff: 1.8, Sum: 41.6]
      [GC Worker End (ms): Min: 4639.1, Avg: 4639.3, Max: 4639.4, Diff: 0.3]
   [Code Root Fixup: 0.0 ms]
   [Code Root Purge: 0.0 ms]
   [Clear CT: 0.2 ms]
   [Other: 1.7 ms]
      [Choose CSet: 0.0 ms]
      [Ref Proc: 1.2 ms]
      [Ref Enq: 0.0 ms]
      [Redirty Cards: 0.1 ms]
      [Humongous Register: 0.1 ms]
      [Humongous Reclaim: 0.0 ms]
      [Free CSet: 0.1 ms]
   [Eden: 46.0M(46.0M)->0.0B(267.0M) Survivors: 5120.0K->7168.0K Heap: 567.0M(1024.0M)->509.3M(1024.0M)]
 [Times: user=0.04 sys=0.00, real=0.00 secs] 
2021-08-14T11:06:14.448-0800: 4.641: [GC pause (G1 Humongous Allocation) (young) (initial-mark), 0.0031764 secs]
   [Parallel Time: 1.6 ms, GC Workers: 10]
      [GC Worker Start (ms): Min: 4641.5, Avg: 4641.7, Max: 4641.8, Diff: 0.3]
      [Ext Root Scanning (ms): Min: 0.0, Avg: 0.4, Max: 1.1, Diff: 1.1, Sum: 4.4]
      [Update RS (ms): Min: 0.0, Avg: 0.1, Max: 0.3, Diff: 0.3, Sum: 1.0]
         [Processed Buffers: Min: 0, Avg: 1.1, Max: 3, Diff: 3, Sum: 11]
      [Scan RS (ms): Min: 0.0, Avg: 0.0, Max: 0.0, Diff: 0.0, Sum: 0.0]
      [Code Root Scanning (ms): Min: 0.0, Avg: 0.0, Max: 0.0, Diff: 0.0, Sum: 0.0]
      [Object Copy (ms): Min: 0.0, Avg: 0.3, Max: 0.6, Diff: 0.6, Sum: 3.2]
      [Termination (ms): Min: 0.0, Avg: 0.3, Max: 0.5, Diff: 0.5, Sum: 3.2]
         [Termination Attempts: Min: 1, Avg: 1.0, Max: 1, Diff: 0, Sum: 10]
      [GC Worker Other (ms): Min: 0.0, Avg: 0.0, Max: 0.0, Diff: 0.0, Sum: 0.1]
      [GC Worker Total (ms): Min: 1.0, Avg: 1.2, Max: 1.5, Diff: 0.5, Sum: 11.9]
      [GC Worker End (ms): Min: 4642.8, Avg: 4642.9, Max: 4643.1, Diff: 0.3]
   [Code Root Fixup: 0.0 ms]
   [Code Root Purge: 0.0 ms]
   [Clear CT: 0.2 ms]
   [Other: 1.4 ms]
      [Choose CSet: 0.0 ms]
      [Ref Proc: 1.0 ms]
      [Ref Enq: 0.0 ms]
      [Redirty Cards: 0.1 ms]
      [Humongous Register: 0.1 ms]
      [Humongous Reclaim: 0.0 ms]
      [Free CSet: 0.0 ms]
   [Eden: 1024.0K(267.0M)->0.0B(256.0M) Survivors: 7168.0K->8192.0K Heap: 510.0M(1024.0M)->509.7M(1024.0M)]
 [Times: user=0.01 sys=0.01, real=0.01 secs] 
2021-08-14T11:06:14.451-0800: 4.645: [GC concurrent-root-region-scan-start]
2021-08-14T11:06:14.452-0800: 4.645: [GC concurrent-root-region-scan-end, 0.0000888 secs]
2021-08-14T11:06:14.452-0800: 4.645: [GC concurrent-mark-start]
2021-08-14T11:06:14.453-0800: 4.646: [GC concurrent-mark-end, 0.0013247 secs]
2021-08-14T11:06:14.453-0800: 4.646: [GC remark 2021-08-14T11:06:14.453-0800: 4.646: [Finalize Marking, 0.0010734 secs] 2021-08-14T11:06:14.454-0800: 4.647: [GC ref-proc, 0.0000594 secs] 2021-08-14T11:06:14.454-0800: 4.647: [Unloading, 0.0005695 secs], 0.0029170 secs]
 [Times: user=0.01 sys=0.00, real=0.00 secs] 
2021-08-14T11:06:14.456-0800: 4.649: [GC cleanup 519M->516M(1024M), 0.0011555 secs]
 [Times: user=0.00 sys=0.00, real=0.00 secs] 
2021-08-14T11:06:14.457-0800: 4.650: [GC concurrent-cleanup-start]
2021-08-14T11:06:14.457-0800: 4.650: [GC concurrent-cleanup-end, 0.0000105 secs]
2021-08-14T11:06:14.505-0800: 4.698: [GC pause (G1 Evacuation Pause) (young) (to-space exhausted), 0.0149675 secs]
   [Parallel Time: 12.4 ms, GC Workers: 10]
      [GC Worker Start (ms): Min: 4698.0, Avg: 4698.5, Max: 4698.8, Diff: 0.8]
      [Ext Root Scanning (ms): Min: 0.0, Avg: 0.1, Max: 0.2, Diff: 0.2, Sum: 0.7]
      [Update RS (ms): Min: 6.4, Avg: 6.7, Max: 7.0, Diff: 0.6, Sum: 66.7]
         [Processed Buffers: Min: 64, Avg: 69.0, Max: 74, Diff: 10, Sum: 690]
      [Scan RS (ms): Min: 0.0, Avg: 0.0, Max: 0.0, Diff: 0.0, Sum: 0.2]
      [Code Root Scanning (ms): Min: 0.0, Avg: 0.0, Max: 0.0, Diff: 0.0, Sum: 0.0]
      [Object Copy (ms): Min: 4.9, Avg: 4.9, Max: 5.0, Diff: 0.1, Sum: 49.0]
      [Termination (ms): Min: 0.0, Avg: 0.1, Max: 0.2, Diff: 0.2, Sum: 1.4]
         [Termination Attempts: Min: 1, Avg: 1.0, Max: 1, Diff: 0, Sum: 10]
      [GC Worker Other (ms): Min: 0.0, Avg: 0.0, Max: 0.0, Diff: 0.0, Sum: 0.1]
      [GC Worker Total (ms): Min: 11.5, Avg: 11.8, Max: 12.3, Diff: 0.9, Sum: 118.2]
      [GC Worker End (ms): Min: 4710.3, Avg: 4710.3, Max: 4710.4, Diff: 0.1]
   [Code Root Fixup: 0.0 ms]
   [Code Root Purge: 0.0 ms]
   [Clear CT: 0.2 ms]
   [Other: 2.4 ms]
      [Evacuation Failure: 0.3 ms]
      [Choose CSet: 0.0 ms]
      [Ref Proc: 1.6 ms]
      [Ref Enq: 0.0 ms]
      [Redirty Cards: 0.2 ms]
      [Humongous Register: 0.1 ms]
      [Humongous Reclaim: 0.1 ms]
      [Free CSet: 0.1 ms]
   [Eden: 256.0M(256.0M)->0.0B(18.0M) Survivors: 8192.0K->33.0M Heap: 847.9M(1024.0M)->630.0M(1024.0M)]
 [Times: user=0.13 sys=0.00, real=0.02 secs] 
2021-08-14T11:06:14.523-0800: 4.716: [GC pause (G1 Evacuation Pause) (mixed), 0.0083612 secs]
   [Parallel Time: 6.6 ms, GC Workers: 10]
      [GC Worker Start (ms): Min: 4716.2, Avg: 4717.3, Max: 4719.3, Diff: 3.1]
      [Ext Root Scanning (ms): Min: 0.0, Avg: 0.1, Max: 0.2, Diff: 0.2, Sum: 0.9]
      [Update RS (ms): Min: 0.0, Avg: 0.3, Max: 0.5, Diff: 0.5, Sum: 2.9]
         [Processed Buffers: Min: 0, Avg: 4.6, Max: 9, Diff: 9, Sum: 46]
      [Scan RS (ms): Min: 0.0, Avg: 0.1, Max: 0.1, Diff: 0.1, Sum: 0.7]
      [Code Root Scanning (ms): Min: 0.0, Avg: 0.0, Max: 0.0, Diff: 0.0, Sum: 0.0]
      [Object Copy (ms): Min: 2.5, Avg: 4.2, Max: 4.9, Diff: 2.3, Sum: 42.1]
      [Termination (ms): Min: 0.0, Avg: 0.7, Max: 0.8, Diff: 0.8, Sum: 7.3]
         [Termination Attempts: Min: 1, Avg: 1.0, Max: 1, Diff: 0, Sum: 10]
      [GC Worker Other (ms): Min: 0.0, Avg: 0.0, Max: 0.0, Diff: 0.0, Sum: 0.1]
      [GC Worker Total (ms): Min: 3.4, Avg: 5.4, Max: 6.5, Diff: 3.1, Sum: 54.1]
      [GC Worker End (ms): Min: 4722.6, Avg: 4722.7, Max: 4722.7, Diff: 0.1]
   [Code Root Fixup: 0.0 ms]
   [Code Root Purge: 0.0 ms]
   [Clear CT: 0.2 ms]
   [Other: 1.6 ms]
      [Choose CSet: 0.0 ms]
      [Ref Proc: 1.0 ms]
      [Ref Enq: 0.0 ms]
      [Redirty Cards: 0.1 ms]
      [Humongous Register: 0.1 ms]
      [Humongous Reclaim: 0.0 ms]
      [Free CSet: 0.1 ms]
   [Eden: 18.0M(18.0M)->0.0B(44.0M) Survivors: 33.0M->7168.0K Heap: 651.7M(1024.0M)->561.0M(1024.0M)]
 [Times: user=0.06 sys=0.00, real=0.01 secs] 
2021-08-14T11:06:14.541-0800: 4.734: [GC pause (G1 Evacuation Pause) (mixed), 0.0054083 secs]
   [Parallel Time: 3.8 ms, GC Workers: 10]
      [GC Worker Start (ms): Min: 4734.4, Avg: 4734.9, Max: 4736.0, Diff: 1.6]
      [Ext Root Scanning (ms): Min: 0.0, Avg: 0.1, Max: 0.2, Diff: 0.2, Sum: 0.8]
      [Update RS (ms): Min: 0.0, Avg: 1.0, Max: 1.4, Diff: 1.4, Sum: 9.9]
         [Processed Buffers: Min: 0, Avg: 9.2, Max: 16, Diff: 16, Sum: 92]
      [Scan RS (ms): Min: 0.0, Avg: 0.0, Max: 0.1, Diff: 0.1, Sum: 0.3]
      [Code Root Scanning (ms): Min: 0.0, Avg: 0.0, Max: 0.0, Diff: 0.0, Sum: 0.0]
      [Object Copy (ms): Min: 2.0, Avg: 2.1, Max: 2.2, Diff: 0.2, Sum: 20.9]
      [Termination (ms): Min: 0.0, Avg: 0.0, Max: 0.1, Diff: 0.1, Sum: 0.5]
         [Termination Attempts: Min: 1, Avg: 1.0, Max: 1, Diff: 0, Sum: 10]
      [GC Worker Other (ms): Min: 0.0, Avg: 0.0, Max: 0.0, Diff: 0.0, Sum: 0.1]
      [GC Worker Total (ms): Min: 2.1, Avg: 3.3, Max: 3.7, Diff: 1.6, Sum: 32.6]
      [GC Worker End (ms): Min: 4738.1, Avg: 4738.1, Max: 4738.2, Diff: 0.1]
   [Code Root Fixup: 0.0 ms]
   [Code Root Purge: 0.0 ms]
   [Clear CT: 0.1 ms]
   [Other: 1.5 ms]
      [Choose CSet: 0.0 ms]
      [Ref Proc: 0.9 ms]
      [Ref Enq: 0.0 ms]
      [Redirty Cards: 0.2 ms]
      [Humongous Register: 0.1 ms]
      [Humongous Reclaim: 0.0 ms]
      [Free CSet: 0.1 ms]
   [Eden: 44.0M(44.0M)->0.0B(219.0M) Survivors: 7168.0K->7168.0K Heap: 615.0M(1024.0M)->557.3M(1024.0M)]
 [Times: user=0.03 sys=0.00, real=0.00 secs] 
2021-08-14T11:06:14.547-0800: 4.740: [GC pause (G1 Humongous Allocation) (young) (initial-mark), 0.0027182 secs]
   [Parallel Time: 1.0 ms, GC Workers: 10]
      [GC Worker Start (ms): Min: 4740.4, Avg: 4740.6, Max: 4740.7, Diff: 0.3]
      [Ext Root Scanning (ms): Min: 0.0, Avg: 0.2, Max: 0.4, Diff: 0.4, Sum: 2.5]
      [Update RS (ms): Min: 0.0, Avg: 0.1, Max: 0.2, Diff: 0.2, Sum: 0.9]
         [Processed Buffers: Min: 0, Avg: 1.1, Max: 3, Diff: 3, Sum: 11]
      [Scan RS (ms): Min: 0.0, Avg: 0.0, Max: 0.0, Diff: 0.0, Sum: 0.0]
      [Code Root Scanning (ms): Min: 0.0, Avg: 0.0, Max: 0.0, Diff: 0.0, Sum: 0.0]
      [Object Copy (ms): Min: 0.2, Avg: 0.3, Max: 0.4, Diff: 0.2, Sum: 3.5]
      [Termination (ms): Min: 0.0, Avg: 0.1, Max: 0.1, Diff: 0.1, Sum: 0.7]
         [Termination Attempts: Min: 1, Avg: 1.0, Max: 1, Diff: 0, Sum: 10]
      [GC Worker Other (ms): Min: 0.0, Avg: 0.0, Max: 0.0, Diff: 0.0, Sum: 0.1]
      [GC Worker Total (ms): Min: 0.6, Avg: 0.8, Max: 0.9, Diff: 0.3, Sum: 7.7]
      [GC Worker End (ms): Min: 4741.3, Avg: 4741.4, Max: 4741.4, Diff: 0.1]
   [Code Root Fixup: 0.0 ms]
   [Code Root Purge: 0.0 ms]
   [Clear CT: 0.1 ms]
   [Other: 1.6 ms]
      [Choose CSet: 0.0 ms]
      [Ref Proc: 1.1 ms]
      [Ref Enq: 0.0 ms]
      [Redirty Cards: 0.1 ms]
      [Humongous Register: 0.1 ms]
      [Humongous Reclaim: 0.0 ms]
      [Free CSet: 0.0 ms]
   [Eden: 4096.0K(219.0M)->0.0B(224.0M) Survivors: 7168.0K->7168.0K Heap: 560.6M(1024.0M)->557.2M(1024.0M)]
 [Times: user=0.01 sys=0.00, real=0.01 secs] 
2021-08-14T11:06:14.550-0800: 4.743: [GC concurrent-root-region-scan-start]
2021-08-14T11:06:14.550-0800: 4.743: [GC concurrent-root-region-scan-end, 0.0000860 secs]
2021-08-14T11:06:14.550-0800: 4.743: [GC concurrent-mark-start]
2021-08-14T11:06:14.551-0800: 4.745: [GC concurrent-mark-end, 0.0013068 secs]
2021-08-14T11:06:14.551-0800: 4.745: [GC remark 2021-08-14T11:06:14.551-0800: 4.745: [Finalize Marking, 0.0016693 secs] 2021-08-14T11:06:14.553-0800: 4.746: [GC ref-proc, 0.0000594 secs] 2021-08-14T11:06:14.553-0800: 4.746: [Unloading, 0.0004997 secs], 0.0033452 secs]
 [Times: user=0.02 sys=0.00, real=0.00 secs] 
2021-08-14T11:06:14.555-0800: 4.748: [GC cleanup 565M->561M(1024M), 0.0011131 secs]
 [Times: user=0.00 sys=0.00, real=0.00 secs] 
2021-08-14T11:06:14.556-0800: 4.749: [GC concurrent-cleanup-start]
2021-08-14T11:06:14.556-0800: 4.749: [GC concurrent-cleanup-end, 0.0000112 secs]
2021-08-14T11:06:14.595-0800: 4.788: [GC pause (G1 Evacuation Pause) (young), 0.0112671 secs]
   [Parallel Time: 10.1 ms, GC Workers: 10]
      [GC Worker Start (ms): Min: 4788.5, Avg: 4788.7, Max: 4788.8, Diff: 0.2]
      [Ext Root Scanning (ms): Min: 0.0, Avg: 0.1, Max: 0.2, Diff: 0.2, Sum: 1.0]
      [Update RS (ms): Min: 4.7, Avg: 4.7, Max: 4.7, Diff: 0.1, Sum: 47.2]
         [Processed Buffers: Min: 44, Avg: 48.2, Max: 56, Diff: 12, Sum: 482]
      [Scan RS (ms): Min: 0.0, Avg: 0.0, Max: 0.0, Diff: 0.0, Sum: 0.2]
      [Code Root Scanning (ms): Min: 0.0, Avg: 0.0, Max: 0.0, Diff: 0.0, Sum: 0.0]
      [Object Copy (ms): Min: 4.9, Avg: 4.9, Max: 5.0, Diff: 0.1, Sum: 49.5]
      [Termination (ms): Min: 0.0, Avg: 0.1, Max: 0.1, Diff: 0.1, Sum: 0.6]
         [Termination Attempts: Min: 1, Avg: 1.0, Max: 1, Diff: 0, Sum: 10]
      [GC Worker Other (ms): Min: 0.0, Avg: 0.0, Max: 0.0, Diff: 0.0, Sum: 0.1]
      [GC Worker Total (ms): Min: 9.8, Avg: 9.9, Max: 10.0, Diff: 0.2, Sum: 98.6]
      [GC Worker End (ms): Min: 4798.5, Avg: 4798.5, Max: 4798.5, Diff: 0.0]
   [Code Root Fixup: 0.0 ms]
   [Code Root Purge: 0.0 ms]
   [Clear CT: 0.2 ms]
   [Other: 1.0 ms]
      [Choose CSet: 0.0 ms]
      [Ref Proc: 0.5 ms]
      [Ref Enq: 0.0 ms]
      [Redirty Cards: 0.1 ms]
      [Humongous Register: 0.1 ms]
      [Humongous Reclaim: 0.1 ms]
      [Free CSet: 0.1 ms]
   [Eden: 224.0M(224.0M)->0.0B(22.0M) Survivors: 7168.0K->29.0M Heap: 836.0M(1024.0M)->610.9M(1024.0M)]
 [Times: user=0.10 sys=0.01, real=0.01 secs] 
2021-08-14T11:06:14.611-0800: 4.804: [GC pause (G1 Evacuation Pause) (mixed), 0.0068315 secs]
   [Parallel Time: 5.0 ms, GC Workers: 10]
      [GC Worker Start (ms): Min: 4804.5, Avg: 4804.6, Max: 4804.7, Diff: 0.1]
      [Ext Root Scanning (ms): Min: 0.0, Avg: 0.1, Max: 0.2, Diff: 0.1, Sum: 1.1]
      [Update RS (ms): Min: 0.6, Avg: 0.6, Max: 0.7, Diff: 0.1, Sum: 6.4]
         [Processed Buffers: Min: 5, Avg: 6.5, Max: 7, Diff: 2, Sum: 65]
      [Scan RS (ms): Min: 0.0, Avg: 0.0, Max: 0.1, Diff: 0.1, Sum: 0.4]
      [Code Root Scanning (ms): Min: 0.0, Avg: 0.0, Max: 0.0, Diff: 0.0, Sum: 0.0]
      [Object Copy (ms): Min: 3.9, Avg: 4.0, Max: 4.0, Diff: 0.1, Sum: 39.6]
      [Termination (ms): Min: 0.0, Avg: 0.1, Max: 0.1, Diff: 0.1, Sum: 0.6]
         [Termination Attempts: Min: 1, Avg: 1.1, Max: 2, Diff: 1, Sum: 11]
      [GC Worker Other (ms): Min: 0.0, Avg: 0.0, Max: 0.0, Diff: 0.0, Sum: 0.1]
      [GC Worker Total (ms): Min: 4.8, Avg: 4.8, Max: 4.9, Diff: 0.1, Sum: 48.2]
      [GC Worker End (ms): Min: 4809.4, Avg: 4809.4, Max: 4809.4, Diff: 0.0]
   [Code Root Fixup: 0.0 ms]
   [Code Root Purge: 0.0 ms]
   [Clear CT: 0.2 ms]
   [Other: 1.6 ms]
      [Choose CSet: 0.0 ms]
      [Ref Proc: 1.1 ms]
      [Ref Enq: 0.0 ms]
      [Redirty Cards: 0.1 ms]
      [Humongous Register: 0.1 ms]
      [Humongous Reclaim: 0.0 ms]
      [Free CSet: 0.1 ms]
   [Eden: 22.0M(22.0M)->0.0B(44.0M) Survivors: 29.0M->7168.0K Heap: 639.6M(1024.0M)->537.2M(1024.0M)]
 [Times: user=0.05 sys=0.00, real=0.00 secs] 
2021-08-14T11:06:14.628-0800: 4.821: [GC pause (G1 Evacuation Pause) (mixed), 0.0075164 secs]
   [Parallel Time: 5.5 ms, GC Workers: 10]
      [GC Worker Start (ms): Min: 4821.3, Avg: 4821.7, Max: 4822.1, Diff: 0.8]
      [Ext Root Scanning (ms): Min: 0.0, Avg: 0.1, Max: 0.4, Diff: 0.4, Sum: 0.8]
      [Update RS (ms): Min: 0.9, Avg: 1.3, Max: 1.5, Diff: 0.5, Sum: 12.7]
         [Processed Buffers: Min: 6, Avg: 11.1, Max: 16, Diff: 10, Sum: 111]
      [Scan RS (ms): Min: 0.0, Avg: 0.1, Max: 0.2, Diff: 0.2, Sum: 0.7]
      [Code Root Scanning (ms): Min: 0.0, Avg: 0.0, Max: 0.0, Diff: 0.0, Sum: 0.0]
      [Object Copy (ms): Min: 3.4, Avg: 3.6, Max: 3.6, Diff: 0.2, Sum: 35.5]
      [Termination (ms): Min: 0.0, Avg: 0.1, Max: 0.1, Diff: 0.1, Sum: 0.6]
         [Termination Attempts: Min: 1, Avg: 1.2, Max: 2, Diff: 1, Sum: 12]
      [GC Worker Other (ms): Min: 0.0, Avg: 0.0, Max: 0.0, Diff: 0.0, Sum: 0.2]
      [GC Worker Total (ms): Min: 4.6, Avg: 5.0, Max: 5.4, Diff: 0.8, Sum: 50.4]
      [GC Worker End (ms): Min: 4826.7, Avg: 4826.7, Max: 4826.7, Diff: 0.0]
   [Code Root Fixup: 0.0 ms]
   [Code Root Purge: 0.0 ms]
   [Clear CT: 0.2 ms]
   [Other: 1.7 ms]
      [Choose CSet: 0.0 ms]
      [Ref Proc: 1.1 ms]
      [Ref Enq: 0.0 ms]
      [Redirty Cards: 0.1 ms]
      [Humongous Register: 0.2 ms]
      [Humongous Reclaim: 0.1 ms]
      [Free CSet: 0.1 ms]
   [Eden: 44.0M(44.0M)->0.0B(273.0M) Survivors: 7168.0K->7168.0K Heap: 593.6M(1024.0M)->500.0M(1024.0M)]
 [Times: user=0.06 sys=0.00, real=0.01 secs] 
2021-08-14T11:06:14.635-0800: 4.829: [GC pause (G1 Humongous Allocation) (young) (initial-mark), 0.0020648 secs]
   [Parallel Time: 1.0 ms, GC Workers: 10]
      [GC Worker Start (ms): Min: 4828.9, Avg: 4829.0, Max: 4829.2, Diff: 0.3]
      [Ext Root Scanning (ms): Min: 0.0, Avg: 0.3, Max: 0.5, Diff: 0.5, Sum: 2.8]
      [Update RS (ms): Min: 0.0, Avg: 0.1, Max: 0.2, Diff: 0.2, Sum: 1.0]
         [Processed Buffers: Min: 0, Avg: 1.1, Max: 4, Diff: 4, Sum: 11]
      [Scan RS (ms): Min: 0.0, Avg: 0.0, Max: 0.0, Diff: 0.0, Sum: 0.0]
      [Code Root Scanning (ms): Min: 0.0, Avg: 0.0, Max: 0.0, Diff: 0.0, Sum: 0.0]
      [Object Copy (ms): Min: 0.4, Avg: 0.4, Max: 0.5, Diff: 0.1, Sum: 4.3]
      [Termination (ms): Min: 0.0, Avg: 0.0, Max: 0.1, Diff: 0.1, Sum: 0.4]
         [Termination Attempts: Min: 1, Avg: 1.0, Max: 1, Diff: 0, Sum: 10]
      [GC Worker Other (ms): Min: 0.0, Avg: 0.0, Max: 0.0, Diff: 0.0, Sum: 0.1]
      [GC Worker Total (ms): Min: 0.7, Avg: 0.9, Max: 0.9, Diff: 0.3, Sum: 8.6]
      [GC Worker End (ms): Min: 4829.9, Avg: 4829.9, Max: 4829.9, Diff: 0.0]
   [Code Root Fixup: 0.0 ms]
   [Code Root Purge: 0.0 ms]
   [Clear CT: 0.1 ms]
   [Other: 0.9 ms]
      [Choose CSet: 0.0 ms]
      [Ref Proc: 0.4 ms]
      [Ref Enq: 0.0 ms]
      [Redirty Cards: 0.1 ms]
      [Humongous Register: 0.1 ms]
      [Humongous Reclaim: 0.0 ms]
      [Free CSet: 0.0 ms]
   [Eden: 1024.0K(273.0M)->0.0B(269.0M) Survivors: 7168.0K->8192.0K Heap: 500.3M(1024.0M)->500.4M(1024.0M)]
 [Times: user=0.01 sys=0.00, real=0.00 secs] 
2021-08-14T11:06:14.638-0800: 4.831: [GC concurrent-root-region-scan-start]
2021-08-14T11:06:14.638-0800: 4.831: [GC concurrent-root-region-scan-end, 0.0001039 secs]
2021-08-14T11:06:14.638-0800: 4.831: [GC concurrent-mark-start]
2021-08-14T11:06:14.639-0800: 4.832: [GC concurrent-mark-end, 0.0013870 secs]
2021-08-14T11:06:14.639-0800: 4.833: [GC remark 2021-08-14T11:06:14.639-0800: 4.833: [Finalize Marking, 0.0006860 secs] 2021-08-14T11:06:14.640-0800: 4.833: [GC ref-proc, 0.0000649 secs] 2021-08-14T11:06:14.640-0800: 4.833: [Unloading, 0.0006015 secs], 0.0024098 secs]
 [Times: user=0.01 sys=0.00, real=0.01 secs] 
2021-08-14T11:06:14.642-0800: 4.835: [GC cleanup 507M->505M(1024M), 0.0013219 secs]
 [Times: user=0.01 sys=0.00, real=0.00 secs] 
2021-08-14T11:06:14.643-0800: 4.837: [GC concurrent-cleanup-start]
2021-08-14T11:06:14.643-0800: 4.837: [GC concurrent-cleanup-end, 0.0000112 secs]
2021-08-14T11:06:14.694-0800: 4.887: [GC pause (G1 Evacuation Pause) (young) (to-space exhausted), 0.0157859 secs]
   [Parallel Time: 13.1 ms, GC Workers: 10]
      [GC Worker Start (ms): Min: 4887.6, Avg: 4889.5, Max: 4894.9, Diff: 7.3]
      [Ext Root Scanning (ms): Min: 0.0, Avg: 0.1, Max: 0.2, Diff: 0.2, Sum: 0.5]
      [Update RS (ms): Min: 0.4, Avg: 5.8, Max: 7.6, Diff: 7.2, Sum: 57.6]
         [Processed Buffers: Min: 3, Avg: 60.8, Max: 103, Diff: 100, Sum: 608]
      [Scan RS (ms): Min: 0.0, Avg: 0.0, Max: 0.1, Diff: 0.0, Sum: 0.3]
      [Code Root Scanning (ms): Min: 0.0, Avg: 0.0, Max: 0.0, Diff: 0.0, Sum: 0.0]
      [Object Copy (ms): Min: 5.0, Avg: 5.1, Max: 5.2, Diff: 0.2, Sum: 50.8]
      [Termination (ms): Min: 0.0, Avg: 0.2, Max: 0.2, Diff: 0.2, Sum: 1.6]
         [Termination Attempts: Min: 1, Avg: 1.0, Max: 1, Diff: 0, Sum: 10]
      [GC Worker Other (ms): Min: 0.0, Avg: 0.0, Max: 0.0, Diff: 0.0, Sum: 0.2]
      [GC Worker Total (ms): Min: 5.7, Avg: 11.1, Max: 13.0, Diff: 7.3, Sum: 111.0]
      [GC Worker End (ms): Min: 4900.5, Avg: 4900.6, Max: 4900.7, Diff: 0.1]
   [Code Root Fixup: 0.0 ms]
   [Code Root Purge: 0.0 ms]
   [Clear CT: 0.2 ms]
   [Other: 2.4 ms]
      [Evacuation Failure: 0.4 ms]
      [Choose CSet: 0.0 ms]
      [Ref Proc: 1.5 ms]
      [Ref Enq: 0.0 ms]
      [Redirty Cards: 0.1 ms]
      [Humongous Register: 0.1 ms]
      [Humongous Reclaim: 0.1 ms]
      [Free CSet: 0.1 ms]
   [Eden: 269.0M(269.0M)->0.0B(16.0M) Survivors: 8192.0K->35.0M Heap: 842.1M(1024.0M)->647.5M(1024.0M)]
 [Times: user=0.11 sys=0.00, real=0.02 secs] 
2021-08-14T11:06:14.713-0800: 4.906: [GC pause (G1 Evacuation Pause) (mixed), 0.0083288 secs]
   [Parallel Time: 6.6 ms, GC Workers: 10]
      [GC Worker Start (ms): Min: 4906.3, Avg: 4906.6, Max: 4907.1, Diff: 0.8]
      [Ext Root Scanning (ms): Min: 0.0, Avg: 0.1, Max: 0.2, Diff: 0.2, Sum: 0.6]
      [Update RS (ms): Min: 0.0, Avg: 0.2, Max: 0.3, Diff: 0.3, Sum: 1.9]
         [Processed Buffers: Min: 0, Avg: 3.0, Max: 6, Diff: 6, Sum: 30]
      [Scan RS (ms): Min: 0.0, Avg: 0.1, Max: 0.1, Diff: 0.1, Sum: 0.5]
      [Code Root Scanning (ms): Min: 0.0, Avg: 0.0, Max: 0.0, Diff: 0.0, Sum: 0.0]
      [Object Copy (ms): Min: 4.8, Avg: 5.1, Max: 5.8, Diff: 1.0, Sum: 51.4]
      [Termination (ms): Min: 0.0, Avg: 0.7, Max: 0.9, Diff: 0.9, Sum: 7.1]
         [Termination Attempts: Min: 1, Avg: 1.0, Max: 1, Diff: 0, Sum: 10]
      [GC Worker Other (ms): Min: 0.0, Avg: 0.0, Max: 0.0, Diff: 0.0, Sum: 0.1]
      [GC Worker Total (ms): Min: 5.7, Avg: 6.2, Max: 6.5, Diff: 0.8, Sum: 61.6]
      [GC Worker End (ms): Min: 4912.7, Avg: 4912.8, Max: 4912.9, Diff: 0.1]
   [Code Root Fixup: 0.0 ms]
   [Code Root Purge: 0.0 ms]
   [Clear CT: 0.2 ms]
   [Other: 1.6 ms]
      [Choose CSet: 0.0 ms]
      [Ref Proc: 1.0 ms]
      [Ref Enq: 0.0 ms]
      [Redirty Cards: 0.1 ms]
      [Humongous Register: 0.1 ms]
      [Humongous Reclaim: 0.0 ms]
      [Free CSet: 0.1 ms]
   [Eden: 16.0M(16.0M)->0.0B(47.0M) Survivors: 35.0M->4096.0K Heap: 665.5M(1024.0M)->576.8M(1024.0M)]
 [Times: user=0.06 sys=0.01, real=0.01 secs] 
2021-08-14T11:06:14.731-0800: 4.925: [GC pause (G1 Evacuation Pause) (mixed), 0.0061549 secs]
   [Parallel Time: 4.3 ms, GC Workers: 10]
      [GC Worker Start (ms): Min: 4924.9, Avg: 4925.9, Max: 4926.9, Diff: 2.0]
      [Ext Root Scanning (ms): Min: 0.0, Avg: 0.1, Max: 0.2, Diff: 0.2, Sum: 0.6]
      [Update RS (ms): Min: 0.4, Avg: 1.3, Max: 2.3, Diff: 1.8, Sum: 12.7]
         [Processed Buffers: Min: 3, Avg: 14.2, Max: 28, Diff: 25, Sum: 142]
      [Scan RS (ms): Min: 0.0, Avg: 0.0, Max: 0.1, Diff: 0.1, Sum: 0.5]
      [Code Root Scanning (ms): Min: 0.0, Avg: 0.0, Max: 0.1, Diff: 0.1, Sum: 0.1]
      [Object Copy (ms): Min: 1.6, Avg: 1.7, Max: 1.8, Diff: 0.2, Sum: 16.5]
      [Termination (ms): Min: 0.0, Avg: 0.1, Max: 0.2, Diff: 0.2, Sum: 1.0]
         [Termination Attempts: Min: 1, Avg: 1.0, Max: 1, Diff: 0, Sum: 10]
      [GC Worker Other (ms): Min: 0.0, Avg: 0.0, Max: 0.0, Diff: 0.0, Sum: 0.1]
      [GC Worker Total (ms): Min: 2.2, Avg: 3.1, Max: 4.2, Diff: 2.0, Sum: 31.5]
      [GC Worker End (ms): Min: 4929.1, Avg: 4929.1, Max: 4929.2, Diff: 0.1]
   [Code Root Fixup: 0.0 ms]
   [Code Root Purge: 0.0 ms]
   [Clear CT: 0.1 ms]
   [Other: 1.7 ms]
      [Choose CSet: 0.0 ms]
      [Ref Proc: 1.3 ms]
      [Ref Enq: 0.0 ms]
      [Redirty Cards: 0.1 ms]
      [Humongous Register: 0.1 ms]
      [Humongous Reclaim: 0.0 ms]
      [Free CSet: 0.1 ms]
   [Eden: 47.0M(47.0M)->0.0B(201.0M) Survivors: 4096.0K->7168.0K Heap: 640.2M(1024.0M)->586.5M(1024.0M)]
 [Times: user=0.03 sys=0.00, real=0.00 secs] 
2021-08-14T11:06:14.738-0800: 4.931: [GC pause (G1 Humongous Allocation) (young) (initial-mark), 0.0042400 secs]
   [Parallel Time: 2.0 ms, GC Workers: 10]
      [GC Worker Start (ms): Min: 4931.3, Avg: 4931.5, Max: 4931.6, Diff: 0.3]
      [Ext Root Scanning (ms): Min: 0.0, Avg: 0.8, Max: 1.5, Diff: 1.5, Sum: 7.7]
      [Update RS (ms): Min: 0.0, Avg: 0.1, Max: 0.2, Diff: 0.2, Sum: 0.6]
         [Processed Buffers: Min: 0, Avg: 1.1, Max: 4, Diff: 4, Sum: 11]
      [Scan RS (ms): Min: 0.0, Avg: 0.0, Max: 0.0, Diff: 0.0, Sum: 0.0]
      [Code Root Scanning (ms): Min: 0.0, Avg: 0.0, Max: 0.0, Diff: 0.0, Sum: 0.0]
      [Object Copy (ms): Min: 0.0, Avg: 0.1, Max: 0.4, Diff: 0.4, Sum: 1.1]
      [Termination (ms): Min: 0.0, Avg: 0.8, Max: 1.2, Diff: 1.2, Sum: 7.6]
         [Termination Attempts: Min: 1, Avg: 1.2, Max: 2, Diff: 1, Sum: 12]
      [GC Worker Other (ms): Min: 0.0, Avg: 0.0, Max: 0.0, Diff: 0.0, Sum: 0.1]
      [GC Worker Total (ms): Min: 1.5, Avg: 1.7, Max: 2.0, Diff: 0.5, Sum: 17.1]
      [GC Worker End (ms): Min: 4933.0, Avg: 4933.2, Max: 4933.3, Diff: 0.2]
   [Code Root Fixup: 0.0 ms]
   [Code Root Purge: 0.0 ms]
   [Clear CT: 0.1 ms]
   [Other: 2.1 ms]
      [Choose CSet: 0.0 ms]
      [Ref Proc: 1.7 ms]
      [Ref Enq: 0.0 ms]
      [Redirty Cards: 0.1 ms]
      [Humongous Register: 0.1 ms]
      [Humongous Reclaim: 0.0 ms]
      [Free CSet: 0.0 ms]
   [Eden: 1024.0K(201.0M)->0.0B(211.0M) Survivors: 7168.0K->7168.0K Heap: 586.9M(1024.0M)->586.3M(1024.0M)]
 [Times: user=0.02 sys=0.00, real=0.01 secs] 
2021-08-14T11:06:14.742-0800: 4.935: [GC concurrent-root-region-scan-start]
2021-08-14T11:06:14.742-0800: 4.936: [GC concurrent-root-region-scan-end, 0.0001164 secs]
2021-08-14T11:06:14.742-0800: 4.936: [GC concurrent-mark-start]
2021-08-14T11:06:14.744-0800: 4.937: [GC concurrent-mark-end, 0.0013701 secs]
2021-08-14T11:06:14.744-0800: 4.937: [GC remark 2021-08-14T11:06:14.744-0800: 4.937: [Finalize Marking, 0.0008644 secs] 2021-08-14T11:06:14.745-0800: 4.938: [GC ref-proc, 0.0000542 secs] 2021-08-14T11:06:14.745-0800: 4.938: [Unloading, 0.0005926 secs], 0.0029616 secs]
 [Times: user=0.01 sys=0.00, real=0.00 secs] 
2021-08-14T11:06:14.747-0800: 4.940: [GC cleanup 595M->591M(1024M), 0.0013505 secs]
 [Times: user=0.01 sys=0.00, real=0.00 secs] 
2021-08-14T11:06:14.748-0800: 4.942: [GC concurrent-cleanup-start]
2021-08-14T11:06:14.748-0800: 4.942: [GC concurrent-cleanup-end, 0.0000097 secs]
2021-08-14T11:06:14.787-0800: 4.980: [GC pause (G1 Evacuation Pause) (young) (to-space exhausted), 0.0115487 secs]
   [Parallel Time: 9.8 ms, GC Workers: 10]
      [GC Worker Start (ms): Min: 4980.3, Avg: 4980.4, Max: 4980.5, Diff: 0.1]
      [Ext Root Scanning (ms): Min: 0.0, Avg: 0.1, Max: 0.2, Diff: 0.1, Sum: 1.0]
      [Update RS (ms): Min: 4.8, Avg: 4.9, Max: 4.9, Diff: 0.1, Sum: 48.6]
         [Processed Buffers: Min: 46, Avg: 50.2, Max: 54, Diff: 8, Sum: 502]
      [Scan RS (ms): Min: 0.0, Avg: 0.0, Max: 0.0, Diff: 0.0, Sum: 0.2]
      [Code Root Scanning (ms): Min: 0.0, Avg: 0.0, Max: 0.0, Diff: 0.0, Sum: 0.0]
      [Object Copy (ms): Min: 4.5, Avg: 4.6, Max: 4.7, Diff: 0.1, Sum: 46.1]
      [Termination (ms): Min: 0.0, Avg: 0.1, Max: 0.1, Diff: 0.1, Sum: 0.6]
         [Termination Attempts: Min: 1, Avg: 1.0, Max: 1, Diff: 0, Sum: 10]
      [GC Worker Other (ms): Min: 0.0, Avg: 0.0, Max: 0.0, Diff: 0.0, Sum: 0.1]
      [GC Worker Total (ms): Min: 9.6, Avg: 9.7, Max: 9.8, Diff: 0.2, Sum: 96.7]
      [GC Worker End (ms): Min: 4990.1, Avg: 4990.1, Max: 4990.1, Diff: 0.0]
   [Code Root Fixup: 0.0 ms]
   [Code Root Purge: 0.0 ms]
   [Clear CT: 0.2 ms]
   [Other: 1.6 ms]
      [Evacuation Failure: 0.2 ms]
      [Choose CSet: 0.0 ms]
      [Ref Proc: 0.9 ms]
      [Ref Enq: 0.0 ms]
      [Redirty Cards: 0.1 ms]
      [Humongous Register: 0.1 ms]
      [Humongous Reclaim: 0.1 ms]
      [Free CSet: 0.1 ms]
   [Eden: 211.0M(211.0M)->0.0B(23.0M) Survivors: 7168.0K->28.0M Heap: 855.5M(1024.0M)->664.8M(1024.0M)]
 [Times: user=0.10 sys=0.00, real=0.01 secs] 
2021-08-14T11:06:14.803-0800: 4.996: [GC pause (G1 Evacuation Pause) (mixed), 0.0056901 secs]
   [Parallel Time: 4.3 ms, GC Workers: 10]
      [GC Worker Start (ms): Min: 4996.4, Avg: 4997.1, Max: 4999.2, Diff: 2.7]
      [Ext Root Scanning (ms): Min: 0.0, Avg: 0.1, Max: 0.2, Diff: 0.2, Sum: 0.8]
      [Update RS (ms): Min: 0.0, Avg: 0.3, Max: 0.5, Diff: 0.5, Sum: 2.9]
         [Processed Buffers: Min: 0, Avg: 4.8, Max: 11, Diff: 11, Sum: 48]
      [Scan RS (ms): Min: 0.0, Avg: 0.0, Max: 0.0, Diff: 0.0, Sum: 0.3]
      [Code Root Scanning (ms): Min: 0.0, Avg: 0.0, Max: 0.0, Diff: 0.0, Sum: 0.0]
      [Object Copy (ms): Min: 1.3, Avg: 3.1, Max: 3.4, Diff: 2.1, Sum: 30.6]
      [Termination (ms): Min: 0.0, Avg: 0.0, Max: 0.1, Diff: 0.1, Sum: 0.4]
         [Termination Attempts: Min: 1, Avg: 1.0, Max: 1, Diff: 0, Sum: 10]
      [GC Worker Other (ms): Min: 0.0, Avg: 0.0, Max: 0.0, Diff: 0.0, Sum: 0.1]
      [GC Worker Total (ms): Min: 1.4, Avg: 3.5, Max: 4.2, Diff: 2.7, Sum: 35.1]
      [GC Worker End (ms): Min: 5000.6, Avg: 5000.6, Max: 5000.6, Diff: 0.0]
   [Code Root Fixup: 0.0 ms]
   [Code Root Purge: 0.0 ms]
   [Clear CT: 0.2 ms]
   [Other: 1.3 ms]
      [Choose CSet: 0.0 ms]
      [Ref Proc: 0.7 ms]
      [Ref Enq: 0.0 ms]
      [Redirty Cards: 0.2 ms]
      [Humongous Register: 0.1 ms]
      [Humongous Reclaim: 0.0 ms]
      [Free CSet: 0.1 ms]
   [Eden: 23.0M(23.0M)->0.0B(44.0M) Survivors: 28.0M->7168.0K Heap: 691.5M(1024.0M)->583.2M(1024.0M)]
 [Times: user=0.03 sys=0.00, real=0.00 secs] 
2021-08-14T11:06:14.819-0800: 5.012: [GC pause (G1 Evacuation Pause) (mixed), 0.0074038 secs]
   [Parallel Time: 5.7 ms, GC Workers: 10]
      [GC Worker Start (ms): Min: 5012.3, Avg: 5012.6, Max: 5013.6, Diff: 1.4]
      [Ext Root Scanning (ms): Min: 0.0, Avg: 0.1, Max: 0.2, Diff: 0.2, Sum: 0.8]
      [Update RS (ms): Min: 0.0, Avg: 0.8, Max: 1.1, Diff: 1.1, Sum: 7.7]
         [Processed Buffers: Min: 0, Avg: 9.4, Max: 14, Diff: 14, Sum: 94]
      [Scan RS (ms): Min: 0.0, Avg: 0.0, Max: 0.1, Diff: 0.1, Sum: 0.4]
      [Code Root Scanning (ms): Min: 0.0, Avg: 0.0, Max: 0.0, Diff: 0.0, Sum: 0.0]
      [Object Copy (ms): Min: 4.2, Avg: 4.3, Max: 4.3, Diff: 0.1, Sum: 42.6]
      [Termination (ms): Min: 0.0, Avg: 0.1, Max: 0.1, Diff: 0.1, Sum: 0.8]
         [Termination Attempts: Min: 1, Avg: 1.1, Max: 2, Diff: 1, Sum: 11]
      [GC Worker Other (ms): Min: 0.0, Avg: 0.0, Max: 0.0, Diff: 0.0, Sum: 0.1]
      [GC Worker Total (ms): Min: 4.3, Avg: 5.2, Max: 5.6, Diff: 1.3, Sum: 52.4]
      [GC Worker End (ms): Min: 5017.9, Avg: 5017.9, Max: 5017.9, Diff: 0.1]
   [Code Root Fixup: 0.0 ms]
   [Code Root Purge: 0.0 ms]
   [Clear CT: 0.2 ms]
   [Other: 1.5 ms]
      [Choose CSet: 0.0 ms]
      [Ref Proc: 1.0 ms]
      [Ref Enq: 0.0 ms]
      [Redirty Cards: 0.1 ms]
      [Humongous Register: 0.1 ms]
      [Humongous Reclaim: 0.0 ms]
      [Free CSet: 0.1 ms]
   [Eden: 44.0M(44.0M)->0.0B(44.0M) Survivors: 7168.0K->7168.0K Heap: 637.5M(1024.0M)->531.1M(1024.0M)]
 [Times: user=0.05 sys=0.00, real=0.01 secs] 
2021-08-14T11:06:14.834-0800: 5.028: [GC pause (G1 Evacuation Pause) (mixed), 0.0045458 secs]
   [Parallel Time: 3.0 ms, GC Workers: 10]
      [GC Worker Start (ms): Min: 5027.9, Avg: 5028.0, Max: 5028.1, Diff: 0.2]
      [Ext Root Scanning (ms): Min: 0.0, Avg: 0.1, Max: 0.2, Diff: 0.2, Sum: 1.0]
      [Update RS (ms): Min: 0.9, Avg: 0.9, Max: 1.0, Diff: 0.1, Sum: 9.4]
         [Processed Buffers: Min: 6, Avg: 9.3, Max: 11, Diff: 5, Sum: 93]
      [Scan RS (ms): Min: 0.0, Avg: 0.0, Max: 0.0, Diff: 0.0, Sum: 0.1]
      [Code Root Scanning (ms): Min: 0.0, Avg: 0.0, Max: 0.0, Diff: 0.0, Sum: 0.0]
      [Object Copy (ms): Min: 1.5, Avg: 1.6, Max: 1.7, Diff: 0.2, Sum: 16.4]
      [Termination (ms): Min: 0.0, Avg: 0.1, Max: 0.2, Diff: 0.2, Sum: 1.2]
         [Termination Attempts: Min: 1, Avg: 1.0, Max: 1, Diff: 0, Sum: 10]
      [GC Worker Other (ms): Min: 0.0, Avg: 0.0, Max: 0.0, Diff: 0.0, Sum: 0.1]
      [GC Worker Total (ms): Min: 2.7, Avg: 2.8, Max: 2.9, Diff: 0.2, Sum: 28.2]
      [GC Worker End (ms): Min: 5030.8, Avg: 5030.8, Max: 5030.9, Diff: 0.1]
   [Code Root Fixup: 0.0 ms]
   [Code Root Purge: 0.0 ms]
   [Clear CT: 0.1 ms]
   [Other: 1.4 ms]
      [Choose CSet: 0.0 ms]
      [Ref Proc: 1.0 ms]
      [Ref Enq: 0.0 ms]
      [Redirty Cards: 0.1 ms]
      [Humongous Register: 0.1 ms]
      [Humongous Reclaim: 0.0 ms]
      [Free CSet: 0.0 ms]
   [Eden: 44.0M(44.0M)->0.0B(239.0M) Survivors: 7168.0K->7168.0K Heap: 585.3M(1024.0M)->543.7M(1024.0M)]
 [Times: user=0.03 sys=0.00, real=0.00 secs] 
2021-08-14T11:06:14.839-0800: 5.033: [GC pause (G1 Humongous Allocation) (young) (initial-mark), 0.0035062 secs]
   [Parallel Time: 2.0 ms, GC Workers: 10]
      [GC Worker Start (ms): Min: 5032.7, Avg: 5032.8, Max: 5033.0, Diff: 0.2]
      [Ext Root Scanning (ms): Min: 0.0, Avg: 0.9, Max: 1.7, Diff: 1.7, Sum: 8.7]
      [Update RS (ms): Min: 0.0, Avg: 0.1, Max: 0.2, Diff: 0.2, Sum: 0.6]
         [Processed Buffers: Min: 0, Avg: 1.1, Max: 4, Diff: 4, Sum: 11]
      [Scan RS (ms): Min: 0.0, Avg: 0.0, Max: 0.0, Diff: 0.0, Sum: 0.0]
      [Code Root Scanning (ms): Min: 0.0, Avg: 0.0, Max: 0.0, Diff: 0.0, Sum: 0.0]
      [Object Copy (ms): Min: 0.0, Avg: 0.3, Max: 0.7, Diff: 0.7, Sum: 3.0]
      [Termination (ms): Min: 0.0, Avg: 0.5, Max: 0.8, Diff: 0.8, Sum: 4.5]
         [Termination Attempts: Min: 1, Avg: 1.0, Max: 1, Diff: 0, Sum: 10]
      [GC Worker Other (ms): Min: 0.0, Avg: 0.0, Max: 0.0, Diff: 0.0, Sum: 0.1]
      [GC Worker Total (ms): Min: 1.5, Avg: 1.7, Max: 1.9, Diff: 0.3, Sum: 16.9]
      [GC Worker End (ms): Min: 5034.5, Avg: 5034.5, Max: 5034.6, Diff: 0.1]
   [Code Root Fixup: 0.0 ms]
   [Code Root Purge: 0.0 ms]
   [Clear CT: 0.1 ms]
   [Other: 1.4 ms]
      [Choose CSet: 0.0 ms]
      [Ref Proc: 1.0 ms]
      [Ref Enq: 0.0 ms]
      [Redirty Cards: 0.1 ms]
      [Humongous Register: 0.1 ms]
      [Humongous Reclaim: 0.0 ms]
      [Free CSet: 0.0 ms]
   [Eden: 1024.0K(239.0M)->0.0B(243.0M) Survivors: 7168.0K->7168.0K Heap: 544.7M(1024.0M)->543.4M(1024.0M)]
 [Times: user=0.02 sys=0.01, real=0.01 secs] 
2021-08-14T11:06:14.843-0800: 5.036: [GC concurrent-root-region-scan-start]
2021-08-14T11:06:14.843-0800: 5.036: [GC concurrent-root-region-scan-end, 0.0001006 secs]
2021-08-14T11:06:14.843-0800: 5.036: [GC concurrent-mark-start]
2021-08-14T11:06:14.845-0800: 5.038: [GC concurrent-mark-end, 0.0021767 secs]
2021-08-14T11:06:14.845-0800: 5.039: [GC remark 2021-08-14T11:06:14.845-0800: 5.039: [Finalize Marking, 0.0009148 secs] 2021-08-14T11:06:14.846-0800: 5.040: [GC ref-proc, 0.0000591 secs] 2021-08-14T11:06:14.846-0800: 5.040: [Unloading, 0.0006327 secs], 0.0026245 secs]
 [Times: user=0.02 sys=0.00, real=0.00 secs] 
2021-08-14T11:06:14.848-0800: 5.041: [GC cleanup 553M->548M(1024M), 0.0011137 secs]
 [Times: user=0.00 sys=0.00, real=0.00 secs] 
2021-08-14T11:06:14.849-0800: 5.043: [GC concurrent-cleanup-start]
2021-08-14T11:06:14.849-0800: 5.043: [GC concurrent-cleanup-end, 0.0000116 secs]
2021-08-14T11:06:14.891-0800: 5.085: [GC pause (G1 Evacuation Pause) (young) (to-space exhausted), 0.0128323 secs]
   [Parallel Time: 11.0 ms, GC Workers: 10]
      [GC Worker Start (ms): Min: 5084.8, Avg: 5085.3, Max: 5086.0, Diff: 1.2]
      [Ext Root Scanning (ms): Min: 0.0, Avg: 0.1, Max: 0.2, Diff: 0.2, Sum: 0.7]
      [Update RS (ms): Min: 4.6, Avg: 5.3, Max: 5.6, Diff: 1.0, Sum: 52.6]
         [Processed Buffers: Min: 46, Avg: 55.6, Max: 61, Diff: 15, Sum: 556]
      [Scan RS (ms): Min: 0.0, Avg: 0.0, Max: 0.1, Diff: 0.0, Sum: 0.3]
      [Code Root Scanning (ms): Min: 0.0, Avg: 0.0, Max: 0.0, Diff: 0.0, Sum: 0.0]
      [Object Copy (ms): Min: 4.7, Avg: 4.7, Max: 4.9, Diff: 0.2, Sum: 47.0]
      [Termination (ms): Min: 0.0, Avg: 0.3, Max: 0.5, Diff: 0.5, Sum: 3.1]
         [Termination Attempts: Min: 1, Avg: 1.0, Max: 1, Diff: 0, Sum: 10]
      [GC Worker Other (ms): Min: 0.0, Avg: 0.0, Max: 0.0, Diff: 0.0, Sum: 0.1]
      [GC Worker Total (ms): Min: 9.7, Avg: 10.4, Max: 10.7, Diff: 1.0, Sum: 103.9]
      [GC Worker End (ms): Min: 5095.5, Avg: 5095.6, Max: 5095.8, Diff: 0.2]
   [Code Root Fixup: 0.0 ms]
   [Code Root Purge: 0.0 ms]
   [Clear CT: 0.1 ms]
   [Other: 1.7 ms]
      [Evacuation Failure: 0.3 ms]
      [Choose CSet: 0.0 ms]
      [Ref Proc: 0.9 ms]
      [Ref Enq: 0.0 ms]
      [Redirty Cards: 0.1 ms]
      [Humongous Register: 0.1 ms]
      [Humongous Reclaim: 0.1 ms]
      [Free CSet: 0.1 ms]
   [Eden: 243.0M(243.0M)->0.0B(19.0M) Survivors: 7168.0K->32.0M Heap: 850.1M(1024.0M)->664.8M(1024.0M)]
 [Times: user=0.11 sys=0.00, real=0.01 secs] 
Heap
 garbage-first heap   total 1048576K, used 680805K [0x0000000780000000, 0x0000000780102000, 0x00000007c0000000)
  region size 1024K, 33 young (33792K), 32 survivors (32768K)
 Metaspace       used 2741K, capacity 4490K, committed 4864K, reserved 1056768K
  class space    used 298K, capacity 386K, committed 512K, reserved 1048576K
