Java HotSpot(TM) 64-Bit Server VM (25.161-b12) for bsd-amd64 JRE (1.8.0_161-b12), built on Dec 19 2017 16:22:20 by "java_re" with gcc 4.2.1 (Based on Apple Inc. build 5658) (LLVM build 2336.11.00)
Memory: 4k page, physical 33554432k(2054380k free)

/proc/meminfo:

CommandLine flags: -XX:InitialHeapSize=1073741824 -XX:MaxHeapSize=1073741824 -XX:+PrintGC -XX:+PrintGCDateStamps -XX:+PrintGCDetails -XX:+PrintGCTimeStamps -XX:+UseCompressedClassPointers -XX:+UseCompressedOops -XX:+UseParNewGC 
2021-08-14T11:12:33.827-0800: 0.216: [GC (Allocation Failure) 2021-08-14T11:12:33.827-0800: 0.216: [ParNew: 279616K->34944K(314560K), 0.0236365 secs] 279616K->81401K(1013632K), 0.0237149 secs] [Times: user=0.05 sys=0.16, real=0.03 secs] 
2021-08-14T11:12:33.878-0800: 0.267: [GC (Allocation Failure) 2021-08-14T11:12:33.878-0800: 0.267: [ParNew: 314560K->34944K(314560K), 0.0312939 secs] 361017K->164048K(1013632K), 0.0313550 secs] [Times: user=0.06 sys=0.21, real=0.03 secs] 
2021-08-14T11:12:33.937-0800: 0.327: [GC (Allocation Failure) 2021-08-14T11:12:33.937-0800: 0.327: [ParNew: 314560K->34943K(314560K), 0.0358610 secs] 443664K->243901K(1013632K), 0.0359759 secs] [Times: user=0.34 sys=0.02, real=0.04 secs] 
2021-08-14T11:12:34.001-0800: 0.390: [GC (Allocation Failure) 2021-08-14T11:12:34.001-0800: 0.390: [ParNew: 314559K->34943K(314560K), 0.0388827 secs] 523517K->332807K(1013632K), 0.0389489 secs] [Times: user=0.36 sys=0.02, real=0.04 secs] 
2021-08-14T11:12:34.066-0800: 0.455: [GC (Allocation Failure) 2021-08-14T11:12:34.066-0800: 0.455: [ParNew: 314559K->34944K(314560K), 0.0359535 secs] 612423K->411633K(1013632K), 0.0360667 secs] [Times: user=0.33 sys=0.02, real=0.04 secs] 
2021-08-14T11:12:34.137-0800: 0.526: [GC (Allocation Failure) 2021-08-14T11:12:34.137-0800: 0.526: [ParNew: 314322K->34943K(314560K), 0.0448727 secs] 691012K->489030K(1013632K), 0.0449445 secs] [Times: user=0.42 sys=0.02, real=0.05 secs] 
2021-08-14T11:12:34.218-0800: 0.607: [GC (Allocation Failure) 2021-08-14T11:12:34.218-0800: 0.607: [ParNew: 314559K->34943K(314560K), 0.0424065 secs] 768646K->568553K(1013632K), 0.0424920 secs] [Times: user=0.40 sys=0.02, real=0.05 secs] 
2021-08-14T11:12:34.288-0800: 0.678: [GC (Allocation Failure) 2021-08-14T11:12:34.288-0800: 0.678: [ParNew: 314559K->34943K(314560K), 0.0341053 secs] 848169K->646324K(1013632K), 0.0341703 secs] [Times: user=0.33 sys=0.01, real=0.04 secs] 
2021-08-14T11:12:34.349-0800: 0.738: [GC (Allocation Failure) 2021-08-14T11:12:34.349-0800: 0.738: [ParNew: 314503K->314503K(314560K), 0.0000134 secs]2021-08-14T11:12:34.349-0800: 0.738: [Tenured: 611380K->379296K(699072K), 0.0480087 secs] 925883K->379296K(1013632K), [Metaspace: 2728K->2728K(1056768K)], 0.0480993 secs] [Times: user=0.05 sys=0.00, real=0.05 secs] 
2021-08-14T11:12:34.435-0800: 0.824: [GC (Allocation Failure) 2021-08-14T11:12:34.435-0800: 0.824: [ParNew: 279616K->34943K(314560K), 0.0090303 secs] 658912K->458861K(1013632K), 0.0091043 secs] [Times: user=0.09 sys=0.00, real=0.01 secs] 
2021-08-14T11:12:34.479-0800: 0.868: [GC (Allocation Failure) 2021-08-14T11:12:34.479-0800: 0.868: [ParNew: 314559K->34943K(314560K), 0.0134855 secs] 738477K->543246K(1013632K), 0.0135597 secs] [Times: user=0.13 sys=0.01, real=0.02 secs] 
2021-08-14T11:12:34.523-0800: 0.912: [GC (Allocation Failure) 2021-08-14T11:12:34.523-0800: 0.912: [ParNew: 314559K->34943K(314560K), 0.0113672 secs] 822862K->618816K(1013632K), 0.0114341 secs] [Times: user=0.11 sys=0.00, real=0.01 secs] 
2021-08-14T11:12:34.561-0800: 0.950: [GC (Allocation Failure) 2021-08-14T11:12:34.561-0800: 0.950: [ParNew: 314559K->34943K(314560K), 0.0279458 secs] 898432K->701501K(1013632K), 0.0280646 secs] [Times: user=0.26 sys=0.01, real=0.02 secs] 
2021-08-14T11:12:34.615-0800: 1.004: [GC (Allocation Failure) 2021-08-14T11:12:34.615-0800: 1.004: [ParNew: 314282K->314282K(314560K), 0.0000141 secs]2021-08-14T11:12:34.615-0800: 1.004: [Tenured: 666557K->394378K(699072K), 0.0452412 secs] 980840K->394378K(1013632K), [Metaspace: 2729K->2729K(1056768K)], 0.0453454 secs] [Times: user=0.04 sys=0.00, real=0.05 secs] 
2021-08-14T11:12:34.698-0800: 1.087: [GC (Allocation Failure) 2021-08-14T11:12:34.698-0800: 1.087: [ParNew: 279038K->34943K(314560K), 0.0100206 secs] 673417K->483494K(1013632K), 0.0101167 secs] [Times: user=0.10 sys=0.00, real=0.01 secs] 
2021-08-14T11:12:34.748-0800: 1.137: [GC (Allocation Failure) 2021-08-14T11:12:34.748-0800: 1.137: [ParNew: 314559K->34943K(314560K), 0.0129303 secs] 763110K->564561K(1013632K), 0.0130025 secs] [Times: user=0.12 sys=0.00, real=0.02 secs] 
2021-08-14T11:12:34.795-0800: 1.184: [GC (Allocation Failure) 2021-08-14T11:12:34.795-0800: 1.184: [ParNew: 314559K->34941K(314560K), 0.0124515 secs] 844177K->641745K(1013632K), 0.0125388 secs] [Times: user=0.12 sys=0.00, real=0.01 secs] 
2021-08-14T11:12:34.839-0800: 1.228: [GC (Allocation Failure) 2021-08-14T11:12:34.839-0800: 1.228: [ParNew: 314557K->314557K(314560K), 0.0000176 secs]2021-08-14T11:12:34.839-0800: 1.228: [Tenured: 606803K->407642K(699072K), 0.0473480 secs] 921361K->407642K(1013632K), [Metaspace: 2729K->2729K(1056768K)], 0.0474741 secs] [Times: user=0.05 sys=0.00, real=0.05 secs] 
2021-08-14T11:12:34.924-0800: 1.313: [GC (Allocation Failure) 2021-08-14T11:12:34.924-0800: 1.313: [ParNew: 279616K->34943K(314560K), 0.0099254 secs] 687258K->497409K(1013632K), 0.0100115 secs] [Times: user=0.09 sys=0.00, real=0.01 secs] 
2021-08-14T11:12:34.969-0800: 1.358: [GC (Allocation Failure) 2021-08-14T11:12:34.969-0800: 1.358: [ParNew: 314559K->34943K(314560K), 0.0125465 secs] 777025K->575231K(1013632K), 0.0126372 secs] [Times: user=0.12 sys=0.00, real=0.02 secs] 
2021-08-14T11:12:35.012-0800: 1.401: [GC (Allocation Failure) 2021-08-14T11:12:35.012-0800: 1.401: [ParNew: 314559K->34943K(314560K), 0.0115643 secs] 854847K->655229K(1013632K), 0.0116356 secs] [Times: user=0.12 sys=0.00, real=0.01 secs] 
2021-08-14T11:12:35.050-0800: 1.439: [GC (Allocation Failure) 2021-08-14T11:12:35.050-0800: 1.440: [ParNew: 314559K->314559K(314560K), 0.0000174 secs]2021-08-14T11:12:35.050-0800: 1.440: [Tenured: 620285K->375006K(699072K), 0.0472603 secs] 934845K->375006K(1013632K), [Metaspace: 2729K->2729K(1056768K)], 0.0473818 secs] [Times: user=0.05 sys=0.00, real=0.04 secs] 
2021-08-14T11:12:35.134-0800: 1.523: [GC (Allocation Failure) 2021-08-14T11:12:35.134-0800: 1.523: [ParNew: 279416K->34943K(314560K), 0.0073873 secs] 654423K->458648K(1013632K), 0.0074752 secs] [Times: user=0.07 sys=0.00, real=0.01 secs] 
2021-08-14T11:12:35.178-0800: 1.567: [GC (Allocation Failure) 2021-08-14T11:12:35.178-0800: 1.567: [ParNew: 314559K->34942K(314560K), 0.0092949 secs] 738264K->536459K(1013632K), 0.0093854 secs] [Times: user=0.09 sys=0.01, real=0.01 secs] 
2021-08-14T11:12:35.223-0800: 1.612: [GC (Allocation Failure) 2021-08-14T11:12:35.223-0800: 1.612: [ParNew: 314558K->34942K(314560K), 0.0146826 secs] 816075K->614543K(1013632K), 0.0147748 secs] [Times: user=0.14 sys=0.00, real=0.01 secs] 
2021-08-14T11:12:35.276-0800: 1.665: [GC (Allocation Failure) 2021-08-14T11:12:35.276-0800: 1.665: [ParNew: 314558K->34943K(314560K), 0.0101839 secs] 894159K->693633K(1013632K), 0.0102753 secs] [Times: user=0.10 sys=0.00, real=0.01 secs] 
2021-08-14T11:12:35.321-0800: 1.710: [GC (Allocation Failure) 2021-08-14T11:12:35.321-0800: 1.710: [ParNew: 314559K->314559K(314560K), 0.0000196 secs]2021-08-14T11:12:35.321-0800: 1.710: [Tenured: 658690K->399986K(699072K), 0.0453368 secs] 973249K->399986K(1013632K), [Metaspace: 2729K->2729K(1056768K)], 0.0454576 secs] [Times: user=0.05 sys=0.00, real=0.04 secs] 
2021-08-14T11:12:35.401-0800: 1.790: [GC (Allocation Failure) 2021-08-14T11:12:35.401-0800: 1.790: [ParNew: 279616K->34941K(314560K), 0.0074783 secs] 679602K->486178K(1013632K), 0.0075606 secs] [Times: user=0.07 sys=0.00, real=0.00 secs] 
2021-08-14T11:12:35.443-0800: 1.832: [GC (Allocation Failure) 2021-08-14T11:12:35.443-0800: 1.832: [ParNew: 314248K->34942K(314560K), 0.0097222 secs] 765484K->567043K(1013632K), 0.0098089 secs] [Times: user=0.09 sys=0.00, real=0.01 secs] 
2021-08-14T11:12:35.486-0800: 1.875: [GC (Allocation Failure) 2021-08-14T11:12:35.486-0800: 1.875: [ParNew: 314558K->34942K(314560K), 0.0095176 secs] 846659K->647336K(1013632K), 0.0096255 secs] [Times: user=0.09 sys=0.00, real=0.01 secs] 
2021-08-14T11:12:35.529-0800: 1.918: [GC (Allocation Failure) 2021-08-14T11:12:35.529-0800: 1.919: [ParNew: 314558K->314558K(314560K), 0.0000167 secs]2021-08-14T11:12:35.529-0800: 1.919: [Tenured: 612393K->412038K(699072K), 0.0487561 secs] 926952K->412038K(1013632K), [Metaspace: 2729K->2729K(1056768K)], 0.0488581 secs] [Times: user=0.05 sys=0.00, real=0.05 secs] 
2021-08-14T11:12:35.616-0800: 2.005: [GC (Allocation Failure) 2021-08-14T11:12:35.616-0800: 2.005: [ParNew: 279616K->34943K(314560K), 0.0075905 secs] 691654K->497967K(1013632K), 0.0076641 secs] [Times: user=0.07 sys=0.00, real=0.01 secs] 
2021-08-14T11:12:35.657-0800: 2.046: [GC (Allocation Failure) 2021-08-14T11:12:35.657-0800: 2.046: [ParNew: 314559K->34942K(314560K), 0.0097068 secs] 777583K->575520K(1013632K), 0.0097790 secs] [Times: user=0.10 sys=0.00, real=0.01 secs] 
2021-08-14T11:12:35.699-0800: 2.088: [GC (Allocation Failure) 2021-08-14T11:12:35.699-0800: 2.088: [ParNew: 314558K->34943K(314560K), 0.0098266 secs] 855136K->656496K(1013632K), 0.0099011 secs] [Times: user=0.09 sys=0.00, real=0.01 secs] 
2021-08-14T11:12:35.745-0800: 2.134: [GC (Allocation Failure) 2021-08-14T11:12:35.745-0800: 2.134: [ParNew: 314559K->314559K(314560K), 0.0000171 secs]2021-08-14T11:12:35.745-0800: 2.134: [Tenured: 621552K->396670K(699072K), 0.0540957 secs] 936112K->396670K(1013632K), [Metaspace: 2729K->2729K(1056768K)], 0.0542047 secs] [Times: user=0.05 sys=0.00, real=0.05 secs] 
2021-08-14T11:12:35.837-0800: 2.226: [GC (Allocation Failure) 2021-08-14T11:12:35.837-0800: 2.226: [ParNew: 279616K->34943K(314560K), 0.0074685 secs] 676286K->482353K(1013632K), 0.0075385 secs] [Times: user=0.07 sys=0.00, real=0.01 secs] 
2021-08-14T11:12:35.879-0800: 2.268: [GC (Allocation Failure) 2021-08-14T11:12:35.879-0800: 2.268: [ParNew: 314559K->34943K(314560K), 0.0093158 secs] 761969K->558948K(1013632K), 0.0093909 secs] [Times: user=0.09 sys=0.00, real=0.01 secs] 
2021-08-14T11:12:35.923-0800: 2.312: [GC (Allocation Failure) 2021-08-14T11:12:35.923-0800: 2.312: [ParNew: 314559K->34942K(314560K), 0.0096278 secs] 838564K->639105K(1013632K), 0.0097027 secs] [Times: user=0.10 sys=0.00, real=0.01 secs] 
2021-08-14T11:12:35.965-0800: 2.354: [GC (Allocation Failure) 2021-08-14T11:12:35.965-0800: 2.354: [ParNew: 314558K->314558K(314560K), 0.0000153 secs]2021-08-14T11:12:35.965-0800: 2.354: [Tenured: 604162K->381440K(699072K), 0.0486665 secs] 918721K->381440K(1013632K), [Metaspace: 2729K->2729K(1056768K)], 0.0487751 secs] [Times: user=0.05 sys=0.00, real=0.05 secs] 
2021-08-14T11:12:36.052-0800: 2.441: [GC (Allocation Failure) 2021-08-14T11:12:36.052-0800: 2.441: [ParNew: 279616K->34943K(314560K), 0.0092822 secs] 661056K->466506K(1013632K), 0.0093608 secs] [Times: user=0.09 sys=0.00, real=0.01 secs] 
2021-08-14T11:12:36.097-0800: 2.486: [GC (Allocation Failure) 2021-08-14T11:12:36.097-0800: 2.486: [ParNew: 314559K->34942K(314560K), 0.0115572 secs] 746122K->538943K(1013632K), 0.0116358 secs] [Times: user=0.11 sys=0.00, real=0.01 secs] 
2021-08-14T11:12:36.139-0800: 2.529: [GC (Allocation Failure) 2021-08-14T11:12:36.139-0800: 2.529: [ParNew: 314558K->34943K(314560K), 0.0107373 secs] 818559K->611419K(1013632K), 0.0108132 secs] [Times: user=0.11 sys=0.00, real=0.02 secs] 
2021-08-14T11:12:36.177-0800: 2.566: [GC (Allocation Failure) 2021-08-14T11:12:36.177-0800: 2.566: [ParNew: 314559K->34942K(314560K), 0.0116190 secs] 891035K->690502K(1013632K), 0.0116832 secs] [Times: user=0.11 sys=0.00, real=0.01 secs] 
2021-08-14T11:12:36.216-0800: 2.605: [GC (Allocation Failure) 2021-08-14T11:12:36.216-0800: 2.605: [ParNew: 314558K->314558K(314560K), 0.0000145 secs]2021-08-14T11:12:36.216-0800: 2.605: [Tenured: 655560K->401252K(699072K), 0.0488409 secs] 970118K->401252K(1013632K), [Metaspace: 2729K->2729K(1056768K)], 0.0489828 secs] [Times: user=0.04 sys=0.00, real=0.05 secs] 
2021-08-14T11:12:36.304-0800: 2.693: [GC (Allocation Failure) 2021-08-14T11:12:36.304-0800: 2.693: [ParNew: 279616K->34943K(314560K), 0.0097022 secs] 680868K->487130K(1013632K), 0.0097998 secs] [Times: user=0.10 sys=0.00, real=0.01 secs] 
2021-08-14T11:12:36.349-0800: 2.738: [GC (Allocation Failure) 2021-08-14T11:12:36.349-0800: 2.738: [ParNew: 314559K->34943K(314560K), 0.0128581 secs] 766746K->565665K(1013632K), 0.0129349 secs] [Times: user=0.13 sys=0.00, real=0.02 secs] 
2021-08-14T11:12:36.394-0800: 2.783: [GC (Allocation Failure) 2021-08-14T11:12:36.394-0800: 2.783: [ParNew: 314559K->34943K(314560K), 0.0113685 secs] 845281K->642898K(1013632K), 0.0114356 secs] [Times: user=0.11 sys=0.00, real=0.01 secs] 
2021-08-14T11:12:36.434-0800: 2.823: [GC (Allocation Failure) 2021-08-14T11:12:36.434-0800: 2.823: [ParNew: 314559K->314559K(314560K), 0.0000150 secs]2021-08-14T11:12:36.434-0800: 2.823: [Tenured: 607955K->396879K(699072K), 0.0442838 secs] 922514K->396879K(1013632K), [Metaspace: 2729K->2729K(1056768K)], 0.0443842 secs] [Times: user=0.04 sys=0.00, real=0.04 secs] 
2021-08-14T11:12:36.516-0800: 2.905: [GC (Allocation Failure) 2021-08-14T11:12:36.516-0800: 2.905: [ParNew: 279616K->34943K(314560K), 0.0096310 secs] 676495K->482651K(1013632K), 0.0097096 secs] [Times: user=0.09 sys=0.00, real=0.01 secs] 
2021-08-14T11:12:36.560-0800: 2.949: [GC (Allocation Failure) 2021-08-14T11:12:36.560-0800: 2.949: [ParNew: 314559K->34943K(314560K), 0.0140429 secs] 762267K->562351K(1013632K), 0.0141165 secs] [Times: user=0.11 sys=0.00, real=0.01 secs] 
2021-08-14T11:12:36.609-0800: 2.998: [GC (Allocation Failure) 2021-08-14T11:12:36.609-0800: 2.998: [ParNew: 314210K->34942K(314560K), 0.0122240 secs] 841618K->635974K(1013632K), 0.0122980 secs] [Times: user=0.11 sys=0.00, real=0.02 secs] 
2021-08-14T11:12:36.654-0800: 3.043: [GC (Allocation Failure) 2021-08-14T11:12:36.654-0800: 3.043: [ParNew: 314558K->314558K(314560K), 0.0000147 secs]2021-08-14T11:12:36.654-0800: 3.043: [Tenured: 601032K->409734K(699072K), 0.0467676 secs] 915590K->409734K(1013632K), [Metaspace: 2729K->2729K(1056768K)], 0.0468799 secs] [Times: user=0.05 sys=0.00, real=0.05 secs] 
2021-08-14T11:12:36.738-0800: 3.127: [GC (Allocation Failure) 2021-08-14T11:12:36.738-0800: 3.127: [ParNew: 279616K->34941K(314560K), 0.0111674 secs] 689350K->499354K(1013632K), 0.0112502 secs] [Times: user=0.11 sys=0.00, real=0.01 secs] 
2021-08-14T11:12:36.786-0800: 3.175: [GC (Allocation Failure) 2021-08-14T11:12:36.786-0800: 3.175: [ParNew: 314557K->34942K(314560K), 0.0129541 secs] 778970K->578847K(1013632K), 0.0130349 secs] [Times: user=0.13 sys=0.00, real=0.01 secs] 
2021-08-14T11:12:36.831-0800: 3.220: [GC (Allocation Failure) 2021-08-14T11:12:36.831-0800: 3.220: [ParNew: 314558K->34942K(314560K), 0.0116122 secs] 858463K->661482K(1013632K), 0.0116775 secs] [Times: user=0.11 sys=0.00, real=0.01 secs] 
2021-08-14T11:12:36.869-0800: 3.259: [GC (Allocation Failure) 2021-08-14T11:12:36.870-0800: 3.259: [ParNew: 314558K->314558K(314560K), 0.0000149 secs]2021-08-14T11:12:36.870-0800: 3.259: [Tenured: 626539K->381479K(699072K), 0.0468764 secs] 941098K->381479K(1013632K), [Metaspace: 2729K->2729K(1056768K)], 0.0469829 secs] [Times: user=0.05 sys=0.00, real=0.05 secs] 
2021-08-14T11:12:36.953-0800: 3.342: [GC (Allocation Failure) 2021-08-14T11:12:36.953-0800: 3.342: [ParNew: 279616K->34943K(314560K), 0.0087648 secs] 661095K->460591K(1013632K), 0.0088419 secs] [Times: user=0.09 sys=0.00, real=0.01 secs] 
2021-08-14T11:12:36.996-0800: 3.385: [GC (Allocation Failure) 2021-08-14T11:12:36.996-0800: 3.385: [ParNew: 314559K->34942K(314560K), 0.0122097 secs] 740207K->536501K(1013632K), 0.0122854 secs] [Times: user=0.12 sys=0.00, real=0.01 secs] 
2021-08-14T11:12:37.038-0800: 3.427: [GC (Allocation Failure) 2021-08-14T11:12:37.038-0800: 3.427: [ParNew: 314558K->34941K(314560K), 0.0113427 secs] 816117K->613124K(1013632K), 0.0114111 secs] [Times: user=0.11 sys=0.00, real=0.02 secs] 
2021-08-14T11:12:37.077-0800: 3.466: [GC (Allocation Failure) 2021-08-14T11:12:37.077-0800: 3.466: [ParNew: 314317K->34943K(314560K), 0.0111412 secs] 892500K->686078K(1013632K), 0.0112041 secs] [Times: user=0.11 sys=0.00, real=0.01 secs] 
2021-08-14T11:12:37.114-0800: 3.503: [GC (Allocation Failure) 2021-08-14T11:12:37.114-0800: 3.503: [ParNew: 314559K->314559K(314560K), 0.0000165 secs]2021-08-14T11:12:37.114-0800: 3.503: [Tenured: 651134K->417417K(699072K), 0.0466162 secs] 965694K->417417K(1013632K), [Metaspace: 2735K->2735K(1056768K)], 0.0467352 secs] [Times: user=0.05 sys=0.00, real=0.05 secs] 
2021-08-14T11:12:37.197-0800: 3.586: [GC (Allocation Failure) 2021-08-14T11:12:37.197-0800: 3.586: [ParNew: 279616K->34942K(314560K), 0.0102159 secs] 697033K->508505K(1013632K), 0.0103314 secs] [Times: user=0.10 sys=0.00, real=0.01 secs] 
2021-08-14T11:12:37.242-0800: 3.631: [GC (Allocation Failure) 2021-08-14T11:12:37.242-0800: 3.631: [ParNew: 314558K->34943K(314560K), 0.0136917 secs] 788121K->587668K(1013632K), 0.0137778 secs] [Times: user=0.13 sys=0.00, real=0.01 secs] 
2021-08-14T11:12:37.292-0800: 3.681: [GC (Allocation Failure) 2021-08-14T11:12:37.292-0800: 3.681: [ParNew: 314559K->34943K(314560K), 0.0133816 secs] 867284K->671886K(1013632K), 0.0134582 secs] [Times: user=0.13 sys=0.00, real=0.01 secs] 
2021-08-14T11:12:37.336-0800: 3.725: [GC (Allocation Failure) 2021-08-14T11:12:37.336-0800: 3.725: [ParNew: 314559K->314559K(314560K), 0.0000150 secs]2021-08-14T11:12:37.336-0800: 3.725: [Tenured: 636943K->415787K(699072K), 0.0466044 secs] 951502K->415787K(1013632K), [Metaspace: 2735K->2735K(1056768K)], 0.0467048 secs] [Times: user=0.05 sys=0.00, real=0.05 secs] 
2021-08-14T11:12:37.419-0800: 3.808: [GC (Allocation Failure) 2021-08-14T11:12:37.419-0800: 3.808: [ParNew: 279290K->34942K(314560K), 0.0088286 secs] 695078K->496257K(1013632K), 0.0089022 secs] [Times: user=0.09 sys=0.00, real=0.01 secs] 
2021-08-14T11:12:37.461-0800: 3.850: [GC (Allocation Failure) 2021-08-14T11:12:37.461-0800: 3.850: [ParNew: 314558K->34942K(314560K), 0.0125623 secs] 775873K->577167K(1013632K), 0.0126347 secs] [Times: user=0.13 sys=0.00, real=0.01 secs] 
2021-08-14T11:12:37.503-0800: 3.892: [GC (Allocation Failure) 2021-08-14T11:12:37.503-0800: 3.892: [ParNew: 314558K->34942K(314560K), 0.0113238 secs] 856783K->655823K(1013632K), 0.0114336 secs] [Times: user=0.11 sys=0.00, real=0.01 secs] 
2021-08-14T11:12:37.541-0800: 3.930: [GC (Allocation Failure) 2021-08-14T11:12:37.541-0800: 3.930: [ParNew: 314558K->314558K(314560K), 0.0000136 secs]2021-08-14T11:12:37.541-0800: 3.930: [Tenured: 620880K->400793K(699072K), 0.0466853 secs] 935439K->400793K(1013632K), [Metaspace: 2735K->2735K(1056768K)], 0.0467816 secs] [Times: user=0.05 sys=0.00, real=0.04 secs] 
2021-08-14T11:12:37.624-0800: 4.013: [GC (Allocation Failure) 2021-08-14T11:12:37.624-0800: 4.013: [ParNew: 279616K->34942K(314560K), 0.0104142 secs] 680409K->494036K(1013632K), 0.0104846 secs] [Times: user=0.10 sys=0.00, real=0.01 secs] 
2021-08-14T11:12:37.668-0800: 4.058: [GC (Allocation Failure) 2021-08-14T11:12:37.669-0800: 4.058: [ParNew: 314490K->34943K(314560K), 0.0126857 secs] 773583K->577151K(1013632K), 0.0127643 secs] [Times: user=0.12 sys=0.00, real=0.02 secs] 
2021-08-14T11:12:37.715-0800: 4.105: [GC (Allocation Failure) 2021-08-14T11:12:37.715-0800: 4.105: [ParNew: 314559K->34943K(314560K), 0.0110700 secs] 856767K->652800K(1013632K), 0.0111387 secs] [Times: user=0.10 sys=0.00, real=0.01 secs] 
2021-08-14T11:12:37.756-0800: 4.145: [GC (Allocation Failure) 2021-08-14T11:12:37.756-0800: 4.145: [ParNew: 314559K->314559K(314560K), 0.0000139 secs]2021-08-14T11:12:37.756-0800: 4.145: [Tenured: 617856K->367586K(699072K), 0.0561869 secs] 932416K->367586K(1013632K), [Metaspace: 2735K->2735K(1056768K)], 0.0562820 secs] [Times: user=0.06 sys=0.00, real=0.06 secs] 
2021-08-14T11:12:37.852-0800: 4.241: [GC (Allocation Failure) 2021-08-14T11:12:37.852-0800: 4.241: [ParNew: 279616K->34943K(314560K), 0.0090390 secs] 647202K->449455K(1013632K), 0.0091151 secs] [Times: user=0.09 sys=0.00, real=0.01 secs] 
2021-08-14T11:12:37.896-0800: 4.285: [GC (Allocation Failure) 2021-08-14T11:12:37.896-0800: 4.285: [ParNew: 314559K->34943K(314560K), 0.0127066 secs] 729071K->531064K(1013632K), 0.0127724 secs] [Times: user=0.12 sys=0.01, real=0.01 secs] 
2021-08-14T11:12:37.937-0800: 4.326: [GC (Allocation Failure) 2021-08-14T11:12:37.937-0800: 4.327: [ParNew: 314559K->34943K(314560K), 0.0110043 secs] 810680K->607285K(1013632K), 0.0110802 secs] [Times: user=0.11 sys=0.00, real=0.01 secs] 
2021-08-14T11:12:37.975-0800: 4.364: [GC (Allocation Failure) 2021-08-14T11:12:37.975-0800: 4.364: [ParNew: 314559K->34943K(314560K), 0.0111423 secs] 886901K->683546K(1013632K), 0.0112525 secs] [Times: user=0.11 sys=0.00, real=0.01 secs] 
2021-08-14T11:12:38.012-0800: 4.401: [GC (Allocation Failure) 2021-08-14T11:12:38.012-0800: 4.401: [ParNew: 314417K->314417K(314560K), 0.0000136 secs]2021-08-14T11:12:38.012-0800: 4.401: [Tenured: 648603K->405172K(699072K), 0.0445212 secs] 963020K->405172K(1013632K), [Metaspace: 2735K->2735K(1056768K)], 0.0446135 secs] [Times: user=0.05 sys=0.00, real=0.04 secs] 
2021-08-14T11:12:38.096-0800: 4.485: [GC (Allocation Failure) 2021-08-14T11:12:38.096-0800: 4.485: [ParNew: 279616K->34941K(314560K), 0.0095402 secs] 684788K->490448K(1013632K), 0.0096207 secs] [Times: user=0.09 sys=0.00, real=0.01 secs] 
2021-08-14T11:12:38.143-0800: 4.532: [GC (Allocation Failure) 2021-08-14T11:12:38.143-0800: 4.532: [ParNew: 314557K->34942K(314560K), 0.0121802 secs] 770064K->565798K(1013632K), 0.0122539 secs] [Times: user=0.12 sys=0.00, real=0.01 secs] 
2021-08-14T11:12:38.187-0800: 4.576: [GC (Allocation Failure) 2021-08-14T11:12:38.187-0800: 4.576: [ParNew: 314558K->34943K(314560K), 0.0113330 secs] 845414K->642656K(1013632K), 0.0114033 secs] [Times: user=0.11 sys=0.00, real=0.01 secs] 
2021-08-14T11:12:38.225-0800: 4.614: [GC (Allocation Failure) 2021-08-14T11:12:38.225-0800: 4.614: [ParNew: 314559K->314559K(314560K), 0.0000126 secs]2021-08-14T11:12:38.225-0800: 4.614: [Tenured: 607713K->406355K(699072K), 0.0464808 secs] 922272K->406355K(1013632K), [Metaspace: 2735K->2735K(1056768K)], 0.0465786 secs] [Times: user=0.05 sys=0.00, real=0.05 secs] 
2021-08-14T11:12:38.311-0800: 4.700: [GC (Allocation Failure) 2021-08-14T11:12:38.311-0800: 4.700: [ParNew: 279616K->34943K(314560K), 0.0102500 secs] 685971K->496320K(1013632K), 0.0103283 secs] [Times: user=0.10 sys=0.00, real=0.01 secs] 
2021-08-14T11:12:38.354-0800: 4.743: [GC (Allocation Failure) 2021-08-14T11:12:38.354-0800: 4.743: [ParNew: 314559K->34943K(314560K), 0.0121040 secs] 775936K->572526K(1013632K), 0.0121727 secs] [Times: user=0.12 sys=0.00, real=0.01 secs] 
2021-08-14T11:12:38.397-0800: 4.786: [GC (Allocation Failure) 2021-08-14T11:12:38.397-0800: 4.786: [ParNew: 314559K->34943K(314560K), 0.0120964 secs] 852142K->656301K(1013632K), 0.0121777 secs] [Times: user=0.12 sys=0.00, real=0.01 secs] 
2021-08-14T11:12:38.436-0800: 4.825: [GC (Allocation Failure) 2021-08-14T11:12:38.436-0800: 4.825: [ParNew: 314559K->314559K(314560K), 0.0000147 secs]2021-08-14T11:12:38.436-0800: 4.825: [Tenured: 621357K->404213K(699072K), 0.0464160 secs] 935917K->404213K(1013632K), [Metaspace: 2735K->2735K(1056768K)], 0.0465234 secs] [Times: user=0.05 sys=0.00, real=0.05 secs] 
2021-08-14T11:12:38.518-0800: 4.907: [GC (Allocation Failure) 2021-08-14T11:12:38.518-0800: 4.907: [ParNew: 279616K->34943K(314560K), 0.0104744 secs] 683829K->494393K(1013632K), 0.0105452 secs] [Times: user=0.10 sys=0.00, real=0.01 secs] 
2021-08-14T11:12:38.563-0800: 4.952: [GC (Allocation Failure) 2021-08-14T11:12:38.563-0800: 4.952: [ParNew: 314559K->34943K(314560K), 0.0128701 secs] 774009K->575679K(1013632K), 0.0129439 secs] [Times: user=0.13 sys=0.00, real=0.01 secs] 
2021-08-14T11:12:38.608-0800: 4.997: [GC (Allocation Failure) 2021-08-14T11:12:38.608-0800: 4.997: [ParNew: 314559K->34943K(314560K), 0.0112059 secs] 855295K->654993K(1013632K), 0.0112729 secs] [Times: user=0.11 sys=0.00, real=0.01 secs] 
2021-08-14T11:12:38.647-0800: 5.036: [GC (Allocation Failure) 2021-08-14T11:12:38.647-0800: 5.036: [ParNew: 314559K->314559K(314560K), 0.0000138 secs]2021-08-14T11:12:38.647-0800: 5.036: [Tenured: 620049K->377181K(699072K), 0.0469095 secs] 934609K->377181K(1013632K), [Metaspace: 2735K->2735K(1056768K)], 0.0470085 secs] [Times: user=0.04 sys=0.00, real=0.05 secs] 
Heap
 par new generation   total 314560K, used 11302K [0x0000000780000000, 0x0000000795550000, 0x0000000795550000)
  eden space 279616K,   4% used [0x0000000780000000, 0x0000000780b09878, 0x0000000791110000)
  from space 34944K,   0% used [0x0000000791110000, 0x0000000791110000, 0x0000000793330000)
  to   space 34944K,   0% used [0x0000000793330000, 0x0000000793330000, 0x0000000795550000)
 tenured generation   total 699072K, used 377181K [0x0000000795550000, 0x00000007c0000000, 0x00000007c0000000)
   the space 699072K,  53% used [0x0000000795550000, 0x00000007ac5a7660, 0x00000007ac5a7800, 0x00000007c0000000)
 Metaspace       used 2741K, capacity 4490K, committed 4864K, reserved 1056768K
  class space    used 298K, capacity 386K, committed 512K, reserved 1048576K
