Java HotSpot(TM) 64-Bit Server VM (25.161-b12) for bsd-amd64 JRE (1.8.0_161-b12), built on Dec 19 2017 16:22:20 by "java_re" with gcc 4.2.1 (Based on Apple Inc. build 5658) (LLVM build 2336.11.00)
Memory: 4k page, physical 33554432k(3036040k free)

/proc/meminfo:

CommandLine flags: -XX:InitialHeapSize=1073741824 -XX:MaxHeapSize=1073741824 -XX:+PrintGC -XX:+PrintGCDateStamps -XX:+PrintGCDetails -XX:+PrintGCTimeStamps -XX:+UseCompressedClassPointers -XX:+UseCompressedOops -XX:+UseSerialGC 
2021-08-14T11:07:54.963-0800: 0.224: [GC (Allocation Failure) 2021-08-14T11:07:54.963-0800: 0.224: [DefNew: 279616K->34943K(314560K), 0.0469868 secs] 279616K->93274K(1013632K), 0.0470903 secs] [Times: user=0.03 sys=0.02, real=0.05 secs] 
2021-08-14T11:07:55.050-0800: 0.311: [GC (Allocation Failure) 2021-08-14T11:07:55.050-0800: 0.311: [DefNew: 314559K->34943K(314560K), 0.0595203 secs] 372890K->177702K(1013632K), 0.0596005 secs] [Times: user=0.04 sys=0.02, real=0.06 secs] 
2021-08-14T11:07:55.145-0800: 0.407: [GC (Allocation Failure) 2021-08-14T11:07:55.145-0800: 0.407: [DefNew: 314559K->34943K(314560K), 0.0471303 secs] 457318K->261970K(1013632K), 0.0472116 secs] [Times: user=0.03 sys=0.01, real=0.05 secs] 
2021-08-14T11:07:55.227-0800: 0.489: [GC (Allocation Failure) 2021-08-14T11:07:55.227-0800: 0.489: [DefNew: 314559K->34943K(314560K), 0.0478086 secs] 541586K->340762K(1013632K), 0.0478874 secs] [Times: user=0.03 sys=0.02, real=0.05 secs] 
2021-08-14T11:07:55.313-0800: 0.574: [GC (Allocation Failure) 2021-08-14T11:07:55.313-0800: 0.574: [DefNew: 314428K->34943K(314560K), 0.0457758 secs] 620246K->413269K(1013632K), 0.0459256 secs] [Times: user=0.03 sys=0.02, real=0.04 secs] 
2021-08-14T11:07:55.398-0800: 0.659: [GC (Allocation Failure) 2021-08-14T11:07:55.398-0800: 0.659: [DefNew: 314550K->34944K(314560K), 0.0442319 secs] 692875K->490951K(1013632K), 0.0443146 secs] [Times: user=0.03 sys=0.01, real=0.05 secs] 
2021-08-14T11:07:55.479-0800: 0.740: [GC (Allocation Failure) 2021-08-14T11:07:55.479-0800: 0.740: [DefNew: 314560K->34944K(314560K), 0.0461882 secs] 770567K->569187K(1013632K), 0.0462696 secs] [Times: user=0.03 sys=0.02, real=0.05 secs] 
2021-08-14T11:07:55.559-0800: 0.820: [GC (Allocation Failure) 2021-08-14T11:07:55.559-0800: 0.820: [DefNew: 314560K->34944K(314560K), 0.0466158 secs] 848803K->649368K(1013632K), 0.0466963 secs] [Times: user=0.03 sys=0.01, real=0.05 secs] 
2021-08-14T11:07:55.643-0800: 0.905: [GC (Allocation Failure) 2021-08-14T11:07:55.644-0800: 0.905: [DefNew: 314560K->314560K(314560K), 0.0000237 secs]2021-08-14T11:07:55.644-0800: 0.905: [Tenured: 614424K->368039K(699072K), 0.0672318 secs] 928984K->368039K(1013632K), [Metaspace: 2728K->2728K(1056768K)], 0.0673655 secs] [Times: user=0.07 sys=0.01, real=0.07 secs] 
2021-08-14T11:07:55.756-0800: 1.018: [GC (Allocation Failure) 2021-08-14T11:07:55.756-0800: 1.018: [DefNew: 279616K->34944K(314560K), 0.0149494 secs] 647655K->465620K(1013632K), 0.0150564 secs] [Times: user=0.02 sys=0.00, real=0.02 secs] 
2021-08-14T11:07:55.815-0800: 1.077: [GC (Allocation Failure) 2021-08-14T11:07:55.815-0800: 1.077: [DefNew: 314560K->34943K(314560K), 0.0149996 secs] 745236K->545416K(1013632K), 0.0150954 secs] [Times: user=0.01 sys=0.00, real=0.02 secs] 
2021-08-14T11:07:55.881-0800: 1.142: [GC (Allocation Failure) 2021-08-14T11:07:55.881-0800: 1.142: [DefNew: 314535K->34943K(314560K), 0.0276074 secs] 825007K->621384K(1013632K), 0.0277332 secs] [Times: user=0.03 sys=0.00, real=0.02 secs] 
2021-08-14T11:07:55.959-0800: 1.221: [GC (Allocation Failure) 2021-08-14T11:07:55.960-0800: 1.221: [DefNew: 314559K->34943K(314560K), 0.0483624 secs] 901000K->699199K(1013632K), 0.0484972 secs] [Times: user=0.03 sys=0.01, real=0.05 secs] 
2021-08-14T11:07:56.054-0800: 1.315: [GC (Allocation Failure) 2021-08-14T11:07:56.054-0800: 1.315: [DefNew: 314559K->314559K(314560K), 0.0000223 secs]2021-08-14T11:07:56.054-0800: 1.315: [Tenured: 664256K->395201K(699072K), 0.0536310 secs] 978815K->395201K(1013632K), [Metaspace: 2728K->2728K(1056768K)], 0.0537617 secs] [Times: user=0.05 sys=0.00, real=0.05 secs] 
2021-08-14T11:07:56.144-0800: 1.406: [GC (Allocation Failure) 2021-08-14T11:07:56.144-0800: 1.406: [DefNew: 279616K->34944K(314560K), 0.0142109 secs] 674817K->486630K(1013632K), 0.0143288 secs] [Times: user=0.01 sys=0.00, real=0.01 secs] 
2021-08-14T11:07:56.205-0800: 1.466: [GC (Allocation Failure) 2021-08-14T11:07:56.205-0800: 1.467: [DefNew: 314560K->34943K(314560K), 0.0141424 secs] 766246K->564444K(1013632K), 0.0142063 secs] [Times: user=0.01 sys=0.00, real=0.01 secs] 
2021-08-14T11:07:56.255-0800: 1.517: [GC (Allocation Failure) 2021-08-14T11:07:56.255-0800: 1.517: [DefNew: 314559K->34943K(314560K), 0.0148045 secs] 844060K->641352K(1013632K), 0.0148795 secs] [Times: user=0.01 sys=0.00, real=0.02 secs] 
2021-08-14T11:07:56.316-0800: 1.577: [GC (Allocation Failure) 2021-08-14T11:07:56.316-0800: 1.577: [DefNew: 314559K->34943K(314560K), 0.0264713 secs] 920968K->718877K(1013632K), 0.0266207 secs] [Times: user=0.02 sys=0.01, real=0.03 secs] 
2021-08-14T11:07:56.397-0800: 1.658: [GC (Allocation Failure) 2021-08-14T11:07:56.397-0800: 1.658: [DefNew: 314559K->314559K(314560K), 0.0000253 secs]2021-08-14T11:07:56.397-0800: 1.658: [Tenured: 683933K->356614K(699072K), 0.0728138 secs] 998493K->356614K(1013632K), [Metaspace: 2729K->2729K(1056768K)], 0.0730006 secs] [Times: user=0.07 sys=0.00, real=0.08 secs] 
2021-08-14T11:07:56.512-0800: 1.774: [GC (Allocation Failure) 2021-08-14T11:07:56.513-0800: 1.774: [DefNew: 279190K->34943K(314560K), 0.0151157 secs] 635804K->440957K(1013632K), 0.0152172 secs] [Times: user=0.01 sys=0.00, real=0.01 secs] 
2021-08-14T11:07:56.582-0800: 1.843: [GC (Allocation Failure) 2021-08-14T11:07:56.582-0800: 1.843: [DefNew: 314559K->34943K(314560K), 0.0256334 secs] 720573K->513898K(1013632K), 0.0257732 secs] [Times: user=0.02 sys=0.00, real=0.02 secs] 
2021-08-14T11:07:56.652-0800: 1.913: [GC (Allocation Failure) 2021-08-14T11:07:56.652-0800: 1.913: [DefNew: 314548K->34943K(314560K), 0.0150891 secs] 793503K->585516K(1013632K), 0.0151897 secs] [Times: user=0.01 sys=0.00, real=0.01 secs] 
2021-08-14T11:07:56.702-0800: 1.963: [GC (Allocation Failure) 2021-08-14T11:07:56.702-0800: 1.963: [DefNew: 314559K->34943K(314560K), 0.0142755 secs] 865132K->662544K(1013632K), 0.0143755 secs] [Times: user=0.02 sys=0.00, real=0.01 secs] 
2021-08-14T11:07:56.752-0800: 2.013: [GC (Allocation Failure) 2021-08-14T11:07:56.752-0800: 2.013: [DefNew: 314559K->314559K(314560K), 0.0000223 secs]2021-08-14T11:07:56.752-0800: 2.014: [Tenured: 627600K->369044K(699072K), 0.0491687 secs] 942160K->369044K(1013632K), [Metaspace: 2729K->2729K(1056768K)], 0.0493082 secs] [Times: user=0.05 sys=0.00, real=0.05 secs] 
2021-08-14T11:07:56.840-0800: 2.101: [GC (Allocation Failure) 2021-08-14T11:07:56.840-0800: 2.101: [DefNew: 279564K->34942K(314560K), 0.0109281 secs] 648609K->455772K(1013632K), 0.0110139 secs] [Times: user=0.01 sys=0.00, real=0.01 secs] 
2021-08-14T11:07:56.887-0800: 2.148: [GC (Allocation Failure) 2021-08-14T11:07:56.887-0800: 2.148: [DefNew: 314558K->34943K(314560K), 0.0261844 secs] 735388K->529489K(1013632K), 0.0262860 secs] [Times: user=0.02 sys=0.00, real=0.03 secs] 
2021-08-14T11:07:56.955-0800: 2.216: [GC (Allocation Failure) 2021-08-14T11:07:56.955-0800: 2.216: [DefNew: 314559K->34943K(314560K), 0.0184396 secs] 809105K->620282K(1013632K), 0.0185347 secs] [Times: user=0.01 sys=0.00, real=0.02 secs] 
2021-08-14T11:07:57.022-0800: 2.283: [GC (Allocation Failure) 2021-08-14T11:07:57.022-0800: 2.283: [DefNew: 314559K->34942K(314560K), 0.0172027 secs] 899898K->696225K(1013632K), 0.0173048 secs] [Times: user=0.02 sys=0.00, real=0.01 secs] 
2021-08-14T11:07:57.081-0800: 2.342: [GC (Allocation Failure) 2021-08-14T11:07:57.081-0800: 2.342: [DefNew: 314558K->314558K(314560K), 0.0000240 secs]2021-08-14T11:07:57.081-0800: 2.342: [Tenured: 661282K->404474K(699072K), 0.0545111 secs] 975841K->404474K(1013632K), [Metaspace: 2729K->2729K(1056768K)], 0.0546664 secs] [Times: user=0.06 sys=0.00, real=0.05 secs] 
2021-08-14T11:07:57.191-0800: 2.452: [GC (Allocation Failure) 2021-08-14T11:07:57.191-0800: 2.452: [DefNew: 279616K->34943K(314560K), 0.0218121 secs] 684090K->491651K(1013632K), 0.0220879 secs] [Times: user=0.02 sys=0.00, real=0.02 secs] 
2021-08-14T11:07:57.264-0800: 2.525: [GC (Allocation Failure) 2021-08-14T11:07:57.264-0800: 2.525: [DefNew: 314559K->34943K(314560K), 0.0196967 secs] 771267K->574803K(1013632K), 0.0197853 secs] [Times: user=0.02 sys=0.00, real=0.02 secs] 
2021-08-14T11:07:57.324-0800: 2.586: [GC (Allocation Failure) 2021-08-14T11:07:57.324-0800: 2.586: [DefNew: 314559K->34943K(314560K), 0.0196276 secs] 854419K->649965K(1013632K), 0.0197209 secs] [Times: user=0.02 sys=0.00, real=0.02 secs] 
2021-08-14T11:07:57.385-0800: 2.647: [GC (Allocation Failure) 2021-08-14T11:07:57.385-0800: 2.647: [DefNew: 314559K->314559K(314560K), 0.0000215 secs]2021-08-14T11:07:57.385-0800: 2.647: [Tenured: 615021K->407921K(699072K), 0.0556795 secs] 929581K->407921K(1013632K), [Metaspace: 2729K->2729K(1056768K)], 0.0558008 secs] [Times: user=0.05 sys=0.00, real=0.06 secs] 
2021-08-14T11:07:57.479-0800: 2.740: [GC (Allocation Failure) 2021-08-14T11:07:57.479-0800: 2.740: [DefNew: 279616K->34943K(314560K), 0.0110053 secs] 687537K->496577K(1013632K), 0.0110896 secs] [Times: user=0.01 sys=0.00, real=0.02 secs] 
2021-08-14T11:07:57.526-0800: 2.787: [GC (Allocation Failure) 2021-08-14T11:07:57.526-0800: 2.787: [DefNew: 314559K->34943K(314560K), 0.0141477 secs] 776193K->575059K(1013632K), 0.0142265 secs] [Times: user=0.01 sys=0.00, real=0.02 secs] 
2021-08-14T11:07:57.576-0800: 2.837: [GC (Allocation Failure) 2021-08-14T11:07:57.576-0800: 2.837: [DefNew: 314559K->34942K(314560K), 0.0141103 secs] 854675K->655454K(1013632K), 0.0141886 secs] [Times: user=0.01 sys=0.00, real=0.02 secs] 
2021-08-14T11:07:57.625-0800: 2.886: [GC (Allocation Failure) 2021-08-14T11:07:57.625-0800: 2.886: [DefNew: 314558K->314558K(314560K), 0.0000182 secs]2021-08-14T11:07:57.625-0800: 2.886: [Tenured: 620511K->422619K(699072K), 0.0511556 secs] 935070K->422619K(1013632K), [Metaspace: 2729K->2729K(1056768K)], 0.0512721 secs] [Times: user=0.06 sys=0.00, real=0.05 secs] 
2021-08-14T11:07:57.711-0800: 2.972: [GC (Allocation Failure) 2021-08-14T11:07:57.711-0800: 2.972: [DefNew: 279616K->34942K(314560K), 0.0116017 secs] 702235K->512599K(1013632K), 0.0116822 secs] [Times: user=0.01 sys=0.00, real=0.01 secs] 
2021-08-14T11:07:57.757-0800: 3.019: [GC (Allocation Failure) 2021-08-14T11:07:57.757-0800: 3.019: [DefNew: 314389K->34943K(314560K), 0.0143828 secs] 792046K->590962K(1013632K), 0.0144622 secs] [Times: user=0.01 sys=0.00, real=0.02 secs] 
2021-08-14T11:07:57.809-0800: 3.070: [GC (Allocation Failure) 2021-08-14T11:07:57.809-0800: 3.070: [DefNew: 314559K->34944K(314560K), 0.0182866 secs] 870578K->677918K(1013632K), 0.0183648 secs] [Times: user=0.02 sys=0.00, real=0.02 secs] 
2021-08-14T11:07:57.862-0800: 3.124: [GC (Allocation Failure) 2021-08-14T11:07:57.862-0800: 3.124: [DefNew: 314560K->314560K(314560K), 0.0000177 secs]2021-08-14T11:07:57.862-0800: 3.124: [Tenured: 642974K->377879K(699072K), 0.0501472 secs] 957534K->377879K(1013632K), [Metaspace: 2729K->2729K(1056768K)], 0.0502596 secs] [Times: user=0.05 sys=0.00, real=0.05 secs] 
2021-08-14T11:07:57.948-0800: 3.209: [GC (Allocation Failure) 2021-08-14T11:07:57.948-0800: 3.209: [DefNew: 279594K->34943K(314560K), 0.0119071 secs] 657474K->472165K(1013632K), 0.0119907 secs] [Times: user=0.01 sys=0.00, real=0.02 secs] 
2021-08-14T11:07:57.996-0800: 3.257: [GC (Allocation Failure) 2021-08-14T11:07:57.996-0800: 3.257: [DefNew: 314559K->34943K(314560K), 0.0150023 secs] 751781K->558606K(1013632K), 0.0150869 secs] [Times: user=0.02 sys=0.00, real=0.02 secs] 
2021-08-14T11:07:58.046-0800: 3.307: [GC (Allocation Failure) 2021-08-14T11:07:58.046-0800: 3.307: [DefNew: 314559K->34943K(314560K), 0.0144116 secs] 838222K->640465K(1013632K), 0.0144906 secs] [Times: user=0.02 sys=0.00, real=0.02 secs] 
2021-08-14T11:07:58.094-0800: 3.355: [GC (Allocation Failure) 2021-08-14T11:07:58.094-0800: 3.355: [DefNew: 314559K->314559K(314560K), 0.0000175 secs]2021-08-14T11:07:58.094-0800: 3.355: [Tenured: 605522K->410304K(699072K), 0.0495062 secs] 920081K->410304K(1013632K), [Metaspace: 2729K->2729K(1056768K)], 0.0496209 secs] [Times: user=0.05 sys=0.00, real=0.05 secs] 
2021-08-14T11:07:58.184-0800: 3.445: [GC (Allocation Failure) 2021-08-14T11:07:58.184-0800: 3.445: [DefNew: 279616K->34943K(314560K), 0.0125491 secs] 689920K->493311K(1013632K), 0.0126350 secs] [Times: user=0.01 sys=0.00, real=0.01 secs] 
2021-08-14T11:07:58.234-0800: 3.495: [GC (Allocation Failure) 2021-08-14T11:07:58.234-0800: 3.495: [DefNew: 314559K->34943K(314560K), 0.0178072 secs] 772927K->576209K(1013632K), 0.0178929 secs] [Times: user=0.02 sys=0.00, real=0.02 secs] 
2021-08-14T11:07:58.290-0800: 3.552: [GC (Allocation Failure) 2021-08-14T11:07:58.290-0800: 3.552: [DefNew: 314559K->34943K(314560K), 0.0154653 secs] 855825K->649719K(1013632K), 0.0155515 secs] [Times: user=0.01 sys=0.00, real=0.01 secs] 
2021-08-14T11:07:58.344-0800: 3.605: [GC (Allocation Failure) 2021-08-14T11:07:58.344-0800: 3.605: [DefNew: 314559K->314559K(314560K), 0.0000187 secs]2021-08-14T11:07:58.344-0800: 3.605: [Tenured: 614775K->400106K(699072K), 0.0502275 secs] 929335K->400106K(1013632K), [Metaspace: 2729K->2729K(1056768K)], 0.0503506 secs] [Times: user=0.05 sys=0.00, real=0.05 secs] 
2021-08-14T11:07:58.431-0800: 3.693: [GC (Allocation Failure) 2021-08-14T11:07:58.431-0800: 3.693: [DefNew: 279616K->34943K(314560K), 0.0107800 secs] 679722K->488854K(1013632K), 0.0108547 secs] [Times: user=0.01 sys=0.00, real=0.01 secs] 
2021-08-14T11:07:58.477-0800: 3.739: [GC (Allocation Failure) 2021-08-14T11:07:58.477-0800: 3.739: [DefNew: 314559K->34943K(314560K), 0.0150708 secs] 768470K->567858K(1013632K), 0.0151483 secs] [Times: user=0.02 sys=0.00, real=0.02 secs] 
2021-08-14T11:07:58.528-0800: 3.790: [GC (Allocation Failure) 2021-08-14T11:07:58.528-0800: 3.790: [DefNew: 314559K->34943K(314560K), 0.0131674 secs] 847474K->641208K(1013632K), 0.0132398 secs] [Times: user=0.02 sys=0.00, real=0.02 secs] 
2021-08-14T11:07:58.577-0800: 3.839: [GC (Allocation Failure) 2021-08-14T11:07:58.577-0800: 3.839: [DefNew: 314559K->314559K(314560K), 0.0000177 secs]2021-08-14T11:07:58.577-0800: 3.839: [Tenured: 606264K->397814K(699072K), 0.0467209 secs] 920824K->397814K(1013632K), [Metaspace: 2729K->2729K(1056768K)], 0.0468369 secs] [Times: user=0.05 sys=0.00, real=0.05 secs] 
2021-08-14T11:07:58.663-0800: 3.924: [GC (Allocation Failure) 2021-08-14T11:07:58.663-0800: 3.924: [DefNew: 279247K->34943K(314560K), 0.0128492 secs] 677062K->484782K(1013632K), 0.0129337 secs] [Times: user=0.01 sys=0.00, real=0.01 secs] 
2021-08-14T11:07:58.713-0800: 3.974: [GC (Allocation Failure) 2021-08-14T11:07:58.713-0800: 3.975: [DefNew: 314559K->34940K(314560K), 0.0168671 secs] 764398K->569100K(1013632K), 0.0169573 secs] [Times: user=0.01 sys=0.00, real=0.02 secs] 
2021-08-14T11:07:58.765-0800: 4.027: [GC (Allocation Failure) 2021-08-14T11:07:58.765-0800: 4.027: [DefNew: 314420K->34943K(314560K), 0.0139845 secs] 848580K->647995K(1013632K), 0.0140644 secs] [Times: user=0.01 sys=0.00, real=0.02 secs] 
2021-08-14T11:07:58.815-0800: 4.076: [GC (Allocation Failure) 2021-08-14T11:07:58.815-0800: 4.076: [DefNew: 314559K->314559K(314560K), 0.0000166 secs]2021-08-14T11:07:58.815-0800: 4.076: [Tenured: 613052K->384524K(699072K), 0.0493773 secs] 927611K->384524K(1013632K), [Metaspace: 2735K->2735K(1056768K)], 0.0494843 secs] [Times: user=0.05 sys=0.00, real=0.05 secs] 
2021-08-14T11:07:58.902-0800: 4.164: [GC (Allocation Failure) 2021-08-14T11:07:58.902-0800: 4.164: [DefNew: 279616K->34943K(314560K), 0.0130903 secs] 664140K->468155K(1013632K), 0.0131554 secs] [Times: user=0.01 sys=0.00, real=0.01 secs] 
2021-08-14T11:07:58.950-0800: 4.212: [GC (Allocation Failure) 2021-08-14T11:07:58.950-0800: 4.212: [DefNew: 314559K->34943K(314560K), 0.0153067 secs] 747771K->559747K(1013632K), 0.0153827 secs] [Times: user=0.01 sys=0.00, real=0.01 secs] 
2021-08-14T11:07:59.000-0800: 4.261: [GC (Allocation Failure) 2021-08-14T11:07:59.000-0800: 4.261: [DefNew: 314559K->34943K(314560K), 0.0151063 secs] 839363K->648521K(1013632K), 0.0151886 secs] [Times: user=0.02 sys=0.00, real=0.01 secs] 
2021-08-14T11:07:59.050-0800: 4.312: [GC (Allocation Failure) 2021-08-14T11:07:59.050-0800: 4.312: [DefNew: 314559K->314559K(314560K), 0.0000201 secs]2021-08-14T11:07:59.050-0800: 4.312: [Tenured: 613577K->418055K(699072K), 0.0474947 secs] 928137K->418055K(1013632K), [Metaspace: 2735K->2735K(1056768K)], 0.0476318 secs] [Times: user=0.05 sys=0.00, real=0.04 secs] 
2021-08-14T11:07:59.135-0800: 4.396: [GC (Allocation Failure) 2021-08-14T11:07:59.135-0800: 4.396: [DefNew: 279616K->34943K(314560K), 0.0109140 secs] 697671K->507744K(1013632K), 0.0109928 secs] [Times: user=0.01 sys=0.00, real=0.01 secs] 
2021-08-14T11:07:59.181-0800: 4.442: [GC (Allocation Failure) 2021-08-14T11:07:59.181-0800: 4.443: [DefNew: 314559K->34943K(314560K), 0.0131091 secs] 787360K->581732K(1013632K), 0.0131900 secs] [Times: user=0.02 sys=0.00, real=0.01 secs] 
2021-08-14T11:07:59.241-0800: 4.502: [GC (Allocation Failure) 2021-08-14T11:07:59.241-0800: 4.502: [DefNew: 314559K->34943K(314560K), 0.0159938 secs] 861348K->662740K(1013632K), 0.0160939 secs] [Times: user=0.02 sys=0.00, real=0.01 secs] 
2021-08-14T11:07:59.304-0800: 4.565: [GC (Allocation Failure) 2021-08-14T11:07:59.304-0800: 4.565: [DefNew: 314559K->314559K(314560K), 0.0000238 secs]2021-08-14T11:07:59.304-0800: 4.565: [Tenured: 627796K->422403K(699072K), 0.0536351 secs] 942356K->422403K(1013632K), [Metaspace: 2735K->2735K(1056768K)], 0.0537667 secs] [Times: user=0.06 sys=0.00, real=0.05 secs] 
2021-08-14T11:07:59.397-0800: 4.658: [GC (Allocation Failure) 2021-08-14T11:07:59.397-0800: 4.658: [DefNew: 279616K->34943K(314560K), 0.0103825 secs] 702019K->504146K(1013632K), 0.0104522 secs] [Times: user=0.01 sys=0.00, real=0.01 secs] 
2021-08-14T11:07:59.442-0800: 4.704: [GC (Allocation Failure) 2021-08-14T11:07:59.442-0800: 4.704: [DefNew: 314559K->34944K(314560K), 0.0136370 secs] 783762K->579159K(1013632K), 0.0137204 secs] [Times: user=0.02 sys=0.00, real=0.01 secs] 
2021-08-14T11:07:59.491-0800: 4.752: [GC (Allocation Failure) 2021-08-14T11:07:59.491-0800: 4.752: [DefNew: 314560K->34943K(314560K), 0.0153775 secs] 858775K->667568K(1013632K), 0.0154493 secs] [Times: user=0.02 sys=0.00, real=0.01 secs] 
2021-08-14T11:07:59.543-0800: 4.804: [GC (Allocation Failure) 2021-08-14T11:07:59.543-0800: 4.804: [DefNew: 314559K->314559K(314560K), 0.0000177 secs]2021-08-14T11:07:59.543-0800: 4.804: [Tenured: 632624K->419988K(699072K), 0.0501536 secs] 947184K->419988K(1013632K), [Metaspace: 2735K->2735K(1056768K)], 0.0502662 secs] [Times: user=0.05 sys=0.00, real=0.05 secs] 
2021-08-14T11:07:59.630-0800: 4.891: [GC (Allocation Failure) 2021-08-14T11:07:59.630-0800: 4.891: [DefNew: 279616K->34944K(314560K), 0.0102844 secs] 699604K->502688K(1013632K), 0.0103599 secs] [Times: user=0.01 sys=0.00, real=0.01 secs] 
2021-08-14T11:07:59.676-0800: 4.937: [GC (Allocation Failure) 2021-08-14T11:07:59.676-0800: 4.937: [DefNew: 314560K->34943K(314560K), 0.0153790 secs] 782304K->585463K(1013632K), 0.0154566 secs] [Times: user=0.02 sys=0.00, real=0.02 secs] 
2021-08-14T11:07:59.728-0800: 4.989: [GC (Allocation Failure) 2021-08-14T11:07:59.728-0800: 4.989: [DefNew: 314559K->34943K(314560K), 0.0142169 secs] 865079K->666387K(1013632K), 0.0142963 secs] [Times: user=0.01 sys=0.00, real=0.02 secs] 
2021-08-14T11:07:59.778-0800: 5.039: [GC (Allocation Failure) 2021-08-14T11:07:59.778-0800: 5.039: [DefNew: 314559K->314559K(314560K), 0.0000194 secs]2021-08-14T11:07:59.778-0800: 5.039: [Tenured: 631444K->381137K(699072K), 0.0583991 secs] 946003K->381137K(1013632K), [Metaspace: 2735K->2735K(1056768K)], 0.0585230 secs] [Times: user=0.05 sys=0.00, real=0.06 secs] 
Heap
 def new generation   total 314560K, used 11582K [0x0000000780000000, 0x0000000795550000, 0x0000000795550000)
  eden space 279616K,   4% used [0x0000000780000000, 0x0000000780b4f8e0, 0x0000000791110000)
  from space 34944K,   0% used [0x0000000793330000, 0x0000000793330000, 0x0000000795550000)
  to   space 34944K,   0% used [0x0000000791110000, 0x0000000791110000, 0x0000000793330000)
 tenured generation   total 699072K, used 381137K [0x0000000795550000, 0x00000007c0000000, 0x00000007c0000000)
   the space 699072K,  54% used [0x0000000795550000, 0x00000007ac9846e0, 0x00000007ac984800, 0x00000007c0000000)
 Metaspace       used 2741K, capacity 4490K, committed 4864K, reserved 1056768K
  class space    used 298K, capacity 386K, committed 512K, reserved 1048576K
